0.0005 173.975594535136 157.073173118207
0.001 322.732845546625 314.107590781283
0.0015 476.836366542462 471.064507096427
0.002 632.234143525423 627.905195293134
0.0025 788.048462504776 784.590957278449
0.003 943.956663924438 941.083133185143
0.0035 1099.79749461076 1097.34311091045
0.004 1255.47080920629 1253.33233564304
0.0045 1410.90380696498 1409.01231937583
0.005 1566.03744966972 1564.34465040231
0.0055 1720.82026781469 1719.29100279409
0.006 1875.20525992646 1873.81314585725
0.0065 2029.14822345034 2027.87295356512
0.007 2182.60680385184 2181.43241396542
0.0075 2335.53992673497 2334.45363855905
0.008 2487.90744638416 2486.89887164855
0.0085 2639.66992112664 2638.73049965373
0.009 2790.7884668876 2789.91106039229
0.0095 2941.22465942524 2940.40325232304
0.01 3090.94046898224 3090.16994374947
0.0105 3239.89821592059 3239.17418198149
0.011 3388.0605409506 3387.37920245291
0.0115 3535.39038558451 3534.74843779257
0.012 3681.8509794599 3681.24552684678
0.0125 3827.40583300318 3826.8343236509
0.013 3972.01873373485 3971.47890634781
0.0135 4115.65374539989 4115.14358605109
0.014 4258.27520877243 4257.79291565073
0.0145 4399.84774475537 4399.39169855915
0.015 4540.33625774859 4539.90499739547
0.0155 4679.70594055413 4679.29814260573
0.016 4817.9222796636 4817.53674101715
0.0165 4954.95106110737 4954.58668432407
0.017 5090.75837673185 5090.41415750371
0.0175 5225.31063076965 5224.98564715949
0.018 5358.57454655758 5358.26794978997
0.0185 5490.51717353154 5490.22817998132
0.019 5621.10589428274 5620.83377852131
0.0195 5750.30843163896 5750.05252043279
0.02 5878.09285598446 5877.85252292473
0.0205 6004.42759232617 6004.20225325884
0.021 6129.28142765548 6129.07053652976
0.0215 6252.62351805103 6252.42656335705
0.022 6374.42339599286 6374.2398974869
0.0225 6494.65097735154 6494.48048330184
0.023 6613.27656865442 6613.11865323652
0.0235 6730.27087408396 6730.12513509773
0.024 6845.60500234058 6845.47105928689
0.0245 6959.25047378018 6959.12796592314
0.025 7071.17922702523 7071.06781186548
0.0255 7181.36362596962 7181.26297763189
0.026 7289.77646617896 7289.68627421412
0.0265 7396.39098169262 7396.3109497861
0.027 7501.18085134456 7501.1106963046
0.0275 7604.12020532638 7604.05965600031
0.028 7705.18363137893 7705.13242775789
0.0285 7804.34618083672 7804.3040733833
0.029 7901.58337509598 7901.5501237569
0.0295 7996.87121115286 7996.8465848709
0.03 8090.18616777272 8090.16994374947
0.0305 8181.50521105657 8181.49717425023
0.031 8270.80580025371 8270.80574274562
0.0315 8358.06589301065 8358.0736136827
0.032 8443.2639510934 8443.27925502015
0.0325 8526.37894541765 8526.40164354092
0.033 8607.39036126517 8607.42027003944
0.0335 8686.27820344743 8686.31514438191
0.034 8763.02300095879 8763.06680043864
0.0345 8837.60581201516 8837.65630088693
0.035 8910.00822849718 8910.06524188368
0.0355 8980.21238067892 8980.27575760616
0.036 9048.20094135947 9048.2705246602
0.0365 9113.95713033631 9114.03276635445
0.037 9177.46471848066 9177.54625683981
0.0375 9238.70803159994 9238.79532511287
0.038 9297.67195451169 9297.76485888251
0.0385 9354.34193450666 9354.44030829867
0.039 9408.70398519422 9408.80768954225
0.0395 9460.74468967864 9460.85358827545
0.04 9510.45120407494 9510.56516295154
0.0405 9557.81126055462 9557.9301479833
0.041 9602.81317036058 9602.93685676943
0.0415 9645.44582673515 9645.57418457798
0.042 9685.69870763301 9685.83161128631
0.0425 9723.56187833242 9723.69920397677
0.043 9759.02599374493 9759.16761938747
0.0435 9792.08230097941 9792.22810621766
0.044 9822.72264120606 9822.87250728689
0.0445 9850.9394518596 9851.09326154774
0.045 9876.72576845543 9876.88340595138
0.0455 9900.07522620353 9900.23657716557
0.046 9920.98206178338 9921.14701314478
0.0465 9939.44111448992 9939.6095545518
0.047 9955.44782778111 9955.6196460308
0.0475 9968.99825016894 9969.17333733128
0.048 9980.08903633389 9980.26728428272
0.0485 9988.71744789471 9988.8987496197
0.049 9994.88135407533 9995.06560365732
0.0495 9998.57923227594 9998.76632481661
0.05 9999.810168334 10000
0.0505 9998.57385689584 9998.76632481661
0.051 9994.87060138617 9995.06560365732
0.0515 9988.70131397362 9988.8987496197
0.052 9980.06751530524 9980.26728428272
0.0525 9968.97133417954 9969.17333733128
0.053 9955.41550698854 9955.6196460308
0.0535 9939.40337704234 9939.6095545518
0.054 9920.93889374649 9921.14701314478
0.0545 9900.02661164105 9900.23657716557
0.055 9876.67168924336 9876.88340595138
0.0555 9850.87988779436 9851.09326154774
0.056 9822.65756984391 9822.87250728689
0.0565 9792.01169766205 9792.22810621766
0.057 9758.9498315034 9759.16761938747
0.0575 9723.48012783212 9723.69920397677
0.058 9685.61133712327 9685.83161128631
0.0585 9645.35280195835 9645.57418457798
0.059 9602.71445446329 9602.93685676943
0.0595 9557.70681402583 9557.9301479833
0.06 9510.3409846681 9510.56516295154
0.0605 9460.6286522234 9460.85358827545
0.061 9408.58208156501 9408.80768954226
0.0615 9354.21411349051 9354.44030829867
0.062 9297.53816162272 9297.76485888251
0.0625 9238.56820907332 9238.79532511287
0.063 9177.31880489438 9177.54625683981
0.0635 9113.80506072745 9114.03276635445
0.064 9048.04264679191 9048.27052466019
0.0645 8980.04778820755 8980.27575760616
0.065 8909.83726096759 8910.06524188368
0.0655 8837.42838768474 8837.65630088693
0.066 8762.83903348001 8763.06680043864
0.0665 8686.08760142193 8686.31514438191
0.067 8607.19302810964 8607.42027003944
0.0675 8526.17477892179 8526.40164354092
0.068 8443.05284323606 8443.27925502015
0.0685 8357.84772949398 8358.0736136827
0.069 8270.58046016599 8270.80574274562
0.0695 8181.27256651752 8181.49717425023
0.07 8089.94608333446 8090.16994374947
0.0705 7996.62354347591 7996.84658487091
0.071 7901.32797230395 7901.5501237569
0.0715 7804.08288200215 7804.3040733833
0.072 7704.91226579441 7705.13242775789
0.0725 7603.84059200264 7604.05965600031
0.073 7500.89279802561 7501.1106963046
0.0735 7396.09428416492 7396.3109497861
0.074 7289.47090738633 7289.68627421412
0.0745 7181.04897491318 7181.26297763189
0.075 7070.85523774289 7071.06781186548
0.0755 6958.91688406579 6959.12796592314
0.076 6845.2615325151 6845.47105928689
0.0765 6729.91722541253 6730.12513509774
0.077 6612.91242177218 6613.11865323652
0.0775 6494.27599034582 6494.48048330184
0.078 6374.03720248222 6374.2398974869
0.0785 6252.22572485659 6252.42656335705
0.079 6128.87161225065 6129.07053652977
0.0795 6004.00530001045 6004.20225325884
0.08 5877.657596661 5877.85252292473
0.0805 5749.8596762078 5750.05252043279
0.081 5620.64307048767 5620.83377852131
0.0815 5490.03966141232 5490.22817998132
0.082 5358.08167305682 5358.26794978997
0.0825 5224.80166369802 5224.98564715949
0.083 5090.23251785979 5090.41415750371
0.0835 4954.40743811915 4954.58668432408
0.084 4817.35993693903 4817.53674101715
0.0845 4679.1238284187 4679.29814260573
0.085 4539.73321993143 4539.90499739546
0.0855 4399.22250370521 4399.39169855915
0.086 4257.62634834265 4257.79291565073
0.0865 4114.97969028432 4115.14358605109
0.087 3971.31772516932 3971.47890634781
0.0875 3826.67589912401 3826.8343236509
0.088 3681.08990010553 3681.24552684679
0.0885 3534.59564897613 3534.74843779258
0.089 3387.22929073651 3387.37920245292
0.0895 3239.02718557867 3239.1741819815
0.09 3090.02589986836 3090.16994374947
0.0905 2940.26219721135 2940.40325232305
0.091 2789.77302930169 2789.9110603923
0.0915 2638.59552685168 2638.73049965373
0.092 2486.76699039816 2486.89887164855
0.0925 2334.32488114165 2334.45363855906
0.093 2181.30681165412 2181.43241396543
0.0935 2027.75053663415 2027.87295356513
0.094 1873.69394356786 1873.81314585725
0.0945 1719.17504342247 1719.2910027941
0.095 1564.23196118919 1564.34465040231
0.0955 1408.90292658797 1409.01231937583
0.096 1253.22626447875 1253.33233564305
0.0965 1097.24038560633 1097.34311091045
0.097 940.983776938728 941.083133185144
0.0975 784.494992281997 784.590957278455
0.098 627.812642688044 627.905195293136
0.0985 470.975387040532 471.06450709643
0.099 314.021922405688 314.107590781282
0.0995 156.990974518262 157.073173118207
