0 18.7640461643305
0.0005 18.7640412556425
0.001 18.7640106234807
0.0015 18.7639276976145
0.002 18.7637662856316
0.0025 18.7635002465018
0.003 18.7631034761997
0.0035 18.7625499113292
0.004 18.7618135356928
0.0045 18.7608683875878
0.005 18.7596885673291
0.0055 18.7582482448452
0.006 18.7565216672958
0.0065 18.7544831666879
0.007 18.7521071674787
0.0075 18.7493681941589
0.008 18.7462408788129
0.0085 18.7426999686524
0.009 18.7387203335202
0.0095 18.7342769733627
0.01 18.729345025668
0.0105 18.7238997728684
0.011 18.7179166497044
0.0115 18.7113712505489
0.012 18.7042393366886
0.0125 18.6964968435623
0.013 18.6881198879524
0.0135 18.6790847751291
0.014 18.6693680059436
0.0145 18.6589462838712
0.015 18.6477965219996
0.0155 18.6358958499621
0.016 18.6232216208133
0.0165 18.6097514178465
0.017 18.5954630613487
0.0175 18.5803346152943
0.018 18.5643443939733
0.0185 18.5474709685536
0.019 18.5296931735757
0.0195 18.5109901133766
0.02 18.491341168443
0.0205 18.4707260016915
0.021 18.4491245646733
0.0215 18.4265171037028
0.022 18.4028841659081
0.0225 18.378206605202
0.023 18.3524655881709
0.0235 18.3256425998815
0.024 18.297719449603
0.0245 18.2686782764431
0.025 18.2385015548964
0.0255 18.2071721003044
0.026 18.1746730742243
0.0265 18.1409879897064
0.027 18.1061007164784
0.0275 18.0699954860346
0.028 18.0326568966289
0.0285 17.9940699181714
0.029 17.9542198970248
0.0295 17.9130925607023
0.03 17.8706740224631
0.0305 17.8269507858061
0.031 17.7819097488595
0.0315 17.7355382086655
0.032 17.6878238653595
0.0325 17.6387548262408
0.033 17.5883196097367
0.0335 17.5365071492559
0.034 17.4833067969316
0.0345 17.4287083272542
0.035 17.3727019405901
0.0355 17.3152782665879
0.036 17.2564283674702
0.0365 17.19614374121
0.037 17.1344163245912
0.0375 17.0712384961512
0.038 17.0066030790072
0.0385 16.9405033435626
0.039 16.8729330100949
0.0395 16.8038862512228
0.04 16.7333576942533
0.0405 16.6613424234066
0.041 16.5878359819196
0.0415 16.5128343740265
0.042 16.4363340668159
0.0425 16.3583319919645
0.043 16.2788255473463
0.0435 16.1978125985171
0.044 16.115291480074
0.0445 16.0312609968889
0.045 15.9457204252165
0.0455 15.8586695136754
0.046 15.7701084841031
0.0465 15.6800380322837
0.047 15.588459328549
0.0475 15.4953740182511
0.048 15.4007842221087
0.0485 15.3046925364251
0.049 15.2071020331781
0.0495 15.1080162599827
0.05 15.0074392399249
0.0505 14.9053754712685
0.051 14.8018299270336
0.0515 14.6968080544464
0.052 14.5903157742627
0.0525 14.4823594799621
0.053 14.3729460368158
0.0535 14.2620827808263
0.054 14.1497775175407
0.0545 14.0360385207357
0.055 13.9208745309776
0.0555 13.8042947540549
0.056 13.686308859285
0.0565 13.5669269776956
0.057 13.446159700081
0.0575 13.3240180749329
0.058 13.2005136062477
0.0585 13.0756582512098
0.059 12.9494644177514
0.0595 12.8219449619896
0.06 12.6931131855419
0.0605 12.5629828327201
0.061 12.4315680876027
0.0615 12.2988835709884
0.062 12.1649443372294
0.0625 12.0297658709462
0.063 11.8933640836253
0.0635 11.7557553100985
0.064 11.6169563049078
0.0645 11.4769842385536
0.065 11.3358566936294
0.0655 11.1935916608427
0.066 11.0502075349236
0.0665 10.9057231104219
0.067 10.7601575773941
0.0675 10.6135305169803
0.068 10.4658618968737
0.0685 10.3171720666824
0.069 10.1674817531853
0.0695 10.0168120554833
0.07 9.8651844400467
0.0705 9.71262073566003
0.071 9.55914312826614
0.0715 9.40477415570998
0.072 9.24953670238396
0.0725 9.09345399377599
0.073 8.9365495909216
0.0735 8.7788473847616
0.074 8.62037159040646
0.0745 8.46114674130911
0.075 8.30119768334742
0.0755 8.14054956881793
0.076 7.97922785034228
0.0765 7.81725827468787
0.077 7.65466687650436
0.0775 7.49147997197746
0.078 7.32772415240168
0.0785 7.1634262776737
0.079 6.99861346970779
0.0795 6.83331310577521
0.08 6.667552811769
0.0805 6.50136045539607
0.081 6.33476413929809
0.0815 6.16779219410315
0.082 6.00047317140969
0.0825 5.83283583670467
0.083 5.66490916221763
0.0835 5.49672231971256
0.084 5.32830467321921
0.0845 5.15968577170593
0.085 4.99089534169567
0.0855 4.82196327982714
0.086 4.65291964536289
0.0865 4.48379465264638
0.087 4.31461866350976
0.0875 4.14542217963442
0.088 3.97623583486614
0.0885 3.80709038748688
0.089 3.63801671244516
0.0895 3.46904579354687
0.09 3.30020871560872
0.0905 3.13153665657608
0.091 2.96306087960739
0.0915 2.79481272512712
0.092 2.62682360284918
0.0925 2.45912498377297
0.093 2.29174839215402
0.0935 2.12472539745131
0.094 1.95808760625321
0.0945 1.79186665418429
0.095 1.62609419779488
0.0955 1.46080190643557
0.096 1.29602145411863
0.0965 1.13178451136856
0.097 0.968122737063677
0.0975 0.805067770270998
0.098 0.64265122207637
0.0985 0.480904667412037
0.099 0.319859636883667
0.0995 0.15954760859897
0.1 0
