0.00025 0.00981737611027711 0.00981737611027711
0.00075 0.0612643235484711 0.0612643235484711
0.00125 0.165851732347733 0.165851732347733
0.00175 0.322823965909436 0.322823965909436
0.00225 0.532078259496416 0.532078259496416
0.00275 0.793540604362875 0.793540604362875
0.00325 1.10712974088756 1.10712974088756
0.00375 1.4727512729209 1.4727512729209
0.00425 1.89029620985082 1.89029620985082
0.00475 2.35964051737625 2.35964051737625
0.00525 2.88064496794505 2.88064496794505
0.00575 3.45315509881772 3.45315509881772
0.00625 4.077001215677 4.077001215677
0.00675 4.75199841839924 4.75199841839924
0.00725 5.47794663967949 5.47794663967949
0.00775 6.25463069199128 6.25463069199128
0.00825 7.08182032102656 7.08182032102656
0.00875 7.95927026437226 7.95927026437226
0.00925 8.88672031505422 8.88672031505422
0.00975 9.86389538938681 9.86389538938681
0.01025 10.8905055991642 10.8905055991642
0.01075 11.9662463279084 11.9662463279084
0.01125 13.0907983111328 13.0907983111328
0.01175 14.263827720626 14.263827720626
0.01225 15.4849862525808 15.4849862525808
0.01275 16.753911219638 16.753911219638
0.01325 18.0702256467669 18.0702256467669
0.01375 19.4335383709898 19.4335383709898
0.01425 20.843444144738 20.843444144738
0.01475 22.299523743186 22.299523743186
0.01525 23.801344075089 23.801344075089
0.01575 25.3484582974224 25.3484582974224
0.01625 26.9404059336438 26.9404059336438
0.01675 28.576712995573 28.576712995573
0.01725 30.2568921088735 30.2568921088735
0.01775 31.9804426421015 31.9804426421015
0.01825 33.7468508392504 33.7468508392504
0.01875 35.5555899558126 35.5555899558126
0.01925 37.4061203982947 37.4061203982947
0.01975 39.2978898671217 39.2978898671217
0.02025 41.2303335029875 41.2303335029875
0.02075 43.2028740364743 43.2028740364743
0.02125 45.2149219410458 45.2149219410458
0.02175 47.2658755892539 47.2658755892539
0.02225 49.3551214122334 49.3551214122334
0.02275 51.4820340623032 51.4820340623032
0.02325 53.6459765787924 53.6459765787924
0.02375 55.8463005569436 55.8463005569436
0.02425 58.0823463198143 58.0823463198143
0.02475 60.3534430933053 60.3534430933053
0.02525 62.6589091840444 62.6589091840444
0.02575 64.9980521603197 64.9980521603197
0.02625 67.3701690357547 67.3701690357547
0.02675 69.7745464559247 69.7745464559247
0.02725 72.2104608876748 72.2104608876748
0.02775 74.6771788112568 74.6771788112568
0.02825 77.1739569151038 77.1739569151038
0.02875 79.7000422931688 79.7000422931688
0.02925 82.2546726450426 82.2546726450426
0.02975 84.8370764783866 84.8370764783866
0.03025 87.446473314003 87.446473314003
0.03075 90.0820738932424 90.0820738932424
0.03125 92.7430803878764 92.7430803878764
0.03175 95.4286866121592 95.4286866121592
0.03225 98.1380782373193 98.1380782373193
0.03275 100.87043300814 100.87043300814
0.03325 103.624920961728 103.624920961728
0.03375 106.400704648451 106.400704648451
0.03425 109.196939354788 109.196939354788
0.03475 112.01277332831 112.01277332831
0.03525 114.847348004467 114.847348004467
0.03575 117.699798235371 117.699798235371
0.03625 120.569252520248 120.569252520248
0.03675 123.454833237759 123.454833237759
0.03725 126.355656879987 126.355656879987
0.03775 129.270834288 129.270834288
0.03825 132.199470889091 132.199470889091
0.03875 135.140666935406 135.140666935406
0.03925 138.09351774416 138.09351774416
0.03975 141.057113939105 141.057113939105
0.04025 144.030541693439 144.030541693439
0.04075 147.012882973918 147.012882973918
0.04125 150.003215786171 150.003215786171
0.04175 153.000614421181 153.000614421181
0.04225 156.004149702831 156.004149702831
0.04275 159.012889236472 159.012889236472
0.04325 162.025897658374 162.025897658374
0.04375 165.042236886194 165.042236886194
0.04425 168.060966370113 168.060966370113
0.04475 171.081143344836 171.081143344836
0.04525 174.101823082246 174.101823082246
0.04575 177.122059144651 177.122059144651
0.04625 180.140903638677 180.140903638677
0.04675 183.157407469533 183.157407469533
0.04725 186.170620595842 186.170620595842
0.04775 189.179592284713 189.179592284713
0.04825 192.183371367193 192.183371367193
0.04875 195.181006493918 195.181006493918
0.04925 198.171546390931 198.171546390931
0.04975 201.154040115622 201.154040115622
0.05025 204.127537312647 204.127537312647
0.05075 207.091088469895 207.091088469895
0.05125 210.043745174293 210.043745174293
0.05175 212.984560367484 212.984560367484
0.05225 215.912588601249 215.912588601249
0.05275 218.826886292653 218.826886292653
0.05325 221.726511978829 221.726511978829
0.05375 224.610526571322 224.610526571322
0.05425 227.477993609948 227.477993609948
0.05475 230.327979516108 230.327979516108
0.05525 233.15955384545 233.15955384545
0.05575 235.971789539864 235.971789539864
0.05625 238.763763178721 238.763763178721
0.05675 241.534555229286 241.534555229286
0.05725 244.283250296242 244.283250296242
0.05775 247.008937370303 247.008937370303
0.05825 249.710710075735 249.710710075735
0.05875 252.387666916917 252.387666916917
0.05925 255.038911523638 255.038911523638
0.05975 257.663552895277 257.663552895277
0.06025 260.260705643699 260.260705643699
0.06075 262.829490234775 262.829490234775
0.06125 265.369033228577 265.369033228577
0.06175 267.878467518059 267.878467518059
0.06225 270.356932566273 270.356932566273
0.06275 272.803574641976 272.803574641976
0.06325 275.217547053568 275.217547053568
0.06375 277.598010381432 277.598010381432
0.06425 279.944132708383 279.944132708383
0.06475 282.255089848391 282.255089848391
0.06525 284.530065573406 284.530065573406
0.06575 286.768251838197 286.768251838197
0.06625 288.968849003265 288.968849003265
0.06675 291.131066055634 291.131066055634
0.06725 293.254120827587 293.254120827587
0.06775 295.337240213193 295.337240213193
0.06825 297.379660382621 297.379660382621
0.06875 299.380626994168 299.380626994168
0.06925 301.339395403968 301.339395403968
0.06975 303.25523087328 303.25523087328
0.07025 305.127408773352 305.127408773352
0.07075 306.955214787781 306.955214787781
0.07125 308.737945112313 308.737945112313
0.07175 310.47490665204 310.47490665204
0.07225 312.165417215951 312.165417215951
0.07275 313.808805708764 313.808805708764
0.07325 315.404412320007 315.404412320007
0.07375 316.951588710285 316.951588710285
0.07425 318.449698194705 318.449698194705
0.07475 319.898115923376 319.898115923376
0.07525 321.296229058973 321.296229058973
0.07575 322.643436951303 322.643436951303
0.07625 323.93915130881 323.93915130881
0.07675 325.18279636702 325.18279636702
0.07725 326.373809053813 326.373809053813
0.07775 327.511639151549 327.511639151549
0.07825 328.595749455971 328.595749455971
0.07875 329.625615931814 329.625615931814
0.07925 330.600727865164 330.600727865164
0.07975 331.52058801241 331.52058801241
0.08025 332.384712745871 332.384712745871
0.08075 333.192632195956 333.192632195956
0.08125 333.943890389886 333.943890389886
0.08175 334.638045386921 334.638045386921
0.08225 335.274669410044 335.274669410044
0.08275 335.853348974062 335.853348974062
0.08325 336.373685010148 336.373685010148
0.08375 336.835292986702 336.835292986702
0.08425 337.237803026561 337.237803026561
0.08475 337.580860020513 337.580860020513
0.08525 337.864123737074 337.864123737074
0.08575 338.087268928501 338.087268928501
0.08625 338.249985433016 338.249985433016
0.08675 338.351978273227 338.351978273227
0.08725 338.392967750686 338.392967750686
0.08775 338.37268953657 338.37268953657
0.08825 338.290894758511 338.290894758511
0.08875 338.147350083446 338.147350083446
0.08925 337.941837796567 337.941837796567
0.08975 337.674155876304 337.674155876304
0.09025 337.344118065289 337.344118065289
0.09075 336.951553937368 336.951553937368
0.09125 336.496308960541 336.496308960541
0.09175 335.978244555889 335.978244555889
0.09225 335.397238152424 335.397238152424
0.09275 334.753183237886 334.753183237886
0.09325 334.045989405425 334.045989405425
0.09375 333.275582396197 333.275582396197
0.09425 332.441904137838 332.441904137838
0.09475 331.544912778817 331.544912778817
0.09525 330.584582718629 330.584582718629
0.09575 329.56090463388 329.56090463388
0.09625 328.473885500145 328.473885500145
0.09675 327.323548609762 327.323548609762
0.09725 326.109933585357 326.109933585357
0.09775 324.833096389256 324.833096389256
0.09825 323.493109328666 323.493109328666
0.09875 322.090061056741 322.090061056741
0.09925 320.624056569393 320.624056569393
0.09975 319.09521719794 319.09521719794
