0.0015625 0.766682411366446 0.766682411366446
0.0046875 2.80378527094285 2.80378527094285
0.0078125 6.8544346715737 6.8544346715737
0.0109375 12.8717610896558 12.8717610896558
0.0140625 20.7860655951106 20.7860655951106
0.0171875 30.5055395025317 30.5055395025317
0.0203125 41.9172126854676 41.9172126854676
0.0234375 54.8881210785589 54.8881210785589
0.0265625 69.2666816995927 69.2666816995927
0.0296875 84.8842614459886 84.8842614459886
0.0328125 101.55692397802 101.55692397802
0.0359375 119.087337213522 119.087337213522
0.0390625 137.266822343574 137.266822343574
0.0421875 155.87752385159 155.87752385159
0.0453125 174.694678793524 174.694678793524
0.0484375 193.488962586755 193.488962586755
0.0515625 212.028887769533 212.028887769533
0.0546875 230.083231639639 230.083231639639
0.0578125 247.423468365607 247.423468365607
0.0609375 263.826181089781 263.826181089781
0.0640625 279.075429710476 279.075429710476
0.0671875 292.965050439085 292.965050439085
0.0703125 305.300863873265 305.300863873265
0.0734375 315.90276920323 315.90276920323
0.0765625 324.606703266105 324.606703266105
0.0796875 331.26644447277 331.26644447277
0.0828125 335.755243139881 335.755243139881
0.0859375 337.967261452098 337.967261452098
0.0890625 337.81880813964 337.81880813964
0.0921875 335.249354965852 335.249354965852
0.0953125 330.222324258997 330.222324258997
0.0984375 322.725638971114 322.725638971114
