0 18.7804201717964
0.003125 18.7780242892609
0.00625 18.7692624602892
0.009375 18.7478423519405
0.0125 18.7076180985353
0.015625 18.6426616435506
0.01875 18.5473318326052
0.021875 18.4163405429631
0.025 18.2448151645926
0.028125 18.0283567842814
0.03125 17.7630934672627
0.034375 17.4457280798314
0.0375 17.0735801510391
0.040625 16.6446213312154
0.04375 16.1575040691792
0.046875 15.6115831979495
0.05 15.0069301898659
0.053125 14.3443399155861
0.05625 13.6253298167122
0.059375 12.8521314780697
0.0625 12.0276746621641
0.065625 11.1555639443189
0.06875 10.2400481616967
0.071875 9.28598296209277
0.075 8.29878680833268
0.078125 7.2843908606261
0.08125 6.24918322164869
0.084375 5.19994808683656
0.0875 4.14380039479876
0.090625 3.08811661936238
0.09375 2.0404623850941
0.096875 1.00851762178473
0.1 0
