0.003125 -490.676743274525 980.171403295606
0.00625 -1196.28171560228 1950.90322016128
0.009375 -2632.1029138843 2902.84677254462
0.0125 -4707.38691278841 3826.8343236509
0.015625 -7390.60110048376 4713.96736825998
0.01875 -10649.2065172474 5555.70233019602
0.021875 -14445.3163716073 6343.93284163646
0.025 -18735.1453281481 7071.06781186548
0.028125 -23469.1815640973 7730.10453362737
0.03125 -28592.5933291751 8314.69612302545
0.034375 -34045.7497526314 8819.21264348355
0.0375 -39764.8152086891 9238.79532511287
0.040625 -45682.3984759415 9569.40335732209
0.04375 -51728.2449522312 9807.8528040323
0.046875 -57829.9626350975 9951.84726672197
0.05 -63913.7734480119 10000
0.053125 -69905.2817858341 9951.84726672197
0.05625 -75730.2522425325 9807.8528040323
0.059375 -81315.3885223182 9569.40335732209
0.0625 -86589.1055884412 9238.79532511287
0.065625 -91482.2872026532 8819.21264348355
0.06875 -95929.0211670309 8314.69612302545
0.071875 -99867.3048047654 7730.10453362737
0.075 -103239.713509822 7071.06781186548
0.078125 -105994.02555628 6343.93284163646
0.08125 -108083.796784841 5555.70233019603
0.084375 -109468.879272777 4713.96736825998
0.0875 -110115.878640392 3826.8343236509
0.090625 -109998.545246873 2902.84677254462
0.09375 -109098.095175328 1950.90322016129
0.096875 -107403.457595057 980.171403295608
