0.000390625 0.047935696429704 0.047935696429704
0.001171875 0.175735345569592 0.175735345569592
0.001953125 0.431242262293381 0.431242262293381
0.002734375 0.814271743111021 0.814271743111021
0.003515625 1.32454688182406 1.32454688182406
0.004296875 1.96169874820498 1.96169874820498
0.005078125 2.72526662616201 2.72526662616201
0.005859375 3.61469831108025 3.61469831108025
0.006640625 4.62935046625716 4.62935046625716
0.007421875 5.768489038187 5.768489038187
0.008203125 7.03128973042112 7.03128973042112
0.008984375 8.4168385357134 8.4168385357134
0.009765625 9.92413232611398 9.92413232611398
0.010546875 11.5520795006523 11.5520795006523
0.011328125 13.2995006902092 13.2995006902092
0.012109375 15.1651295191414 15.1651295191414
0.012890625 17.1476134231125 17.1476134231125
0.013671875 19.2455145227541 19.2455145227541
0.014453125 21.457310552496 21.457310552496
0.015234375 23.7813958440029 23.7813958440029
0.016015625 26.2160823636714 26.2160823636714
0.016796875 28.7596008034643 28.7596008034643
0.017578125 31.4101017244184 31.4101017244184
0.018359375 34.1656567521341 34.1656567521341
0.019140625 37.0242598234972 37.0242598234972
0.019921875 39.9838284838052 39.9838284838052
0.020703125 43.0422052335871 43.0422052335871
0.021484375 46.1971589241193 46.1971589241193
0.022265625 49.4463862009479 49.4463862009479
0.023046875 52.7875129943595 52.7875129943595
0.023828125 56.2180960559772 56.2180960559772
0.024609375 59.735624540458 59.735624540458
0.025390625 63.3375216312879 63.3375216312879
0.026171875 67.0211462097814 67.0211462097814
0.026953125 70.7837945660322 70.7837945660322
0.027734375 74.6227021509458 74.6227021509458
0.028515625 78.5350453681713 78.5350453681713
0.029296875 82.5179434047868 82.5179434047868
0.030078125 86.5684600995837 86.5684600995837
0.030859375 90.6836058479257 90.6836058479257
0.031640625 94.8603395417877 94.8603395417877
0.032421875 99.0955705438773 99.0955705438773
0.033203125 103.386160694595 103.386160694595
0.033984375 107.72892635056 107.72892635056
0.034765625 112.120640453409 112.120640453409
0.035546875 116.558034627596 116.558034627596
0.036328125 121.037801305861 121.037801305861
0.037109375 125.55659588108 125.55659588108
0.037890625 130.111038883069 130.111038883069
0.038671875 134.697718179045 134.697718179045
0.039453125 139.313191196338 139.313191196338
0.040234375 143.953987165978 143.953987165978
0.041015625 148.616609385699 148.616609385699
0.041796875 153.297537501026 153.297537501026
0.042578125 157.993229802905 157.993229802905
0.043359375 162.700125540559 162.700125540559
0.044140625 167.414647248002 167.414647248002
0.044921875 172.133203082815 172.133203082815
0.045703125 176.852189175725 176.852189175725
0.046484375 181.567991989448 181.567991989448
0.047265625 186.276990685403 186.276990685403
0.048046875 190.975559496699 190.975559496699
0.048828125 195.660070106012 195.660070106012
0.049609375 200.326894026805 200.326894026805
0.050390625 204.972404986383 204.972404986383
0.051171875 209.592981309299 209.592981309299
0.051953125 214.185008299619 214.185008299619
0.052734375 218.744880620538 218.744880620538
0.053515625 223.269004669844 223.269004669844
0.054296875 227.753800949743 227.753800949743
0.055078125 232.195706429529 232.195706429529
0.055859375 236.591176899674 236.591176899674
0.056640625 240.93668931574 240.93668931574
0.057421875 245.228744130766 245.228744130766
0.058203125 249.463867614536 249.463867614536
0.058984375 253.638614158378 253.638614158378
0.059765625 257.749568563936 257.749568563936
0.060546875 261.793348314527 261.793348314527
0.061328125 265.766605827644 265.766605827644
0.062109375 269.66603068716 269.66603068716
0.062890625 273.48835185383 273.48835185383
0.063671875 277.230339852699 277.230339852699
0.064453125 280.888808935999 280.888808935999
0.065234375 284.460619220235 284.460619220235
0.066015625 287.942678795996 287.942678795996
0.066796875 291.331945809247 291.331945809247
0.067578125 294.62543051277 294.62543051277
0.068359375 297.820197286358 297.820197286358
0.069140625 300.913366624602 300.913366624602
0.069921875 303.902117090915 303.902117090915
0.070703125 306.783687236609 306.783687236609
0.071484375 309.555377483746 309.555377483746
0.072265625 312.214551970594 312.214551970594
0.073046875 314.758640358527 314.758640358527
0.073828125 317.185139599153 317.185139599153
0.074609375 319.491615660597 319.491615660597
0.075390625 321.675705211826 321.675705211826
0.076171875 323.735117263864 323.735117263864
0.076953125 325.667634766963 325.667634766963
0.077734375 327.471116162606 327.471116162606
0.078515625 329.14349688937 329.14349688937
0.079296875 330.682790841694 330.682790841694
0.080078125 332.087091780581 332.087091780581
0.080859375 333.354574695345 333.354574695345
0.081640625 334.483497115508 334.483497115508
0.082421875 335.472200371991 335.472200371991
0.083203125 336.319110806782 336.319110806782
0.083984375 337.022740930286 337.022740930286
0.084765625 337.581690525595 337.581690525595
0.085546875 337.994647698982 337.994647698982
0.086328125 338.26038987587 338.26038987587
0.087109375 338.377784741671 338.377784741671
0.087890625 338.34579112683 338.34579112683
0.088671875 338.163459835511 338.163459835511
0.089453125 337.829934417356 337.829934417356
0.090234375 337.34445188178 337.34445188178
0.091015625 336.706343354353 336.706343354353
0.091796875 335.915034674772 335.915034674772
0.092578125 334.970046936048 334.970046936048
0.093359375 333.870996964507 333.870996964507
0.094140625 332.617597740267 332.617597740267
0.094921875 331.20965875789 331.20965875789
0.095703125 329.647086326932 329.647086326932
0.096484375 327.929883812169 327.929883812169
0.097265625 326.058151813291 326.058151813291
0.098046875 324.032088283927 324.032088283927
0.098828125 321.85198858986 321.85198858986
0.099609375 319.518245506358 319.518245506358
