0 18.7681375188656
0.0015625 18.7678379433221
0.003125 18.7667402213664
0.0046875 18.7640485142994
0.00625 18.7589715928918
0.0078125 18.7507251272414
0.009375 18.7385339588196
0.0109375 18.7216343488382
0.0125 18.6992761971301
0.0140625 18.6707252258058
0.015625 18.6352651220418
0.0171875 18.5921996344541
0.01875 18.5408546176291
0.0203125 18.4805800195119
0.021875 18.4107518064969
0.0234375 18.3307738212185
0.025 18.2400795682104
0.0265625 18.1381339227828
0.028125 18.0244347586547
0.0296875 17.8985144900874
0.03125 17.7599415244757
0.0328125 17.6083216215778
0.034375 17.4432991557988
0.0359375 17.2645582781877
0.0375 17.0718239750539
0.0390625 16.8648630203747
0.040625 16.643484819425
0.0421875 16.4075421413384
0.04375 16.1569317385844
0.0453125 15.8915948516308
0.046875 15.6115175973491
0.0484375 15.3167312400127
0.05 15.0073123440305
0.0515625 14.6833828078599
0.053125 14.3451097788374
0.0546875 13.9927054489682
0.05625 13.6264267320139
0.0578125 13.2465748225167
0.059375 12.8534946376981
0.0609375 12.4475741434614
0.0625 12.0292435660256
0.0640625 11.5989744910022
0.065625 11.157278852014
0.0671875 10.7047078112347
0.06875 10.2418505345006
0.0703125 9.7693328639145
0.071875 9.28781589112318
0.0734375 8.79799443470017
0.075 8.3005954253134
0.0765625 7.79637620259027
0.078125 7.28612272782019
0.0796875 6.77064771685024
0.08125 6.25078869773508
0.0828125 5.72740599789629
0.084375 5.20138066572928
0.0859375 4.67361233176607
0.0875 4.14501701466062
0.0890625 3.61652487740812
0.090625 3.0890779393418
0.0921875 2.56362774956882
0.09375 2.04113302761125
0.0953125 1.52255727710808
0.096875 1.0088663785101
0.0984375 0.501026166760437
0.1 0
