0.0001953125 0.011984149705313 0.011984149705313
0.0005859375 0.0439400774939713 0.0439400774939713
0.0009765625 0.107846158061875 0.107846158061875
0.0013671875 0.203690842372453 0.203690842372453
0.0017578125 0.331456809199153 0.331456809199153
0.0021484375 0.491120967890311 0.491120967890311
0.0025390625 0.682654462134451 0.682654462134451
0.0029296875 0.906022674626001 0.906022674626001
0.0033203125 1.16118523258592 1.16118523258592
0.0037109375 1.44809601434645 1.44809601434645
0.0041015625 1.76670315675437 1.76670315675437
0.0044921875 2.11694906358389 2.11694906358389
0.0048828125 2.49877041475884 2.49877041475884
0.0052734375 2.91209817662093 2.91209817662093
0.0056640625 3.35685761307104 3.35685761307104
0.0060546875 3.83296829761093 3.83296829761093
0.0064453125 4.34034412630353 4.34034412630353
0.0068359375 4.8788933317519 4.8788933317519
0.0072265625 5.44851849779661 5.44851849779661
0.0076171875 6.04911657534103 6.04911657534103
0.0080078125 6.68057889889496 6.68057889889496
0.0083984375 7.3427912041916 7.3427912041916
0.0087890625 8.03563364658658 8.03563364658658
0.0091796875 8.75898082037565 8.75898082037565
0.0095703125 9.51270177911283 9.51270177911283
0.0099609375 10.2966600566924 10.2966600566924
0.0103515625 11.1107136894134 11.1107136894134
0.0107421875 11.9547152388532 11.9547152388532
0.0111328125 12.8285118157146 12.8285118157146
0.0115234375 13.7319451044914 13.7319451044914
0.0119140625 14.6648513890341 14.6648513890341
0.0123046875 15.6270615789981 15.6270615789981
0.0126953125 16.6184012371195 16.6184012371195
0.0130859375 17.6386906074094 17.6386906074094
0.0134765625 18.6877446441667 18.6877446441667
0.0138671875 19.7653730418824 19.7653730418824
0.0142578125 20.8713802659804 20.8713802659804
0.0146484375 22.0055655843862 22.0055655843862
0.0150390625 23.1677230999321 23.1677230999321
0.0154296875 24.3576417836812 24.3576417836812
0.0158203125 25.5751055089513 25.5751055089513
0.0162109375 26.8198930863036 26.8198930863036
0.0166015625 28.0917782991855 28.0917782991855
0.0169921875 29.3905299406015 29.3905299406015
0.0173828125 30.7159118504205 30.7159118504205
0.0177734375 32.0676829535387 32.0676829535387
0.0181640625 33.4455972988326 33.4455972988326
0.0185546875 34.8494040989681 34.8494040989681
0.0189453125 36.2788477709 36.2788477709
0.0193359375 37.7336679771997 37.7336679771997
0.0197265625 39.2135996681463 39.2135996681463
0.0201171875 40.7183731245914 40.7183731245914
0.0205078125 42.2477140015781 42.2477140015781
0.0208984375 43.8013433727338 43.8013433727338
0.0212890625 45.3789777753263 45.3789777753263
0.0216796875 46.9803292561846 46.9803292561846
0.0220703125 48.605105418228 48.605105418228
0.0224609375 50.2530094678059 50.2530094678059
0.0228515625 51.9237402627095 51.9237402627095
0.0232421875 53.6169923609395 53.6169923609395
0.0236328125 55.3324560700912 55.3324560700912
0.0240234375 57.0698174975223 57.0698174975223
0.0244140625 58.828758601112 58.828758601112
0.0248046875 60.6089572408473 60.6089572408473
0.0251953125 62.4100872308827 62.4100872308827
0.0255859375 64.2318183924726 64.2318183924726
0.0259765625 66.0738166073224 66.0738166073224
0.0263671875 67.9357438718216 67.9357438718216
0.0267578125 69.8172583517407 69.8172583517407
0.0271484375 71.7180144376198 71.7180144376198
0.0275390625 73.6376628008293 73.6376628008293
0.0279296875 75.5758504500955 75.5758504500955
0.0283203125 77.5322207887893 77.5322207887893
0.0287109375 79.5064136727342 79.5064136727342
0.0291015625 81.4980654685496 81.4980654685496
0.0294921875 83.5068091126504 83.5068091126504
0.0298828125 85.5322741708096 85.5322741708096
0.0302734375 87.574086898212 87.574086898212
0.0306640625 89.6318703000543 89.6318703000543
0.0310546875 91.7052441928263 91.7052441928263
0.0314453125 93.7938252658932 93.7938252658932
0.0318359375 95.8972271438051 95.8972271438051
0.0322265625 98.0150604489609 98.0150604489609
0.0326171875 100.146932864873 100.146932864873
0.0330078125 102.292449199858 102.292449199858
0.0333984375 104.451211451224 104.451211451224
0.0337890625 106.622818869973 106.622818869973
0.0341796875 108.806868025868 108.806868025868
0.0345703125 111.002952873041 111.002952873041
0.0349609375 113.210664815915 113.210664815915
0.0353515625 115.429592775754 115.429592775754
0.0357421875 117.659323257458 117.659323257458
0.0361328125 119.899440416757 119.899440416757
0.0365234375 122.149526127969 122.149526127969
0.0369140625 124.409160051946 124.409160051946
0.0373046875 126.677919704534 126.677919704534
0.0376953125 128.955380525358 128.955380525358
0.0380859375 131.241115946887 131.241115946887
0.0384765625 133.534697463974 133.534697463974
0.0388671875 135.835694703601 135.835694703601
0.0392578125 138.143675495057 138.143675495057
0.0396484375 140.45820594034 140.45820594034
0.0400390625 142.778850484865 142.778850484865
0.0404296875 145.105171988516 145.105171988516
0.0408203125 147.436731796897 147.436731796897
0.0412109375 149.773089812979 149.773089812979
0.0416015625 152.113804568835 152.113804568835
0.0419921875 154.458433297696 154.458433297696
0.0423828125 156.806532006267 156.806532006267
0.0427734375 159.157655547215 159.157655547215
0.0431640625 161.511357691907 161.511357691907
0.0435546875 163.867191203326 163.867191203326
0.0439453125 166.224707909114 166.224707909114
0.0443359375 168.583458774883 168.583458774883
0.0447265625 170.942993977674 170.942993977674
0.0451171875 173.302862979472 173.302862979472
0.0455078125 175.662614601047 175.662614601047
0.0458984375 178.021797095671 178.021797095671
0.0462890625 180.379958223175 180.379958223175
0.0466796875 182.736645324003 182.736645324003
0.0470703125 185.091405393377 185.091405393377
0.0474609375 187.44378515556 187.44378515556
0.0478515625 189.793331138153 189.793331138153
0.0482421875 192.139589746494 192.139589746494
0.0486328125 194.482107338049 194.482107338049
0.0490234375 196.820430296907 196.820430296907
0.0494140625 199.154105108255 199.154105108255
0.0498046875 201.482678432867 201.482678432867
0.0501953125 203.805697181574 203.805697181574
0.0505859375 206.122708589764 206.122708589764
0.0509765625 208.433260291877 208.433260291877
0.0513671875 210.736900395755 210.736900395755
0.0517578125 213.033177557054 213.033177557054
0.0521484375 215.32164105357 215.32164105357
0.0525390625 217.601840859443 217.601840859443
0.0529296875 219.873327719374 219.873327719374
0.0533203125 222.135653222654 222.135653222654
0.0537109375 224.388369877129 224.388369877129
0.0541015625 226.631031183056 226.631031183056
0.0544921875 228.863191706805 228.863191706805
0.0548828125 231.084407154472 231.084407154472
0.0552734375 233.294234445266 233.294234445266
0.0556640625 235.492231784756 235.492231784756
0.0560546875 237.677958737995 237.677958737995
0.0564453125 239.850976302396 239.850976302396
0.0568359375 242.010846980434 242.010846980434
0.0572265625 244.157134852135 244.157134852135
0.0576171875 246.289405647344 246.289405647344
0.0580078125 248.407226817758 248.407226817758
0.0583984375 250.510167608704 250.510167608704
0.0587890625 252.597799130717 252.597799130717
0.0591796875 254.669694430768 254.669694430768
0.0595703125 256.725428563254 256.725428563254
0.0599609375 258.764578660735 258.764578660735
0.0603515625 260.786724004283 260.786724004283
0.0607421875 262.791446093634 262.791446093634
0.0611328125 264.778328716907 264.778328716907
0.0615234375 266.746958020062 266.746958020062
0.0619140625 268.696922575955 268.696922575955
0.0623046875 270.62781345312 270.62781345312
0.0626953125 272.539224284105 272.539224284105
0.0630859375 274.430751333466 274.430751333466
0.0634765625 276.30199356538 276.30199356538
0.0638671875 278.152552710826 278.152552710826
0.0642578125 279.9820333344 279.9820333344
0.0646484375 281.790042900661 281.790042900661
0.0650390625 283.576191840098 283.576191840098
0.0654296875 285.340093614645 285.340093614645
0.0658203125 287.081364782694 287.081364782694
0.0662109375 288.799625063698 288.799625063698
0.0666015625 290.494497402296 290.494497402296
0.0669921875 292.165608031924 292.165608031924
0.0673828125 293.812586537997 293.812586537997
0.0677734375 295.435065920528 295.435065920528
0.0681640625 297.032682656236 297.032682656236
0.0685546875 298.605076760173 298.605076760173
0.0689453125 300.151891846781 300.151891846781
0.0693359375 301.672775190455 301.672775190455
0.0697265625 303.167377785494 303.167377785494
0.0701171875 304.635354405527 304.635354405527
0.0705078125 306.076363662364 306.076363662364
0.0708984375 307.490068064253 307.490068064253
0.0712890625 308.87613407358 308.87613407358
0.0716796875 310.234232163948 310.234232163948
0.0720703125 311.564036876634 311.564036876634
0.0724609375 312.865226876447 312.865226876447
0.0728515625 314.137485006977 314.137485006977
0.0732421875 315.380498345185 315.380498345185
0.0736328125 316.593958255362 316.593958255362
0.0740234375 317.777560442419 317.777560442419
0.0744140625 318.931005004533 318.931005004533
0.0748046875 320.053996485126 320.053996485126
0.0751953125 321.146243924177 321.146243924177
0.0755859375 322.207460908803 322.207460908803
0.0759765625 323.237365623208 323.237365623208
0.0763671875 324.235680897868 324.235680897868
0.0767578125 325.202134258057 325.202134258057
0.0771484375 326.13645797165 326.13645797165
0.0775390625 327.038389096176 327.038389096176
0.0779296875 327.907669525139 327.907669525139
0.0783203125 328.744046033639 328.744046033639
0.0787109375 329.54727032318 329.54727032318
0.0791015625 330.31709906581 330.31709906581
0.0794921875 331.053293947411 331.053293947411
0.0798828125 331.755621710288 331.755621710288
0.0802734375 332.423854194919 332.423854194919
0.0806640625 333.057768381004 333.057768381004
0.0810546875 333.657146427647 333.657146427647
0.0814453125 334.221775712788 334.221775712788
0.0818359375 334.751448871812 334.751448871812
0.0822265625 335.245963835359 335.245963835359
0.0826171875 335.705123866319 335.705123866319
0.0830078125 336.128737596016 336.128737596016
0.0833984375 336.51661905953 336.51661905953
0.0837890625 336.868587730244 336.868587730244
0.0841796875 337.184468553482 337.184468553482
0.0845703125 337.464091979368 337.464091979368
0.0849609375 337.707293994815 337.707293994815
0.0853515625 337.913916154635 337.913916154635
0.0857421875 338.08380561182 338.08380561182
0.0861328125 338.216815146936 338.216815146936
0.0865234375 338.312803196679 338.312803196679
0.0869140625 338.371633881532 338.371633881532
0.0873046875 338.393177032533 338.393177032533
0.0876953125 338.377308217198 338.377308217198
0.0880859375 338.323908764521 338.323908764521
0.0884765625 338.23286578909 338.23286578909
0.0888671875 338.104072214331 338.104072214331
0.0892578125 337.937426794823 337.937426794823
0.0896484375 337.732834137719 337.732834137719
0.0900390625 337.490204723263 337.490204723263
0.0904296875 337.209454924393 337.209454924393
0.0908203125 336.89050702544 336.89050702544
0.0912109375 336.533289239894 336.533289239894
0.0916015625 336.137735727251 336.137735727251
0.0919921875 335.703786608951 335.703786608951
0.0923828125 335.231387983382 335.231387983382
0.0927734375 334.720491939945 334.720491939945
0.0931640625 334.171056572206 334.171056572206
0.0935546875 333.583045990099 333.583045990099
0.0939453125 332.956430331203 332.956430331203
0.0943359375 332.291185771064 332.291185771064
0.0947265625 331.58729453261 331.58729453261
0.0951171875 330.844744894588 330.844744894588
0.0955078125 330.063531199079 330.063531199079
0.0958984375 329.243653858057 329.243653858057
0.0962890625 328.385119359011 328.385119359011
0.0966796875 327.487940269611 327.487940269611
0.0970703125 326.552135241434 326.552135241434
0.0974609375 325.577729012725 325.577729012725
0.0978515625 324.564752410227 324.564752410227
0.0982421875 323.513242350046 323.513242350046
0.0986328125 322.423241837568 322.423241837568
0.0990234375 321.294799966424 321.294799966424
0.0994140625 320.127971916506 320.127971916506
0.0998046875 318.922818951025 318.922818951025
