0.0015625 -245.412285230122 490.67674327418
0.003125 -599.50255076789 980.171403295606
0.0046875 -1323.02785757056 1467.30474455362
0.00625 -2376.57943833453 1950.90322016128
0.0078125 -3753.05814487284 2429.80179903264
0.009375 -5447.45736611393 2902.84677254462
0.0109375 -7454.54795977545 3368.8985339222
0.0125 -9768.42553562794 3826.8343236509
0.0140625 -12382.3883164573 4275.55093430282
0.015625 -15288.9036860341 4713.96736825998
0.0171875 -18479.605797625 5141.02744193222
0.01875 -21945.3066694303 5555.70233019602
0.0203125 -25676.0144043346 5956.99304492433
0.021875 -29660.9559046723 6343.93284163646
0.0234375 -33888.6028655859 6715.58954847018
0.025 -38346.7004202126 7071.06781186548
0.0265625 -43022.2980752411 7409.51125354959
0.028125 -47901.7827019516 7730.10453362737
0.0296875 -52970.9134107061 8032.07531480645
0.03125 -58214.8581687438 8314.69612302545
0.0328125 -63618.2320374185 8577.28610000272
0.034375 -69165.1369129027 8819.21264348355
0.0359375 -74839.2026577478 9039.89293123443
0.0375 -80623.629511746 9238.79532511287
0.0390625 -86501.2316699977 9415.44065183021
0.040625 -92454.4819150588 9569.40335732209
0.0421875 -98465.5571884965 9700.31253194544
0.04375 -104516.384985646 9807.8528040323
0.0453125 -110588.690455794 9891.76509964781
0.046875 -116664.044088564 9951.84726672197
0.0484375 -122723.909866066 9987.95456205172
0.05 -128749.693759298 10000
0.0515625 -134722.7924465 9987.95456205172
0.053125 -140624.642130721 9951.84726672197
0.0546875 -146436.767333464 9891.76509964781
0.05625 -152140.829541458 9807.8528040323
0.0578125 -157718.675583852 9700.31253194544
0.059375 -163152.385617735 9569.40335732209
0.0609375 -168424.320600903 9415.44065183021
0.0625 -173517.169131846 9238.79532511287
0.0640625 -178413.993538612 9039.89293123443
0.065625 -183098.275099804 8819.21264348355
0.0671875 -187553.958283232 8577.28610000272
0.06875 -191765.493889959 8314.69612302545
0.0703125 -195717.880994205 8032.07531480645
0.071875 -199396.707572419 7730.10453362737
0.0734375 -202788.189718079 7409.51125354959
0.075 -205879.209342132 7071.06781186548
0.0765625 -208657.350262729 6715.58954847018
0.078125 -211110.932591744 6343.93284163646
0.0796875 -213229.045329858 5956.99304492433
0.08125 -215001.577086169 5555.70233019603
0.0828125 -216419.244843052 5141.02744193222
0.084375 -217473.620691644 4713.96736825998
0.0859375 -218157.156468313 4275.55093430282
0.0875 -218463.206227711 3826.8343236509
0.0890625 -218386.046493126 3368.8985339222
0.090625 -217920.894230504 2902.84677254462
0.0921875 -217063.922497944 2429.80179903264
0.09375 -215812.27372822 1950.90322016129
0.0953125 -214164.070607802 1467.30474455362
0.096875 -212118.424521554 980.171403295608
0.0984375 -209675.441538521 490.67674327418
