0.000390625 -61.3588464912027 122.715382857199
0.00078125 -149.982131179422 245.412285229123
0.001171875 -331.30339756608 368.072229413588
0.0015625 -595.941207398261 490.67674327418
0.001953125 -942.810479499813 613.207363022086
0.00234375 -1371.56692123548 735.645635996674
0.002734375 -1882.02584022298 857.973123444399
0.003125 -2474.0459168454 980.171403295606
0.003515625 -3147.49503044467 1102.22207293883
0.00390625 -3902.23768076516 1224.10675199216
0.004296875 -4738.12960897173 1345.80708507126
0.0046875 -5655.01523767801 1467.30474455362
0.005078125 -6652.72635225392 1588.58143333861
0.00546875 -7731.08138148845 1709.61888760301
0.005859375 -8889.8849890985 1830.39887955141
0.00625 -10128.9278367835 1950.90322016128
0.006640625 -11447.9864470746 2071.11376192219
0.00703125 -12846.8231272644 2191.0124015687
0.007421875 -14325.1859315042 2310.58108280671
0.0078125 -15882.8086491006 2429.80179903264
0.008203125 -17519.4108099801 2548.65659604515
0.00859375 -19234.6977032592 2667.12757474898
0.008984375 -21028.360404934 2785.19689385053
0.009375 -22900.0758129312 2902.84677254462
0.009765625 -24849.5066882948 3020.05949319228
0.01015625 -26876.3017009194 3136.81740398891
0.010546875 -28980.0954797078 3253.10292162263
0.0109375 -31160.5086662178 3368.8985339222
0.011328125 -33417.1479718826 3484.18680249435
0.01171875 -35749.6062381336 3598.95036534988
0.012109375 -38157.4624994668 3713.17193951838
0.0125 -40640.2820492549 3826.8343236509
0.012890625 -43197.616508057 3939.92040061048
0.01328125 -45829.0038945947 4052.4131400499
0.013671875 -48533.9686990535 4164.29560097637
0.0140625 -51312.0219588697 4275.55093430282
0.014453125 -54162.6613368129 4386.16238538528
0.01484375 -57085.3712013088 4496.11329654607
0.015234375 -60079.622709019 4605.3871095824
0.015625 -63144.8738898466 4713.96736825998
0.016015625 -66280.5697338158 4821.83772079123
0.01640625 -69486.1422804669 4928.98192229784
0.016796875 -72761.0107099848 5035.38383725718
0.0171875 -76104.5814369962 5141.02744193222
0.017578125 -79516.248206032 5245.89682678469
0.01796875 -82995.3921892028 5349.97619887097
0.018359375 -86541.3820859258 5453.24988422046
0.01875 -90153.5742248669 5555.70233019602
0.019140625 -93831.3126676642 5657.31810783613
0.01953125 -97573.9293147786 5758.08191417845
0.019921875 -101380.744013331 5857.97857456439
0.0203125 -105251.064666905 5956.99304492433
0.020703125 -109184.187347316 6055.11041404326
0.02109375 -113179.39640835 6152.31590580627
0.021484375 -117235.964601209 6248.59488142386
0.021875 -121353.153192192 6343.93284163646
0.022265625 -125530.212081909 6438.31542889791
0.02265625 -129766.379926605 6531.72842953777
0.023046875 -134060.884261191 6624.15777590172
0.0234375 -138412.941624206 6715.58954847018
0.023828125 -142821.757684388 6806.00997795453
0.02421875 -147286.527369216 6895.40544737067
0.024609375 -151806.434994997 6983.76249408973
0.025 -156380.654399062 7071.06781186548
0.025390625 -161008.34907316 7157.30825283819
0.02578125 -165688.672299118 7242.47082951467
0.026171875 -170420.767285534 7326.54271672413
0.0265625 -175203.767306765 7409.51125354959
0.026953125 -180036.795843088 7491.36394523459
0.02734375 -184918.96672261 7572.08846506484
0.027734375 -189849.384264947 7651.67265622459
0.028125 -194827.143426037 7730.10453362737
0.028515625 -199851.32994495 7807.37228572095
0.02890625 -204921.020492011 7883.46427626606
0.029296875 -210035.282818274 7958.36904608883
0.0296875 -215193.17590672 8032.07531480645
0.030078125 -220393.750124837 8104.57198252595
0.03046875 -225636.047378515 8175.84813151584
0.030859375 -230919.1012673 8245.89302785025
0.03125 -236241.937241393 8314.69612302545
0.031640625 -241603.57275945 8382.24705554838
0.03203125 -247003.017448192 8448.53565249707
0.032421875 -252439.273262969 8513.55193105265
0.0328125 -257911.334649853 8577.28610000272
0.033203125 -263418.188708744 8639.72856121587
0.03359375 -268958.815357912 8700.86991108711
0.033984375 -274532.187499659 8760.70094195407
0.034375 -280137.271187052 8819.21264348355
0.034765625 -285773.025792025 8876.39620402854
0.03515625 -291438.404174151 8932.24301195515
0.035546875 -297132.352851268 8986.74465693954
0.0359375 -302853.812170454 9039.89293123443
0.036328125 -308601.716480228 9091.67983090522
0.03671875 -314374.994304118 9142.09755703531
0.037109375 -320172.568514633 9191.13851690058
0.0375 -325993.356508753 9238.79532511287
0.037890625 -331836.270384017 9285.06080473216
0.03828125 -337700.21711543 9329.92798834739
0.038671875 -343584.098733709 9373.39011912575
0.0390625 -349486.812503732 9415.44065183021
0.039453125 -355407.251104493 9456.07325380521
0.03984375 -361344.302809285 9495.28180593037
0.040234375 -367296.851666816 9533.06040354194
0.040625 -373263.777683318 9569.40335732209
0.041015625 -379243.957004836 9604.30519415566
0.04140625 -385236.262100943 9637.7606579544
0.041796875 -391239.561948321 9669.76471044852
0.0421875 -397252.722215314 9700.31253194544
0.042578125 -403274.605447278 9729.3995220556
0.04296875 -409304.071252009 9757.02130038528
0.043359375 -415339.976486258 9783.17370719628
0.04375 -421381.17544232 9807.8528040323
0.044140625 -427426.520035092 9831.05487431216
0.04453125 -433474.859989982 9852.77642388941
0.044921875 -439525.043030798 9873.01418157858
0.0453125 -445575.915068253 9891.76509964781
0.045703125 -451626.320388898 9909.0263542778
0.04609375 -457675.101843911 9924.7953459871
0.046484375 -463721.101038896 9939.06970002356
0.046875 -469763.158523288 9951.84726672197
0.047265625 -475800.113980513 9963.12612182778
0.04765625 -481830.806417991 9972.9045667869
0.048046875 -487854.074357394 9981.18112900149
0.0484375 -493868.75602533 9987.95456205172
0.048828125 -499873.689543573 9993.2238458835
0.04921875 -505867.713120075 9996.98818696204
0.049609375 -511849.665239504 9999.24701839144
0.05 -517818.384853968 10000
0.050390625 -523772.711573887 9999.24701839144
0.05078125 -529711.485858476 9996.98818696204
0.051171875 -535633.549206765 9993.2238458835
0.0515625 -541537.744347794 9987.95456205172
0.051953125 -547422.91543113 9981.18112900149
0.05234375 -553287.908217364 9972.9045667869
0.052734375 -559131.570267824 9963.12612182778
0.053125 -564952.75113488 9951.84726672197
0.053515625 -570750.302551288 9939.06970002356
0.05390625 -576523.07861957 9924.7953459871
0.054296875 -582269.936001301 9909.0263542778
0.0546875 -587989.734105504 9891.76509964781
0.055078125 -593681.335277416 9873.01418157858
0.05546875 -599343.604986183 9852.77642388941
0.055859375 -604975.412012366 9831.05487431216
0.05625 -610575.628635376 9807.8528040323
0.056640625 -616143.13081971 9783.17370719628
0.05703125 -621676.798401413 9757.02130038529
0.057421875 -627175.515273429 9729.3995220556
0.0578125 -632638.169570606 9700.31253194544
0.058203125 -638063.653854327 9669.76471044852
0.05859375 -643450.865295927 9637.7606579544
0.058984375 -648798.705860257 9604.30519415566
0.059375 -654106.082487805 9569.40335732209
0.059765625 -659371.90727642 9533.06040354194
0.06015625 -664595.097662607 9495.28180593037
0.060546875 -669774.576601283 9456.07325380521
0.0609375 -674909.272745672 9415.44065183021
0.061328125 -679998.120625568 9373.39011912575
0.06171875 -685040.0608251 9329.92798834739
0.062109375 -690034.040159741 9285.06080473216
0.0625 -694979.011852016 9238.79532511287
0.062890625 -699873.935706787 9191.13851690058
0.06328125 -704717.778284913 9142.09755703531
0.063671875 -709509.513076678 9091.67983090522
0.0640625 -714248.120673465 9039.89293123443
0.064453125 -718932.588938923 8986.74465693954
0.06484375 -723561.913178656 8932.24301195515
0.065234375 -728135.09630917 8876.39620402854
0.065625 -732651.149025582 8819.21264348355
0.066015625 -737109.08996785 8760.70094195407
0.06640625 -741507.945886277 8700.86991108711
0.066796875 -745846.751805466 8639.72856121587
0.0671875 -750124.551187258 8577.28610000272
0.067578125 -754340.396092442 8513.55193105265
0.06796875 -758493.347340855 8448.53565249707
0.068359375 -762582.474670467 8382.24705554838
0.06875 -766606.856894965 8314.69612302545
0.069140625 -770565.582060121 8245.89302785025
0.06953125 -774457.747598785 8175.84813151584
0.069921875 -778282.460484161 8104.57198252595
0.0703125 -782038.837382005 8032.07531480645
0.070703125 -785726.004801086 7958.36904608884
0.07109375 -789343.099242396 7883.46427626607
0.071484375 -792889.267346787 7807.37228572095
0.071875 -796363.666040894 7730.10453362737
0.072265625 -799765.462681719 7651.67265622459
0.07265625 -803093.835199419 7572.08846506485
0.073046875 -806347.972238809 7491.3639452346
0.0734375 -809527.073299031 7409.51125354959
0.073828125 -812630.34887147 7326.54271672413
0.07421875 -815657.020576231 7242.47082951467
0.074609375 -818606.321296663 7157.30825283819
0.075 -821477.49531265 7071.06781186548
0.075390625 -824269.798431455 6983.76249408973
0.07578125 -826982.498117549 6895.40544737067
0.076171875 -829614.873620098 6806.00997795453
0.0765625 -832166.216098783 6715.58954847018
0.076953125 -834635.828748227 6624.15777590172
0.07734375 -837023.026919835 6531.72842953777
0.077734375 -839327.138242588 6438.31542889791
0.078125 -841547.502741226 6343.93284163646
0.078515625 -843683.472952953 6248.59488142386
0.07890625 -845734.414042316 6152.31590580627
0.079296875 -847699.703913668 6055.11041404326
0.0796875 -849578.733322328 5956.99304492433
0.080078125 -851370.905983192 5857.97857456439
0.08046875 -853075.638677519 5758.08191417845
0.080859375 -854692.361358187 5657.31810783613
0.08125 -856220.517252005 5555.70233019603
0.081640625 -857659.562960995 5453.24988422047
0.08203125 -859008.96856081 5349.97619887097
0.082421875 -860268.217697412 5245.89682678469
0.0828125 -861436.80768195 5141.02744193222
0.083203125 -862514.249582838 5035.38383725718
0.08359375 -863500.068316489 4928.98192229784
0.083984375 -864393.802735338 4821.83772079123
0.084375 -865195.005713833 4713.96736825998
0.084765625 -865903.244232715 4605.3871095824
0.08515625 -866518.099460339 4496.11329654607
0.085546875 -867039.166832639 4386.16238538528
0.0859375 -867466.056130211 4275.55093430282
0.086328125 -867798.391553415 4164.29560097637
0.08671875 -868035.81179567 4052.4131400499
0.087109375 -868177.970113645 3939.92040061049
0.0875 -868224.534396121 3826.8343236509
0.087890625 -868175.187229889 3713.17193951838
0.08828125 -868029.62596363 3598.95036534988
0.088671875 -867787.562769802 3484.18680249435
0.0890625 -867448.724703552 3368.8985339222
0.089453125 -867012.85376015 3253.10292162263
0.08984375 -866479.706929381 3136.81740398892
0.090234375 -865849.056247921 3020.05949319228
0.090625 -865120.688849676 2902.84677254462
0.091015625 -864294.40701304 2785.19689385053
0.09140625 -863370.028206695 2667.12757474898
0.091796875 -862347.385132275 2548.65659604515
0.0921875 -861226.325765015 2429.80179903264
0.092578125 -860006.713392313 2310.58108280671
0.09296875 -858688.426649124 2191.0124015687
0.093359375 -857271.359551933 2071.11376192218
0.09375 -855755.421529525 1950.90322016129
0.094140625 -854140.537451708 1830.39887955141
0.09453125 -852426.647655876 1709.61888760301
0.094921875 -850613.707970487 1588.58143333861
0.0953125 -848701.689736972 1467.30474455362
0.095703125 -846690.579828493 1345.80708507127
0.09609375 -844580.380666586 1224.10675199216
0.096484375 -842371.110235677 1102.22207293883
0.096875 -840062.802094416 980.171403295608
0.097265625 -837655.505385499 857.973123444402
0.09765625 -835149.284842277 735.645635996677
0.098046875 -832544.220793264 613.207363022085
0.0984375 -829840.409164477 490.67674327418
0.098828125 -827037.961478625 368.072229413588
0.09921875 -824137.00485272 245.412285229123
0.099609375 -821137.681992532 122.715382857205
