0.00078125 0.191728347836033 0.191728347836033
0.00234375 0.702542051681121 0.702542051681121
0.00390625 1.72269252287833 1.72269252287833
0.00546875 3.24922970084799 3.24922970084799
0.00703125 5.27773801622743 5.27773801622743
0.00859375 7.80234779000693 7.80234779000693
0.01015625 10.815750388067 10.815750388067
0.01171875 14.309217093205 14.309217093205
0.01328125 18.2726216475498 18.2726216475498
0.01484375 22.6944664089569 22.6944664089569
0.01640625 27.5619120561169 27.5619120561169
0.01796875 32.860810768027 32.860810768027
0.01953125 38.5757427949738 38.5757427949738
0.02109375 44.6900563295844 44.6900563295844
0.02265625 51.1859105782287 51.1859105782287
0.02421875 58.0443219251265 58.0443219251265
0.02578125 65.2452130736651 65.2452130736651
0.02734375 72.7674650420272 72.7674650420272
0.02890625 80.5889718830645 80.5889718830645
0.03046875 88.6866979914453 88.6866979914453
0.03203125 97.0367378546939 97.0367378546939
0.03359375 105.614378098537 105.614378098537
0.03515625 114.39416167115 114.39416167115
0.03671875 123.3499540056 123.3499540056
0.03828125 132.455010994684 132.455010994684
0.03984375 141.682048607813 141.682048607813
0.04140625 151.003313975414 151.003313975414
0.04296875 160.390657762571 160.390657762571
0.04453125 169.815607650329 169.815607650329
0.04609375 179.249442740241 179.249442740241
0.04765625 188.663268695315 188.663268695315
0.04921875 198.028093428608 198.028093428608
0.05078125 207.314903149207 207.314903149207
0.05234375 216.494738574409 216.494738574409
0.05390625 225.538771116271 225.538771116271
0.05546875 234.418378850772 234.418378850772
0.05703125 243.10522207815 243.10522207815
0.05859375 251.571318283927 251.571318283927
0.06015625 259.789116311488 259.789116311488
0.06171875 267.731569558904 267.731569558904
0.06328125 275.372208015006 275.372208015006
0.06484375 282.685208952449 282.685208952449
0.06640625 289.64546609874 289.64546609874
0.06796875 296.228657109846 296.228657109846
0.06953125 302.411309175075 302.411309175075
0.07109375 308.170862586448 308.170862586448
0.07265625 313.485732110726 313.485732110726
0.07421875 318.33536600753 318.33536600753
0.07578125 322.700302542803 322.700302542803
0.07734375 326.562223852855 326.562223852855
0.07890625 329.904007020765 329.904007020765
0.08046875 332.709772233703 332.709772233703
0.08203125 334.964927896824 334.964927896824
0.08359375 336.65621258689 336.65621258689
0.08515625 337.771733736453 337.771733736453
0.08671875 338.301002947487 338.301002947487
0.08828125 338.2349678416 338.2349678416
0.08984375 337.566040362448 337.566040362448
0.09140625 336.288121454706 336.288121454706
0.09296875 334.396622052843 334.396622052843
0.09453125 331.888480322028 331.888480322028
0.09609375 328.76217510271 328.76217510271
0.09765625 325.017735519783 325.017735519783
0.09921875 320.656746726679 320.656746726679
