0.00078125 -122.715382860042 245.412285229123
0.0015625 -299.92165643877 490.67674327418
0.00234375 -662.388114882633 735.645635996674
0.003125 -1191.16323563669 980.171403295606
0.00390625 -1883.80000970533 1224.10675199216
0.0046875 -2739.2447974935 1467.30474455362
0.00546875 -3756.67522621718 1709.61888760301
0.00625 -4935.26809406156 1950.90322016128
0.00703125 -6274.13145544501 2191.0124015687
0.0078125 -7772.27996724142 2429.80179903264
0.00859375 -9428.62470517422 2667.12757474898
0.009375 -11241.9686877007 2902.84677254462
0.01015625 -13211.0049525229 3136.81740398891
0.0109375 -15334.3159001251 3368.8985339222
0.01171875 -17610.3733277254 3598.95036534988
0.0125 -20037.5388743236 3826.8343236509
0.01328125 -22614.0647325411 4052.4131400499
0.0140625 -25338.0945488145 4275.55093430282
0.01484375 -28207.6644668487 4496.11329654607
0.015625 -31220.7042875116 4713.96736825998
0.01640625 -34375.0387285601 4928.98192229784
0.0171875 -37668.3887732818 5141.02744193222
0.01796875 -41098.3731007499 5349.97619887097
0.01875 -44662.5095925771 5555.70233019602
0.01953125 -48358.2169123231 5758.08191417845
0.0203125 -52182.8161545501 5956.99304492433
0.02109375 -56133.5325612368 6152.31590580627
0.021875 -60207.4973032883 6343.93284163646
0.02265625 -64401.7493255857 6531.72842953777
0.0234375 -68713.237253675 6715.58954847018
0.02421875 -73138.8213606939 6895.40544737067
0.025 -77675.275592926 7071.06781186548
0.02578125 -82319.2896524796 7242.47082951467
0.0265625 -87067.4711358118 7409.51125354959
0.02734375 -91916.3477263261 7572.08846506484
0.028125 -96862.369439875 7730.10453362737
0.02890625 -101901.910921551 7883.46427626606
0.0296875 -107031.273792235 8032.07531480645
0.03046875 -112246.689043409 8175.84813151584
0.03125 -117544.31947883 8314.69612302545
0.03203125 -122920.262201309 8448.53565249707
0.0328125 -128370.551143105 8577.28610000272
0.03359375 -133891.159638365 8700.86991108711
0.034375 -139478.003035943 8819.21264348355
0.03515625 -145126.941350928 8932.24301195515
0.0359375 -150833.781953251 9039.89293123443
0.03671875 -156594.282291626 9142.09755703531
0.0375 -162404.152651232 9238.79532511287
0.03828125 -168259.058943219 9329.92798834739
0.0390625 -174154.625524421 9415.44065183021
0.03984375 -180086.438045485 9495.28180593037
0.040625 -186050.046325583 9569.40335732209
0.04140625 -192040.96725192 9637.7606579544
0.0421875 -198054.68770226 9700.31253194544
0.04296875 -204086.667488522 9757.02130038528
0.04375 -210132.342319772 9807.8528040323
0.04453125 -216187.126782553 9852.77642388941
0.0453125 -222246.417336837 9891.76509964781
0.04609375 -228305.595325654 9924.7953459871
0.046875 -234360.029996462 9951.84726672197
0.04765625 -240405.081532501 9972.9045667869
0.0484375 -246436.104092001 9987.95456205172
0.04921875 -252448.44885358 9996.98818696204
0.05 -258437.467065762 10000
0.05078125 -264398.513098713 9996.98818696204
0.0515625 -270326.947496331 9987.95456205172
0.05234375 -276218.140026697 9972.9045667869
0.053125 -282067.47272906 9951.84726672197
0.05390625 -287870.342955339 9924.7953459871
0.0546875 -293622.166404271 9891.76509964781
0.05546875 -299318.380146322 9852.77642388941
0.05625 -304954.445637399 9807.8528040323
0.05703125 -310525.851719485 9757.02130038529
0.0578125 -316028.117606343 9700.31253194544
0.05859375 -321456.795852286 9637.7606579544
0.059375 -326807.475302346 9569.40335732209
0.06015625 -332075.784021721 9495.28180593037
0.0609375 -337257.392202868 9415.44065183021
0.06171875 -342348.015048298 9329.92798834739
0.0625 -347343.415627234 9238.79532511287
0.06328125 -352239.407704412 9142.09755703531
0.0640625 -357031.858539134 9039.89293123444
0.06484375 -361716.69165285 8932.24301195515
0.065625 -366289.889563597 8819.21264348355
0.06640625 -370747.496485254 8700.86991108711
0.0671875 -375085.620990434 8577.28610000272
0.06796875 -379300.438634707 8448.53565249707
0.06875 -383388.19454097 8314.69612302545
0.06953125 -387345.205942095 8175.84813151584
0.0703125 -391167.864680145 8032.07531480645
0.07109375 -394852.639660999 7883.46427626606
0.071875 -398396.079262142 7730.10453362737
0.07265625 -401794.813692746 7572.08846506485
0.0734375 -405045.557304158 7409.51125354959
0.07421875 -408145.110849275 7242.47082951467
0.075 -411090.363689776 7071.06781186548
0.07578125 -413878.295949235 6895.40544737067
0.0765625 -416505.980611061 6715.58954847018
0.07734375 -418970.585560106 6531.72842953777
0.078125 -421269.375565959 6343.93284163646
0.07890625 -423399.714207534 6152.31590580627
0.0796875 -425359.065736871 5956.99304492433
0.08046875 -427144.996881475 5758.08191417845
0.08125 -428755.178584012 5555.70233019603
0.08203125 -430187.387677738 5349.97619887097
0.0828125 -431439.508497356 5141.02744193222
0.08359375 -432509.534423453 4928.98192229784
0.084375 -433395.569360019 4713.96736825998
0.08515625 -434095.829144074 4496.11329654607
0.0859375 -434608.642885991 4275.55093430282
0.08671875 -434932.454240389 4052.4131400499
0.0875 -435065.822605981 3826.8343236509
0.08828125 -435007.42425408 3598.95036534988
0.0890625 -434756.053385012 3368.8985339222
0.08984375 -434310.623111215 3136.81740398892
0.090625 -433670.166367151 2902.84677254462
0.09140625 -432833.836744626 2667.12757474898
0.0921875 -431800.90925342 2429.80179903264
0.09296875 -430570.78100675 2191.0124015687
0.09375 -429142.971830523 1950.90322016129
0.09453125 -427517.124796779 1709.61888760301
0.0953125 -425693.006680108 1467.30474455362
0.09609375 -423670.508337237 1224.10675199216
0.096875 -421449.645009462 980.171403295608
0.09765625 -419030.556547196 735.645635996677
0.0984375 -416413.50755722 490.67674327418
0.09921875 -413598.88747169 245.412285229123
