0 18.7650683410758
0.00078125 18.7650308913129
0.0015625 18.7648935980742
0.00234375 18.7645566900568
0.003125 18.7639205402575
0.00390625 18.762885738006
0.0046875 18.761353160859
0.00546875 18.7592240463073
0.00625 18.7564000632518
0.00703125 18.7527833832
0.0078125 18.7482767511389
0.00859375 18.7427835560371
0.009375 18.736207900931
0.01015625 18.7284546725512
0.0109375 18.7194296104414
0.01171875 18.7090393755271
0.0125 18.6971916180903
0.01328125 18.6837950451035
0.0140625 18.6687594868826
0.01484375 18.6519959630135
0.015625 18.6334167475103
0.01640625 18.6129354331637
0.0171875 18.590466995036
0.01796875 18.5659278530638
0.01875 18.5392359337262
0.01953125 18.5103107307391
0.0203125 18.4790733647361
0.02109375 18.4454466418974
0.021875 18.4093551114879
0.02265625 18.3707251222684
0.0234375 18.3294848777416
0.02421875 18.2855644901978
0.025 18.2388960335256
0.02578125 18.1894135947512
0.0265625 18.1370533242748
0.02734375 18.0817534847701
0.028125 18.0234544987146
0.02890625 17.9620989945208
0.0296875 17.8976318512358
0.03046875 17.830000241783
0.03125 17.7591536747143
0.03203125 17.6850440344473
0.0328125 17.6076256199599
0.03359375 17.5268551819172
0.034375 17.4426919582058
0.03515625 17.3550977078516
0.0359375 17.2640367432988
0.03671875 17.1694759610286
0.0375 17.0713848704965
0.03828125 16.9697356213691
0.0390625 16.8645030290417
0.03984375 16.7556645984196
0.040625 16.6432005459462
0.04140625 16.5270938198636
0.0421875 16.4073301186909
0.04296875 16.2838979079074
0.04375 16.1567884348288
0.04453125 16.0259957416663
0.0453125 15.8915166767579
0.04609375 15.7533509039643
0.046875 15.6115009102226
0.04765625 15.4659720112496
0.0484375 15.3167723553928
0.04921875 15.1639129256225
0.05 15.007407539664
0.05078125 14.8472728482684
0.0515625 14.6835283316205
0.05234375 14.5161962938865
0.053125 14.3453018559017
0.05390625 14.1708729460034
0.0546875 13.9929402890114
0.05546875 13.8115373933633
0.05625 13.6267005364104
0.05703125 13.4384687478825
0.0578125 13.2468837915303
0.05859375 13.0519901449565
0.059375 12.8538349776453
0.06015625 12.6524681272047
0.0609375 12.447942073834
0.06171875 12.2403119130311
0.0625 12.0296353265568
0.06328125 11.815972551671
0.0640625 11.599386348661
0.06484375 11.3799419666798
0.065625 11.157707107914
0.06640625 10.9327518901046
0.0671875 10.7051488074411
0.06796875 10.474972689853
0.06875 10.2423006607231
0.06953125 10.0072120930476
0.0703125 9.76978856407032
0.07109375 9.53011380841672
0.071875 9.28827366975754
0.07265625 9.04435605103052
0.0734375 8.79845086325042
0.07421875 8.55064997293858
0.075 8.30104714820374
0.07578125 8.049738003507
0.0765625 7.79681994314461
0.07734375 7.54239210348292
0.078125 7.28655529398088
0.07890625 7.02941193703606
0.0796875 6.77106600669099
0.08046875 6.51162296623741
0.08125 6.25118970475667
0.08203125 5.98987447263518
0.0828125 5.72778681609456
0.08359375 5.46503751077676
0.084375 5.20173849442498
0.08515625 4.93800279870185
0.0859375 4.67394448018702
0.08671875 4.4096785505965
0.0875 4.14532090626707
0.08828125 3.88098825694924
0.0890625 3.61679805395274
0.08984375 3.35286841768918
0.090625 3.08931806465654
0.09140625 2.82626623391095
0.0921875 2.56383261307129
0.09296875 2.3021372639025
0.09375 2.04130054752398
0.09453125 1.7814430492894
0.0953125 1.5226855033848
0.09609375 1.26514871719188
0.096875 1.00895349546362
0.09765625 0.754220564359489
0.0984375 0.501070495387671
0.09921875 0.249623629301843
0.1 0
