0 0.00250014321686048
0.000390625 0.00250006692291517
0.00078125 0.00249993976633965
0.001171875 0.00249974140208183
0.0015625 0.00249946892370572
0.001953125 0.00249912136239929
0.00234375 0.00249869827779347
0.002734375 0.00249819943276643
0.003125 0.00249762468504507
0.003515625 0.00249697394257035
0.00390625 0.00249624714235447
0.004296875 0.00249544423940619
0.0046875 0.00249456520047106
0.005078125 0.00249361000027575
0.00546875 0.00249257861916319
0.005859375 0.00249147104154331
0.00625 0.00249028725484346
0.006640625 0.00248902724877694
0.00703125 0.00248769101482046
0.007421875 0.00248627854583292
0.0078125 0.00248478983577182
0.008203125 0.00248322487947895
0.00859375 0.00248158367251583
0.008984375 0.00247986621103579
0.009375 0.00247807249168323
0.009765625 0.00247620251151343
0.01015625 0.0024742562679281
0.010546875 0.00247223375862312
0.0109375 0.0024701349815457
0.011328125 0.00246795993485916
0.01171875 0.00246570861691358
0.012109375 0.00246338102622134
0.0125 0.0024609771614365
0.012890625 0.00245849702133734
0.01328125 0.00245594060481156
0.013671875 0.00245330791084361
0.0140625 0.00245059893850371
0.014453125 0.00244781368693853
0.01484375 0.00244495215536301
0.015234375 0.00244201434305325
0.015625 0.00243900024934033
0.016015625 0.00243590987360489
0.01640625 0.00243274321527234
0.016796875 0.00242950027380865
0.0171875 0.0024261810487166
0.017578125 0.00242278553953253
0.01796875 0.0024193137458233
0.018359375 0.00241576566718377
0.01875 0.00241214130323435
0.019140625 0.00240844065361893
0.01953125 0.002404663718003
0.019921875 0.00240081049607192
0.0203125 0.00239688098752937
0.020703125 0.00239287519209596
0.02109375 0.00238879310950798
0.021484375 0.00238463473951622
0.021875 0.00238040008188495
0.022265625 0.00237608913639097
0.02265625 0.00237170190282269
0.023046875 0.00236723838097941
0.0234375 0.00236269857067052
0.023828125 0.00235808247171487
0.02421875 0.00235339008394016
0.024609375 0.00234862140718235
0.025 0.00234377644128514
0.025390625 0.00233885518609951
0.02578125 0.00233385764148328
0.026171875 0.00232878380730065
0.0265625 0.00232363368342189
0.026953125 0.00231840726972292
0.02734375 0.00231310456608505
0.027734375 0.00230772557239461
0.028125 0.00230227028854272
0.028515625 0.00229673871442499
0.02890625 0.00229113084994131
0.029296875 0.00228544669499557
0.0296875 0.00227968624949552
0.030078125 0.00227384951335249
0.03046875 0.00226793648648127
0.030859375 0.00226194716879989
0.03125 0.00225588156022947
0.031640625 0.0022497396606941
0.03203125 0.00224352147012062
0.032421875 0.00223722698843856
0.0328125 0.00223085621557998
0.033203125 0.00222440915147934
0.03359375 0.00221788579607341
0.033984375 0.00221128614930114
0.034375 0.0022046102111036
0.034765625 0.00219785798142382
0.03515625 0.00219102946020677
0.035546875 0.00218412464739923
0.0359375 0.00217714354294973
0.036328125 0.00217008614680847
0.03671875 0.00216295245892724
0.037109375 0.00215574247925937
0.0375 0.00214845620775966
0.037890625 0.00214109364438429
0.03828125 0.00213365478909082
0.038671875 0.00212613964183808
0.0390625 0.00211854820258615
0.039453125 0.00211088047129631
0.03984375 0.00210313644793097
0.040234375 0.00209531613245364
0.040625 0.0020874195248289
0.041015625 0.00207944662502234
0.04140625 0.00207139743300053
0.041796875 0.00206327194873098
0.0421875 0.0020550701721821
0.042578125 0.00204679210332319
0.04296875 0.00203843774212437
0.043359375 0.0020300070885566
0.04375 0.0020215001425916
0.044140625 0.00201291690420184
0.04453125 0.00200425737336052
0.044921875 0.00199552155004157
0.0453125 0.00198670943421956
0.045703125 0.00197782102586974
0.04609375 0.00196885632496797
0.046484375 0.00195981533149074
0.046875 0.00195069804541513
0.047265625 0.00194150446671877
0.04765625 0.00193223459537987
0.048046875 0.00192288843137715
0.0484375 0.00191346597468987
0.048828125 0.00190396722529776
0.04921875 0.00189439218318107
0.049609375 0.00188474084832048
0.05 0.00187501322069716
0.050390625 0.00186520930029269
0.05078125 0.00185532908708911
0.051171875 0.00184537258106884
0.0515625 0.00183533978221472
0.051953125 0.00182523069050996
0.05234375 0.00181504530593818
0.052734375 0.00180478362848334
0.053125 0.00179444565812975
0.053515625 0.00178403139486209
0.05390625 0.00177354083866535
0.054296875 0.00176297398952486
0.0546875 0.00175233084742627
0.055078125 0.0017416114123555
0.05546875 0.00173081568429883
0.055859375 0.00171994366324276
0.05625 0.00170899534917413
0.056640625 0.00169797074208003
0.05703125 0.0016868698419478
0.057421875 0.00167569264876507
0.0578125 0.0016644391625197
0.058203125 0.00165310938319981
0.05859375 0.00164170331079374
0.058984375 0.00163022094529008
0.059375 0.00161866228667763
0.059765625 0.00160702733494543
0.06015625 0.00159531609008272
0.060546875 0.00158352855207895
0.0609375 0.00157166472092378
0.061328125 0.00155972459660706
0.06171875 0.00154770817911884
0.062109375 0.00153561546844935
0.0625 0.00152344646458902
0.062890625 0.00151120116752844
0.06328125 0.00149887957725839
0.063671875 0.00148648169376981
0.0640625 0.00147400751705381
0.064453125 0.00146145704710165
0.06484375 0.00144883028390478
0.065234375 0.00143612722745478
0.065625 0.00142334787774337
0.066015625 0.00141049223476245
0.06640625 0.00139756029850404
0.066796875 0.0013845520689603
0.0671875 0.00137146754612354
0.067578125 0.0013583067299862
0.06796875 0.00134506962054084
0.068359375 0.00133175621778016
0.06875 0.00131836652169699
0.069140625 0.00130490053228425
0.06953125 0.00129135824953502
0.069921875 0.00127773967344247
0.0703125 0.0012640448039999
0.070703125 0.00125027364120071
0.07109375 0.00123642618503841
0.071484375 0.00122250243550663
0.071875 0.00120850239259908
0.072265625 0.00119442605630959
0.07265625 0.00118027342663209
0.073046875 0.00116604450356061
0.0734375 0.00115173928708925
0.073828125 0.00113735777721224
0.07421875 0.00112289997392388
0.074609375 0.00110836587721856
0.075 0.00109375548709076
0.075390625 0.00107906880353506
0.07578125 0.0010643058265461
0.076171875 0.00104946655611862
0.0765625 0.00103455099224744
0.076953125 0.00101955913492744
0.07734375 0.00100449098415361
0.077734375 0.000989346539920984
0.078125 0.000974125802224692
0.078515625 0.000958828771059926
0.07890625 0.000943455446421955
0.079296875 0.000928005828306117
0.0796875 0.000912479916707816
0.080078125 0.000896877711622526
0.08046875 0.000881199213045787
0.080859375 0.000865444420973203
0.08125 0.000849613335400442
0.081640625 0.000833705956323233
0.08203125 0.000817722283737368
0.082421875 0.000801662317638699
0.0828125 0.000785526058023135
0.083203125 0.000769313504886644
0.08359375 0.000753024658225251
0.083984375 0.000736659518035036
0.084375 0.000720218084312133
0.084765625 0.000703700357052731
0.08515625 0.00068710633625307
0.085546875 0.000670436021909444
0.0859375 0.000653689414018194
0.086328125 0.000636866512575714
0.08671875 0.000619967317578446
0.087109375 0.000602991829022879
0.0875 0.000585940046905549
0.087890625 0.000568811971223041
0.08828125 0.000551607601971983
0.088671875 0.000534326939149047
0.0890625 0.000516969982750951
0.089453125 0.000499536732774454
0.08984375 0.000482027189216361
0.090234375 0.000464441352073514
0.090625 0.000446779221342798
0.091015625 0.00042904079702114
0.09140625 0.000411226079105502
0.091796875 0.00039333506759289
0.0921875 0.000375367762480345
0.092578125 0.000357324163764946
0.09296875 0.000339204271443809
0.093359375 0.000321008085514086
0.09375 0.000302735605972966
0.094140625 0.000284386832817673
0.09453125 0.000265961766045462
0.094921875 0.000247460405653627
0.0953125 0.000228882751639491
0.095703125 0.000210228804000414
0.09609375 0.000191498562733784
0.096484375 0.000172692027837024
0.096875 0.000153809199307587
0.097265625 0.000134850077142956
0.09765625 0.000115814661340646
0.098046875 9.67029518982003e-05
0.0984375 7.75149488131924e-05
0.098828125 5.82506520832242e-05
0.09921875 3.89100617059259e-05
0.099609375 1.94931776789559e-05
0.1 0
