0.0015625 0.00156249999999997 0.00156249999999997
0.0046875 0.0026041666666668 0.0026041666666668
0.0078125 0.00406250000000011 0.00406250000000011
0.0109375 0.00558035714285726 0.00558035714285726
0.0140625 0.0071180555555557 0.0071180555555557
0.0171875 0.0086647727272729 0.0086647727272729
0.0203125 0.0102163461538464 0.0102163461538464
0.0234375 0.0117708333333337 0.0117708333333337
0.0265625 0.0133272058823533 0.0133272058823533
0.0296875 0.0148848684210529 0.0148848684210529
0.0328125 0.0164434523809524 0.0164434523809524
0.0359375 0.0180027173913043 0.0180027173913043
0.0390625 0.0195625000000001 0.0195625000000001
0.0421875 0.0211226851851852 0.0211226851851852
0.0453125 0.0226831896551725 0.0226831896551725
0.0484375 0.0242439516129034 0.0242439516129034
0.0515625 0.0258049242424246 0.0258049242424246
0.0546875 0.0273660714285717 0.0273660714285717
0.0578125 0.0289273648648651 0.0289273648648651
0.0609375 0.0304887820512823 0.0304887820512823
0.0640625 0.032050304878049 0.032050304878049
0.0671875 0.0336119186046513 0.0336119186046513
0.0703125 0.0351736111111113 0.0351736111111113
0.0734375 0.0367353723404257 0.0367353723404257
0.0765625 0.0382971938775512 0.0382971938775512
0.0796875 0.0398590686274511 0.0398590686274511
0.0828125 0.0414209905660379 0.0414209905660379
0.0859375 0.0429829545454547 0.0429829545454547
0.0890625 0.0445449561403511 0.0445449561403511
0.0921875 0.0461069915254239 0.0461069915254239
0.0953125 0.0476690573770494 0.0476690573770494
0.0984375 0.049231150793651 0.049231150793651
