0.0015625 1.00000000000016 1
0.003125 1.00000000000011 1
0.0046875 1.00000000000001 1
0.00625 1.00000000000009 1
0.0078125 0.999999999999996 1
0.009375 1.0000000000001 1
0.0109375 1.00000000000036 1
0.0125 0.999999999999923 1
0.0140625 0.999999999999713 1
0.015625 0.999999999999996 1
0.0171875 0.99999999999997 1
0.01875 0.999999999999949 1
0.0203125 1.00000000000007 1
0.021875 1.00000000000023 1
0.0234375 1.00000000000016 1
0.025 1.00000000000011 1
0.0265625 0.999999999999996 1
0.028125 1.00000000000005 1
0.0296875 0.999999999999965 1
0.03125 0.999999999999683 1
0.0328125 1.00000000000014 1
0.034375 1.00000000000017 1
0.0359375 1.00000000000004 1
0.0375 0.999999999999833 1
0.0390625 0.999999999999914 1
0.040625 1.0000000000001 1
0.0421875 1.00000000000018 1
0.04375 1.00000000000003 1
0.0453125 1.00000000000011 1
0.046875 1.00000000000003 1
0.0484375 1.00000000000011 1
0.05 1.00000000000001 1
0.0515625 1.00000000000001 1
0.053125 0.999999999999939 1
0.0546875 0.999999999999881 1
0.05625 0.999999999999838 1
0.0578125 0.999999999999998 1
0.059375 1 1
0.0609375 1.00000000000001 1
0.0625 1.00000000000014 1
0.0640625 1.00000000000021 1
0.065625 1.00000000000001 1
0.0671875 0.999999999999957 1
0.06875 0.999999999999846 1
0.0703125 0.999999999999955 1
0.071875 1 1
0.0734375 1.00000000000001 1
0.075 0.999999999999971 1
0.0765625 1.00000000000007 1
0.078125 1.00000000000004 1
0.0796875 1.00000000000009 1
0.08125 0.999999999999927 1
0.0828125 1.00000000000002 1
0.084375 0.999999999999954 1
0.0859375 1.00000000000006 1
0.0875 1 1
0.0890625 1 1
0.090625 0.999999999999967 1
0.0921875 1.00000000000001 1
0.09375 1.00000000000001 1
0.0953125 1.00000000000004 1
0.096875 1 1
0.0984375 0.999999999999993 1
