0 0.00250662754713378
0.003125 0.00250174473463378
0.00625 0.00249360671380044
0.009375 0.00248091140130044
0.0125 0.00246347278522901
0.015625 0.0024412288616179
0.01875 0.00241415144684517
0.021875 0.0023822253651144
0.025 0.00234544151094774
0.028125 0.00230379399256538
0.03125 0.00225727877874959
0.034375 0.00220589299005912
0.0375 0.00214963449821129
0.040625 0.00208850168571129
0.04375 0.00202249329450759
0.046875 0.00195160832683517
0.05 0.00187584597804485
0.053125 0.00179520558978727
0.05625 0.00170968661657298
0.059375 0.00161928860137028
0.0625 0.00152401115746002
0.065625 0.00142385395471612
0.06875 0.00131881670907659
0.071875 0.00120889917435436
0.075 0.00109410113579053
0.078125 0.000974422404923185
0.08125 0.0008498628154624
0.084375 0.000720422219943532
0.0875 0.000586100486988986
0.090625 0.000446897499050389
0.09375 0.000302813150533439
0.096875 0.000153847346230159
0.1 0
