0.000390625 1.00000000000335 1
0.00078125 1.00000000000264 1
0.001171875 1.00000000000004 1
0.0015625 1.00000000000087 1
0.001953125 0.999999999997954 1
0.00234375 1.00000000000359 1
0.002734375 1.00000000000275 1
0.003125 1.00000000000264 1
0.003515625 0.999999999996565 1
0.00390625 0.999999999995111 1
0.004296875 1.00000000000335 1
0.0046875 0.999999999998617 1
0.005078125 1.00000000000084 1
0.00546875 1.00000000000122 1
0.005859375 1.00000000000231 1
0.00625 1.00000000000273 1
0.006640625 1.00000000000018 1
0.00703125 1.0000000000013 1
0.007421875 0.999999999997595 1
0.0078125 0.999999999997529 1
0.008203125 1.00000000000132 1
0.00859375 1.00000000000303 1
0.008984375 0.999999999998655 1
0.009375 1.00000000000182 1
0.009765625 0.999999999993807 1
0.01015625 1.0000000000057 1
0.010546875 1.00000000000109 1
0.0109375 1.00000000000259 1
0.011328125 1.00000000000365 1
0.01171875 0.999999999995446 1
0.012109375 1.00000000000275 1
0.0125 1.00000000000065 1
0.012890625 1.00000000000137 1
0.01328125 1.00000000000168 1
0.013671875 0.99999999999418 1
0.0140625 0.999999999995495 1
0.014453125 1.00000000000147 1
0.01484375 0.999999999999088 1
0.015234375 1.0000000000015 1
0.015625 1.00000000000346 1
0.016015625 1.00000000000405 1
0.01640625 1.00000000000106 1
0.016796875 0.999999999997605 1
0.0171875 0.999999999994823 1
0.017578125 1.00000000000209 1
0.01796875 0.999999999999123 1
0.018359375 0.999999999997764 1
0.01875 0.99999999999965 1
0.019140625 1.00000000000234 1
0.01953125 1.00000000000375 1
0.019921875 1.0000000000009 1
0.0203125 0.999999999999227 1
0.020703125 1.00000000000123 1
0.02109375 1.00000000000033 1
0.021484375 1.00000000000085 1
0.021875 1.00000000000003 1
0.022265625 1.00000000000141 1
0.02265625 0.999999999998843 1
0.023046875 0.99999999999842 1
0.0234375 1.00000000000342 1
0.023828125 1.00000000000128 1
0.02421875 1.00000000000324 1
0.024609375 0.999999999999764 1
0.025 1.0000000000016 1
0.025390625 0.999999999998433 1
0.02578125 0.999999999999758 1
0.026171875 0.999999999998373 1
0.0265625 1.00000000000122 1
0.026953125 0.999999999999502 1
0.02734375 0.999999999999962 1
0.027734375 1.00000000000085 1
0.028125 1.00000000000022 1
0.028515625 1.00000000000257 1
0.02890625 1.00000000000091 1
0.029296875 0.999999999999373 1
0.0296875 0.999999999999839 1
0.030078125 1.0000000000005 1
0.03046875 0.999999999997867 1
0.030859375 1.00000000000379 1
0.03125 0.999999999997224 1
0.031640625 1.00000000000194 1
0.03203125 0.99999999999951 1
0.032421875 1.00000000000194 1
0.0328125 1.0000000000025 1
0.033203125 0.999999999997592 1
0.03359375 0.999999999998137 1
0.033984375 0.999999999997934 1
0.034375 1.00000000000524 1
0.034765625 0.999999999997503 1
0.03515625 0.999999999998654 1
0.035546875 1.00000000000052 1
0.0359375 1.00000000000311 1
0.036328125 0.999999999998808 1
0.03671875 1.00000000000197 1
0.037109375 0.999999999998915 1
0.0375 1.00000000000067 1
0.037890625 1.00000000000455 1
0.03828125 1.00000000000139 1
0.038671875 0.999999999997292 1
0.0390625 1.00000000000104 1
0.039453125 1.00000000000053 1
0.03984375 1.00000000000427 1
0.040234375 1.00000000000074 1
0.040625 1.0000000000004 1
0.041015625 0.999999999994891 1
0.04140625 1.00000000000208 1
0.041796875 1.00000000000555 1
0.0421875 1.00000000000214 1
0.042578125 0.999999999998815 1
0.04296875 0.99999999999773 1
0.043359375 1.00000000000443 1
0.04375 1.0000000000016 1
0.044140625 1.00000000000543 1
0.04453125 1.00000000000008 1
0.044921875 0.9999999999995 1
0.0453125 1.00000000000192 1
0.045703125 1.00000000000342 1
0.04609375 1.00000000000339 1
0.046484375 1.00000000000289 1
0.046875 0.999999999998452 1
0.047265625 0.99999999999914 1
0.04765625 1.00000000000197 1
0.048046875 1.00000000000154 1
0.0484375 1.00000000000283 1
0.048828125 0.999999999997915 1
0.04921875 1.00000000000022 1
0.049609375 1.00000000000149 1
0.05 1.00000000000136 1
0.050390625 0.999999999997555 1
0.05078125 0.999999999998102 1
0.051171875 0.999999999998859 1
0.0515625 0.999999999998692 1
0.051953125 1.00000000000081 1
0.05234375 0.999999999997173 1
0.052734375 0.999999999997938 1
0.053125 1.00000000000036 1
0.053515625 0.999999999999864 1
0.05390625 0.999999999999845 1
0.054296875 0.999999999998991 1
0.0546875 0.999999999996628 1
0.055078125 0.999999999999954 1
0.05546875 0.999999999999652 1
0.055859375 0.999999999999595 1
0.05625 0.999999999998526 1
0.056640625 0.999999999998208 1
0.05703125 0.999999999999408 1
0.057421875 1.00000000000015 1
0.0578125 0.999999999999962 1
0.058203125 0.999999999997148 1
0.05859375 0.999999999998398 1
0.058984375 1.00000000000056 1
0.059375 1.00000000000027 1
0.059765625 0.999999999999682 1
0.06015625 0.999999999998005 1
0.060546875 0.999999999998323 1
0.0609375 0.999999999997875 1
0.061328125 0.999999999999193 1
0.06171875 1.0000000000001 1
0.062109375 0.999999999998121 1
0.0625 0.99999999999872 1
0.062890625 0.999999999998478 1
0.06328125 0.999999999999002 1
0.063671875 0.999999999998599 1
0.0640625 1.00000000000206 1
0.064453125 1.00000000000077 1
0.06484375 0.999999999999601 1
0.065234375 0.99999999999854 1
0.065625 0.999999999999798 1
0.066015625 1.00000000000187 1
0.06640625 1.0000000000012 1
0.066796875 0.99999999999758 1
0.0671875 0.999999999998618 1
0.067578125 1.00000000000121 1
0.06796875 1.00000000000129 1
0.068359375 1.00000000000114 1
0.06875 0.999999999999181 1
0.069140625 0.999999999998755 1
0.06953125 0.999999999999403 1
0.069921875 1.00000000000116 1
0.0703125 1.00000000000026 1
0.070703125 1.00000000000045 1
0.07109375 0.999999999998877 1
0.071484375 1.00000000000023 1
0.071875 0.999999999999627 1
0.072265625 1.00000000000112 1
0.07265625 0.999999999999192 1
0.073046875 0.999999999998624 1
0.0734375 1.00000000000039 1
0.073828125 1.00000000000146 1
0.07421875 1.00000000000064 1
0.074609375 0.99999999999976 1
0.075 0.999999999999756 1
0.075390625 1.00000000000026 1
0.07578125 1.00000000000138 1
0.076171875 1.00000000000196 1
0.0765625 1.00000000000113 1
0.076953125 0.999999999999819 1
0.07734375 0.999999999999073 1
0.077734375 1.00000000000035 1
0.078125 1.00000000000244 1
0.078515625 1.00000000000005 1
0.07890625 0.999999999999632 1
0.079296875 1.0000000000006 1
0.0796875 1.00000000000058 1
0.080078125 0.999999999999528 1
0.08046875 0.999999999999641 1
0.080859375 0.999999999999911 1
0.08125 1.00000000000082 1
0.081640625 1.00000000000028 1
0.08203125 1.00000000000135 1
0.082421875 0.999999999999387 1
0.0828125 0.999999999999262 1
0.083203125 1.00000000000094 1
0.08359375 1.00000000000039 1
0.083984375 1.00000000000008 1
0.084375 0.999999999999038 1
0.084765625 1.0000000000001 1
0.08515625 0.999999999999748 1
0.085546875 1.00000000000182 1
0.0859375 0.999999999999589 1
0.086328125 0.999999999999863 1
0.08671875 1.00000000000055 1
0.087109375 1.0000000000002 1
0.0875 0.999999999999753 1
0.087890625 1.00000000000095 1
0.08828125 0.999999999999884 1
0.088671875 0.999999999999996 1
0.0890625 0.999999999999783 1
0.089453125 1.00000000000037 1
0.08984375 1.00000000000085 1
0.090234375 1.00000000000003 1
0.090625 0.999999999999741 1
0.091015625 1.0000000000004 1
0.09140625 1.00000000000049 1
0.091796875 1.00000000000027 1
0.0921875 0.99999999999974 1
0.092578125 1.00000000000016 1
0.09296875 0.999999999999889 1
0.093359375 1.00000000000036 1
0.09375 1.00000000000012 1
0.094140625 1.00000000000033 1
0.09453125 1.00000000000017 1
0.094921875 1.00000000000014 1
0.0953125 1.00000000000013 1
0.095703125 1.00000000000018 1
0.09609375 1.00000000000035 1
0.096484375 1.00000000000002 1
0.096875 0.999999999999886 1
0.097265625 1.00000000000008 1
0.09765625 1.00000000000008 1
0.098046875 0.999999999999868 1
0.0984375 1.00000000000002 1
0.098828125 1.00000000000006 1
0.09921875 0.999999999999987 1
0.099609375 1.00000000000006 1
