0 0.00250003910939834
0.0001953125 0.00250002003591201
0.000390625 0.00249998824676813
0.0005859375 0.00249993865570367
0.00078125 0.00249987053610964
0.0009765625 0.00249978364578304
0.001171875 0.00249967787463158
0.0013671875 0.00249955316337482
0.0015625 0.00249940947644448
0.0017578125 0.0024992467908258
0.001953125 0.00249906509077183
0.0021484375 0.00249886436503476
0.00234375 0.00249864460530098
0.0025390625 0.00249840580525215
0.002734375 0.00249814795997401
0.0029296875 0.00249787106556904
0.003125 0.00249757511889408
0.0033203125 0.00249726011737744
0.003515625 0.00249692605888832
0.0037109375 0.00249657294164144
0.00390625 0.00249620076412616
0.0041015625 0.00249580952505294
0.004296875 0.00249539922331216
0.0044921875 0.00249496985794215
0.0046875 0.00249452142810401
0.0048828125 0.00249405393306156
0.005078125 0.00249356737216523
0.0052734375 0.00249306174483898
0.00546875 0.00249253705056963
0.0056640625 0.00249199328889799
0.005859375 0.0024914304594116
0.0060546875 0.00249084856173854
0.00625 0.00249024759554232
0.0064453125 0.00248962756051753
0.006640625 0.00248898845638609
0.0068359375 0.0024883302828941
0.00703125 0.00248765303980912
0.0072265625 0.00248695672691783
0.007421875 0.00248624134402395
0.0076171875 0.00248550689094651
0.0078125 0.00248475336751828
0.0080078125 0.00248398077358442
0.008203125 0.00248318910900128
0.0083984375 0.00248237837363535
0.00859375 0.00248154856736234
0.0087890625 0.00248069969006632
0.008984375 0.00247983174163902
0.0091796875 0.00247894472197913
0.009375 0.00247803863099177
0.0095703125 0.00247711346858792
0.009765625 0.00247616923468394
0.0099609375 0.00247520592920117
0.01015625 0.00247422355206553
0.0103515625 0.00247322210320717
0.010546875 0.00247220158256018
0.0107421875 0.00247116199006224
0.0109375 0.00247010332565442
0.0111328125 0.00246902558928092
0.011328125 0.00246792878088885
0.0115234375 0.00246681290042803
0.01171875 0.00246567794785081
0.0119140625 0.0024645239231119
0.012109375 0.00246335082616822
0.0123046875 0.00246215865697876
0.0125 0.00246094741550446
0.0126953125 0.00245971710170805
0.012890625 0.00245846771555399
0.0130859375 0.00245719925700833
0.01328125 0.00245591172603864
0.0134765625 0.0024546051226139
0.013671875 0.00245327944670443
0.0138671875 0.00245193469828181
0.0140625 0.00245057087731884
0.0142578125 0.00244918798378941
0.014453125 0.00244778601766848
0.0146484375 0.00244636497893205
0.01484375 0.00244492486755703
0.0150390625 0.00244346568352127
0.015234375 0.00244198742680347
0.0154296875 0.00244049009738312
0.015625 0.00243897369524051
0.0158203125 0.00243743822035667
0.016015625 0.0024358836727133
0.0162109375 0.00243431005229278
0.01640625 0.00243271735907813
0.0166015625 0.00243110559305297
0.016796875 0.00242947475420149
0.0169921875 0.00242782484250842
0.0171875 0.00242615585795903
0.0173828125 0.00242446780053909
0.017578125 0.00242276067023482
0.0177734375 0.00242103446703293
0.01796875 0.00241928919092056
0.0181640625 0.00241752484188524
0.018359375 0.00241574141991493
0.0185546875 0.00241393892499796
0.01875 0.00241211735712303
0.0189453125 0.00241027671627919
0.019140625 0.00240841700245582
0.0193359375 0.00240653821564263
0.01953125 0.00240464035582965
0.0197265625 0.00240272342300718
0.019921875 0.00240078741716585
0.0201171875 0.00239883233829651
0.0203125 0.00239685818639032
0.0205078125 0.00239486496143868
0.020703125 0.00239285266343322
0.0208984375 0.00239082129236583
0.02109375 0.00238877084822861
0.0212890625 0.00238670133101388
0.021484375 0.00238461274071417
0.0216796875 0.00238250507732223
0.021875 0.00238037834083097
0.0220703125 0.00237823253123353
0.022265625 0.0023760676485232
0.0224609375 0.00237388369269345
0.02265625 0.00237168066373795
0.0228515625 0.00236945856165049
0.023046875 0.00236721738642504
0.0232421875 0.00236495713805573
0.0234375 0.00236267781653682
0.0236328125 0.00236037942186272
0.023828125 0.00235806195402799
0.0240234375 0.00235572541302731
0.02421875 0.00235336979885548
0.0244140625 0.00235099511150745
0.024609375 0.00234860135097826
0.0248046875 0.00234618851726311
0.025 0.00234375661035728
0.0251953125 0.00234130563025615
0.025390625 0.00233883557695525
0.0255859375 0.00233634645045018
0.02578125 0.00233383825073664
0.0259765625 0.00233131097781045
0.026171875 0.0023287646316675
0.0263671875 0.00232619921230378
0.0265625 0.00232361471971538
0.0267578125 0.00232101115389846
0.026953125 0.00231838851484927
0.0271484375 0.00231574680256415
0.02734375 0.00231308601703949
0.0275390625 0.0023104061582718
0.027734375 0.00230770722625763
0.0279296875 0.00230498922099361
0.028125 0.00230225214247645
0.0283203125 0.00229949599070292
0.028515625 0.00229672076566986
0.0287109375 0.00229392646737417
0.02890625 0.00229111309581283
0.0291015625 0.00228828065098285
0.029296875 0.00228542913288133
0.0294921875 0.00228255854150542
0.0296875 0.0022796688768523
0.0298828125 0.00227676013891925
0.030078125 0.00227383232770357
0.0302734375 0.00227088544320263
0.03046875 0.00226791948541383
0.0306640625 0.00226493445433465
0.030859375 0.0022619303499626
0.0310546875 0.00225890717229523
0.03125 0.00225586492133014
0.0314453125 0.002252803597065
0.031640625 0.00224972319949748
0.0318359375 0.00224662372862534
0.03203125 0.00224350518444634
0.0322265625 0.0022403675669583
0.032421875 0.00223721087615908
0.0326171875 0.00223403511204658
0.0328125 0.00223084027461873
0.0330078125 0.0022276263638735
0.033203125 0.0022243933798089
0.0333984375 0.00222114132242297
0.03359375 0.00221787019171378
0.0337890625 0.00221457998767944
0.033984375 0.0022112707103181
0.0341796875 0.00220794235962793
0.034375 0.00220459493560714
0.0345703125 0.00220122843825396
0.034765625 0.00219784286756665
0.0349609375 0.00219443822354351
0.03515625 0.00219101450618287
0.0353515625 0.00218757171548307
0.035546875 0.0021841098514425
0.0357421875 0.00218062891405955
0.0359375 0.00217712890333267
0.0361328125 0.00217360981926029
0.036328125 0.00217007166184092
0.0365234375 0.00216651443107305
0.03671875 0.00216293812695521
0.0369140625 0.00215934274948596
0.037109375 0.00215572829866387
0.0373046875 0.00215209477448754
0.0375 0.00214844217695559
0.0376953125 0.00214477050606666
0.037890625 0.00214107976181942
0.0380859375 0.00213736994421255
0.03828125 0.00213364105324476
0.0384765625 0.00212989308891476
0.038671875 0.0021261260512213
0.0388671875 0.00212233994016314
0.0390625 0.00211853475573907
0.0392578125 0.00211471049794787
0.039453125 0.00211086716678838
0.0396484375 0.00210700476225942
0.03984375 0.00210312328435984
0.0400390625 0.00209922273308852
0.040234375 0.00209530310844433
0.0404296875 0.00209136441042618
0.040625 0.00208740663903299
0.0408203125 0.00208342979426369
0.041015625 0.00207943387611722
0.0412109375 0.00207541888459255
0.04140625 0.00207138481968866
0.0416015625 0.00206733168140453
0.041796875 0.00206325946973918
0.0419921875 0.00205916818469163
0.0421875 0.0020550578262609
0.0423828125 0.00205092839444605
0.042578125 0.00204677988924613
0.0427734375 0.00204261231066022
0.04296875 0.0020384256586874
0.0431640625 0.00203421993332678
0.043359375 0.00202999513457746
0.0435546875 0.00202575126243857
0.04375 0.00202148831690923
0.0439453125 0.0020172062979886
0.044140625 0.00201290520567584
0.0443359375 0.0020085850399701
0.04453125 0.00200424580087057
0.0447265625 0.00199988748837645
0.044921875 0.00199551010248692
0.0451171875 0.0019911136432012
0.0453125 0.00198669811051852
0.0455078125 0.0019822635044381
0.045703125 0.00197780982495919
0.0458984375 0.00197333707208104
0.04609375 0.0019688452458029
0.0462890625 0.00196433434612404
0.046484375 0.00195980437304375
0.0466796875 0.00195525532656132
0.046875 0.00195068720667603
0.0470703125 0.00194610001338721
0.047265625 0.00194149374669415
0.0474609375 0.00193686840659619
0.04765625 0.00193222399309265
0.0478515625 0.00192756050618287
0.048046875 0.00192287794586621
0.0482421875 0.00191817631214202
0.0484375 0.00191345560500965
0.0486328125 0.00190871582446849
0.048828125 0.0019039569705179
0.0490234375 0.00189917904315729
0.04921875 0.00189438204238603
0.0494140625 0.00188956596820353
0.049609375 0.0018847308206092
0.0498046875 0.00187987659960245
0.05 0.00187500330518271
0.0501953125 0.0018701109373494
0.050390625 0.00186519949610195
0.0505859375 0.00186026898143981
0.05078125 0.00185531939336243
0.0509765625 0.00185035073186926
0.051171875 0.00184536299695975
0.0513671875 0.00184035618863339
0.0515625 0.00183533030688963
0.0517578125 0.00183028535172797
0.051953125 0.00182522132314788
0.0521484375 0.00182013822114885
0.05234375 0.00181503604573038
0.0525390625 0.00180991479689197
0.052734375 0.00180477447463314
0.0529296875 0.00179961507895338
0.053125 0.00179443660985223
0.0533203125 0.0017892390673292
0.053515625 0.00178402245138382
0.0537109375 0.00177878676201562
0.05390625 0.00177353199922415
0.0541015625 0.00176825816300895
0.054296875 0.00176296525336957
0.0544921875 0.00175765327030556
0.0546875 0.00175232221381648
0.0548828125 0.00174697208390189
0.055078125 0.00174160288056137
0.0552734375 0.00173621460379447
0.05546875 0.00173080725360079
0.0556640625 0.0017253808299799
0.055859375 0.00171993533293139
0.0560546875 0.00171447076245484
0.05625 0.00170898711854986
0.0564453125 0.00170348440121604
0.056640625 0.00169796261045298
0.0568359375 0.00169242174626029
0.05703125 0.00168686180863759
0.0572265625 0.00168128279758448
0.057421875 0.00167568471310059
0.0576171875 0.00167006755518553
0.0578125 0.00166443132383895
0.0580078125 0.00165877601906045
0.058203125 0.00165310164084969
0.0583984375 0.00164740818920629
0.05859375 0.00164169566412991
0.0587890625 0.00163596406562018
0.058984375 0.00163021339367674
0.0591796875 0.00162444364829927
0.059375 0.0016186548294874
0.0595703125 0.00161284693724081
0.059765625 0.00160701997155914
0.0599609375 0.00160117393244207
0.06015625 0.00159530881988927
0.0603515625 0.0015894246339004
0.060546875 0.00158352137447514
0.0607421875 0.00157759904161318
0.0609375 0.00157165763531419
0.0611328125 0.00156569715557786
0.061328125 0.00155971760240387
0.0615234375 0.00155371897579191
0.06171875 0.00154770127574168
0.0619140625 0.00154166450225288
0.062109375 0.0015356086553252
0.0623046875 0.00152953373495835
0.0625 0.00152343974115203
0.0626953125 0.00151732667390594
0.062890625 0.00151119453321981
0.0630859375 0.00150504331909333
0.06328125 0.00149887303152623
0.0634765625 0.00149268367051823
0.063671875 0.00148647523606905
0.0638671875 0.0014802477281784
0.0640625 0.00147400114684602
0.0642578125 0.00146773549207164
0.064453125 0.00146145076385497
0.0646484375 0.00145514696219577
0.06484375 0.00144882408709377
0.0650390625 0.00144248213854869
0.065234375 0.00143612111656029
0.0654296875 0.00142974102112831
0.065625 0.00142334185225248
0.0658203125 0.00141692360993257
0.066015625 0.00141048629416831
0.0662109375 0.00140402990495947
0.06640625 0.00139755444230578
0.0666015625 0.00139105990620702
0.066796875 0.00138454629666294
0.0669921875 0.0013780136136733
0.0671875 0.00137146185723786
0.0673828125 0.00136489102735639
0.067578125 0.00135830112402865
0.0677734375 0.00135169214725442
0.06796875 0.00134506409703346
0.0681640625 0.00133841697336554
0.068359375 0.00133175077625045
0.0685546875 0.00132506550568795
0.06875 0.00131836116167783
0.0689453125 0.00131163774421986
0.069140625 0.00130489525331384
0.0693359375 0.00129813368895953
0.06953125 0.00129135305115674
0.0697265625 0.00128455333990524
0.069921875 0.00127773455520483
0.0701171875 0.00127089669705529
0.0703125 0.00126403976545643
0.0705078125 0.00125716376040803
0.070703125 0.00125026868190989
0.0708984375 0.00124335452996181
0.07109375 0.00123642130456359
0.0712890625 0.00122946900571503
0.071484375 0.00122249763341594
0.0716796875 0.00121550718766611
0.071875 0.00120849766846536
0.0720703125 0.00120146907581349
0.072265625 0.00119442140971031
0.0724609375 0.00118735467015563
0.07265625 0.00118026885714927
0.0728515625 0.00117316397069104
0.073046875 0.00116604001078076
0.0732421875 0.00115889697741824
0.0734375 0.00115173487060329
0.0736328125 0.00114455369033575
0.073828125 0.00113735343661543
0.0740234375 0.00113013410944215
0.07421875 0.00112289570881575
0.0744140625 0.00111563823473603
0.074609375 0.00110836168720284
0.0748046875 0.00110106606621599
0.075 0.00109375137177533
0.0751953125 0.00108641760388067
0.075390625 0.00107906476253186
0.0755859375 0.00107169284772872
0.07578125 0.00106430185947109
0.0759765625 0.00105689179775881
0.076171875 0.00104946266259171
0.0763671875 0.00104201445396963
0.0765625 0.00103454717189242
0.0767578125 0.0010270608163599
0.076953125 0.00101955538737194
0.0771484375 0.00101203088492836
0.07734375 0.00100448730902901
0.0775390625 0.000996924659673749
0.077734375 0.00098934293686241
0.0779296875 0.000981742140594845
0.078125 0.000974122270870904
0.0783203125 0.000966483327690438
0.078515625 0.000958825311053298
0.0787109375 0.000951148220959336
0.07890625 0.000943452057408406
0.0791015625 0.000935736820400363
0.079296875 0.000928002509935063
0.0794921875 0.000920249126012363
0.0796875 0.000912476668632121
0.0798828125 0.000904685137794195
0.080078125 0.000896874533498447
0.0802734375 0.000889044855744737
0.08046875 0.000881196104532927
0.0806640625 0.000873328279862881
0.080859375 0.000865441381734462
0.0810546875 0.000857535410147536
0.08125 0.000849610365101969
0.0814453125 0.000841666246597627
0.081640625 0.000833703054634379
0.0818359375 0.000825720789212094
0.08203125 0.000817719450330642
0.0822265625 0.000809699037989893
0.082421875 0.00080165955218972
0.0826171875 0.000793600992929994
0.0828125 0.00078552336021059
0.0830078125 0.000777426654031381
0.083203125 0.000769310874392244
0.0833984375 0.000761176021293054
0.08359375 0.000753022094733689
0.0837890625 0.000744849094714026
0.083984375 0.000736657021233944
0.0841796875 0.000728445874293323
0.084375 0.000720215653892043
0.0845703125 0.000711966360029985
0.084765625 0.000703697992707033
0.0849609375 0.000695410551923068
0.08515625 0.000687104037677974
0.0853515625 0.000678778449971636
0.085546875 0.00067043378880394
0.0857421875 0.000662070054174771
0.0859375 0.000653687246084016
0.0861328125 0.000645285364531563
0.086328125 0.0006368644095173
0.0865234375 0.000628424381041117
0.08671875 0.000619965279102903
0.0869140625 0.000611487103702549
0.087109375 0.000602989854839947
0.0873046875 0.000594473532514989
0.0875 0.000585938136727567
0.0876953125 0.000577383667477575
0.087890625 0.000568810124764907
0.0880859375 0.000560217508589459
0.08828125 0.000551605818951126
0.0884765625 0.000542975055849804
0.088671875 0.000534325219285391
0.0888671875 0.000525656309257784
0.0890625 0.000516968325766882
0.0892578125 0.000508261268812583
0.089453125 0.000499535138394788
0.0896484375 0.000490789934513397
0.08984375 0.000482025657168311
0.0900390625 0.000473242306359432
0.090234375 0.000464439882086662
0.0904296875 0.000455618384349904
0.090625 0.000446777813149061
0.0908203125 0.000437918168484038
0.091015625 0.00042903945035474
0.0912109375 0.000420141658761072
0.09140625 0.00041122479370294
0.0916015625 0.000402288855180252
0.091796875 0.000393333843192913
0.0919921875 0.000384359757740832
0.0921875 0.000375366598823918
0.0923828125 0.00036635436644208
0.092578125 0.000357323060595226
0.0927734375 0.000348272681283267
0.09296875 0.000339203228506115
0.0931640625 0.00033011470226368
0.093359375 0.000321007102555873
0.0935546875 0.000311880429382609
0.09375 0.000302734682743798
0.0939453125 0.000293569862639356
0.094140625 0.000284385969069196
0.0943359375 0.000275183002033232
0.09453125 0.00026596096153138
0.0947265625 0.000256719847563555
0.094921875 0.000247459660129674
0.0951171875 0.000238180399229653
0.0953125 0.000228882064863409
0.0955078125 0.00021956465703086
0.095703125 0.000210228175731924
0.0958984375 0.00020087262096652
0.09609375 0.000191497992734567
0.0962890625 0.000182104291035985
0.096484375 0.000172691515870693
0.0966796875 0.000163259667238613
0.096875 0.000153808745139666
0.0970703125 0.000144338749573773
0.097265625 0.000134849680540857
0.0974609375 0.000125341538040839
0.09765625 0.000115814322073643
0.0978515625 0.000106268032639193
0.098046875 9.67026697374119e-05
0.0982421875 8.71182333682246e-05
0.0984375 7.75147235315558e-05
0.0986328125 6.78921402273309e-05
0.098828125 5.82504834554755e-05
0.0990234375 4.85897532159158e-05
0.09921875 3.89099495085785e-05
0.0994140625 2.92110723333906e-05
0.099609375 1.94931216902796e-05
0.0998046875 9.75609757917325e-06
0.1 0
