0.000390625 0.0003906250000002 0.0003906250000002
0.001171875 0.000651041666667185 0.000651041666667185
0.001953125 0.00101562500000041 0.00101562500000041
0.002734375 0.00139508928571452 0.00139508928571452
0.003515625 0.00177951388888931 0.00177951388888931
0.004296875 0.00216619318181843 0.00216619318181843
0.005078125 0.00255408653846267 0.00255408653846267
0.005859375 0.00294270833333443 0.00294270833333443
0.006640625 0.00333180147058909 0.00333180147058909
0.007421875 0.00372121710526363 0.00372121710526363
0.008203125 0.004110863095238 0.004110863095238
0.008984375 0.00450067934782583 0.00450067934782583
0.009765625 0.00489062500000026 0.00489062500000026
0.010546875 0.00528067129629661 0.00528067129629661
0.011328125 0.00567079741379373 0.00567079741379373
0.012109375 0.00606098790322696 0.00606098790322696
0.012890625 0.00645123106060741 0.00645123106060741
0.013671875 0.00684151785714404 0.00684151785714404
0.014453125 0.00723184121621756 0.00723184121621756
0.015234375 0.00762219551282139 0.00762219551282139
0.016015625 0.00801257621951268 0.00801257621951268
0.016796875 0.00840297965116366 0.00840297965116366
0.017578125 0.00879340277777863 0.00879340277777863
0.018359375 0.00918384308510711 0.00918384308510711
0.019140625 0.00957429846938862 0.00957429846938862
0.019921875 0.00996476715686312 0.00996476715686312
0.020703125 0.0103552476415103 0.0103552476415103
0.021484375 0.0107457386363652 0.0107457386363652
0.022265625 0.0111362390350894 0.0111362390350894
0.023046875 0.0115267478813574 0.0115267478813574
0.023828125 0.0119172643442639 0.0119172643442639
0.024609375 0.0123077876984151 0.0123077876984151
0.025390625 0.0126983173076944 0.0126983173076944
0.026171875 0.0130888526119427 0.0130888526119427
0.026953125 0.0134793931159438 0.0134793931159438
0.027734375 0.0138699383802832 0.0138699383802832
0.028515625 0.0142604880136993 0.0142604880136993
0.029296875 0.0146510416666673 0.0146510416666673
0.030078125 0.0150415990259745 0.0150415990259745
0.030859375 0.015432159810127 0.015432159810127
0.031640625 0.0158227237654329 0.0158227237654329
0.032421875 0.0162132906626528 0.0162132906626528
0.033203125 0.0166038602941199 0.0166038602941199
0.033984375 0.0169944324712656 0.0169944324712656
0.034765625 0.0173850070224729 0.0173850070224729
0.035546875 0.0177755837912097 0.0177755837912097
0.036328125 0.0181661626344093 0.0181661626344093
0.037109375 0.0185567434210532 0.0185567434210532
0.037890625 0.0189473260309281 0.0189473260309281
0.038671875 0.0193379103535363 0.0193379103535363
0.039453125 0.0197284962871302 0.0197284962871302
0.040234375 0.0201190837378656 0.0201190837378656
0.041015625 0.020509672619049 0.020509672619049
0.041796875 0.0209002628504684 0.0209002628504684
0.042578125 0.0212908543577994 0.0212908543577994
0.043359375 0.0216814470720733 0.0216814470720733
0.044140625 0.0220720409292052 0.0220720409292052
0.044921875 0.0224626358695668 0.0224626358695668
0.045703125 0.0228532318376085 0.0228532318376085
0.046484375 0.0232438287815137 0.0232438287815137
0.047265625 0.0236344266528943 0.0236344266528943
0.048046875 0.0240250254065064 0.0240250254065064
0.048828125 0.0244156250000024 0.0244156250000024
0.049609375 0.0248062253937031 0.0248062253937031
0.050390625 0.0251968265503902 0.0251968265503902
0.051171875 0.0255874284351171 0.0255874284351171
0.051953125 0.0259780310150398 0.0259780310150398
0.052734375 0.0263686342592617 0.0263686342592617
0.053515625 0.0267592381386883 0.0267592381386883
0.054296875 0.0271498426259015 0.0271498426259015
0.055078125 0.0275404476950378 0.0275404476950378
0.055859375 0.0279310533216806 0.0279310533216806
0.056640625 0.0283216594827607 0.0283216594827607
0.057421875 0.0287122661564651 0.0287122661564651
0.058203125 0.0291028733221502 0.0291028733221502
0.058984375 0.0294934809602673 0.0294934809602673
0.059765625 0.02988408905229 0.02988408905229
0.060546875 0.0302746975806475 0.0302746975806475
0.061328125 0.0306653065286647 0.0306653065286647
0.062109375 0.0310559158805054 0.0310559158805054
0.062890625 0.0314465256211202 0.0314465256211202
0.063671875 0.0318371357361985 0.0318371357361985
0.064453125 0.0322277462121234 0.0322277462121234
0.065234375 0.0326183570359306 0.0326183570359306
0.066015625 0.0330089681952692 0.0330089681952692
0.066796875 0.0333995796783651 0.0333995796783651
0.067578125 0.0337901914739905 0.0337901914739905
0.068359375 0.0341808035714308 0.0341808035714308
0.069140625 0.0345714159604543 0.0345714159604543
0.069921875 0.0349620286312874 0.0349620286312874
0.070703125 0.0353526415745878 0.0353526415745878
0.071484375 0.0357432547814229 0.0357432547814229
0.072265625 0.0361338682432455 0.0361338682432455
0.073046875 0.0365244819518742 0.0365244819518742
0.073828125 0.0369150958994732 0.0369150958994732
0.074609375 0.0373057100785362 0.0373057100785362
0.075390625 0.0376963244818676 0.0376963244818676
0.076171875 0.0380869391025671 0.0380869391025671
0.076953125 0.0384775539340132 0.0384775539340132
0.077734375 0.0388681689698521 0.0388681689698521
0.078515625 0.0392587842039827 0.0392587842039827
0.079296875 0.0396493996305446 0.0396493996305446
0.080078125 0.0400400152439054 0.0400400152439054
0.080859375 0.0404306310386504 0.0404306310386504
0.081640625 0.0408212470095723 0.0408212470095723
0.082421875 0.0412118631516616 0.0412118631516616
0.083203125 0.0416024794600968 0.0416024794600968
0.083984375 0.0419930959302356 0.0419930959302356
0.084765625 0.0423837125576068 0.0423837125576068
0.085546875 0.0427743293379028 0.0427743293379028
0.086328125 0.0431649462669714 0.0431649462669714
0.087109375 0.0435555633408102 0.0435555633408102
0.087890625 0.0439461805555588 0.0439461805555588
0.088671875 0.0443367979074925 0.0443367979074925
0.089453125 0.0447274153930166 0.0447274153930166
0.090234375 0.0451180330086615 0.0451180330086615
0.091015625 0.0455086507510765 0.0455086507510765
0.091796875 0.045899268617025 0.045899268617025
0.092578125 0.0462898866033793 0.0462898866033793
0.093359375 0.0466805047071168 0.0466805047071168
0.094140625 0.0470711229253149 0.0470711229253149
0.094921875 0.0474617412551477 0.0474617412551477
0.095703125 0.0478523596938812 0.0478523596938812
0.096484375 0.0482429782388701 0.0482429782388701
0.097265625 0.0486335968875539 0.0486335968875539
0.098046875 0.0490242156374538 0.0490242156374538
0.098828125 0.0494148344861696 0.0494148344861696
0.099609375 0.0498054534313761 0.0498054534313761
