9.765625e-05 9.76562499999112e-05 9.76562499999112e-05
0.00029296875 0.000162760416668739 0.000162760416668739
0.00048828125 0.000253906250002878 0.000253906250002878
0.00068359375 0.000348772321430157 0.000348772321430157
0.00087890625 0.000444878472225518 0.000444878472225518
0.00107421875 0.000541548295456273 0.000541548295456273
0.00126953125 0.000638521634619416 0.000638521634619416
0.00146484375 0.000735677083338881 0.000735677083338881
0.00166015625 0.000832950367652963 0.000832950367652963
0.00185546875 0.000930304276318683 0.000930304276318683
0.00205078125 0.00102771577380922 0.00102771577380922
0.00224609375 0.00112516983695743 0.00112516983695743
0.00244140625 0.00122265624999951 0.00122265624999951
0.00263671875 0.00132016782407263 0.00132016782407263
0.00283203125 0.00141769935344982 0.00141769935344982
0.00302734375 0.00151524697580951 0.00151524697580951
0.00322265625 0.00161280776515893 0.00161280776515893
0.00341796875 0.00171037946429031 0.00171037946429031
0.00361328125 0.00180796030405883 0.00180796030405883
0.00380859375 0.00190554887820937 0.00190554887820937
0.00400390625 0.00200314405488067 0.00200314405488067
0.00419921875 0.00210074491279411 0.00210074491279411
0.00439453125 0.00219835069444896 0.00219835069444896
0.00458984375 0.00229596077128136 0.00229596077128136
0.00478515625 0.00239357461735201 0.00239357461735201
0.00498046875 0.00249119178921564 0.00249119178921564
0.00517578125 0.00258881191038007 0.00258881191038007
0.00537109375 0.00268643465909602 0.00268643465909602
0.00556640625 0.00278405975877805 0.00278405975877805
0.00576171875 0.0028816869703463 0.0028816869703463
0.00595703125 0.0029793160860736 0.0029793160860736
0.00615234375 0.00307694692461169 0.00307694692461169
0.00634765625 0.00317457932692999 0.00317457932692999
0.00654296875 0.00327221315299386 0.00327221315299386
0.00673828125 0.00336984827899345 0.00336984827899345
0.00693359375 0.0034674845950744 0.0034674845950744
0.00712890625 0.00356512200342607 0.00356512200342607
0.00732421875 0.00366276041666946 0.00366276041666946
0.00751953125 0.00376039975649611 0.00376039975649611
0.00771484375 0.00385803995253342 0.00385803995253342
0.00791015625 0.00395568094136323 0.00395568094136323
0.00810546875 0.00405332266567138 0.00405332266567138
0.00830078125 0.00415096507353718 0.00415096507353718
0.00849609375 0.00424860811782279 0.00424860811782279
0.00869140625 0.00434625175562253 0.00434625175562253
0.00888671875 0.00444389594780548 0.00444389594780548
0.00908203125 0.00454154065860468 0.00454154065860468
0.00927734375 0.00463918585526635 0.00463918585526635
0.00947265625 0.00473683150773452 0.00473683150773452
0.00966796875 0.00483447758838684 0.00483447758838684
0.00986328125 0.00493212407178589 0.00493212407178589
0.01005859375 0.00502977093447488 0.00502977093447488
0.01025390625 0.00512741815476891 0.00512741815476891
0.01044921875 0.00522506571262404 0.00522506571262404
0.01064453125 0.00532271358945291 0.00532271358945291
0.01083984375 0.00542036176802485 0.00542036176802485
0.01103515625 0.00551801023230825 0.00551801023230825
0.01123046875 0.00561565896739724 0.00561565896739724
0.01142578125 0.00571330795940739 0.00571330795940739
0.01162109375 0.00581095719538238 0.00581095719538238
0.01181640625 0.0059086066632319 0.0059086066632319
0.01201171875 0.00600625635163832 0.00600625635163832
0.01220703125 0.00610390625001234 0.00610390625001234
0.01240234375 0.00620155634843522 0.00620155634843522
0.01259765625 0.00629920663760775 0.00629920663760775
0.01279296875 0.00639685710879023 0.00639685710879023
0.01298828125 0.00649450775376925 0.00649450775376925
0.01318359375 0.00659215856482431 0.00659215856482431
0.01337890625 0.00668980953468123 0.00668980953468123
0.01357421875 0.0067874606564855 0.0067874606564855
0.01376953125 0.00688511192376895 0.00688511192376895
0.01396484375 0.0069827633304298 0.0069827633304298
0.01416015625 0.00708041487069933 0.00708041487069933
0.01435546875 0.00717806653912856 0.00717806653912856
0.01455078125 0.0072757183305483 0.0072757183305483
0.01474609375 0.007373370240078 0.007373370240078
0.01494140625 0.0074710222630836 0.0074710222630836
0.01513671875 0.00756867439517306 0.00756867439517306
0.01533203125 0.00766632663217859 0.00766632663217859
0.01552734375 0.0077639789701367 0.0077639789701367
0.01572265625 0.00786163140529039 0.00786163140529039
0.01591796875 0.00795928393406031 0.00795928393406031
0.01611328125 0.00805693655304252 0.00805693655304252
0.01630859375 0.00815458925899515 0.00815458925899515
0.01650390625 0.00825224204883179 0.00825224204883179
0.01669921875 0.0083498949196037 0.0083498949196037
0.01689453125 0.00844754786850643 0.00844754786850643
0.01708984375 0.00854520089286659 0.00854520089286659
0.01728515625 0.00864285399012399 0.00864285399012399
0.01748046875 0.00874050715783392 0.00874050715783392
0.01767578125 0.00883816039365604 0.00883816039365604
0.01787109375 0.00893581369536767 0.00893581369536767
0.01806640625 0.00903346706082164 0.00903346706082164
0.01826171875 0.00913112048798181 0.00913112048798181
0.01845703125 0.00922877397488087 0.00922877397488087
0.01865234375 0.00932642751964474 0.00932642751964474
0.01884765625 0.00942408112047932 0.00942408112047932
0.01904296875 0.0095217347756571 0.0095217347756571
0.01923828125 0.00961938848352162 0.00961938848352162
0.01943359375 0.0097170422424786 0.0097170422424786
0.01962890625 0.00981469605100926 0.00981469605100926
0.01982421875 0.00991234990765033 0.00991234990765033
0.02001953125 0.0100100038109963 0.0100100038109963
0.02021484375 0.0101076577596837 0.0101076577596837
0.02041015625 0.0102053117524115 0.0102053117524115
0.02060546875 0.0103029657879317 0.0103029657879317
0.02080078125 0.0104006198650408 0.0104006198650408
0.02099609375 0.0104982739825799 0.0104982739825799
0.02119140625 0.010595928139423 0.010595928139423
0.02138671875 0.0106935823344978 0.0106935823344978
0.02158203125 0.0107912365667628 0.0107912365667628
0.02177734375 0.0108888908352256 0.0108888908352256
0.02197265625 0.0109865451389157 0.0109865451389157
0.02216796875 0.0110841994769006 0.0110841994769006
0.02236328125 0.0111818538482833 0.0111818538482833
0.02255859375 0.0112795082521933 0.0112795082521933
0.02275390625 0.0113771626878001 0.0113771626878001
0.02294921875 0.0114748171542889 0.0114748171542889
0.02314453125 0.0115724716508825 0.0115724716508825
0.02333984375 0.0116701261768171 0.0116701261768171
0.02353515625 0.0117677807313643 0.0117677807313643
0.02373046875 0.0118654353138226 0.0118654353138226
0.02392578125 0.0119630899235079 0.0119630899235079
0.02412109375 0.0120607445597565 0.0120607445597565
0.02431640625 0.0121583992219287 0.0121583992219287
0.02451171875 0.012256053909403 0.012256053909403
0.02470703125 0.0123537086215819 0.0123537086215819
0.02490234375 0.0124513633578838 0.0124513633578838
0.02509765625 0.0125490181177468 0.0125490181177468
0.02529296875 0.0126466729006181 0.0126466729006181
0.02548828125 0.0127443277059736 0.0127443277059736
0.02568359375 0.0128419825333048 0.0128419825333048
0.02587890625 0.01293963738211 0.01293963738211
0.02607421875 0.0130372922519073 0.0130372922519073
0.02626953125 0.013134947142226 0.013134947142226
0.02646484375 0.013232602052613 0.013232602052613
0.02666015625 0.0133302569826288 0.0133302569826288
0.02685546875 0.013427911931847 0.013427911931847
0.02705078125 0.013525566899848 0.013525566899848
0.02724609375 0.0136232218862253 0.0136232218862253
0.02744140625 0.0137208768905905 0.0137208768905905
0.02763671875 0.0138185319125661 0.0138185319125661
0.02783203125 0.0139161869517768 0.0139161869517768
0.02802734375 0.0140138420078628 0.0140138420078628
0.02822265625 0.014111497080469 0.014111497080469
0.02841796875 0.0142091521692622 0.0142091521692622
0.02861328125 0.0143068072739072 0.0143068072739072
0.02880859375 0.0144044623940842 0.0144044623940842
0.02900390625 0.0145021175294779 0.0145021175294779
0.02919921875 0.0145997726797797 0.0145997726797797
0.02939453125 0.0146974278446965 0.0146974278446965
0.02958984375 0.0147950830239396 0.0147950830239396
0.02978515625 0.0148927382172248 0.0148927382172248
0.02998046875 0.014990393424279 0.014990393424279
0.03017578125 0.0150880486448313 0.0150880486448313
0.03037109375 0.0151857038786241 0.0151857038786241
0.03056640625 0.0152833591254042 0.0152833591254042
0.03076171875 0.0153810143849276 0.0153810143849276
0.03095703125 0.0154786696569453 0.0154786696569453
0.03115234375 0.0155763249412266 0.0155763249412266
0.03134765625 0.0156739802375405 0.0156739802375405
0.03154296875 0.015771635545665 0.015771635545665
0.03173828125 0.0158692908653824 0.0158692908653824
0.03193359375 0.0159669461964795 0.0159669461964795
0.03212890625 0.0160646015387522 0.0160646015387522
0.03232421875 0.0161622568919961 0.0161622568919961
0.03251953125 0.0162599122560048 0.0162599122560048
0.03271484375 0.0163575676305938 0.0163575676305938
0.03291015625 0.0164552230155746 0.0164552230155746
0.03310546875 0.0165528784107671 0.0165528784107671
0.03330078125 0.016650533815985 0.016650533815985
0.03349609375 0.0167481892310506 0.0167481892310506
0.03369140625 0.0168458446557951 0.0168458446557951
0.03388671875 0.0169435000900542 0.0169435000900542
0.03408203125 0.0170411555336658 0.0170411555336658
0.03427734375 0.0171388109864679 0.0171388109864679
0.03447265625 0.0172364664482982 0.0172364664482982
0.03466796875 0.0173341219190126 0.0173341219190126
0.03486328125 0.0174317773984556 0.0174317773984556
0.03505859375 0.0175294328864894 0.0175294328864894
0.03525390625 0.0176270883829655 0.0176270883829655
0.03544921875 0.0177247438877393 0.0177247438877393
0.03564453125 0.0178223994006821 0.0178223994006821
0.03583984375 0.0179200549216585 0.0179200549216585
0.03603515625 0.0180177104505397 0.0180177104505397
0.03623046875 0.0181153659871969 0.0181153659871969
0.03642578125 0.0182130215315013 0.0182130215315013
0.03662109375 0.0183106770833308 0.0183106770833308
0.03681640625 0.0184083326425721 0.0184083326425721
0.03701171875 0.0185059882091032 0.0185059882091032
0.03720703125 0.0186036437828108 0.0186036437828108
0.03740234375 0.0187012993635771 0.0187012993635771
0.03759765625 0.0187989549513001 0.0187989549513001
0.03779296875 0.0188966105458666 0.0188966105458666
0.03798828125 0.0189942661471765 0.0189942661471765
0.03818359375 0.0190919217551211 0.0190919217551211
0.03837890625 0.0191895773695983 0.0191895773695983
0.03857421875 0.0192872329905125 0.0192872329905125
0.03876953125 0.0193848886177639 0.0193848886177639
0.03896484375 0.0194825442512592 0.0194825442512592
0.03916015625 0.0195801998909095 0.0195801998909095
0.03935546875 0.0196778555366106 0.0196778555366106
0.03955078125 0.0197755111882802 0.0197755111882802
0.03974609375 0.0198731668458341 0.0198731668458341
0.03994140625 0.019970822509181 0.019970822509181
0.04013671875 0.0200684781782345 0.0200684781782345
0.04033203125 0.0201661338529147 0.0201661338529147
0.04052734375 0.0202637895331415 0.0202637895331415
0.04072265625 0.020361445218835 0.020361445218835
0.04091796875 0.0204591009099175 0.0204591009099175
0.04111328125 0.0205567566063092 0.0205567566063092
0.04130859375 0.0206544123079322 0.0206544123079322
0.04150390625 0.0207520680147177 0.0207520680147177
0.04169921875 0.0208497237265926 0.0208497237265926
0.04189453125 0.0209473794434878 0.0209473794434878
0.04208984375 0.0210450351653257 0.0210450351653257
0.04228515625 0.0211426908920442 0.0211426908920442
0.04248046875 0.0212403466235744 0.0212403466235744
0.04267578125 0.0213380023598519 0.0213380023598519
0.04287109375 0.0214356581008124 0.0214356581008124
0.04306640625 0.0215333138463891 0.0215333138463891
0.04326171875 0.0216309695965156 0.0216309695965156
0.04345703125 0.0217286253511384 0.0217286253511384
0.04365234375 0.0218262811101932 0.0218262811101932
0.04384765625 0.0219239368736246 0.0219239368736246
0.04404296875 0.0220215926413703 0.0220215926413703
0.04423828125 0.0221192484133725 0.0221192484133725
0.04443359375 0.0222169041895781 0.0222169041895781
0.04462890625 0.0223145599699293 0.0223145599699293
0.04482421875 0.0224122157543749 0.0224122157543749
0.04501953125 0.0225098715428595 0.0225098715428595
0.04521484375 0.0226075273353321 0.0226075273353321
0.04541015625 0.0227051831317393 0.0227051831317393
0.04560546875 0.0228028389320323 0.0228028389320323
0.04580078125 0.0229004947361622 0.0229004947361622
0.04599609375 0.0229981505440779 0.0229981505440779
0.04619140625 0.0230958063557307 0.0230958063557307
0.04638671875 0.0231934621710761 0.0231934621710761
0.04658203125 0.0232911179900652 0.0232911179900652
0.04677734375 0.0233887738126537 0.0233887738126537
0.04697265625 0.0234864296387982 0.0234864296387982
0.04716796875 0.0235840854684533 0.0235840854684533
0.04736328125 0.0236817413015733 0.0236817413015733
0.04755859375 0.0237793971381162 0.0237793971381162
0.04775390625 0.023877052978043 0.023877052978043
0.04794921875 0.0239747088213127 0.0239747088213127
0.04814453125 0.0240723646678809 0.0240723646678809
0.04833984375 0.0241700205177076 0.0241700205177076
0.04853515625 0.024267676370755 0.024267676370755
0.04873046875 0.0243653322269854 0.0243653322269854
0.04892578125 0.0244629880863589 0.0244629880863589
0.04912109375 0.0245606439488377 0.0245606439488377
0.04931640625 0.0246582998143874 0.0246582998143874
0.04951171875 0.0247559556829691 0.0247559556829691
0.04970703125 0.0248536115545506 0.0248536115545506
0.04990234375 0.0249512674290941 0.0249512674290941
0.05009765625 0.0250489233065643 0.0250489233065643
0.05029296875 0.0251465791869276 0.0251465791869276
0.05048828125 0.0252442350701509 0.0252442350701509
0.05068359375 0.0253418909561998 0.0253418909561998
0.05087890625 0.025439546845043 0.025439546845043
0.05107421875 0.0255372027366496 0.0255372027366496
0.05126953125 0.0256348586309862 0.0256348586309862
0.05146484375 0.0257325145280229 0.0257325145280229
0.05166015625 0.0258301704277275 0.0258301704277275
0.05185546875 0.0259278263300711 0.0259278263300711
0.05205078125 0.0260254822350248 0.0260254822350248
0.05224609375 0.0261231381425564 0.0261231381425564
0.05244140625 0.0262207940526404 0.0262207940526404
0.05263671875 0.0263184499652458 0.0263184499652458
0.05283203125 0.0264161058803469 0.0264161058803469
0.05302734375 0.026513761797915 0.026513761797915
0.05322265625 0.0266114177179233 0.0266114177179233
0.05341796875 0.0267090736403441 0.0267090736403441
0.05361328125 0.0268067295651508 0.0268067295651508
0.05380859375 0.0269043854923201 0.0269043854923201
0.05400390625 0.0270020414218219 0.0270020414218219
0.05419921875 0.0270996973536353 0.0270996973536353
0.05439453125 0.0271973532877345 0.0271973532877345
0.05458984375 0.0272950092240931 0.0272950092240931
0.05478515625 0.0273926651626888 0.0273926651626888
0.05498046875 0.0274903211034949 0.0274903211034949
0.05517578125 0.0275879770464915 0.0275879770464915
0.05537109375 0.0276856329916542 0.0276856329916542
0.05556640625 0.0277832889389618 0.0277832889389618
0.05576171875 0.0278809448883877 0.0278809448883877
0.05595703125 0.0279786008399108 0.0279786008399108
0.05615234375 0.0280762567935111 0.0280762567935111
0.05634765625 0.0281739127491665 0.0281739127491665
0.05654296875 0.0282715687068547 0.0282715687068547
0.05673828125 0.0283692246665557 0.0283692246665557
0.05693359375 0.0284668806282484 0.0284668806282484
0.05712890625 0.0285645365919129 0.0285645365919129
0.05732421875 0.0286621925575281 0.0286621925575281
0.05751953125 0.028759848525074 0.028759848525074
0.05771484375 0.0288575044945327 0.0288575044945327
0.05791015625 0.0289551604658833 0.0289551604658833
0.05810546875 0.029052816439108 0.029052816439108
0.05830078125 0.0291504724141856 0.0291504724141856
0.05849609375 0.0292481283911006 0.0292481283911006
0.05869140625 0.0293457843698319 0.0293457843698319
0.05888671875 0.0294434403503629 0.0294434403503629
0.05908203125 0.0295410963326759 0.0295410963326759
0.05927734375 0.0296387523167552 0.0296387523167552
0.05947265625 0.0297364083025775 0.0297364083025775
0.05966796875 0.0298340642901307 0.0298340642901307
0.05986328125 0.0299317202793958 0.0299317202793958
0.06005859375 0.0300293762703574 0.0300293762703574
0.06025390625 0.0301270322629987 0.0301270322629987
0.06044921875 0.030224688257301 0.030224688257301
0.06064453125 0.030322344253253 0.030322344253253
0.06083984375 0.0304200002508348 0.0304200002508348
0.06103515625 0.030517656250032 0.030517656250032
0.06123046875 0.030615312250829 0.030615312250829
0.06142578125 0.0307129682532115 0.0307129682532115
0.06162109375 0.0308106242571626 0.0308106242571626
0.06181640625 0.0309082802626692 0.0309082802626692
0.06201171875 0.0310059362697168 0.0310059362697168
0.06220703125 0.0311035922782887 0.0311035922782887
0.06240234375 0.0312012482883728 0.0312012482883728
0.06259765625 0.0312989042999523 0.0312989042999523
0.06279296875 0.0313965603130151 0.0313965603130151
0.06298828125 0.03149421632755 0.03149421632755
0.06318359375 0.0315918723435382 0.0315918723435382
0.06337890625 0.0316895283609697 0.0316895283609697
0.06357421875 0.0317871843798279 0.0317871843798279
0.06376953125 0.0318848404001049 0.0318848404001049
0.06396484375 0.0319824964217841 0.0319824964217841
0.06416015625 0.0320801524448555 0.0320801524448555
0.06435546875 0.0321778084693014 0.0321778084693014
0.06455078125 0.0322754644951118 0.0322754644951118
0.06474609375 0.0323731205222744 0.0323731205222744
0.06494140625 0.0324707765507815 0.0324707765507815
0.06513671875 0.0325684325806153 0.0325684325806153
0.06533203125 0.0326660886117636 0.0326660886117636
0.06552734375 0.0327637446442153 0.0327637446442153
0.06572265625 0.0328614006779626 0.0328614006779626
0.06591796875 0.0329590567129923 0.0329590567129923
0.06611328125 0.0330567127492909 0.0330567127492909
0.06630859375 0.0331543687868474 0.0331543687868474
0.06650390625 0.0332520248256518 0.0332520248256518
0.06669921875 0.0333496808656941 0.0333496808656941
0.06689453125 0.0334473369069632 0.0334473369069632
0.06708984375 0.0335449929494469 0.0335449929494469
0.06728515625 0.0336426489931341 0.0336426489931341
0.06748046875 0.0337403050380158 0.0337403050380158
0.06767578125 0.0338379610840822 0.0338379610840822
0.06787109375 0.0339356171313232 0.0339356171313232
0.06806640625 0.0340332731797288 0.0340332731797288
0.06826171875 0.0341309292292857 0.0341309292292857
0.06845703125 0.0342285852799851 0.0342285852799851
0.06865234375 0.0343262413318202 0.0343262413318202
0.06884765625 0.0344238973847799 0.0344238973847799
0.06904296875 0.0345215534388543 0.0345215534388543
0.06923828125 0.0346192094940334 0.0346192094940334
0.06943359375 0.0347168655503083 0.0347168655503083
0.06962890625 0.0348145216076712 0.0348145216076712
0.06982421875 0.0349121776661121 0.0349121776661121
0.07001953125 0.0350098337256211 0.0350098337256211
0.07021484375 0.0351074897861903 0.0351074897861903
0.07041015625 0.0352051458478086 0.0352051458478086
0.07060546875 0.0353028019104706 0.0353028019104706
0.07080078125 0.0354004579741662 0.0354004579741662
0.07099609375 0.0354981140388866 0.0354981140388866
0.07119140625 0.0355957701046228 0.0355957701046228
0.07138671875 0.0356934261713693 0.0356934261713693
0.07158203125 0.035791082239115 0.035791082239115
0.07177734375 0.0358887383078532 0.0358887383078532
0.07197265625 0.035986394377574 0.035986394377574
0.07216796875 0.0360840504482707 0.0360840504482707
0.07236328125 0.0361817065199344 0.0361817065199344
0.07255859375 0.0362793625925584 0.0362793625925584
0.07275390625 0.0363770186661361 0.0363770186661361
0.07294921875 0.0364746747406586 0.0364746747406586
0.07314453125 0.0365723308161181 0.0365723308161181
0.07333984375 0.0366699868925058 0.0366699868925058
0.07353515625 0.0367676429698161 0.0367676429698161
0.07373046875 0.0368652990480423 0.0368652990480423
0.07392578125 0.0369629551271766 0.0369629551271766
0.07412109375 0.0370606112072103 0.0370606112072103
0.07431640625 0.0371582672881365 0.0371582672881365
0.07451171875 0.0372559233699499 0.0372559233699499
0.07470703125 0.0373535794526436 0.0373535794526436
0.07490234375 0.0374512355362078 0.0374512355362078
0.07509765625 0.037548891620639 0.037548891620639
0.07529296875 0.0376465477059296 0.0376465477059296
0.07548828125 0.0377442037920728 0.0377442037920728
0.07568359375 0.037841859879062 0.037841859879062
0.07587890625 0.0379395159668894 0.0379395159668894
0.07607421875 0.0380371720555495 0.0380371720555495
0.07626953125 0.0381348281450344 0.0381348281450344
0.07646484375 0.038232484235341 0.038232484235341
0.07666015625 0.0383301403264613 0.0383301403264613
0.07685546875 0.038427796418391 0.038427796418391
0.07705078125 0.0385254525111201 0.0385254525111201
0.07724609375 0.038623108604644 0.038623108604644
0.07744140625 0.0387207646989574 0.0387207646989574
0.07763671875 0.0388184207940556 0.0388184207940556
0.07783203125 0.0389160768899299 0.0389160768899299
0.07802734375 0.0390137329865758 0.0390137329865758
0.07822265625 0.0391113890839867 0.0391113890839867
0.07841796875 0.0392090451821581 0.0392090451821581
0.07861328125 0.0393067012810849 0.0393067012810849
0.07880859375 0.0394043573807623 0.0394043573807623
0.07900390625 0.0395020134811808 0.0395020134811808
0.07919921875 0.0395996695823359 0.0395996695823359
0.07939453125 0.0396973256842242 0.0396973256842242
0.07958984375 0.0397949817868404 0.0397949817868404
0.07978515625 0.0398926378901782 0.0398926378901782
0.07998046875 0.039990293994232 0.039990293994232
0.08017578125 0.0400879500989954 0.0400879500989954
0.08037109375 0.0401856062044653 0.0401856062044653
0.08056640625 0.0402832623106375 0.0402832623106375
0.08076171875 0.0403809184175047 0.0403809184175047
0.08095703125 0.0404785745250619 0.0404785745250619
0.08115234375 0.0405762306333041 0.0405762306333041
0.08134765625 0.0406738867422285 0.0406738867422285
0.08154296875 0.0407715428518285 0.0407715428518285
0.08173828125 0.0408691989620996 0.0408691989620996
0.08193359375 0.0409668550730358 0.0409668550730358
0.08212890625 0.0410645111846331 0.0410645111846331
0.08232421875 0.0411621672968876 0.0411621672968876
0.08251953125 0.0412598234097949 0.0412598234097949
0.08271484375 0.0413574795233501 0.0413574795233501
0.08291015625 0.0414551356375475 0.0414551356375475
0.08310546875 0.0415527917523822 0.0415527917523822
0.08330078125 0.0416504478678525 0.0416504478678525
0.08349609375 0.0417481039839512 0.0417481039839512
0.08369140625 0.0418457601006755 0.0418457601006755
0.08388671875 0.0419434162180199 0.0419434162180199
0.08408203125 0.0420410723359799 0.0420410723359799
0.08427734375 0.0421387284545527 0.0421387284545527
0.08447265625 0.0422363845737334 0.0422363845737334
0.08466796875 0.042334040693518 0.042334040693518
0.08486328125 0.0424316968139016 0.0424316968139016
0.08505859375 0.0425293529348791 0.0425293529348791
0.08525390625 0.0426270090564485 0.0426270090564485
0.08544921875 0.0427246651786056 0.0427246651786056
0.08564453125 0.0428223213013468 0.0428223213013468
0.08583984375 0.0429199774246658 0.0429199774246658
0.08603515625 0.0430176335485594 0.0430176335485594
0.08623046875 0.0431152896730247 0.0431152896730247
0.08642578125 0.0432129457980573 0.0432129457980573
0.08662109375 0.0433106019236545 0.0433106019236545
0.08681640625 0.0434082580498119 0.0434082580498119
0.08701171875 0.0435059141765232 0.0435059141765232
0.08720703125 0.0436035703037879 0.0436035703037879
0.08740234375 0.0437012264316006 0.0437012264316006
0.08759765625 0.0437988825599589 0.0437988825599589
0.08779296875 0.043896538688859 0.043896538688859
0.08798828125 0.0439941948182948 0.0439941948182948
0.08818359375 0.0440918509482652 0.0440918509482652
0.08837890625 0.0441895070787668 0.0441895070787668
0.08857421875 0.0442871632097958 0.0442871632097958
0.08876953125 0.0443848193413476 0.0443848193413476
0.08896484375 0.0444824754734191 0.0444824754734191
0.08916015625 0.0445801316060074 0.0445801316060074
0.08935546875 0.0446777877391097 0.0446777877391097
0.08955078125 0.0447754438727216 0.0447754438727216
0.08974609375 0.0448731000068403 0.0448731000068403
0.08994140625 0.0449707561414617 0.0449707561414617
0.09013671875 0.0450684122765835 0.0450684122765835
0.09033203125 0.0451660684122021 0.0451660684122021
0.09052734375 0.0452637245483142 0.0452637245483142
0.09072265625 0.0453613806849171 0.0453613806849171
0.09091796875 0.0454590368220065 0.0454590368220065
0.09111328125 0.0455566929595799 0.0455566929595799
0.09130859375 0.0456543490976347 0.0456543490976347
0.09150390625 0.0457520052361668 0.0457520052361668
0.09169921875 0.0458496613751741 0.0458496613751741
0.09189453125 0.0459473175146524 0.0459473175146524
0.09208984375 0.0460449736546001 0.0460449736546001
0.09228515625 0.046142629795014 0.046142629795014
0.09248046875 0.0462402859358907 0.0462402859358907
0.09267578125 0.0463379420772278 0.0463379420772278
0.09287109375 0.0464355982190212 0.0464355982190212
0.09306640625 0.046533254361269 0.046533254361269
0.09326171875 0.0466309105039678 0.0466309105039678
0.09345703125 0.0467285666471154 0.0467285666471154
0.09365234375 0.0468262227907085 0.0468262227907085
0.09384765625 0.0469238789347443 0.0469238789347443
0.09404296875 0.0470215350792202 0.0470215350792202
0.09423828125 0.0471191912241339 0.0471191912241339
0.09443359375 0.0472168473694826 0.0472168473694826
0.09462890625 0.0473145035152631 0.0473145035152631
0.09482421875 0.0474121596614727 0.0474121596614727
0.09501953125 0.0475098158081086 0.0475098158081086
0.09521484375 0.047607471955169 0.047607471955169
0.09541015625 0.0477051281026508 0.0477051281026508
0.09560546875 0.0478027842505516 0.0478027842505516
0.09580078125 0.0479004403988685 0.0479004403988685
0.09599609375 0.0479980965475994 0.0479980965475994
0.09619140625 0.0480957526967413 0.0480957526967413
0.09638671875 0.0481934088462919 0.0481934088462919
0.09658203125 0.048291064996249 0.048291064996249
0.09677734375 0.0483887211466096 0.0483887211466096
0.09697265625 0.0484863772973716 0.0484863772973716
0.09716796875 0.0485840334485327 0.0485840334485327
0.09736328125 0.0486816896000905 0.0486816896000905
0.09755859375 0.0487793457520424 0.0487793457520424
0.09775390625 0.0488770019043859 0.0488770019043859
0.09794921875 0.0489746580571189 0.0489746580571189
0.09814453125 0.0490723142102391 0.0490723142102391
0.09833984375 0.0491699703637441 0.0491699703637441
0.09853515625 0.0492676265176318 0.0492676265176318
0.09873046875 0.0493652826718996 0.0493652826718996
0.09892578125 0.0494629388265454 0.0494629388265454
0.09912109375 0.049560594981567 0.049560594981567
0.09931640625 0.0496582511369621 0.0496582511369621
0.09951171875 0.0497559072927286 0.0497559072927286
0.09970703125 0.0498535634488643 0.0498535634488643
0.09990234375 0.049951219605367 0.049951219605367
