0.003125 -0.999999999999978 1
0.00625 -1.11111111111117 1
0.009375 -1.56000000000004 1
0.0125 -2.04081632653066 1
0.015625 -2.53086419753091 1
0.01875 -3.02479338842981 1
0.021875 -3.52071005917168 1
0.025 -4.0177777777779 1
0.028125 -4.51557093425619 1
0.03125 -5.01385041551254 1
0.034375 -5.51247165532881 1
0.0375 -6.01134215500944 1
0.040625 -6.51040000000002 1
0.04375 -7.00960219478738 1
0.046875 -7.50891795481573 1
0.05 -8.00832466181068 1
0.053125 -8.50780532598727 1
0.05625 -9.0073469387756 1
0.059375 -9.50693937180431 1
0.0625 -10.0065746219594 1
0.065625 -10.506246281975 1
0.06875 -11.0059491617091 1
0.071875 -11.5056790123457 1
0.075 -12.0054323223179 1
0.078125 -12.5052061640984 1
0.08125 -13.0049980776624 1
0.084375 -13.5048059807762 1
0.0875 -14.0046280991735 1
0.090625 -14.5044629116652 1
0.09375 -15.0043091065787 1
0.096875 -15.504165546896 1
