0.00078125 -1.00000000000051 1
0.0015625 -1.111111111112 1
0.00234375 -1.56000000000063 1
0.003125 -2.04081632653096 1
0.00390625 -2.53086419753146 1
0.0046875 -3.0247933884301 1
0.00546875 -3.52071005917317 1
0.00625 -4.01777777777927 1
0.00703125 -4.51557093425722 1
0.0078125 -5.0138504155131 1
0.00859375 -5.51247165532867 1
0.009375 -6.01134215500912 1
0.01015625 -6.51040000000034 1
0.0109375 -7.00960219478779 1
0.01171875 -7.50891795481653 1
0.0125 -8.00832466181213 1
0.01328125 -8.50780532598894 1
0.0140625 -9.00734693877706 1
0.01484375 -9.506939371806 1
0.015625 -10.0065746219604 1
0.01640625 -10.5062462819756 1
0.0171875 -11.0059491617102 1
0.01796875 -11.5056790123467 1
0.01875 -12.0054323223188 1
0.01953125 -12.5052061640995 1
0.0203125 -13.0049980776629 1
0.02109375 -13.5048059807773 1
0.021875 -14.0046280991755 1
0.02265625 -14.5044629116674 1
0.0234375 -15.0043091065806 1
0.02421875 -15.504165546898 1
0.025 -16.0040312421297 1
0.02578125 -16.5039053254465 1
0.0265625 -17.0037870349776 1
0.02734375 -17.5036756983851 1
0.028125 -18.003570720097 1
0.02890625 -18.5034715706521 1
0.0296875 -19.0033777777785 1
0.03046875 -19.503288918874 1
0.03125 -20.0032046146456 1
0.03203125 -20.5031245237018 1
0.0328125 -21.0030483379329 1
0.03359375 -21.5029757785497 1
0.034375 -22.0029065926822 1
0.03515625 -22.5028405504367 1
0.0359375 -23.0027774423391 1
0.03671875 -23.5027170771197 1
0.0375 -24.002659279779 1
0.03828125 -24.5026038898931 1
0.0390625 -25.0025507601276 1
0.03984375 -25.5024997549281 1
0.040625 -26.0024507493659 1
0.04140625 -26.5024036281196 1
0.0421875 -27.0023582845679 1
0.04296875 -27.502314619983 1
0.04375 -28.0022725428148 1
0.04453125 -28.5022319680499 1
0.0453125 -29.002192816637 1
0.04609375 -29.5021550149777 1
0.046875 -30.0021184944579 1
0.04765625 -30.5020831910412 1
0.0484375 -31.0020490448838 1
0.04921875 -31.502016000003 1
0.05 -32.0019840039712 1
0.05078125 -32.5019530076349 1
0.0515625 -33.0019229648656 1
0.05234375 -33.5018938323282 1
0.053125 -34.001865569276 1
0.05390625 -34.5018381373571 1
0.0546875 -35.0018115004426 1
0.05546875 -35.5017856244687 1
0.05625 -36.001760477288 1
0.05703125 -36.5017360285399 1
0.0578125 -37.001712249529 1
0.05859375 -37.5016891131061 1
0.059375 -38.0016665935737 1
0.06015625 -38.5016446665845 1
0.0609375 -39.0016233090559 1
0.06171875 -39.5016024990902 1
0.0625 -40.0015822158961 1
0.06328125 -40.5015624397237 1
0.0640625 -41.0015431517964 1
0.06484375 -41.5015243342539 1
0.065625 -42.0015059700998 1
0.06640625 -42.5014880431389 1
0.0671875 -43.0014705379467 1
0.06796875 -43.5014534398103 1
0.06875 -44.0014367346962 1
0.06953125 -44.5014204092095 1
0.0703125 -45.0014044505503 1
0.07109375 -45.5013888464972 1
0.071875 -46.0013735853593 1
0.07265625 -46.5013586559555 1
0.0734375 -47.0013440475893 1
0.07421875 -47.5013297500093 1
0.075 -48.001315753408 1
0.07578125 -48.5013020483811 1
0.0765625 -49.0012886259071 1
0.07734375 -49.5012754773427 1
0.078125 -50.0012625943819 1
0.07890625 -50.5012499690627 1
0.0796875 -51.0012375937341 1
0.08046875 -51.5012254610382 1
0.08125 -52.0012135639155 1
0.08203125 -52.501201895564 1
0.0828125 -53.0011904494537 1
0.08359375 -53.5011792192956 1
0.084375 -54.0011681990296 1
0.08515625 -54.5011573828334 1
0.0859375 -55.0011467650833 1
0.08671875 -55.501136340373 1
0.0875 -56.001126103486 1
0.08828125 -56.5011160493861 1
0.0890625 -57.0011061732286 1
0.08984375 -57.5010964703227 1
0.090625 -58.0010869361555 1
0.09140625 -58.5010775663636 1
0.0921875 -59.0010683567264 1
0.09296875 -59.5010593031805 1
0.09375 -60.0010504017827 1
0.09453125 -60.5010416487359 1
0.0953125 -61.0010330403623 1
0.09609375 -61.5010245730984 1
0.096875 -62.0010162435111 1
0.09765625 -62.5010080482612 1
0.0984375 -63.000999984131 1
0.09921875 -63.5009920479992 1
