0.00078125 0.000781250000000122 0.000781250000000122
0.00234375 0.00130208333333354 0.00130208333333354
0.00390625 0.00203125000000026 0.00203125000000026
0.00546875 0.00279017857142877 0.00279017857142877
0.00703125 0.00355902777777806 0.00355902777777806
0.00859375 0.00433238636363659 0.00433238636363659
0.01015625 0.00510817307692341 0.00510817307692341
0.01171875 0.00588541666666748 0.00588541666666748
0.01328125 0.00666360294117707 0.00666360294117707
0.01484375 0.00744243421052643 0.00744243421052643
0.01640625 0.00822172619047629 0.00822172619047629
0.01796875 0.00900135869565222 0.00900135869565222
0.01953125 0.00978124999999996 0.00978124999999996
0.02109375 0.0105613425925927 0.0105613425925927
0.02265625 0.0113415948275866 0.0113415948275866
0.02421875 0.0121219758064522 0.0121219758064522
0.02578125 0.0129024621212129 0.0129024621212129
0.02734375 0.0136830357142864 0.0136830357142864
0.02890625 0.0144636824324332 0.0144636824324332
0.03046875 0.0152443910256417 0.0152443910256417
0.03203125 0.0160251524390245 0.0160251524390245
0.03359375 0.0168059593023259 0.0168059593023259
0.03515625 0.0175868055555561 0.0175868055555561
0.03671875 0.0183676861702134 0.0183676861702134
0.03828125 0.0191485969387759 0.0191485969387759
0.03984375 0.0199295343137257 0.0199295343137257
0.04140625 0.0207104952830192 0.0207104952830192
0.04296875 0.0214914772727279 0.0214914772727279
0.04453125 0.0222724780701761 0.0222724780701761
0.04609375 0.0230534957627127 0.0230534957627127
0.04765625 0.0238345286885254 0.0238345286885254
0.04921875 0.0246155753968264 0.0246155753968264
0.05078125 0.0253966346153855 0.0253966346153855
0.05234375 0.0261777052238815 0.0261777052238815
0.05390625 0.0269587862318849 0.0269587862318849
0.05546875 0.027739876760564 0.027739876760564
0.05703125 0.0285209760273976 0.0285209760273976
0.05859375 0.0293020833333336 0.0293020833333336
0.06015625 0.0300831980519484 0.0300831980519484
0.06171875 0.0308643196202535 0.0308643196202535
0.06328125 0.0316454475308647 0.0316454475308647
0.06484375 0.032426581325302 0.032426581325302
0.06640625 0.0332077205882361 0.0332077205882361
0.06796875 0.0339888649425295 0.0339888649425295
0.06953125 0.0347700140449443 0.0347700140449443
0.07109375 0.035551167582418 0.035551167582418
0.07265625 0.0363323252688176 0.0363323252688176
0.07421875 0.0371134868421057 0.0371134868421057
0.07578125 0.037894652061856 0.037894652061856
0.07734375 0.0386758207070712 0.0386758207070712
0.07890625 0.0394569925742579 0.0394569925742579
0.08046875 0.0402381674757288 0.0402381674757288
0.08203125 0.0410193452380957 0.0410193452380957
0.08359375 0.0418005257009351 0.0418005257009351
0.08515625 0.0425817087155968 0.0425817087155968
0.08671875 0.0433628941441447 0.0433628941441447
0.08828125 0.0441440818584076 0.0441440818584076
0.08984375 0.044925271739131 0.044925271739131
0.09140625 0.0457064636752141 0.0457064636752141
0.09296875 0.0464876575630257 0.0464876575630257
0.09453125 0.0472688533057856 0.0472688533057856
0.09609375 0.0480500508130087 0.0480500508130087
0.09765625 0.0488312500000005 0.0488312500000005
0.09921875 0.0496124507874021 0.0496124507874021
