0 0.0025018684092046
0.0015625 0.0025006477060796
0.003125 0.00249861320087127
0.0046875 0.00249543937274626
0.00625 0.00249107971872841
0.0078125 0.00248551873782563
0.009375 0.00247874938413245
0.0109375 0.00247076786369975
0.0125 0.00246157190015809
0.0140625 0.0024511600205625
0.015625 0.00243953121710855
0.0171875 0.00242668476993593
0.01875 0.00241262014697397
0.0203125 0.00239733694384897
0.021875 0.00238083484604805
0.0234375 0.00236311360412994
0.025 0.00234417301693236
0.0265625 0.00232401291986797
0.028125 0.00230263317656439
0.0296875 0.00228003367276372
0.03125 0.00225621431178615
0.0328125 0.00223117501110018
0.034375 0.00220491569969029
0.0359375 0.00217743631600974
0.0375 0.00214873680636878
0.0390625 0.00211881712365194
0.040625 0.00208767722628674
0.0421875 0.00205531707740703
0.04375 0.00202173664416839
0.0453125 0.00198693589718374
0.046875 0.0019509148100545
0.0484375 0.00191367335897868
0.05 0.00187521152242114
0.0515625 0.0018355292808346
0.053125 0.00179462661642228
0.0546875 0.00175250351293496
0.05625 0.00170915995549658
0.0578125 0.00166459593045377
0.059375 0.00161881142524544
0.0609375 0.00157180642828927
0.0625 0.00152358092888262
0.0640625 0.00147413491711565
0.065625 0.00142346838379486
0.0671875 0.00137158132037574
0.06875 0.00131847371890304
0.0703125 0.00126414557195782
0.071875 0.00120859687261029
0.0734375 0.00115182761437776
0.075 0.00109383779118697
0.0765625 0.00103462739734032
0.078125 0.000974196427485522
0.0796875 0.000912544876588244
0.08125 0.000849672739907418
0.0828125 0.000785580012972894
0.084375 0.000720266691565182
0.0859375 0.000653732771697062
0.0875 0.000585978249596836
0.0890625 0.000517003121693074
0.090625 0.000446807384600682
0.0921875 0.00037539103510816
0.09375 0.000302754070165933
0.0953125 0.000228896486875643
0.096875 0.000153818282480317
0.0984375 7.75194543553158e-05
0.1 0
