0.0001953125 1.00000000001614 1
0.000390625 1.00000000001046 1
0.0005859375 0.999999999997196 1
0.00078125 1.00000000001188 1
0.0009765625 0.999999999994543 1
0.001171875 1.00000000001425 1
0.0013671875 1.00000000001127 1
0.0015625 1.00000000000548 1
0.0017578125 0.999999999987091 1
0.001953125 0.999999999984311 1
0.0021484375 1.00000000000632 1
0.00234375 0.999999999992933 1
0.0025390625 0.999999999994717 1
0.002734375 1.00000000001533 1
0.0029296875 1.00000000000856 1
0.003125 1.00000000002396 1
0.0033203125 0.999999999987389 1
0.003515625 1.00000000000225 1
0.0037109375 0.999999999998492 1
0.00390625 0.999999999992555 1
0.0041015625 1.00000000000477 1
0.004296875 1.00000000000658 1
0.0044921875 1.0000000000023 1
0.0046875 1.00000000000265 1
0.0048828125 0.999999999974309 1
0.005078125 1.00000000001439 1
0.0052734375 1.00000000001299 1
0.00546875 1.00000000000619 1
0.0056640625 1.00000000000732 1
0.005859375 1.00000000000497 1
0.0060546875 1.00000000000385 1
0.00625 0.999999999993052 1
0.0064453125 1.0000000000108 1
0.006640625 0.999999999996919 1
0.0068359375 0.999999999980578 1
0.00703125 0.999999999987245 1
0.0072265625 1.00000000000739 1
0.007421875 0.999999999999387 1
0.0076171875 0.999999999996032 1
0.0078125 1.00000000001799 1
0.0080078125 1.00000000001892 1
0.008203125 0.999999999996116 1
0.0083984375 0.999999999995391 1
0.00859375 0.999999999989655 1
0.0087890625 0.99999999999391 1
0.008984375 0.999999999996497 1
0.0091796875 1.00000000000369 1
0.009375 0.999999999997074 1
0.0095703125 1.00000000000257 1
0.009765625 1.00000000000398 1
0.0099609375 1.00000000002696 1
0.01015625 0.999999999991329 1
0.0103515625 1.00000000000177 1
0.010546875 0.999999999980775 1
0.0107421875 1.00000000001821 1
0.0109375 1.00000000000336 1
0.0111328125 0.999999999993307 1
0.011328125 0.999999999999186 1
0.0115234375 0.999999999993025 1
0.01171875 1.00000000002372 1
0.0119140625 1.00000000001903 1
0.012109375 1.0000000000012 1
0.0123046875 0.999999999989072 1
0.0125 1.00000000000505 1
0.0126953125 1.00000000000477 1
0.012890625 0.999999999991856 1
0.0130859375 0.999999999998924 1
0.01328125 1.00000000000176 1
0.0134765625 1.00000000000576 1
0.013671875 0.999999999997708 1
0.0138671875 1.00000000000141 1
0.0140625 0.99999999999791 1
0.0142578125 1.00000000001739 1
0.014453125 0.999999999993022 1
0.0146484375 1.0000000000028 1
0.01484375 1.00000000000044 1
0.0150390625 1.00000000000109 1
0.015234375 1.00000000000703 1
0.0154296875 0.999999999990168 1
0.015625 1.00000000000058 1
0.0158203125 1.00000000000246 1
0.016015625 1.00000000000575 1
0.0162109375 1.00000000000538 1
0.01640625 1.00000000001169 1
0.0166015625 0.999999999989717 1
0.016796875 0.99999999998158 1
0.0169921875 1.00000000000118 1
0.0171875 1.00000000000851 1
0.0173828125 1.00000000000938 1
0.017578125 0.999999999984932 1
0.0177734375 1.00000000001521 1
0.01796875 0.999999999992236 1
0.0181640625 1.00000000001638 1
0.018359375 0.999999999996863 1
0.0185546875 0.999999999990883 1
0.01875 1.00000000000969 1
0.0189453125 1.00000000001651 1
0.019140625 1.00000000001631 1
0.0193359375 0.999999999986641 1
0.01953125 0.999999999990269 1
0.0197265625 1.00000000000392 1
0.019921875 1.00000000003053 1
0.0201171875 1.00000000000725 1
0.0203125 0.999999999986967 1
0.0205078125 0.999999999989883 1
0.020703125 1.00000000000273 1
0.0208984375 1.00000000002332 1
0.02109375 1.00000000000293 1
0.0212890625 1.00000000000531 1
0.021484375 0.999999999989991 1
0.0216796875 1.00000000001659 1
0.021875 1.00000000001671 1
0.0220703125 1.00000000000924 1
0.022265625 1.00000000000962 1
0.0224609375 0.999999999994829 1
0.02265625 1.00000000001717 1
0.0228515625 1.00000000001023 1
0.023046875 1.00000000002736 1
0.0232421875 1.00000000000277 1
0.0234375 0.999999999989748 1
0.0236328125 1.00000000000176 1
0.023828125 1.00000000001173 1
0.0240234375 1.00000000000851 1
0.02421875 1.0000000000084 1
0.0244140625 0.999999999997807 1
0.024609375 1.00000000000152 1
0.0248046875 1.00000000000277 1
0.025 1.00000000001121 1
0.0251953125 0.99999999998319 1
0.025390625 0.999999999980759 1
0.0255859375 1.00000000000134 1
0.02578125 0.999999999999747 1
0.0259765625 1.00000000000186 1
0.026171875 0.99999999999108 1
0.0263671875 0.999999999987501 1
0.0265625 0.999999999991271 1
0.0267578125 1.00000000000495 1
0.026953125 0.999999999999248 1
0.0271484375 0.999999999981268 1
0.02734375 0.999999999983042 1
0.0275390625 1.00000000000481 1
0.027734375 1.0000000000031 1
0.0279296875 1.00000000000449 1
0.028125 0.999999999980624 1
0.0283203125 0.999999999995865 1
0.028515625 0.999999999991339 1
0.0287109375 1.00000000000057 1
0.02890625 1.00000000000181 1
0.0291015625 0.999999999986166 1
0.029296875 0.999999999991614 1
0.0294921875 1.00000000000086 1
0.0296875 0.999999999997719 1
0.0298828125 1.00000000000139 1
0.030078125 0.999999999986881 1
0.0302734375 0.999999999987124 1
0.03046875 0.999999999990888 1
0.0306640625 1.00000000001069 1
0.030859375 0.999999999991708 1
0.0310546875 0.999999999993951 1
0.03125 0.999999999987392 1
0.0314453125 0.999999999988513 1
0.031640625 0.999999999991813 1
0.0318359375 0.999999999992806 1
0.03203125 1.00000000001049 1
0.0322265625 1.00000000001922 1
0.032421875 0.999999999982531 1
0.0326171875 0.99999999998992 1
0.0328125 0.999999999995395 1
0.0330078125 1.00000000002169 1
0.033203125 1.00000000001257 1
0.0333984375 0.999999999991924 1
0.03359375 0.99999999998437 1
0.0337890625 0.999999999992578 1
0.033984375 1.0000000000083 1
0.0341796875 1.00000000001245 1
0.034375 0.999999999986347 1
0.0345703125 1.00000000000293 1
0.034765625 0.999999999987938 1
0.0349609375 1.00000000001529 1
0.03515625 1.00000000001161 1
0.0353515625 0.999999999983371 1
0.035546875 0.999999999994516 1
0.0357421875 0.999999999995853 1
0.0359375 1.00000000000663 1
0.0361328125 1.00000000001244 1
0.036328125 0.999999999999166 1
0.0365234375 0.999999999987191 1
0.03671875 1.00000000000885 1
0.0369140625 1.00000000000571 1
0.037109375 1.00000000001059 1
0.0373046875 0.999999999988403 1
0.0375 1.00000000000685 1
0.0376953125 0.999999999997434 1
0.037890625 1.00000000001705 1
0.0380859375 1.00000000000916 1
0.03828125 0.99999999999697 1
0.0384765625 1.00000000000418 1
0.038671875 0.999999999997763 1
0.0388671875 1.00000000000189 1
0.0390625 1.00000000002963 1
0.0392578125 0.999999999991762 1
0.039453125 0.99999999999271 1
0.0396484375 1.00000000001216 1
0.03984375 1.00000000000721 1
0.0400390625 0.999999999991947 1
0.040234375 0.999999999992023 1
0.0404296875 0.999999999999373 1
0.040625 1.00000000000597 1
0.0408203125 1.00000000001542 1
0.041015625 1.00000000000874 1
0.0412109375 0.999999999989712 1
0.04140625 0.999999999996658 1
0.0416015625 0.99999999999975 1
0.041796875 1.00000000001486 1
0.0419921875 0.99999999998969 1
0.0421875 0.99999999999714 1
0.0423828125 0.999999999996767 1
0.042578125 1.00000000000495 1
0.0427734375 1.00000000001559 1
0.04296875 1.00000000001127 1
0.0431640625 0.999999999985969 1
0.043359375 1.00000000000225 1
0.0435546875 0.99999999999763 1
0.04375 1.00000000001212 1
0.0439453125 1.00000000000625 1
0.044140625 0.999999999997377 1
0.0443359375 1.00000000000319 1
0.04453125 0.999999999995842 1
0.0447265625 1.0000000000046 1
0.044921875 1.00000000000188 1
0.0451171875 1.00000000000571 1
0.0453125 1.00000000000012 1
0.0455078125 1.00000000000325 1
0.045703125 1.00000000001082 1
0.0458984375 1.00000000000707 1
0.04609375 0.999999999999111 1
0.0462890625 1.00000000000559 1
0.046484375 0.999999999999633 1
0.0466796875 1.00000000000009 1
0.046875 1.00000000000874 1
0.0470703125 1.00000000001041 1
0.047265625 1.00000000000139 1
0.0474609375 0.999999999994955 1
0.04765625 1.0000000000047 1
0.0478515625 1.0000000000158 1
0.048046875 1.00000000000767 1
0.0482421875 0.999999999999698 1
0.0484375 0.999999999999909 1
0.0486328125 1.00000000000519 1
0.048828125 1.00000000000092 1
0.0490234375 0.999999999995361 1
0.04921875 1.0000000000026 1
0.0494140625 0.999999999996837 1
0.049609375 1.00000000000931 1
0.0498046875 1.00000000000875 1
0.05 1.00000000000363 1
0.0501953125 1.00000000000263 1
0.050390625 1.00000000000299 1
0.0505859375 0.999999999996424 1
0.05078125 0.999999999997388 1
0.0509765625 1.00000000000329 1
0.051171875 1.00000000000034 1
0.0513671875 1.00000000000304 1
0.0515625 0.999999999997669 1
0.0517578125 0.999999999998912 1
0.051953125 1.00000000000444 1
0.0521484375 0.999999999994971 1
0.05234375 1.00000000000229 1
0.0525390625 0.999999999995878 1
0.052734375 1.00000000000196 1
0.0529296875 1.00000000000137 1
0.053125 1.00000000000344 1
0.0533203125 1.00000000000041 1
0.053515625 0.999999999995968 1
0.0537109375 1.00000000000526 1
0.05390625 0.999999999992167 1
0.0541015625 1.00000000000035 1
0.054296875 1.00000000000519 1
0.0544921875 0.999999999999192 1
0.0546875 1.0000000000033 1
0.0548828125 0.999999999992968 1
0.055078125 1.00000000000063 1
0.0552734375 1.00000000000183 1
0.05546875 1.00000000001199 1
0.0556640625 1.00000000000103 1
0.055859375 0.999999999995688 1
0.0560546875 1.00000000000015 1
0.05625 1.00000000000148 1
0.0564453125 0.999999999998127 1
0.056640625 0.999999999999997 1
0.0568359375 0.999999999999888 1
0.05703125 1.00000000000207 1
0.0572265625 0.999999999999403 1
0.057421875 0.99999999999618 1
0.0576171875 1.00000000000243 1
0.0578125 0.999999999999673 1
0.0580078125 1.00000000000371 1
0.058203125 0.999999999996089 1
0.0583984375 1.00000000000402 1
0.05859375 0.999999999997808 1
0.0587890625 0.999999999998879 1
0.058984375 1.0000000000004 1
0.0591796875 1.00000000001251 1
0.059375 0.999999999994238 1
0.0595703125 1.00000000000126 1
0.059765625 0.999999999998279 1
0.0599609375 1.0000000000013 1
0.06015625 1.00000000000346 1
0.0603515625 0.999999999992339 1
0.060546875 1.00000000000665 1
0.0607421875 0.999999999999855 1
0.0609375 0.999999999999339 1
0.0611328125 0.999999999998384 1
0.061328125 1.00000000000167 1
0.0615234375 0.999999999996878 1
0.06171875 1 1
0.0619140625 1.00000000000449 1
0.062109375 0.999999999997966 1
0.0623046875 1.00000000000226 1
0.0625 0.999999999993751 1
0.0626953125 0.999999999994128 1
0.062890625 1.00000000000847 1
0.0630859375 0.999999999995819 1
0.06328125 1.00000000000097 1
0.0634765625 0.999999999988901 1
0.063671875 1.00000000000419 1
0.0638671875 1.00000000000077 1
0.0640625 1.0000000000117 1
0.0642578125 0.999999999996525 1
0.064453125 0.999999999994198 1
0.0646484375 0.999999999992482 1
0.06484375 1.00000000001361 1
0.0650390625 1.00000000000547 1
0.065234375 0.999999999995772 1
0.0654296875 0.999999999989512 1
0.065625 1.00000000000293 1
0.0658203125 1.00000000000715 1
0.066015625 1.0000000000012 1
0.0662109375 0.999999999995888 1
0.06640625 0.999999999996224 1
0.0666015625 1.00000000000143 1
0.066796875 1.00000000000542 1
0.0669921875 1.00000000000161 1
0.0671875 0.999999999995182 1
0.0673828125 0.999999999996835 1
0.067578125 1.00000000000017 1
0.0677734375 1.00000000000486 1
0.06796875 1.00000000001 1
0.0681640625 0.999999999998113 1
0.068359375 0.999999999991305 1
0.0685546875 1.00000000000024 1
0.06875 1.00000000000195 1
0.0689453125 1.00000000000122 1
0.069140625 0.999999999997693 1
0.0693359375 0.999999999996443 1
0.06953125 1.00000000000253 1
0.0697265625 1.00000000000435 1
0.069921875 1.00000000000104 1
0.0701171875 1.00000000000362 1
0.0703125 0.999999999994578 1
0.0705078125 1.00000000000163 1
0.070703125 1.00000000000185 1
0.0708984375 1.00000000000014 1
0.07109375 0.999999999996194 1
0.0712890625 1.00000000000658 1
0.071484375 1.0000000000023 1
0.0716796875 1.00000000000586 1
0.071875 0.99999999999947 1
0.0720703125 0.999999999999907 1
0.072265625 0.999999999995361 1
0.0724609375 0.999999999996605 1
0.07265625 1.00000000000349 1
0.0728515625 1.00000000000398 1
0.073046875 1.00000000000344 1
0.0732421875 0.999999999995813 1
0.0734375 0.999999999997545 1
0.0736328125 1.00000000000285 1
0.073828125 1.00000000000541 1
0.0740234375 0.999999999999278 1
0.07421875 0.999999999995371 1
0.0744140625 0.999999999998929 1
0.074609375 1.00000000000415 1
0.0748046875 0.999999999993245 1
0.075 1.00000000000029 1
0.0751953125 1.00000000000198 1
0.075390625 1.00000000000365 1
0.0755859375 1.00000000000513 1
0.07578125 1.00000000000013 1
0.0759765625 0.999999999999921 1
0.076171875 0.999999999992596 1
0.0763671875 1.00000000000056 1
0.0765625 1.00000000000099 1
0.0767578125 1.00000000001028 1
0.076953125 1.00000000000003 1
0.0771484375 0.99999999999809 1
0.07734375 0.999999999998438 1
0.0775390625 1.00000000000671 1
0.077734375 0.999999999999548 1
0.0779296875 0.999999999999681 1
0.078125 0.999999999995218 1
0.0783203125 0.999999999997248 1
0.078515625 1.00000000000286 1
0.0787109375 1.0000000000115 1
0.07890625 1.00000000000036 1
0.0791015625 0.999999999994568 1
0.079296875 0.99999999999952 1
0.0794921875 1.00000000000383 1
0.0796875 1.00000000000405 1
0.0798828125 1.00000000000305 1
0.080078125 0.999999999994658 1
0.0802734375 0.999999999998553 1
0.08046875 1.00000000000612 1
0.0806640625 1.00000000000265 1
0.080859375 0.999999999999529 1
0.0810546875 0.999999999996247 1
0.08125 1.00000000000399 1
0.0814453125 1.00000000000281 1
0.081640625 1.00000000000358 1
0.0818359375 0.999999999997771 1
0.08203125 0.999999999996325 1
0.0822265625 0.999999999999 1
0.082421875 1.00000000000298 1
0.0826171875 1.0000000000049 1
0.0828125 1.00000000000197 1
0.0830078125 0.999999999996562 1
0.083203125 1.00000000000557 1
0.0833984375 1.00000000000052 1
0.08359375 1.00000000000369 1
0.0837890625 1.00000000000096 1
0.083984375 0.999999999997514 1
0.0841796875 1.00000000000176 1
0.084375 1.00000000000228 1
0.0845703125 1.00000000000433 1
0.084765625 1.00000000000226 1
0.0849609375 0.99999999999567 1
0.08515625 0.999999999998591 1
0.0853515625 1.00000000000252 1
0.085546875 1.00000000000697 1
0.0857421875 1.0000000000007 1
0.0859375 0.99999999999747 1
0.0861328125 0.999999999999981 1
0.086328125 0.999999999999716 1
0.0865234375 1.00000000000477 1
0.08671875 1.00000000000668 1
0.0869140625 0.999999999996588 1
0.087109375 1.00000000000267 1
0.0873046875 0.99999999999944 1
0.0875 1.00000000000351 1
0.0876953125 1.00000000000643 1
0.087890625 0.999999999996439 1
0.0880859375 0.999999999999005 1
0.08828125 1.00000000000279 1
0.0884765625 1.00000000000452 1
0.088671875 1.00000000000147 1
0.0888671875 0.999999999998924 1
0.0890625 0.99999999999956 1
0.0892578125 1.00000000000355 1
0.089453125 1.00000000000184 1
0.0896484375 1.00000000000307 1
0.08984375 0.999999999999833 1
0.0900390625 1.00000000000189 1
0.090234375 1.00000000000226 1
0.0904296875 1.00000000000186 1
0.090625 1.00000000000372 1
0.0908203125 1.00000000000039 1
0.091015625 1.00000000000023 1
0.0912109375 1.00000000000189 1
0.09140625 0.999999999999295 1
0.0916015625 1.00000000000109 1
0.091796875 0.99999999999702 1
0.0919921875 0.999999999999708 1
0.0921875 1.00000000000213 1
0.0923828125 1.0000000000011 1
0.092578125 1.00000000000378 1
0.0927734375 0.999999999999959 1
0.09296875 1.00000000000086 1
0.0931640625 0.999999999999432 1
0.093359375 1.000000000001 1
0.0935546875 1.00000000000001 1
0.09375 0.999999999999006 1
0.0939453125 0.99999999999924 1
0.094140625 1.00000000000085 1
0.0943359375 1.00000000000201 1
0.09453125 1.00000000000145 1
0.0947265625 1.00000000000029 1
0.094921875 0.999999999998407 1
0.0951171875 1.00000000000085 1
0.0953125 1.00000000000017 1
0.0955078125 1.00000000000073 1
0.095703125 1.00000000000016 1
0.0958984375 1.00000000000114 1
0.09609375 0.999999999999572 1
0.0962890625 0.99999999999998 1
0.096484375 1.00000000000043 1
0.0966796875 0.999999999999196 1
0.096875 0.999999999999731 1
0.0970703125 0.999999999999996 1
0.097265625 1.00000000000104 1
0.0974609375 1.00000000000059 1
0.09765625 0.999999999999718 1
0.0978515625 0.999999999999759 1
0.098046875 1.00000000000013 1
0.0982421875 1.00000000000009 1
0.0984375 1.00000000000091 1
0.0986328125 0.999999999999944 1
0.098828125 0.99999999999994 1
0.0990234375 1.00000000000017 1
0.09921875 0.999999999999778 1
0.0994140625 1.00000000000018 1
0.099609375 0.999999999999982 1
0.0998046875 0.999999999999905 1
