0 0.00250051998465237
0.00078125 0.00250021480887112
0.0015625 0.00249970618256904
0.00234375 0.00249891272553779
0.003125 0.00249782281203333
0.00390625 0.00249643256680763
0.0046875 0.00249474022838433
0.00546875 0.00249274484827616
0.00625 0.00249044585739074
0.00703125 0.00248784288749185
0.0078125 0.00248493568662836
0.00859375 0.0024817240748352
0.009375 0.00247820791909471
0.01015625 0.00247438711831346
0.0109375 0.00247026159386323
0.01171875 0.00246583128338371
0.0125 0.00246109613658431
0.01328125 0.00245605611231821
0.0140625 0.00245071117649232
0.01484375 0.00244506130054215
0.015625 0.00243910646029776
0.01640625 0.00243284663512626
0.0171875 0.00242628180727379
0.01796875 0.00241941196135365
0.01875 0.00241223708394341
0.01953125 0.0024047571632642
0.0203125 0.0023969721889229
0.02109375 0.00238888215170297
0.021875 0.00238048704339331
0.02265625 0.00237178685664715
0.0234375 0.00236278158486484
0.02421875 0.00235347122209588
0.025 0.00234385576295649
0.02578125 0.00233393520255986
0.0265625 0.00232370953645678
0.02734375 0.00231317876058495
0.028125 0.00230234287122535
0.02890625 0.00229120186496465
0.0296875 0.00227975573866256
0.03046875 0.00226800448942352
0.03125 0.00225594811457186
0.03203125 0.00224358661163011
0.0328125 0.00223091997829992
0.03359375 0.00221794821244514
0.034375 0.00220467131207696
0.03515625 0.00219108927534065
0.0359375 0.00217720210050377
0.03671875 0.00216300978594564
0.0375 0.00214851233014794
0.03828125 0.00213370973168628
0.0390625 0.00211860198922258
0.03984375 0.00210318910149826
0.040625 0.00208747106732805
0.04140625 0.00207144788559442
0.0421875 0.00205511955524249
0.04296875 0.00203848607527546
0.04375 0.0020215474447504
0.04453125 0.00200430366277446
0.0453125 0.00198675472850136
0.04609375 0.00196890064112823
0.046875 0.00195074139989267
0.04765625 0.0019322770040701
0.0484375 0.00191350745297126
0.04921875 0.00189443274594001
0.05 0.00187505288235118
0.05078125 0.00185536786160869
0.0515625 0.00183537768314375
0.05234375 0.00181508234641325
0.053125 0.00179448185089821
0.05390625 0.00177357619610236
0.0546875 0.00175236538155087
0.05546875 0.00173084940678912
0.05625 0.00170902827138156
0.05703125 0.00168690197491065
0.0578125 0.00166447051697591
0.05859375 0.00164173389719298
0.059375 0.00161869211519278
0.06015625 0.00159534517062067
0.0609375 0.00157169306313579
0.06171875 0.00154773579241027
0.0625 0.00152347335812863
0.06328125 0.00149890575998713
0.0640625 0.00147403299769322
0.06484375 0.001448855070965
0.065625 0.00142337197953068
0.06640625 0.00139758372312813
0.0671875 0.0013714903015044
0.06796875 0.00134509171441535
0.06875 0.00131838796162517
0.06953125 0.00129137904290606
0.0703125 0.00126406495803787
0.07109375 0.00123644570680772
0.071875 0.00120852128900974
0.07265625 0.0011802917044447
0.0734375 0.0011517569529198
0.07421875 0.00112291703424834
0.075 0.00109377194824948
0.07578125 0.00106432169474802
0.0765625 0.00103456627357414
0.07734375 0.00100450568456319
0.078125 0.000974139927555496
0.07890625 0.000943469002396135
0.0796875 0.000912492908934772
0.08046875 0.000881211647025471
0.08125 0.000849625216526525
0.08203125 0.000817733617300297
0.0828125 0.000785536849213061
0.08359375 0.00075303491213486
0.084375 0.000720227805939364
0.08515625 0.000687115530503733
0.0859375 0.000653698085708497
0.08671875 0.000619975471437425
0.0875 0.000585947687577417
0.08828125 0.000551614734018387
0.0890625 0.000516976610653159
0.08984375 0.000482033317377364
0.090625 0.000446784854089348
0.09140625 0.000411231220690069
0.0921875 0.000375372417083018
0.09296875 0.000339208443174128
0.09375 0.000302739298871693
0.09453125 0.000265964984086291
0.0953125 0.000228885498730707
0.09609375 0.000191500842719862
0.096875 0.000153811015970745
0.09765625 0.000115816018402343
0.0984375 7.75158499355826e-05
0.09921875 3.89105104932626e-05
0.1 0
