0.0001953125 0.000195312499999822 0.000195312499999822
0.0005859375 0.000325520833334147 0.000325520833334147
0.0009765625 0.000507812500001315 0.000507812500001315
0.0013671875 0.000697544642858094 0.000697544642858094
0.0017578125 0.000889756944445486 0.000889756944445486
0.0021484375 0.00108309659090922 0.00108309659090922
0.0025390625 0.00127704326923217 0.00127704326923217
0.0029296875 0.00147135416666888 0.00147135416666888
0.0033203125 0.00166590073529704 0.00166590073529704
0.0037109375 0.00186060855263293 0.00186060855263293
0.0041015625 0.00205543154761845 0.00205543154761845
0.0044921875 0.00225033967391375 0.00225033967391375
0.0048828125 0.00244531250000013 0.00244531250000013
0.0052734375 0.00264033564814858 0.00264033564814858
0.0056640625 0.00283539870689742 0.00283539870689742
0.0060546875 0.00303049395161459 0.00303049395161459
0.0064453125 0.00322561553030565 0.00322561553030565
0.0068359375 0.00342075892857396 0.00342075892857396
0.0072265625 0.003615920608111 0.003615920608111
0.0076171875 0.00381109775641209 0.00381109775641209
0.0080078125 0.00400628810975689 0.00400628810975689
0.0083984375 0.00420148982558266 0.00420148982558266
0.0087890625 0.00439670138889126 0.00439670138889126
0.0091796875 0.00459192154255494 0.00459192154255494
0.0095703125 0.00478714923469625 0.00478714923469625
0.0099609375 0.00498238357843128 0.00498238357843128
0.0103515625 0.00517762382075682 0.00517762382075682
0.0107421875 0.00537286931818426 0.00537286931818426
0.0111328125 0.00556811951754721 0.00556811951754721
0.0115234375 0.0057633739406826 0.0057633739406826
0.0119140625 0.00595863217213388 0.00595863217213388
0.0123046875 0.00615389384921006 0.00615389384921006
0.0126953125 0.00634915865385 0.00634915865385
0.0130859375 0.0065444263059744 0.0065444263059744
0.0134765625 0.00673969655797579 0.00673969655797579
0.0138671875 0.00693496919014325 0.00693496919014325
0.0142578125 0.00713024400684992 0.00713024400684992
0.0146484375 0.00732552083333449 0.00732552083333449
0.0150390625 0.00752079951298779 0.00752079951298779
0.0154296875 0.00771607990506462 0.00771607990506462
0.0158203125 0.00791136188271868 0.00791136188271868
0.0162109375 0.00810664533132943 0.00810664533132943
0.0166015625 0.00830193014706326 0.00830193014706326
0.0169921875 0.0084972162356356 0.0084972162356356
0.0173828125 0.00869250351123729 0.00869250351123729
0.0177734375 0.00888779189560651 0.00888779189560651
0.0181640625 0.00908308131720603 0.00908308131720603
0.0185546875 0.00927837171052714 0.00927837171052714
0.0189453125 0.0094736630154646 0.0094736630154646
0.0193359375 0.00966895517676924 0.00966895517676924
0.0197265625 0.00986424814356734 0.00986424814356734
0.0201171875 0.0100595418689353 0.0100595418689353
0.0205078125 0.0102548363095267 0.0102548363095267
0.0208984375 0.010450131425237 0.010450131425237
0.0212890625 0.0106454271789025 0.0106454271789025
0.0216796875 0.0108407235360397 0.0108407235360397
0.0220703125 0.0110360204646054 0.0110360204646054
0.0224609375 0.0112313179347867 0.0112313179347867
0.0228515625 0.011426615918807 0.011426615918807
0.0232421875 0.0116219143907592 0.0116219143907592
0.0236328125 0.0118172133264505 0.0118172133264505
0.0240234375 0.0120125127032567 0.0120125127032567
0.0244140625 0.0122078125000058 0.0122078125000058
0.0248046875 0.012403112696856 0.012403112696856
0.0251953125 0.0125984132751999 0.0125984132751999
0.0255859375 0.0127937142175627 0.0127937142175627
0.0259765625 0.0129890155075241 0.0129890155075241
0.0263671875 0.0131843171296342 0.0131843171296342
0.0267578125 0.013379619069348 0.013379619069348
0.0271484375 0.0135749213129543 0.0135749213129543
0.0275390625 0.0137702238475224 0.0137702238475224
0.0279296875 0.0139655266608441 0.0139655266608441
0.0283203125 0.0141608297413842 0.0141608297413842
0.0287109375 0.0143561330782371 0.0143561330782371
0.0291015625 0.0145514366610799 0.0145514366610799
0.0294921875 0.0147467404801382 0.0147467404801382
0.0298828125 0.0149420445261494 0.0149420445261494
0.0302734375 0.0151373487903284 0.0151373487903284
0.0306640625 0.0153326532643361 0.0153326532643361
0.0310546875 0.0155279579402579 0.0155279579402579
0.0314453125 0.0157232628105641 0.0157232628105641
0.0318359375 0.015918567868104 0.015918567868104
0.0322265625 0.0161138731060662 0.0161138731060662
0.0326171875 0.0163091785179703 0.0163091785179703
0.0330078125 0.0165044840976403 0.0165044840976403
0.0333984375 0.0166997898391874 0.0166997898391874
0.0337890625 0.0168950957369995 0.0168950957369995
0.0341796875 0.0170904017857187 0.0170904017857187
0.0345703125 0.0172857079802324 0.0172857079802324
0.0349609375 0.0174810143156479 0.0174810143156479
0.0353515625 0.0176763207872976 0.0176763207872976
0.0357421875 0.0178716273907154 0.0178716273907154
0.0361328125 0.0180669341216277 0.0180669341216277
0.0365234375 0.0182622409759414 0.0182622409759414
0.0369140625 0.0184575479497417 0.0184575479497417
0.0373046875 0.0186528550392728 0.0186528550392728
0.0376953125 0.0188481622409387 0.0188481622409387
0.0380859375 0.0190434695512898 0.0190434695512898
0.0384765625 0.0192387769670133 0.0192387769670133
0.0388671875 0.0194340844849317 0.0194340844849317
0.0392578125 0.0196293921019974 0.0196293921019974
0.0396484375 0.0198246998152785 0.0198246998152785
0.0400390625 0.0200200076219603 0.0200200076219603
0.0404296875 0.020215315519333 0.020215315519333
0.0408203125 0.0204106235047941 0.0204106235047941
0.0412109375 0.0206059315758367 0.0206059315758367
0.0416015625 0.020801239730055 0.020801239730055
0.0419921875 0.0209965479651264 0.0209965479651264
0.0423828125 0.0211918562788127 0.0211918562788127
0.0427734375 0.0213871646689601 0.0213871646689601
0.0431640625 0.0215824731334935 0.0215824731334935
0.0435546875 0.0217777816704146 0.0217777816704146
0.0439453125 0.0219730902777893 0.0219730902777893
0.0443359375 0.022168398953758 0.022168398953758
0.0447265625 0.02236370769652 0.02236370769652
0.0451171875 0.0225590165043421 0.0225590165043421
0.0455078125 0.0227543253755502 0.0227543253755502
0.0458984375 0.0229496343085256 0.0229496343085256
0.0462890625 0.0231449433017039 0.0231449433017039
0.0466796875 0.0233402523535736 0.0233402523535736
0.0470703125 0.023535561462672 0.023535561462672
0.0474609375 0.0237308706275879 0.0237308706275879
0.0478515625 0.0239261798469553 0.0239261798469553
0.0482421875 0.0241214891194502 0.0241214891194502
0.0486328125 0.0243167984437931 0.0243167984437931
0.0490234375 0.0245121078187421 0.0245121078187421
0.0494140625 0.0247074172431 0.0247074172431
0.0498046875 0.0249027267157037 0.0249027267157037
0.0501953125 0.0250980362354264 0.0250980362354264
0.0505859375 0.025293345801175 0.025293345801175
0.0509765625 0.0254886554118933 0.0254886554118933
0.0513671875 0.0256839650665552 0.0256839650665552
0.0517578125 0.0258792747641656 0.0258792747641656
0.0521484375 0.0260745845037602 0.0260745845037602
0.0525390625 0.0262698942844003 0.0262698942844003
0.0529296875 0.0264652041051788 0.0264652041051788
0.0533203125 0.0266605139652143 0.0266605139652143
0.0537109375 0.026855823863649 0.026855823863649
0.0541015625 0.0270511337996515 0.0270511337996515
0.0544921875 0.0272464437724135 0.0272464437724135
0.0548828125 0.0274417537811494 0.0274417537811494
0.0552734375 0.0276370638250989 0.0276370638250989
0.0556640625 0.0278323739035191 0.0278323739035191
0.0560546875 0.0280276840156896 0.0280276840156896
0.0564453125 0.0282229941609091 0.0282229941609091
0.0568359375 0.0284183043384967 0.0284183043384967
0.0572265625 0.02861361454779 0.02861361454779
0.0576171875 0.028808924788144 0.028808924788144
0.0580078125 0.0290042350589309 0.0290042350589309
0.0583984375 0.0291995453595389 0.0291995453595389
0.0587890625 0.0293948556893753 0.0293948556893753
0.0591796875 0.0295901660478615 0.0295901660478615
0.0595703125 0.029785476434433 0.029785476434433
0.0599609375 0.0299807868485408 0.0299807868485408
0.0603515625 0.0301760972896498 0.0301760972896498
0.0607421875 0.0303714077572398 0.0303714077572398
0.0611328125 0.0305667182508029 0.0305667182508029
0.0615234375 0.0307620287698451 0.0307620287698451
0.0619140625 0.030957339313884 0.030957339313884
0.0623046875 0.0311526498824483 0.0311526498824483
0.0626953125 0.0313479604750805 0.0313479604750805
0.0630859375 0.0315432710913333 0.0315432710913333
0.0634765625 0.0317385817307708 0.0317385817307708
0.0638671875 0.0319338923929674 0.0319338923929674
0.0642578125 0.0321292030775094 0.0321292030775094
0.0646484375 0.03232451378399 0.03232451378399
0.0650390625 0.032519824512014 0.032519824512014
0.0654296875 0.0327151352611954 0.0327151352611954
0.0658203125 0.0329104460311586 0.0329104460311586
0.0662109375 0.0331057568215359 0.0331057568215359
0.0666015625 0.0333010676319673 0.0333010676319673
0.0669921875 0.0334963784621006 0.0334963784621006
0.0673828125 0.0336916893115952 0.0336916893115952
0.0677734375 0.0338870001801167 0.0338870001801167
0.0681640625 0.0340823110673372 0.0340823110673372
0.0685546875 0.0342776219729368 0.0342776219729368
0.0689453125 0.0344729328966026 0.0344729328966026
0.0693359375 0.0346682438380297 0.0346682438380297
0.0697265625 0.03486355479692 0.03486355479692
0.0701171875 0.0350588657729822 0.0350588657729822
0.0705078125 0.0352541767659298 0.0352541767659298
0.0708984375 0.0354494877754841 0.0354494877754841
0.0712890625 0.0356447988013714 0.0356447988013714
0.0716796875 0.0358401098433259 0.0358401098433259
0.0720703125 0.0360354209010855 0.0360354209010855
0.0724609375 0.0362307319743954 0.0362307319743954
0.0728515625 0.0364260430630042 0.0364260430630042
0.0732421875 0.0366213541666677 0.0366213541666677
0.0736328125 0.036816665285147 0.036816665285147
0.0740234375 0.0370119764182075 0.0370119764182075
0.0744140625 0.0372072875656188 0.0372072875656188
0.0748046875 0.0374025987271559 0.0374025987271559
0.0751953125 0.0375979099025991 0.0375979099025991
0.0755859375 0.0377932210917331 0.0377932210917331
0.0759765625 0.0379885322943468 0.0379885322943468
0.0763671875 0.0381838435102333 0.0381838435102333
0.0767578125 0.0383791547391893 0.0383791547391893
0.0771484375 0.0385744659810161 0.0385744659810161
0.0775390625 0.0387697772355194 0.0387697772355194
0.0779296875 0.0389650885025095 0.0389650885025095
0.0783203125 0.0391603997817996 0.0391603997817996
0.0787109375 0.0393557110732051 0.0393557110732051
0.0791015625 0.0395510223765472 0.0395510223765472
0.0794921875 0.0397463336916504 0.0397463336916504
0.0798828125 0.0399416450183418 0.0399416450183418
0.0802734375 0.0401369563564519 0.0401369563564519
0.0806640625 0.0403322677058152 0.0403322677058152
0.0810546875 0.040527579066269 0.040527579066269
0.0814453125 0.0407228904376541 0.0407228904376541
0.0818359375 0.0409182018198134 0.0409182018198134
0.0822265625 0.0411135132125939 0.0411135132125939
0.0826171875 0.0413088246158438 0.0413088246158438
0.0830078125 0.041504136029416 0.041504136029416
0.0833984375 0.0416994474531662 0.0416994474531662
0.0837890625 0.0418947588869512 0.0418947588869512
0.0841796875 0.0420900703306312 0.0420900703306312
0.0845703125 0.042285381784069 0.042285381784069
0.0849609375 0.0424806932471308 0.0424806932471308
0.0853515625 0.0426760047196839 0.0426760047196839
0.0857421875 0.0428713162015995 0.0428713162015995
0.0861328125 0.0430666276927485 0.0430666276927485
0.0865234375 0.043261939193007 0.043261939193007
0.0869140625 0.0434572507022521 0.0434572507022521
0.0873046875 0.0436525622203629 0.0436525622203629
0.0876953125 0.0438478737472209 0.0438478737472209
0.0880859375 0.0440431852827103 0.0440431852827103
0.0884765625 0.0442384968267159 0.0442384968267159
0.0888671875 0.044433808379126 0.044433808379126
0.0892578125 0.0446291199398299 0.0446291199398299
0.0896484375 0.0448244315087197 0.0448244315087197
0.0900390625 0.0450197430856887 0.0450197430856887
0.0904296875 0.0452150546706317 0.0452150546706317
0.0908203125 0.0454103662634461 0.0454103662634461
0.0912109375 0.0456056778640311 0.0456056778640311
0.0916015625 0.045800989472287 0.045800989472287
0.0919921875 0.0459963010881161 0.0459963010881161
0.0923828125 0.046191612711422 0.046191612711422
0.0927734375 0.0463869243421108 0.0463869243421108
0.0931640625 0.0465822359800894 0.0465822359800894
0.0935546875 0.0467775476252666 0.0467775476252666
0.0939453125 0.0469728592775524 0.0469728592775524
0.0943359375 0.0471681709368588 0.0471681709368588
0.0947265625 0.0473634826030986 0.0473634826030986
0.0951171875 0.0475587942761865 0.0475587942761865
0.0955078125 0.0477541059560386 0.0477541059560386
0.0958984375 0.0479494176425721 0.0479494176425721
0.0962890625 0.0481447293357058 0.0481447293357058
0.0966796875 0.0483400410353595 0.0483400410353595
0.0970703125 0.0485353527414546 0.0485353527414546
0.0974609375 0.0487306644539138 0.0487306644539138
0.0978515625 0.0489259761726606 0.0489259761726606
0.0982421875 0.0491212878976202 0.0491212878976202
0.0986328125 0.0493165996287187 0.0493165996287187
0.0990234375 0.0495119113658836 0.0495119113658836
0.0994140625 0.0497072231090432 0.0497072231090432
0.0998046875 0.0499025348581272 0.0499025348581272
