0.0015625 0.000781249999999845 0.000781249999999845
0.0046875 0.00234374999999995 0.00234374999999995
0.0078125 0.00390624999999992 0.00390624999999992
0.0109375 0.00546875000000002 0.00546875000000002
0.0140625 0.00703124999999999 0.00703124999999999
0.0171875 0.00859374999999996 0.00859374999999996
0.0203125 0.0101562499999999 0.0101562499999999
0.0234375 0.01171875 0.01171875
0.0265625 0.01328125 0.01328125
0.0296875 0.01484375 0.01484375
0.0328125 0.0164062499999999 0.0164062499999999
0.0359375 0.01796875 0.01796875
0.0390625 0.01953125 0.01953125
0.0421875 0.02109375 0.02109375
0.0453125 0.02265625 0.02265625
0.0484375 0.02421875 0.02421875
0.0515625 0.02578125 0.02578125
0.0546875 0.02734375 0.02734375
0.0578125 0.02890625 0.02890625
0.0609375 0.03046875 0.03046875
0.0640625 0.03203125 0.03203125
0.0671875 0.03359375 0.03359375
0.0703125 0.03515625 0.03515625
0.0734375 0.03671875 0.03671875
0.0765625 0.03828125 0.03828125
0.0796875 0.03984375 0.03984375
0.0828125 0.04140625 0.04140625
0.0859375 0.04296875 0.04296875
0.0890625 0.04453125 0.04453125
0.0921875 0.04609375 0.04609375
0.0953125 0.04765625 0.04765625
0.0984375 0.04921875 0.04921875
