0 0.00249999999999999
0.0001953125 0.00249999046325683
0.000390625 0.00249996185302734
0.0005859375 0.00249991416931152
0.00078125 0.00249984741210937
0.0009765625 0.0024997615814209
0.001171875 0.00249965667724609
0.0013671875 0.00249953269958496
0.0015625 0.0024993896484375
0.0017578125 0.00249922752380371
0.001953125 0.00249904632568359
0.0021484375 0.00249884605407715
0.00234375 0.00249862670898437
0.0025390625 0.00249838829040527
0.002734375 0.00249813079833984
0.0029296875 0.00249785423278808
0.003125 0.00249755859375
0.0033203125 0.00249724388122558
0.003515625 0.00249691009521484
0.0037109375 0.00249655723571777
0.00390625 0.00249618530273437
0.0041015625 0.00249579429626465
0.004296875 0.00249538421630859
0.0044921875 0.00249495506286621
0.0046875 0.0024945068359375
0.0048828125 0.00249403953552246
0.005078125 0.00249355316162109
0.0052734375 0.0024930477142334
0.00546875 0.00249252319335937
0.0056640625 0.00249197959899902
0.005859375 0.00249141693115234
0.0060546875 0.00249083518981934
0.00625 0.002490234375
0.0064453125 0.00248961448669433
0.006640625 0.00248897552490234
0.0068359375 0.00248831748962402
0.00703125 0.00248764038085937
0.0072265625 0.0024869441986084
0.007421875 0.00248622894287109
0.0076171875 0.00248549461364746
0.0078125 0.0024847412109375
0.0080078125 0.00248396873474121
0.008203125 0.00248317718505859
0.0083984375 0.00248236656188965
0.00859375 0.00248153686523437
0.0087890625 0.00248068809509277
0.008984375 0.00247982025146484
0.0091796875 0.00247893333435059
0.009375 0.00247802734375
0.0095703125 0.00247710227966309
0.009765625 0.00247615814208984
0.0099609375 0.00247519493103027
0.01015625 0.00247421264648438
0.0103515625 0.00247321128845215
0.010546875 0.00247219085693359
0.0107421875 0.00247115135192871
0.0109375 0.0024700927734375
0.0111328125 0.00246901512145996
0.011328125 0.00246791839599609
0.0115234375 0.0024668025970459
0.01171875 0.00246566772460937
0.0119140625 0.00246451377868652
0.012109375 0.00246334075927734
0.0123046875 0.00246214866638184
0.0125 0.0024609375
0.0126953125 0.00245970726013184
0.012890625 0.00245845794677734
0.0130859375 0.00245718955993652
0.01328125 0.00245590209960937
0.0134765625 0.0024545955657959
0.013671875 0.00245326995849609
0.0138671875 0.00245192527770996
0.0140625 0.0024505615234375
0.0142578125 0.00244917869567871
0.014453125 0.00244777679443359
0.0146484375 0.00244635581970215
0.01484375 0.00244491577148438
0.0150390625 0.00244345664978027
0.015234375 0.00244197845458984
0.0154296875 0.00244048118591309
0.015625 0.00243896484375
0.0158203125 0.00243742942810059
0.016015625 0.00243587493896484
0.0162109375 0.00243430137634277
0.01640625 0.00243270874023437
0.0166015625 0.00243109703063965
0.016796875 0.00242946624755859
0.0169921875 0.00242781639099121
0.0171875 0.0024261474609375
0.0173828125 0.00242445945739746
0.017578125 0.00242275238037109
0.0177734375 0.0024210262298584
0.01796875 0.00241928100585937
0.0181640625 0.00241751670837402
0.018359375 0.00241573333740234
0.0185546875 0.00241393089294434
0.01875 0.002412109375
0.0189453125 0.00241026878356934
0.019140625 0.00240840911865234
0.0193359375 0.00240653038024902
0.01953125 0.00240463256835938
0.0197265625 0.0024027156829834
0.019921875 0.00240077972412109
0.0201171875 0.00239882469177246
0.0203125 0.0023968505859375
0.0205078125 0.00239485740661621
0.020703125 0.00239284515380859
0.0208984375 0.00239081382751465
0.02109375 0.00238876342773437
0.0212890625 0.00238669395446777
0.021484375 0.00238460540771484
0.0216796875 0.00238249778747559
0.021875 0.00238037109375
0.0220703125 0.00237822532653809
0.022265625 0.00237606048583984
0.0224609375 0.00237387657165527
0.02265625 0.00237167358398437
0.0228515625 0.00236945152282715
0.023046875 0.00236721038818359
0.0232421875 0.00236495018005371
0.0234375 0.0023626708984375
0.0236328125 0.00236037254333496
0.023828125 0.00235805511474609
0.0240234375 0.0023557186126709
0.02421875 0.00235336303710938
0.0244140625 0.00235098838806152
0.024609375 0.00234859466552734
0.0248046875 0.00234618186950684
0.025 0.00234375
0.0251953125 0.00234129905700684
0.025390625 0.00233882904052734
0.0255859375 0.00233633995056152
0.02578125 0.00233383178710937
0.0259765625 0.0023313045501709
0.026171875 0.00232875823974609
0.0263671875 0.00232619285583496
0.0265625 0.0023236083984375
0.0267578125 0.00232100486755371
0.026953125 0.00231838226318359
0.0271484375 0.00231574058532715
0.02734375 0.00231307983398437
0.0275390625 0.00231040000915527
0.027734375 0.00230770111083984
0.0279296875 0.00230498313903809
0.028125 0.00230224609375
0.0283203125 0.00229948997497559
0.028515625 0.00229671478271484
0.0287109375 0.00229392051696777
0.02890625 0.00229110717773438
0.0291015625 0.00228827476501465
0.029296875 0.00228542327880859
0.0294921875 0.00228255271911621
0.0296875 0.0022796630859375
0.0298828125 0.00227675437927246
0.030078125 0.00227382659912109
0.0302734375 0.0022708797454834
0.03046875 0.00226791381835937
0.0306640625 0.00226492881774902
0.030859375 0.00226192474365234
0.0310546875 0.00225890159606934
0.03125 0.002255859375
0.0314453125 0.00225279808044434
0.031640625 0.00224971771240234
0.0318359375 0.00224661827087402
0.03203125 0.00224349975585937
0.0322265625 0.0022403621673584
0.032421875 0.00223720550537109
0.0326171875 0.00223402976989746
0.0328125 0.0022308349609375
0.0330078125 0.00222762107849121
0.033203125 0.00222438812255859
0.0333984375 0.00222113609313965
0.03359375 0.00221786499023438
0.0337890625 0.00221457481384277
0.033984375 0.00221126556396484
0.0341796875 0.00220793724060059
0.034375 0.00220458984375
0.0345703125 0.00220122337341309
0.034765625 0.00219783782958984
0.0349609375 0.00219443321228027
0.03515625 0.00219100952148438
0.0353515625 0.00218756675720215
0.035546875 0.00218410491943359
0.0357421875 0.00218062400817871
0.0359375 0.0021771240234375
0.0361328125 0.00217360496520996
0.036328125 0.00217006683349609
0.0365234375 0.0021665096282959
0.03671875 0.00216293334960937
0.0369140625 0.00215933799743652
0.037109375 0.00215572357177734
0.0373046875 0.00215209007263184
0.0375 0.0021484375
0.0376953125 0.00214476585388184
0.037890625 0.00214107513427734
0.0380859375 0.00213736534118652
0.03828125 0.00213363647460938
0.0384765625 0.0021298885345459
0.038671875 0.00212612152099609
0.0388671875 0.00212233543395996
0.0390625 0.0021185302734375
0.0392578125 0.00211470603942871
0.039453125 0.00211086273193359
0.0396484375 0.00210700035095215
0.03984375 0.00210311889648438
0.0400390625 0.00209921836853027
0.040234375 0.00209529876708984
0.0404296875 0.00209136009216309
0.040625 0.00208740234375
0.0408203125 0.00208342552185059
0.041015625 0.00207942962646484
0.0412109375 0.00207541465759277
0.04140625 0.00207138061523437
0.0416015625 0.00206732749938965
0.041796875 0.00206325531005859
0.0419921875 0.00205916404724121
0.0421875 0.0020550537109375
0.0423828125 0.00205092430114746
0.042578125 0.00204677581787109
0.0427734375 0.0020426082611084
0.04296875 0.00203842163085938
0.0431640625 0.00203421592712402
0.043359375 0.00202999114990234
0.0435546875 0.00202574729919434
0.04375 0.002021484375
0.0439453125 0.00201720237731934
0.044140625 0.00201290130615234
0.0443359375 0.00200858116149902
0.04453125 0.00200424194335938
0.0447265625 0.0019998836517334
0.044921875 0.00199550628662109
0.0451171875 0.00199110984802246
0.0453125 0.0019866943359375
0.0455078125 0.00198225975036621
0.045703125 0.00197780609130859
0.0458984375 0.00197333335876465
0.04609375 0.00196884155273437
0.0462890625 0.00196433067321777
0.046484375 0.00195980072021484
0.0466796875 0.00195525169372559
0.046875 0.00195068359375
0.0470703125 0.00194609642028809
0.047265625 0.00194149017333984
0.0474609375 0.00193686485290527
0.04765625 0.00193222045898437
0.0478515625 0.00192755699157715
0.048046875 0.00192287445068359
0.0482421875 0.00191817283630371
0.0484375 0.0019134521484375
0.0486328125 0.00190871238708496
0.048828125 0.00190395355224609
0.0490234375 0.0018991756439209
0.04921875 0.00189437866210937
0.0494140625 0.00188956260681152
0.049609375 0.00188472747802734
0.0498046875 0.00187987327575684
0.05 0.001875
0.0501953125 0.00187010765075684
0.050390625 0.00186519622802734
0.0505859375 0.00186026573181152
0.05078125 0.00185531616210937
0.0509765625 0.0018503475189209
0.051171875 0.00184535980224609
0.0513671875 0.00184035301208496
0.0515625 0.0018353271484375
0.0517578125 0.00183028221130371
0.051953125 0.00182521820068359
0.0521484375 0.00182013511657715
0.05234375 0.00181503295898437
0.0525390625 0.00180991172790527
0.052734375 0.00180477142333984
0.0529296875 0.00179961204528809
0.053125 0.00179443359375
0.0533203125 0.00178923606872559
0.053515625 0.00178401947021484
0.0537109375 0.00177878379821777
0.05390625 0.00177352905273437
0.0541015625 0.00176825523376465
0.054296875 0.00176296234130859
0.0544921875 0.00175765037536621
0.0546875 0.0017523193359375
0.0548828125 0.00174696922302246
0.055078125 0.00174160003662109
0.0552734375 0.0017362117767334
0.05546875 0.00173080444335937
0.0556640625 0.00172537803649902
0.055859375 0.00171993255615234
0.0560546875 0.00171446800231934
0.05625 0.001708984375
0.0564453125 0.00170348167419434
0.056640625 0.00169795989990234
0.0568359375 0.00169241905212402
0.05703125 0.00168685913085937
0.0572265625 0.0016812801361084
0.057421875 0.00167568206787109
0.0576171875 0.00167006492614746
0.0578125 0.0016644287109375
0.0580078125 0.00165877342224121
0.058203125 0.00165309906005859
0.0583984375 0.00164740562438965
0.05859375 0.00164169311523437
0.0587890625 0.00163596153259277
0.058984375 0.00163021087646484
0.0591796875 0.00162444114685059
0.059375 0.00161865234375
0.0595703125 0.00161284446716309
0.059765625 0.00160701751708984
0.0599609375 0.00160117149353027
0.06015625 0.00159530639648437
0.0603515625 0.00158942222595215
0.060546875 0.00158351898193359
0.0607421875 0.00157759666442871
0.0609375 0.0015716552734375
0.0611328125 0.00156569480895996
0.061328125 0.00155971527099609
0.0615234375 0.0015537166595459
0.06171875 0.00154769897460937
0.0619140625 0.00154166221618652
0.062109375 0.00153560638427734
0.0623046875 0.00152953147888184
0.0625 0.0015234375
0.0626953125 0.00151732444763184
0.062890625 0.00151119232177734
0.0630859375 0.00150504112243652
0.06328125 0.00149887084960937
0.0634765625 0.0014926815032959
0.063671875 0.00148647308349609
0.0638671875 0.00148024559020996
0.0640625 0.0014739990234375
0.0642578125 0.00146773338317871
0.064453125 0.00146144866943359
0.0646484375 0.00145514488220215
0.06484375 0.00144882202148437
0.0650390625 0.00144248008728027
0.065234375 0.00143611907958984
0.0654296875 0.00142973899841309
0.065625 0.00142333984375
0.0658203125 0.00141692161560059
0.066015625 0.00141048431396484
0.0662109375 0.00140402793884277
0.06640625 0.00139755249023437
0.0666015625 0.00139105796813965
0.066796875 0.00138454437255859
0.0669921875 0.00137801170349121
0.0671875 0.0013714599609375
0.0673828125 0.00136488914489746
0.067578125 0.00135829925537109
0.0677734375 0.0013516902923584
0.06796875 0.00134506225585937
0.0681640625 0.00133841514587402
0.068359375 0.00133174896240234
0.0685546875 0.00132506370544434
0.06875 0.001318359375
0.0689453125 0.00131163597106934
0.069140625 0.00130489349365234
0.0693359375 0.00129813194274902
0.06953125 0.00129135131835937
0.0697265625 0.0012845516204834
0.069921875 0.00127773284912109
0.0701171875 0.00127089500427246
0.0703125 0.0012640380859375
0.0705078125 0.00125716209411621
0.070703125 0.00125026702880859
0.0708984375 0.00124335289001465
0.07109375 0.00123641967773437
0.0712890625 0.00122946739196777
0.071484375 0.00122249603271484
0.0716796875 0.00121550559997559
0.071875 0.00120849609375
0.0720703125 0.00120146751403809
0.072265625 0.00119441986083984
0.0724609375 0.00118735313415527
0.07265625 0.00118026733398437
0.0728515625 0.00117316246032715
0.073046875 0.00116603851318359
0.0732421875 0.00115889549255371
0.0734375 0.0011517333984375
0.0736328125 0.00114455223083496
0.073828125 0.00113735198974609
0.0740234375 0.0011301326751709
0.07421875 0.00112289428710937
0.0744140625 0.00111563682556152
0.074609375 0.00110836029052734
0.0748046875 0.00110106468200684
0.075 0.00109375
0.0751953125 0.00108641624450684
0.075390625 0.00107906341552734
0.0755859375 0.00107169151306152
0.07578125 0.00106430053710937
0.0759765625 0.0010568904876709
0.076171875 0.00104946136474609
0.0763671875 0.00104201316833496
0.0765625 0.0010345458984375
0.0767578125 0.00102705955505371
0.076953125 0.00101955413818359
0.0771484375 0.00101202964782715
0.07734375 0.00100448608398437
0.0775390625 0.000996923446655273
0.077734375 0.000989341735839843
0.0779296875 0.000981740951538086
0.078125 0.00097412109375
0.0783203125 0.000966482162475586
0.078515625 0.000958824157714844
0.0787109375 0.000951147079467773
0.07890625 0.000943450927734375
0.0791015625 0.000935735702514648
0.079296875 0.000928001403808593
0.0794921875 0.000920248031616211
0.0796875 0.0009124755859375
0.0798828125 0.000904684066772461
0.080078125 0.000896873474121094
0.0802734375 0.000889043807983398
0.08046875 0.000881195068359375
0.0806640625 0.000873327255249023
0.080859375 0.000865440368652344
0.0810546875 0.000857534408569336
0.08125 0.000849609375
0.0814453125 0.000841665267944336
0.081640625 0.000833702087402344
0.0818359375 0.000825719833374023
0.08203125 0.000817718505859375
0.0822265625 0.000809698104858398
0.082421875 0.000801658630371094
0.0826171875 0.000793600082397461
0.0828125 0.0007855224609375
0.0830078125 0.000777425765991211
0.083203125 0.000769309997558594
0.0833984375 0.000761175155639648
0.08359375 0.000753021240234375
0.0837890625 0.000744848251342773
0.083984375 0.000736656188964844
0.0841796875 0.000728445053100586
0.084375 0.00072021484375
0.0845703125 0.000711965560913086
0.084765625 0.000703697204589844
0.0849609375 0.000695409774780273
0.08515625 0.000687103271484375
0.0853515625 0.000678777694702148
0.085546875 0.000670433044433594
0.0857421875 0.000662069320678711
0.0859375 0.0006536865234375
0.0861328125 0.000645284652709961
0.086328125 0.000636863708496094
0.0865234375 0.000628423690795898
0.08671875 0.000619964599609375
0.0869140625 0.000611486434936523
0.087109375 0.000602989196777344
0.0873046875 0.000594472885131836
0.0875 0.0005859375
0.0876953125 0.000577383041381836
0.087890625 0.000568809509277344
0.0880859375 0.000560216903686523
0.08828125 0.000551605224609375
0.0884765625 0.000542974472045898
0.088671875 0.000534324645996094
0.0888671875 0.000525655746459961
0.0890625 0.0005169677734375
0.0892578125 0.000508260726928711
0.089453125 0.000499534606933594
0.0896484375 0.000490789413452148
0.08984375 0.000482025146484375
0.0900390625 0.000473241806030273
0.090234375 0.000464439392089844
0.0904296875 0.000455617904663086
0.090625 0.00044677734375
0.0908203125 0.000437917709350586
0.091015625 0.000429039001464844
0.0912109375 0.000420141220092773
0.09140625 0.000411224365234375
0.0916015625 0.000402288436889648
0.091796875 0.000393333435058594
0.0919921875 0.000384359359741211
0.0921875 0.0003753662109375
0.0923828125 0.000366353988647461
0.092578125 0.000357322692871094
0.0927734375 0.000348272323608398
0.09296875 0.000339202880859375
0.0931640625 0.000330114364624023
0.093359375 0.000321006774902344
0.0935546875 0.000311880111694336
0.09375 0.000302734375
0.0939453125 0.000293569564819336
0.094140625 0.000284385681152344
0.0943359375 0.000275182723999023
0.09453125 0.000265960693359375
0.0947265625 0.000256719589233398
0.094921875 0.000247459411621094
0.0951171875 0.000238180160522461
0.0953125 0.0002288818359375
0.0955078125 0.000219564437866211
0.095703125 0.000210227966308594
0.0958984375 0.000200872421264648
0.09609375 0.000191497802734375
0.0962890625 0.000182104110717773
0.096484375 0.000172691345214844
0.0966796875 0.000163259506225586
0.096875 0.00015380859375
0.0970703125 0.000144338607788086
0.097265625 0.000134849548339844
0.0974609375 0.000125341415405273
0.09765625 0.000115814208984375
0.0978515625 0.000106267929077148
0.098046875 9.67025756835938e-05
0.0982421875 8.71181488037109e-05
0.0984375 7.75146484375e-05
0.0986328125 6.78920745849609e-05
0.098828125 5.82504272460938e-05
0.0990234375 4.85897064208984e-05
0.09921875 3.8909912109375e-05
0.0994140625 2.92110443115234e-05
0.099609375 1.94931030273438e-05
0.0998046875 9.75608825683594e-06
0.1 0
