0 0.0025
0.00078125 0.00249984741210937
0.0015625 0.0024993896484375
0.00234375 0.00249862670898437
0.003125 0.00249755859375
0.00390625 0.00249618530273437
0.0046875 0.0024945068359375
0.00546875 0.00249252319335937
0.00625 0.002490234375
0.00703125 0.00248764038085937
0.0078125 0.0024847412109375
0.00859375 0.00248153686523437
0.009375 0.00247802734375
0.01015625 0.00247421264648437
0.0109375 0.0024700927734375
0.01171875 0.00246566772460937
0.0125 0.0024609375
0.01328125 0.00245590209960937
0.0140625 0.0024505615234375
0.01484375 0.00244491577148437
0.015625 0.00243896484375
0.01640625 0.00243270874023437
0.0171875 0.0024261474609375
0.01796875 0.00241928100585937
0.01875 0.002412109375
0.01953125 0.00240463256835937
0.0203125 0.0023968505859375
0.02109375 0.00238876342773437
0.021875 0.00238037109375
0.02265625 0.00237167358398437
0.0234375 0.0023626708984375
0.02421875 0.00235336303710937
0.025 0.00234375
0.02578125 0.00233383178710937
0.0265625 0.0023236083984375
0.02734375 0.00231307983398437
0.028125 0.00230224609375
0.02890625 0.00229110717773437
0.0296875 0.0022796630859375
0.03046875 0.00226791381835937
0.03125 0.002255859375
0.03203125 0.00224349975585937
0.0328125 0.0022308349609375
0.03359375 0.00221786499023437
0.034375 0.00220458984375
0.03515625 0.00219100952148437
0.0359375 0.0021771240234375
0.03671875 0.00216293334960937
0.0375 0.0021484375
0.03828125 0.00213363647460937
0.0390625 0.0021185302734375
0.03984375 0.00210311889648437
0.040625 0.00208740234375
0.04140625 0.00207138061523437
0.0421875 0.0020550537109375
0.04296875 0.00203842163085937
0.04375 0.002021484375
0.04453125 0.00200424194335937
0.0453125 0.0019866943359375
0.04609375 0.00196884155273437
0.046875 0.00195068359375
0.04765625 0.00193222045898437
0.0484375 0.0019134521484375
0.04921875 0.00189437866210937
0.05 0.001875
0.05078125 0.00185531616210937
0.0515625 0.0018353271484375
0.05234375 0.00181503295898437
0.053125 0.00179443359375
0.05390625 0.00177352905273437
0.0546875 0.0017523193359375
0.05546875 0.00173080444335937
0.05625 0.001708984375
0.05703125 0.00168685913085937
0.0578125 0.0016644287109375
0.05859375 0.00164169311523437
0.059375 0.00161865234375
0.06015625 0.00159530639648437
0.0609375 0.0015716552734375
0.06171875 0.00154769897460937
0.0625 0.0015234375
0.06328125 0.00149887084960937
0.0640625 0.0014739990234375
0.06484375 0.00144882202148437
0.065625 0.00142333984375
0.06640625 0.00139755249023437
0.0671875 0.0013714599609375
0.06796875 0.00134506225585937
0.06875 0.001318359375
0.06953125 0.00129135131835937
0.0703125 0.0012640380859375
0.07109375 0.00123641967773437
0.071875 0.00120849609375
0.07265625 0.00118026733398437
0.0734375 0.0011517333984375
0.07421875 0.00112289428710937
0.075 0.00109375
0.07578125 0.00106430053710937
0.0765625 0.0010345458984375
0.07734375 0.00100448608398437
0.078125 0.00097412109375
0.07890625 0.000943450927734375
0.0796875 0.0009124755859375
0.08046875 0.000881195068359375
0.08125 0.000849609375
0.08203125 0.000817718505859375
0.0828125 0.0007855224609375
0.08359375 0.000753021240234375
0.084375 0.00072021484375
0.08515625 0.000687103271484375
0.0859375 0.0006536865234375
0.08671875 0.000619964599609375
0.0875 0.0005859375
0.08828125 0.000551605224609375
0.0890625 0.0005169677734375
0.08984375 0.000482025146484375
0.090625 0.00044677734375
0.09140625 0.000411224365234375
0.0921875 0.0003753662109375
0.09296875 0.000339202880859375
0.09375 0.000302734375
0.09453125 0.000265960693359375
0.0953125 0.0002288818359375
0.09609375 0.000191497802734375
0.096875 0.00015380859375
0.09765625 0.000115814208984375
0.0984375 7.75146484375002e-05
0.09921875 3.89099121093752e-05
0.1 0
