0.00078125 0.000390624999998535 0.000390624999998535
0.00234375 0.00117187499999921 0.00117187499999921
0.00390625 0.00195312499999961 0.00195312499999961
0.00546875 0.00273437499999973 0.00273437499999973
0.00703125 0.00351562499999986 0.00351562499999986
0.00859375 0.0042968749999997 0.0042968749999997
0.01015625 0.00507812499999982 0.00507812499999982
0.01171875 0.00585937499999994 0.00585937499999994
0.01328125 0.00664062499999979 0.00664062499999979
0.01484375 0.00742187499999991 0.00742187499999991
0.01640625 0.00820312500000003 0.00820312500000003
0.01796875 0.00898437499999988 0.00898437499999988
0.01953125 0.009765625 0.009765625
0.02109375 0.0105468749999998 0.0105468749999998
0.02265625 0.011328125 0.011328125
0.02421875 0.0121093749999998 0.0121093749999998
0.02578125 0.0128906249999999 0.0128906249999999
0.02734375 0.0136718750000001 0.0136718750000001
0.02890625 0.0144531249999999 0.0144531249999999
0.03046875 0.015234375 0.015234375
0.03203125 0.0160156249999999 0.0160156249999999
0.03359375 0.016796875 0.016796875
0.03515625 0.0175781249999998 0.0175781249999998
0.03671875 0.018359375 0.018359375
0.03828125 0.0191406250000001 0.0191406250000001
0.03984375 0.0199218749999999 0.0199218749999999
0.04140625 0.020703125 0.020703125
0.04296875 0.0214843749999999 0.0214843749999999
0.04453125 0.022265625 0.022265625
0.04609375 0.0230468749999999 0.0230468749999999
0.04765625 0.023828125 0.023828125
0.04921875 0.024609375 0.024609375
0.05078125 0.0253906249999999 0.0253906249999999
0.05234375 0.0261718749999999 0.0261718749999999
0.05390625 0.0269531249999999 0.0269531249999999
0.05546875 0.027734375 0.027734375
0.05703125 0.028515625 0.028515625
0.05859375 0.029296875 0.029296875
0.06015625 0.030078125 0.030078125
0.06171875 0.030859375 0.030859375
0.06328125 0.031640625 0.031640625
0.06484375 0.0324218749999999 0.0324218749999999
0.06640625 0.0332031249999999 0.0332031249999999
0.06796875 0.033984375 0.033984375
0.06953125 0.034765625 0.034765625
0.07109375 0.035546875 0.035546875
0.07265625 0.036328125 0.036328125
0.07421875 0.037109375 0.037109375
0.07578125 0.037890625 0.037890625
0.07734375 0.038671875 0.038671875
0.07890625 0.039453125 0.039453125
0.08046875 0.040234375 0.040234375
0.08203125 0.041015625 0.041015625
0.08359375 0.041796875 0.041796875
0.08515625 0.042578125 0.042578125
0.08671875 0.043359375 0.043359375
0.08828125 0.044140625 0.044140625
0.08984375 0.044921875 0.044921875
0.09140625 0.045703125 0.045703125
0.09296875 0.046484375 0.046484375
0.09453125 0.047265625 0.047265625
0.09609375 0.048046875 0.048046875
0.09765625 0.048828125 0.048828125
0.09921875 0.049609375 0.049609375
