9.765625e-05 4.88281249944045e-05 4.88281249944045e-05
0.00029296875 0.000146484374996536 0.000146484374996536
0.00048828125 0.000244140624998668 0.000244140624998668
0.00068359375 0.000341796874998579 0.000341796874998579
0.00087890625 0.00043945312499849 0.00043945312499849
0.00107421875 0.000537109374998401 0.000537109374998401
0.00126953125 0.000634765624998312 0.000634765624998312
0.00146484375 0.000732421875000444 0.000732421875000444
0.00166015625 0.000830078125000355 0.000830078125000355
0.00185546875 0.000927734375000266 0.000927734375000266
0.00205078125 0.00102539062500018 0.00102539062500018
0.00224609375 0.00112304687500009 0.00112304687500009
0.00244140625 0.001220703125 0.001220703125
0.00263671875 0.00131835937499991 0.00131835937499991
0.00283203125 0.00141601562499982 0.00141601562499982
0.00302734375 0.00151367187499973 0.00151367187499973
0.00322265625 0.00161132812499964 0.00161132812499964
0.00341796875 0.00170898437499956 0.00170898437499956
0.00361328125 0.00180664062499947 0.00180664062499947
0.00380859375 0.00190429687499938 0.00190429687499938
0.00400390625 0.00200195312499929 0.00200195312499929
0.00419921875 0.0020996093749992 0.0020996093749992
0.00439453125 0.00219726562499911 0.00219726562499911
0.00458984375 0.00229492187499902 0.00229492187499902
0.00478515625 0.00239257812499893 0.00239257812499893
0.00498046875 0.00249023437499885 0.00249023437499885
0.00517578125 0.00258789062499876 0.00258789062499876
0.00537109375 0.00268554687500089 0.00268554687500089
0.00556640625 0.0027832031250008 0.0027832031250008
0.00576171875 0.00288085937500071 0.00288085937500071
0.00595703125 0.00297851562500062 0.00297851562500062
0.00615234375 0.00307617187500053 0.00307617187500053
0.00634765625 0.00317382812500044 0.00317382812500044
0.00654296875 0.00327148437500036 0.00327148437500036
0.00673828125 0.00336914062500027 0.00336914062500027
0.00693359375 0.00346679687500018 0.00346679687500018
0.00712890625 0.00356445312500009 0.00356445312500009
0.00732421875 0.003662109375 0.003662109375
0.00751953125 0.00375976562499991 0.00375976562499991
0.00771484375 0.00385742187499982 0.00385742187499982
0.00791015625 0.00395507812499973 0.00395507812499973
0.00810546875 0.00405273437499964 0.00405273437499964
0.00830078125 0.00415039062499956 0.00415039062499956
0.00849609375 0.00424804687499947 0.00424804687499947
0.00869140625 0.00434570312499938 0.00434570312499938
0.00888671875 0.00444335937499929 0.00444335937499929
0.00908203125 0.0045410156249992 0.0045410156249992
0.00927734375 0.00463867187499911 0.00463867187499911
0.00947265625 0.00473632812499902 0.00473632812499902
0.00966796875 0.00483398437499893 0.00483398437499893
0.00986328125 0.00493164062499885 0.00493164062499885
0.01005859375 0.00502929687500098 0.00502929687500098
0.01025390625 0.00512695312500089 0.00512695312500089
0.01044921875 0.0052246093750008 0.0052246093750008
0.01064453125 0.00532226562500071 0.00532226562500071
0.01083984375 0.00541992187500062 0.00541992187500062
0.01103515625 0.00551757812500053 0.00551757812500053
0.01123046875 0.00561523437500044 0.00561523437500044
0.01142578125 0.00571289062500036 0.00571289062500036
0.01162109375 0.00581054687500027 0.00581054687500027
0.01181640625 0.00590820312500018 0.00590820312500018
0.01201171875 0.00600585937500009 0.00600585937500009
0.01220703125 0.006103515625 0.006103515625
0.01240234375 0.00620117187499991 0.00620117187499991
0.01259765625 0.00629882812499982 0.00629882812499982
0.01279296875 0.00639648437499973 0.00639648437499973
0.01298828125 0.00649414062499964 0.00649414062499964
0.01318359375 0.00659179687499956 0.00659179687499956
0.01337890625 0.00668945312499947 0.00668945312499947
0.01357421875 0.00678710937499938 0.00678710937499938
0.01376953125 0.00688476562499929 0.00688476562499929
0.01396484375 0.0069824218749992 0.0069824218749992
0.01416015625 0.00708007812499911 0.00708007812499911
0.01435546875 0.00717773437499902 0.00717773437499902
0.01455078125 0.00727539062499893 0.00727539062499893
0.01474609375 0.00737304687499885 0.00737304687499885
0.01494140625 0.00747070312500098 0.00747070312500098
0.01513671875 0.00756835937500089 0.00756835937500089
0.01533203125 0.0076660156250008 0.0076660156250008
0.01552734375 0.00776367187500071 0.00776367187500071
0.01572265625 0.00786132812500062 0.00786132812500062
0.01591796875 0.00795898437500053 0.00795898437500053
0.01611328125 0.00805664062500044 0.00805664062500044
0.01630859375 0.00815429687500036 0.00815429687500036
0.01650390625 0.00825195312500027 0.00825195312500027
0.01669921875 0.00834960937500018 0.00834960937500018
0.01689453125 0.00844726562500009 0.00844726562500009
0.01708984375 0.008544921875 0.008544921875
0.01728515625 0.00864257812499991 0.00864257812499991
0.01748046875 0.00874023437499982 0.00874023437499982
0.01767578125 0.00883789062499973 0.00883789062499973
0.01787109375 0.00893554687499964 0.00893554687499964
0.01806640625 0.00903320312499956 0.00903320312499956
0.01826171875 0.00913085937499947 0.00913085937499947
0.01845703125 0.00922851562499938 0.00922851562499938
0.01865234375 0.00932617187499929 0.00932617187499929
0.01884765625 0.0094238281249992 0.0094238281249992
0.01904296875 0.00952148437499911 0.00952148437499911
0.01923828125 0.00961914062499902 0.00961914062499902
0.01943359375 0.00971679687499893 0.00971679687499893
0.01962890625 0.00981445312500107 0.00981445312500107
0.01982421875 0.00991210937500098 0.00991210937500098
0.02001953125 0.0100097656250009 0.0100097656250009
0.02021484375 0.0101074218750008 0.0101074218750008
0.02041015625 0.0102050781250007 0.0102050781250007
0.02060546875 0.0103027343750006 0.0103027343750006
0.02080078125 0.0104003906250005 0.0104003906250005
0.02099609375 0.0104980468750004 0.0104980468750004
0.02119140625 0.0105957031250004 0.0105957031250004
0.02138671875 0.0106933593750003 0.0106933593750003
0.02158203125 0.0107910156250002 0.0107910156250002
0.02177734375 0.0108886718750001 0.0108886718750001
0.02197265625 0.010986328125 0.010986328125
0.02216796875 0.0110839843749999 0.0110839843749999
0.02236328125 0.0111816406249998 0.0111816406249998
0.02255859375 0.0112792968749997 0.0112792968749997
0.02275390625 0.0113769531249996 0.0113769531249996
0.02294921875 0.0114746093749996 0.0114746093749996
0.02314453125 0.0115722656249995 0.0115722656249995
0.02333984375 0.0116699218749994 0.0116699218749994
0.02353515625 0.0117675781249993 0.0117675781249993
0.02373046875 0.0118652343749992 0.0118652343749992
0.02392578125 0.0119628906249991 0.0119628906249991
0.02412109375 0.012060546874999 0.012060546874999
0.02431640625 0.0121582031249989 0.0121582031249989
0.02451171875 0.0122558593750011 0.0122558593750011
0.02470703125 0.012353515625001 0.012353515625001
0.02490234375 0.0124511718750009 0.0124511718750009
0.02509765625 0.0125488281250008 0.0125488281250008
0.02529296875 0.0126464843750007 0.0126464843750007
0.02548828125 0.0127441406250006 0.0127441406250006
0.02568359375 0.0128417968750005 0.0128417968750005
0.02587890625 0.0129394531250004 0.0129394531250004
0.02607421875 0.0130371093750004 0.0130371093750004
0.02626953125 0.0131347656250003 0.0131347656250003
0.02646484375 0.0132324218750002 0.0132324218750002
0.02666015625 0.0133300781250001 0.0133300781250001
0.02685546875 0.013427734375 0.013427734375
0.02705078125 0.0135253906249999 0.0135253906249999
0.02724609375 0.0136230468749998 0.0136230468749998
0.02744140625 0.0137207031249997 0.0137207031249997
0.02763671875 0.0138183593749996 0.0138183593749996
0.02783203125 0.0139160156249996 0.0139160156249996
0.02802734375 0.0140136718749995 0.0140136718749995
0.02822265625 0.0141113281249994 0.0141113281249994
0.02841796875 0.0142089843749993 0.0142089843749993
0.02861328125 0.0143066406249992 0.0143066406249992
0.02880859375 0.0144042968749991 0.0144042968749991
0.02900390625 0.014501953124999 0.014501953124999
0.02919921875 0.0145996093749989 0.0145996093749989
0.02939453125 0.0146972656250011 0.0146972656250011
0.02958984375 0.014794921875001 0.014794921875001
0.02978515625 0.0148925781250009 0.0148925781250009
0.02998046875 0.0149902343750008 0.0149902343750008
0.03017578125 0.0150878906250007 0.0150878906250007
0.03037109375 0.0151855468750006 0.0151855468750006
0.03056640625 0.0152832031250005 0.0152832031250005
0.03076171875 0.0153808593750004 0.0153808593750004
0.03095703125 0.0154785156250004 0.0154785156250004
0.03115234375 0.0155761718750003 0.0155761718750003
0.03134765625 0.0156738281250002 0.0156738281250002
0.03154296875 0.0157714843750001 0.0157714843750001
0.03173828125 0.015869140625 0.015869140625
0.03193359375 0.0159667968749999 0.0159667968749999
0.03212890625 0.0160644531249998 0.0160644531249998
0.03232421875 0.0161621093749997 0.0161621093749997
0.03251953125 0.0162597656249996 0.0162597656249996
0.03271484375 0.0163574218749996 0.0163574218749996
0.03291015625 0.0164550781249995 0.0164550781249995
0.03310546875 0.0165527343749994 0.0165527343749994
0.03330078125 0.0166503906249993 0.0166503906249993
0.03349609375 0.0167480468749992 0.0167480468749992
0.03369140625 0.0168457031249991 0.0168457031249991
0.03388671875 0.016943359374999 0.016943359374999
0.03408203125 0.0170410156249989 0.0170410156249989
0.03427734375 0.0171386718750011 0.0171386718750011
0.03447265625 0.017236328125001 0.017236328125001
0.03466796875 0.0173339843750009 0.0173339843750009
0.03486328125 0.0174316406250008 0.0174316406250008
0.03505859375 0.0175292968750007 0.0175292968750007
0.03525390625 0.0176269531250006 0.0176269531250006
0.03544921875 0.0177246093750005 0.0177246093750005
0.03564453125 0.0178222656250004 0.0178222656250004
0.03583984375 0.0179199218750004 0.0179199218750004
0.03603515625 0.0180175781250003 0.0180175781250003
0.03623046875 0.0181152343750002 0.0181152343750002
0.03642578125 0.0182128906250001 0.0182128906250001
0.03662109375 0.018310546875 0.018310546875
0.03681640625 0.0184082031249999 0.0184082031249999
0.03701171875 0.0185058593749998 0.0185058593749998
0.03720703125 0.0186035156249997 0.0186035156249997
0.03740234375 0.0187011718749996 0.0187011718749996
0.03759765625 0.0187988281249996 0.0187988281249996
0.03779296875 0.0188964843749995 0.0188964843749995
0.03798828125 0.0189941406249994 0.0189941406249994
0.03818359375 0.0190917968749993 0.0190917968749993
0.03837890625 0.0191894531249992 0.0191894531249992
0.03857421875 0.0192871093749991 0.0192871093749991
0.03876953125 0.019384765624999 0.019384765624999
0.03896484375 0.0194824218749989 0.0194824218749989
0.03916015625 0.0195800781250011 0.0195800781250011
0.03935546875 0.019677734375001 0.019677734375001
0.03955078125 0.0197753906250009 0.0197753906250009
0.03974609375 0.0198730468750008 0.0198730468750008
0.03994140625 0.0199707031250007 0.0199707031250007
0.04013671875 0.0200683593750006 0.0200683593750006
0.04033203125 0.0201660156250005 0.0201660156250005
0.04052734375 0.0202636718750004 0.0202636718750004
0.04072265625 0.0203613281250004 0.0203613281250004
0.04091796875 0.0204589843750003 0.0204589843750003
0.04111328125 0.0205566406250002 0.0205566406250002
0.04130859375 0.0206542968750001 0.0206542968750001
0.04150390625 0.020751953125 0.020751953125
0.04169921875 0.0208496093749999 0.0208496093749999
0.04189453125 0.0209472656249998 0.0209472656249998
0.04208984375 0.0210449218749997 0.0210449218749997
0.04228515625 0.0211425781249996 0.0211425781249996
0.04248046875 0.0212402343749996 0.0212402343749996
0.04267578125 0.0213378906249995 0.0213378906249995
0.04287109375 0.0214355468749994 0.0214355468749994
0.04306640625 0.0215332031249993 0.0215332031249993
0.04326171875 0.0216308593749992 0.0216308593749992
0.04345703125 0.0217285156249991 0.0217285156249991
0.04365234375 0.021826171874999 0.021826171874999
0.04384765625 0.0219238281249989 0.0219238281249989
0.04404296875 0.0220214843750011 0.0220214843750011
0.04423828125 0.022119140625001 0.022119140625001
0.04443359375 0.0222167968750009 0.0222167968750009
0.04462890625 0.0223144531250008 0.0223144531250008
0.04482421875 0.0224121093750007 0.0224121093750007
0.04501953125 0.0225097656250006 0.0225097656250006
0.04521484375 0.0226074218750005 0.0226074218750005
0.04541015625 0.0227050781250004 0.0227050781250004
0.04560546875 0.0228027343750004 0.0228027343750004
0.04580078125 0.0229003906250003 0.0229003906250003
0.04599609375 0.0229980468750002 0.0229980468750002
0.04619140625 0.0230957031250001 0.0230957031250001
0.04638671875 0.023193359375 0.023193359375
0.04658203125 0.0232910156249999 0.0232910156249999
0.04677734375 0.0233886718750009 0.0233886718750009
0.04697265625 0.0234863281249997 0.0234863281249997
0.04716796875 0.0235839843749996 0.0235839843749996
0.04736328125 0.0236816406249996 0.0236816406249996
0.04755859375 0.0237792968749995 0.0237792968749995
0.04775390625 0.0238769531250005 0.0238769531250005
0.04794921875 0.0239746093750004 0.0239746093750004
0.04814453125 0.0240722656250003 0.0240722656250003
0.04833984375 0.0241699218750002 0.0241699218750002
0.04853515625 0.0242675781250001 0.0242675781250001
0.04873046875 0.024365234375 0.024365234375
0.04892578125 0.024462890625 0.024462890625
0.04912109375 0.0245605468749999 0.0245605468749999
0.04931640625 0.0246582031249998 0.0246582031249998
0.04951171875 0.0247558593749997 0.0247558593749997
0.04970703125 0.0248535156249996 0.0248535156249996
0.04990234375 0.0249511718749995 0.0249511718749995
0.05009765625 0.0250488281250005 0.0250488281250005
0.05029296875 0.0251464843750004 0.0251464843750004
0.05048828125 0.0252441406250004 0.0252441406250004
0.05068359375 0.0253417968750003 0.0253417968750003
0.05087890625 0.0254394531250002 0.0254394531250002
0.05107421875 0.0255371093750001 0.0255371093750001
0.05126953125 0.025634765625 0.025634765625
0.05146484375 0.0257324218749999 0.0257324218749999
0.05166015625 0.0258300781249998 0.0258300781249998
0.05185546875 0.0259277343749997 0.0259277343749997
0.05205078125 0.0260253906249996 0.0260253906249996
0.05224609375 0.0261230468749996 0.0261230468749996
0.05244140625 0.0262207031249995 0.0262207031249995
0.05263671875 0.0263183593750005 0.0263183593750005
0.05283203125 0.0264160156250004 0.0264160156250004
0.05302734375 0.0265136718750003 0.0265136718750003
0.05322265625 0.0266113281250002 0.0266113281250002
0.05341796875 0.0267089843750001 0.0267089843750001
0.05361328125 0.026806640625 0.026806640625
0.05380859375 0.026904296875 0.026904296875
0.05400390625 0.0270019531249999 0.0270019531249999
0.05419921875 0.0270996093749998 0.0270996093749998
0.05439453125 0.0271972656249997 0.0271972656249997
0.05458984375 0.0272949218749996 0.0272949218749996
0.05478515625 0.0273925781249995 0.0273925781249995
0.05498046875 0.0274902343750005 0.0274902343750005
0.05517578125 0.0275878906250004 0.0275878906250004
0.05537109375 0.0276855468750004 0.0276855468750004
0.05556640625 0.0277832031250003 0.0277832031250003
0.05576171875 0.0278808593750002 0.0278808593750002
0.05595703125 0.0279785156250001 0.0279785156250001
0.05615234375 0.028076171875 0.028076171875
0.05634765625 0.0281738281249999 0.0281738281249999
0.05654296875 0.0282714843749998 0.0282714843749998
0.05673828125 0.0283691406249997 0.0283691406249997
0.05693359375 0.0284667968749996 0.0284667968749996
0.05712890625 0.0285644531249996 0.0285644531249996
0.05732421875 0.0286621093749995 0.0286621093749995
0.05751953125 0.0287597656250005 0.0287597656250005
0.05771484375 0.0288574218750004 0.0288574218750004
0.05791015625 0.0289550781250003 0.0289550781250003
0.05810546875 0.0290527343750002 0.0290527343750002
0.05830078125 0.0291503906250001 0.0291503906250001
0.05849609375 0.029248046875 0.029248046875
0.05869140625 0.029345703125 0.029345703125
0.05888671875 0.0294433593749999 0.0294433593749999
0.05908203125 0.0295410156249998 0.0295410156249998
0.05927734375 0.0296386718749997 0.0296386718749997
0.05947265625 0.0297363281249996 0.0297363281249996
0.05966796875 0.0298339843749995 0.0298339843749995
0.05986328125 0.0299316406250005 0.0299316406250005
0.06005859375 0.0300292968750004 0.0300292968750004
0.06025390625 0.0301269531250004 0.0301269531250004
0.06044921875 0.0302246093750003 0.0302246093750003
0.06064453125 0.0303222656250002 0.0303222656250002
0.06083984375 0.0304199218750001 0.0304199218750001
0.06103515625 0.030517578125 0.030517578125
0.06123046875 0.0306152343749999 0.0306152343749999
0.06142578125 0.0307128906249998 0.0307128906249998
0.06162109375 0.0308105468749997 0.0308105468749997
0.06181640625 0.0309082031249996 0.0309082031249996
0.06201171875 0.0310058593749996 0.0310058593749996
0.06220703125 0.0311035156249995 0.0311035156249995
0.06240234375 0.0312011718750005 0.0312011718750005
0.06259765625 0.0312988281250004 0.0312988281250004
0.06279296875 0.0313964843750003 0.0313964843750003
0.06298828125 0.0314941406250002 0.0314941406250002
0.06318359375 0.0315917968750001 0.0315917968750001
0.06337890625 0.031689453125 0.031689453125
0.06357421875 0.031787109375 0.031787109375
0.06376953125 0.0318847656249999 0.0318847656249999
0.06396484375 0.0319824218749998 0.0319824218749998
0.06416015625 0.0320800781249997 0.0320800781249997
0.06435546875 0.0321777343749996 0.0321777343749996
0.06455078125 0.0322753906249995 0.0322753906249995
0.06474609375 0.0323730468749994 0.0323730468749994
0.06494140625 0.0324707031250004 0.0324707031250004
0.06513671875 0.0325683593750004 0.0325683593750004
0.06533203125 0.0326660156250003 0.0326660156250003
0.06552734375 0.0327636718750002 0.0327636718750002
0.06572265625 0.0328613281250001 0.0328613281250001
0.06591796875 0.032958984375 0.032958984375
0.06611328125 0.0330566406249999 0.0330566406249999
0.06630859375 0.0331542968749998 0.0331542968749998
0.06650390625 0.0332519531249997 0.0332519531249997
0.06669921875 0.0333496093749996 0.0333496093749996
0.06689453125 0.0334472656249996 0.0334472656249996
0.06708984375 0.0335449218749995 0.0335449218749995
0.06728515625 0.0336425781250005 0.0336425781250005
0.06748046875 0.0337402343750004 0.0337402343750004
0.06767578125 0.0338378906250003 0.0338378906250003
0.06787109375 0.0339355468750002 0.0339355468750002
0.06806640625 0.0340332031250001 0.0340332031250001
0.06826171875 0.034130859375 0.034130859375
0.06845703125 0.034228515625 0.034228515625
0.06865234375 0.0343261718749999 0.0343261718749999
0.06884765625 0.0344238281249998 0.0344238281249998
0.06904296875 0.0345214843749997 0.0345214843749997
0.06923828125 0.0346191406249996 0.0346191406249996
0.06943359375 0.0347167968749995 0.0347167968749995
0.06962890625 0.0348144531250005 0.0348144531250005
0.06982421875 0.0349121093750004 0.0349121093750004
0.07001953125 0.0350097656250004 0.0350097656250004
0.07021484375 0.0351074218750003 0.0351074218750003
0.07041015625 0.0352050781250002 0.0352050781250002
0.07060546875 0.0353027343750001 0.0353027343750001
0.07080078125 0.035400390625 0.035400390625
0.07099609375 0.0354980468749999 0.0354980468749999
0.07119140625 0.0355957031249998 0.0355957031249998
0.07138671875 0.0356933593749997 0.0356933593749997
0.07158203125 0.0357910156249996 0.0357910156249996
0.07177734375 0.0358886718749996 0.0358886718749996
0.07197265625 0.0359863281249995 0.0359863281249995
0.07216796875 0.0360839843750005 0.0360839843750005
0.07236328125 0.0361816406250004 0.0361816406250004
0.07255859375 0.0362792968750003 0.0362792968750003
0.07275390625 0.0363769531250002 0.0363769531250002
0.07294921875 0.0364746093750001 0.0364746093750001
0.07314453125 0.036572265625 0.036572265625
0.07333984375 0.036669921875 0.036669921875
0.07353515625 0.0367675781249999 0.0367675781249999
0.07373046875 0.0368652343749998 0.0368652343749998
0.07392578125 0.0369628906249997 0.0369628906249997
0.07412109375 0.0370605468749996 0.0370605468749996
0.07431640625 0.0371582031249995 0.0371582031249995
0.07451171875 0.0372558593750005 0.0372558593750005
0.07470703125 0.0373535156250004 0.0373535156250004
0.07490234375 0.0374511718750004 0.0374511718750004
0.07509765625 0.0375488281250003 0.0375488281250003
0.07529296875 0.0376464843750002 0.0376464843750002
0.07548828125 0.0377441406250001 0.0377441406250001
0.07568359375 0.037841796875 0.037841796875
0.07587890625 0.0379394531249999 0.0379394531249999
0.07607421875 0.0380371093749998 0.0380371093749998
0.07626953125 0.0381347656249997 0.0381347656249997
0.07646484375 0.0382324218749996 0.0382324218749996
0.07666015625 0.0383300781249996 0.0383300781249996
0.07685546875 0.0384277343749995 0.0384277343749995
0.07705078125 0.0385253906250005 0.0385253906250005
0.07724609375 0.0386230468750004 0.0386230468750004
0.07744140625 0.0387207031250003 0.0387207031250003
0.07763671875 0.0388183593750002 0.0388183593750002
0.07783203125 0.0389160156250001 0.0389160156250001
0.07802734375 0.0390136718749995 0.0390136718749995
0.07822265625 0.039111328125 0.039111328125
0.07841796875 0.0392089843749999 0.0392089843749999
0.07861328125 0.0393066406249998 0.0393066406249998
0.07880859375 0.0394042968750002 0.0394042968750002
0.07900390625 0.0395019531250002 0.0395019531250002
0.07919921875 0.0395996093750001 0.0395996093750001
0.07939453125 0.039697265625 0.039697265625
0.07958984375 0.0397949218749999 0.0397949218749999
0.07978515625 0.0398925781249998 0.0398925781249998
0.07998046875 0.0399902343749997 0.0399902343749997
0.08017578125 0.0400878906250002 0.0400878906250002
0.08037109375 0.0401855468750001 0.0401855468750001
0.08056640625 0.040283203125 0.040283203125
0.08076171875 0.0403808593749999 0.0403808593749999
0.08095703125 0.0404785156249998 0.0404785156249998
0.08115234375 0.0405761718749997 0.0405761718749997
0.08134765625 0.0406738281250002 0.0406738281250002
0.08154296875 0.0407714843750001 0.0407714843750001
0.08173828125 0.040869140625 0.040869140625
0.08193359375 0.0409667968749999 0.0409667968749999
0.08212890625 0.0410644531249998 0.0410644531249998
0.08232421875 0.0411621093749998 0.0411621093749998
0.08251953125 0.0412597656250002 0.0412597656250002
0.08271484375 0.0413574218750001 0.0413574218750001
0.08291015625 0.041455078125 0.041455078125
0.08310546875 0.041552734375 0.041552734375
0.08330078125 0.0416503906249999 0.0416503906249999
0.08349609375 0.0417480468749998 0.0417480468749998
0.08369140625 0.0418457031250002 0.0418457031250002
0.08388671875 0.0419433593750002 0.0419433593750002
0.08408203125 0.0420410156250001 0.0420410156250001
0.08427734375 0.042138671875 0.042138671875
0.08447265625 0.0422363281249999 0.0422363281249999
0.08466796875 0.0423339843749998 0.0423339843749998
0.08486328125 0.0424316406249997 0.0424316406249997
0.08505859375 0.0425292968750002 0.0425292968750002
0.08525390625 0.0426269531250001 0.0426269531250001
0.08544921875 0.042724609375 0.042724609375
0.08564453125 0.0428222656249999 0.0428222656249999
0.08583984375 0.0429199218749998 0.0429199218749998
0.08603515625 0.0430175781249997 0.0430175781249997
0.08623046875 0.0431152343750002 0.0431152343750002
0.08642578125 0.0432128906250001 0.0432128906250001
0.08662109375 0.043310546875 0.043310546875
0.08681640625 0.0434082031249999 0.0434082031249999
0.08701171875 0.0435058593749998 0.0435058593749998
0.08720703125 0.0436035156249998 0.0436035156249998
0.08740234375 0.0437011718750002 0.0437011718750002
0.08759765625 0.0437988281250001 0.0437988281250001
0.08779296875 0.043896484375 0.043896484375
0.08798828125 0.043994140625 0.043994140625
0.08818359375 0.0440917968749999 0.0440917968749999
0.08837890625 0.0441894531249998 0.0441894531249998
0.08857421875 0.0442871093750002 0.0442871093750002
0.08876953125 0.0443847656250002 0.0443847656250002
0.08896484375 0.0444824218750001 0.0444824218750001
0.08916015625 0.044580078125 0.044580078125
0.08935546875 0.0446777343749999 0.0446777343749999
0.08955078125 0.0447753906249998 0.0447753906249998
0.08974609375 0.0448730468750003 0.0448730468750003
0.08994140625 0.0449707031249999 0.0449707031249999
0.09013671875 0.0450683593750001 0.0450683593750001
0.09033203125 0.045166015625 0.045166015625
0.09052734375 0.0452636718749999 0.0452636718749999
0.09072265625 0.0453613281250001 0.0453613281250001
0.09091796875 0.045458984375 0.045458984375
0.09111328125 0.0455566406249999 0.0455566406249999
0.09130859375 0.0456542968750001 0.0456542968750001
0.09150390625 0.045751953125 0.045751953125
0.09169921875 0.0458496093749999 0.0458496093749999
0.09189453125 0.0459472656250001 0.0459472656250001
0.09208984375 0.046044921875 0.046044921875
0.09228515625 0.0461425781249999 0.0461425781249999
0.09248046875 0.0462402343749999 0.0462402343749999
0.09267578125 0.046337890625 0.046337890625
0.09287109375 0.046435546875 0.046435546875
0.09306640625 0.0465332031249999 0.0465332031249999
0.09326171875 0.0466308593750001 0.0466308593750001
0.09345703125 0.046728515625 0.046728515625
0.09365234375 0.0468261718749999 0.0468261718749999
0.09384765625 0.0469238281250001 0.0469238281250001
0.09404296875 0.047021484375 0.047021484375
0.09423828125 0.0471191406249999 0.0471191406249999
0.09443359375 0.0472167968750001 0.0472167968750001
0.09462890625 0.047314453125 0.047314453125
0.09482421875 0.0474121093749999 0.0474121093749999
0.09501953125 0.0475097656250001 0.0475097656250001
0.09521484375 0.047607421875 0.047607421875
0.09541015625 0.047705078125 0.047705078125
0.09560546875 0.047802734375 0.047802734375
0.09580078125 0.047900390625 0.047900390625
0.09599609375 0.0479980468750001 0.0479980468750001
0.09619140625 0.048095703125 0.048095703125
0.09638671875 0.048193359375 0.048193359375
0.09658203125 0.0482910156249999 0.0482910156249999
0.09677734375 0.048388671875 0.048388671875
0.09697265625 0.048486328125 0.048486328125
0.09716796875 0.0485839843749999 0.0485839843749999
0.09736328125 0.048681640625 0.048681640625
0.09755859375 0.048779296875 0.048779296875
0.09775390625 0.048876953125 0.048876953125
0.09794921875 0.048974609375 0.048974609375
0.09814453125 0.049072265625 0.049072265625
0.09833984375 0.049169921875 0.049169921875
0.09853515625 0.049267578125 0.049267578125
0.09873046875 0.049365234375 0.049365234375
0.09892578125 0.049462890625 0.049462890625
0.09912109375 0.049560546875 0.049560546875
0.09931640625 0.049658203125 0.049658203125
0.09951171875 0.049755859375 0.049755859375
0.09970703125 0.049853515625 0.049853515625
0.09990234375 0.049951171875 0.049951171875
