0 0.0025
0.003125 0.00249755859375
0.00625 0.002490234375
0.009375 0.00247802734375
0.0125 0.0024609375
0.015625 0.00243896484375
0.01875 0.002412109375
0.021875 0.00238037109375
0.025 0.00234375
0.028125 0.00230224609375
0.03125 0.002255859375
0.034375 0.00220458984375
0.0375 0.0021484375
0.040625 0.00208740234375
0.04375 0.002021484375
0.046875 0.00195068359375
0.05 0.001875
0.053125 0.00179443359375
0.05625 0.001708984375
0.059375 0.00161865234375
0.0625 0.0015234375
0.065625 0.00142333984375
0.06875 0.001318359375
0.071875 0.00120849609375
0.075 0.00109375
0.078125 0.00097412109375
0.08125 0.000849609375
0.084375 0.00072021484375
0.0875 0.0005859375
0.090625 0.00044677734375
0.09375 0.000302734375
0.096875 0.00015380859375
0.1 0
