0.0001953125 9.76562499943601e-05 9.76562499943601e-05
0.0005859375 0.000292968749997513 0.000292968749997513
0.0009765625 0.000488281249998446 0.000488281249998446
0.0013671875 0.000683593749999378 0.000683593749999378
0.0017578125 0.000878906249999201 0.000878906249999201
0.0021484375 0.00107421874999902 0.00107421874999902
0.0025390625 0.00126953124999996 0.00126953124999996
0.0029296875 0.00146484374999978 0.00146484374999978
0.0033203125 0.0016601562499996 0.0016601562499996
0.0037109375 0.00185546874999942 0.00185546874999942
0.0041015625 0.00205078124999925 0.00205078124999925
0.0044921875 0.00224609375000018 0.00224609375000018
0.0048828125 0.00244140625 0.00244140625
0.0052734375 0.00263671874999982 0.00263671874999982
0.0056640625 0.00283203124999964 0.00283203124999964
0.0060546875 0.00302734374999947 0.00302734374999947
0.0064453125 0.00322265624999929 0.00322265624999929
0.0068359375 0.00341796875000022 0.00341796875000022
0.0072265625 0.00361328125000004 0.00361328125000004
0.0076171875 0.00380859374999987 0.00380859374999987
0.0080078125 0.00400390624999969 0.00400390624999969
0.0083984375 0.00419921874999951 0.00419921874999951
0.0087890625 0.00439453124999933 0.00439453124999933
0.0091796875 0.00458984375000027 0.00458984375000027
0.0095703125 0.00478515625000009 0.00478515625000009
0.0099609375 0.00498046874999991 0.00498046874999991
0.0103515625 0.00517578124999973 0.00517578124999973
0.0107421875 0.00537109374999956 0.00537109374999956
0.0111328125 0.00556640624999938 0.00556640624999938
0.0115234375 0.00576171875000031 0.00576171875000031
0.0119140625 0.00595703125000013 0.00595703125000013
0.0123046875 0.00615234374999996 0.00615234374999996
0.0126953125 0.00634765624999978 0.00634765624999978
0.0130859375 0.0065429687499996 0.0065429687499996
0.0134765625 0.00673828124999942 0.00673828124999942
0.0138671875 0.00693359375000036 0.00693359375000036
0.0142578125 0.00712890625000018 0.00712890625000018
0.0146484375 0.00732421875 0.00732421875
0.0150390625 0.00751953124999982 0.00751953124999982
0.0154296875 0.00771484374999964 0.00771484374999964
0.0158203125 0.00791015624999947 0.00791015624999947
0.0162109375 0.0081054687500004 0.0081054687500004
0.0166015625 0.00830078125000022 0.00830078125000022
0.0169921875 0.00849609375000004 0.00849609375000004
0.0173828125 0.00869140624999987 0.00869140624999987
0.0177734375 0.00888671874999969 0.00888671874999969
0.0181640625 0.00908203124999951 0.00908203124999951
0.0185546875 0.00927734375000044 0.00927734375000044
0.0189453125 0.00947265625000027 0.00947265625000027
0.0193359375 0.00966796875000009 0.00966796875000009
0.0197265625 0.00986328124999991 0.00986328124999991
0.0201171875 0.0100585937499997 0.0100585937499997
0.0205078125 0.0102539062499996 0.0102539062499996
0.0208984375 0.0104492187500005 0.0104492187500005
0.0212890625 0.0106445312500003 0.0106445312500003
0.0216796875 0.0108398437500001 0.0108398437500001
0.0220703125 0.01103515625 0.01103515625
0.0224609375 0.0112304687499998 0.0112304687499998
0.0228515625 0.0114257812499996 0.0114257812499996
0.0232421875 0.0116210937499994 0.0116210937499994
0.0236328125 0.0118164062500004 0.0118164062500004
0.0240234375 0.0120117187500002 0.0120117187500002
0.0244140625 0.01220703125 0.01220703125
0.0248046875 0.0124023437499998 0.0124023437499998
0.0251953125 0.0125976562499996 0.0125976562499996
0.0255859375 0.0127929687499995 0.0127929687499995
0.0259765625 0.0129882812500004 0.0129882812500004
0.0263671875 0.0131835937500002 0.0131835937500002
0.0267578125 0.01337890625 0.01337890625
0.0271484375 0.0135742187499999 0.0135742187499999
0.0275390625 0.0137695312499997 0.0137695312499997
0.0279296875 0.0139648437499995 0.0139648437499995
0.0283203125 0.0141601562500004 0.0141601562500004
0.0287109375 0.0143554687500003 0.0143554687500003
0.0291015625 0.0145507812500001 0.0145507812500001
0.0294921875 0.0147460937499999 0.0147460937499999
0.0298828125 0.0149414062499997 0.0149414062499997
0.0302734375 0.0151367187499996 0.0151367187499996
0.0306640625 0.0153320312500005 0.0153320312500005
0.0310546875 0.0155273437500003 0.0155273437500003
0.0314453125 0.0157226562500001 0.0157226562500001
0.0318359375 0.01591796875 0.01591796875
0.0322265625 0.0161132812499998 0.0161132812499998
0.0326171875 0.0163085937499996 0.0163085937499996
0.0330078125 0.0165039062499994 0.0165039062499994
0.0333984375 0.0166992187500004 0.0166992187500004
0.0337890625 0.0168945312500002 0.0168945312500002
0.0341796875 0.01708984375 0.01708984375
0.0345703125 0.0172851562499998 0.0172851562499998
0.0349609375 0.0174804687499996 0.0174804687499996
0.0353515625 0.0176757812499995 0.0176757812499995
0.0357421875 0.0178710937500004 0.0178710937500004
0.0361328125 0.0180664062500002 0.0180664062500002
0.0365234375 0.01826171875 0.01826171875
0.0369140625 0.0184570312499999 0.0184570312499999
0.0373046875 0.0186523437499997 0.0186523437499997
0.0376953125 0.0188476562499995 0.0188476562499995
0.0380859375 0.0190429687500004 0.0190429687500004
0.0384765625 0.0192382812500003 0.0192382812500003
0.0388671875 0.0194335937500001 0.0194335937500001
0.0392578125 0.0196289062499999 0.0196289062499999
0.0396484375 0.0198242187499997 0.0198242187499997
0.0400390625 0.0200195312499996 0.0200195312499996
0.0404296875 0.0202148437500005 0.0202148437500005
0.0408203125 0.0204101562500003 0.0204101562500003
0.0412109375 0.0206054687500001 0.0206054687500001
0.0416015625 0.02080078125 0.02080078125
0.0419921875 0.0209960937499998 0.0209960937499998
0.0423828125 0.0211914062499996 0.0211914062499996
0.0427734375 0.0213867187499994 0.0213867187499994
0.0431640625 0.0215820312500004 0.0215820312500004
0.0435546875 0.0217773437500002 0.0217773437500002
0.0439453125 0.02197265625 0.02197265625
0.0443359375 0.0221679687499998 0.0221679687499998
0.0447265625 0.0223632812499996 0.0223632812499996
0.0451171875 0.0225585937499995 0.0225585937499995
0.0455078125 0.0227539062500004 0.0227539062500004
0.0458984375 0.0229492187500002 0.0229492187500002
0.0462890625 0.02314453125 0.02314453125
0.0466796875 0.0233398437499999 0.0233398437499999
0.0470703125 0.0235351562499997 0.0235351562499997
0.0474609375 0.0237304687500001 0.0237304687500001
0.0478515625 0.0239257812499999 0.0239257812499999
0.0482421875 0.0241210937499997 0.0241210937499997
0.0486328125 0.0243164062500001 0.0243164062500001
0.0490234375 0.0245117187499999 0.0245117187499999
0.0494140625 0.0247070312499997 0.0247070312499997
0.0498046875 0.0249023437500001 0.0249023437500001
0.0501953125 0.0250976562499999 0.0250976562499999
0.0505859375 0.0252929687499998 0.0252929687499998
0.0509765625 0.0254882812500001 0.0254882812500001
0.0513671875 0.02568359375 0.02568359375
0.0517578125 0.0258789062499998 0.0258789062499998
0.0521484375 0.0260742187500002 0.0260742187500002
0.0525390625 0.02626953125 0.02626953125
0.0529296875 0.0264648437499998 0.0264648437499998
0.0533203125 0.0266601562500002 0.0266601562500002
0.0537109375 0.02685546875 0.02685546875
0.0541015625 0.0270507812499998 0.0270507812499998
0.0544921875 0.0272460937500002 0.0272460937500002
0.0548828125 0.02744140625 0.02744140625
0.0552734375 0.0276367187499998 0.0276367187499998
0.0556640625 0.0278320312500002 0.0278320312500002
0.0560546875 0.02802734375 0.02802734375
0.0564453125 0.0282226562499999 0.0282226562499999
0.0568359375 0.0284179687500002 0.0284179687500002
0.0572265625 0.0286132812500001 0.0286132812500001
0.0576171875 0.0288085937499999 0.0288085937499999
0.0580078125 0.0290039062499997 0.0290039062499997
0.0583984375 0.0291992187500001 0.0291992187500001
0.0587890625 0.0293945312499999 0.0293945312499999
0.0591796875 0.0295898437499997 0.0295898437499997
0.0595703125 0.0297851562500001 0.0297851562500001
0.0599609375 0.0299804687499999 0.0299804687499999
0.0603515625 0.0301757812499998 0.0301757812499998
0.0607421875 0.0303710937500001 0.0303710937500001
0.0611328125 0.03056640625 0.03056640625
0.0615234375 0.0307617187499998 0.0307617187499998
0.0619140625 0.0309570312500002 0.0309570312500002
0.0623046875 0.03115234375 0.03115234375
0.0626953125 0.0313476562499998 0.0313476562499998
0.0630859375 0.0315429687500002 0.0315429687500002
0.0634765625 0.03173828125 0.03173828125
0.0638671875 0.0319335937499998 0.0319335937499998
0.0642578125 0.0321289062500002 0.0321289062500002
0.0646484375 0.03232421875 0.03232421875
0.0650390625 0.0325195312499998 0.0325195312499998
0.0654296875 0.0327148437500002 0.0327148437500002
0.0658203125 0.03291015625 0.03291015625
0.0662109375 0.0331054687499999 0.0331054687499999
0.0666015625 0.0333007812500002 0.0333007812500002
0.0669921875 0.0334960937500001 0.0334960937500001
0.0673828125 0.0336914062499999 0.0336914062499999
0.0677734375 0.0338867187499997 0.0338867187499997
0.0681640625 0.0340820312500001 0.0340820312500001
0.0685546875 0.0342773437499999 0.0342773437499999
0.0689453125 0.0344726562499997 0.0344726562499997
0.0693359375 0.0346679687500001 0.0346679687500001
0.0697265625 0.0348632812499999 0.0348632812499999
0.0701171875 0.0350585937499998 0.0350585937499998
0.0705078125 0.0352539062500001 0.0352539062500001
0.0708984375 0.03544921875 0.03544921875
0.0712890625 0.0356445312499998 0.0356445312499998
0.0716796875 0.0358398437500002 0.0358398437500002
0.0720703125 0.03603515625 0.03603515625
0.0724609375 0.0362304687499998 0.0362304687499998
0.0728515625 0.0364257812500002 0.0364257812500002
0.0732421875 0.03662109375 0.03662109375
0.0736328125 0.0368164062499998 0.0368164062499998
0.0740234375 0.0370117187500002 0.0370117187500002
0.0744140625 0.03720703125 0.03720703125
0.0748046875 0.0374023437499998 0.0374023437499998
0.0751953125 0.0375976562500002 0.0375976562500002
0.0755859375 0.03779296875 0.03779296875
0.0759765625 0.0379882812499999 0.0379882812499999
0.0763671875 0.0381835937500002 0.0381835937500002
0.0767578125 0.0383789062500001 0.0383789062500001
0.0771484375 0.0385742187499999 0.0385742187499999
0.0775390625 0.0387695312499997 0.0387695312499997
0.0779296875 0.0389648437499998 0.0389648437499998
0.0783203125 0.0391601562499999 0.0391601562499999
0.0787109375 0.03935546875 0.03935546875
0.0791015625 0.0395507812500001 0.0395507812500001
0.0794921875 0.0397460937499999 0.0397460937499999
0.0798828125 0.03994140625 0.03994140625
0.0802734375 0.0401367187499999 0.0401367187499999
0.0806640625 0.04033203125 0.04033203125
0.0810546875 0.0405273437500001 0.0405273437500001
0.0814453125 0.0407226562499999 0.0407226562499999
0.0818359375 0.04091796875 0.04091796875
0.0822265625 0.0411132812500001 0.0411132812500001
0.0826171875 0.0413085937499999 0.0413085937499999
0.0830078125 0.04150390625 0.04150390625
0.0833984375 0.0416992187500001 0.0416992187500001
0.0837890625 0.0418945312499999 0.0418945312499999
0.0841796875 0.04208984375 0.04208984375
0.0845703125 0.0422851562499998 0.0422851562499998
0.0849609375 0.0424804687499999 0.0424804687499999
0.0853515625 0.04267578125 0.04267578125
0.0857421875 0.0428710937499999 0.0428710937499999
0.0861328125 0.04306640625 0.04306640625
0.0865234375 0.0432617187500001 0.0432617187500001
0.0869140625 0.0434570312499999 0.0434570312499999
0.0873046875 0.04365234375 0.04365234375
0.0876953125 0.0438476562500001 0.0438476562500001
0.0880859375 0.0440429687499999 0.0440429687499999
0.0884765625 0.04423828125 0.04423828125
0.0888671875 0.0444335937500001 0.0444335937500001
0.0892578125 0.0446289062499999 0.0446289062499999
0.0896484375 0.04482421875 0.04482421875
0.0900390625 0.04501953125 0.04501953125
0.0904296875 0.04521484375 0.04521484375
0.0908203125 0.0454101562500001 0.0454101562500001
0.0912109375 0.04560546875 0.04560546875
0.0916015625 0.04580078125 0.04580078125
0.0919921875 0.0459960937499999 0.0459960937499999
0.0923828125 0.04619140625 0.04619140625
0.0927734375 0.04638671875 0.04638671875
0.0931640625 0.04658203125 0.04658203125
0.0935546875 0.0467773437500001 0.0467773437500001
0.0939453125 0.04697265625 0.04697265625
0.0943359375 0.04716796875 0.04716796875
0.0947265625 0.0473632812499999 0.0473632812499999
0.0951171875 0.04755859375 0.04755859375
0.0955078125 0.04775390625 0.04775390625
0.0958984375 0.04794921875 0.04794921875
0.0962890625 0.04814453125 0.04814453125
0.0966796875 0.04833984375 0.04833984375
0.0970703125 0.04853515625 0.04853515625
0.0974609375 0.04873046875 0.04873046875
0.0978515625 0.04892578125 0.04892578125
0.0982421875 0.04912109375 0.04912109375
0.0986328125 0.04931640625 0.04931640625
0.0990234375 0.04951171875 0.04951171875
0.0994140625 0.04970703125 0.04970703125
0.0998046875 0.04990234375 0.04990234375
