0.000390625 0.999999999999091 1
0.00078125 1.00000000000264 1
0.001171875 0.999999999996722 1
0.0015625 1.00000000000229 1
0.001953125 0.999999999999659 1
0.00234375 0.999999999999564 1
0.002734375 0.999999999999497 1
0.003125 0.999999999999445 1
0.003515625 1.00000000000241 1
0.00390625 0.999999999999658 1
0.004296875 0.999999999999607 1
0.0046875 0.999999999999564 1
0.005078125 0.999999999999527 1
0.00546875 0.999999999999496 1
0.005859375 0.99999999999947 1
0.00625 1.00000000000238 1
0.006640625 0.999999999999593 1
0.00703125 0.999999999999564 1
0.007421875 0.999999999999539 1
0.0078125 0.999999999999518 1
0.008203125 1.0000000000024 1
0.00859375 0.999999999996702 1
0.008984375 1.00000000000236 1
0.009375 0.999999999999567 1
0.009765625 0.999999999999548 1
0.01015625 0.999999999999526 1
0.010546875 1.00000000000241 1
0.0109375 0.999999999996702 1
0.011328125 1.00000000000238 1
0.01171875 0.999999999999567 1
0.012109375 0.999999999999545 1
0.0125 0.999999999999535 1
0.012890625 0.999999999999518 1
0.01328125 1.00000000000239 1
0.013671875 0.99999999999958 1
0.0140625 0.999999999999561 1
0.014453125 0.999999999999552 1
0.01484375 0.999999999999536 1
0.015234375 0.99999999999953 1
0.015625 0.999999999999515 1
0.016015625 1.00000000000238 1
0.01640625 0.999999999999568 1
0.016796875 0.999999999999555 1
0.0171875 0.999999999999538 1
0.017578125 0.999999999999531 1
0.01796875 1.0000000000024 1
0.018359375 0.999999999996705 1
0.01875 1.00000000000237 1
0.019140625 0.999999999999555 1
0.01953125 0.999999999999543 1
0.019921875 0.999999999999538 1
0.0203125 1.0000000000024 1
0.020703125 0.999999999996701 1
0.02109375 1.00000000000238 1
0.021484375 0.999999999999554 1
0.021875 0.999999999999549 1
0.022265625 0.99999999999954 1
0.02265625 0.999999999999529 1
0.023046875 1.00000000000239 1
0.0234375 0.999999999999562 1
0.023828125 0.999999999999556 1
0.02421875 0.999999999999552 1
0.024609375 0.999999999999539 1
0.025 0.999999999999539 1
0.025390625 0.999999999999526 1
0.02578125 1.00000000000238 1
0.026171875 0.999999999999561 1
0.0265625 0.999999999999547 1
0.026953125 0.999999999999543 1
0.02734375 0.999999999999535 1
0.027734375 1.00000000000239 1
0.028125 0.999999999996706 1
0.028515625 1.00000000000238 1
0.02890625 0.999999999999551 1
0.029296875 0.999999999999543 1
0.0296875 0.99999999999954 1
0.030078125 1.0000000000024 1
0.03046875 0.999999999996701 1
0.030859375 1.00000000000238 1
0.03125 0.999999999999551 1
0.031640625 0.999999999999552 1
0.03203125 0.999999999999545 1
0.032421875 0.999999999999528 1
0.0328125 1.0000000000024 1
0.033203125 0.999999999999548 1
0.03359375 0.999999999999558 1
0.033984375 0.999999999999551 1
0.034375 0.999999999999536 1
0.034765625 0.999999999999547 1
0.03515625 0.999999999999522 1
0.035546875 1.00000000000239 1
0.0359375 0.999999999999557 1
0.036328125 0.999999999999542 1
0.03671875 0.999999999999554 1
0.037109375 0.999999999999529 1
0.0375 1.00000000000239 1
0.037890625 0.999999999996716 1
0.03828125 1.00000000000237 1
0.038671875 0.99999999999956 1
0.0390625 0.999999999999535 1
0.039453125 0.99999999999953 1
0.03984375 1.0000000000024 1
0.040234375 0.999999999996697 1
0.040625 1.00000000000239 1
0.041015625 0.999999999999547 1
0.04140625 0.999999999999536 1
0.041796875 0.99999999999955 1
0.0421875 0.999999999999531 1
0.042578125 1.0000000000024 1
0.04296875 0.999999999999551 1
0.043359375 0.999999999996687 1
0.04375 1.00000000000239 1
0.044140625 1.00000000000239 1
0.04453125 0.999999999996715 1
0.044921875 0.999999999999525 1
0.0453125 1.00000000000238 1
0.045703125 0.999999999999561 1
0.04609375 0.999999999999541 1
0.046484375 0.99999999999955 1
0.046875 0.99999999999953 1
0.047265625 1.00000000000096 1
0.04765625 0.99999999999956 1
0.048046875 1.00000000000096 1
0.0484375 0.999999999999555 1
0.048828125 0.999999999999535 1
0.04921875 0.999999999999538 1
0.049609375 1.00000000000097 1
0.05 0.999999999999533 1
0.050390625 1.00000000000098 1
0.05078125 0.999999999999539 1
0.051171875 0.999999999999542 1
0.0515625 0.999999999999553 1
0.051953125 0.999999999999532 1
0.05234375 1.0000000000024 1
0.052734375 0.999999999998117 1
0.053125 0.999999999999531 1
0.053515625 1.00000000000097 1
0.05390625 1.00000000000096 1
0.054296875 0.999999999999563 1
0.0546875 0.999999999998116 1
0.055078125 1.00000000000238 1
0.05546875 0.999999999999562 1
0.055859375 0.999999999999541 1
0.05625 0.999999999999552 1
0.056640625 0.999999999999531 1
0.05703125 1.00000000000096 1
0.057421875 0.999999999999552 1
0.0578125 1.00000000000097 1
0.058203125 0.999999999999556 1
0.05859375 0.999999999999535 1
0.058984375 0.999999999999539 1
0.059375 1.00000000000098 1
0.059765625 0.999999999999543 1
0.06015625 1.00000000000098 1
0.060546875 0.999999999999538 1
0.0609375 0.999999999999542 1
0.061328125 0.999999999999555 1
0.06171875 0.999999999999533 1
0.062109375 1.0000000000024 1
0.0625 0.999999999998116 1
0.062890625 1.00000000000098 1
0.06328125 0.999999999999532 1
0.063671875 0.999999999999537 1
0.0640625 1.00000000000097 1
0.064453125 0.999999999999559 1
0.06484375 0.999999999999554 1
0.065234375 1.00000000000096 1
0.065625 0.999999999999532 1
0.066015625 0.999999999999536 1
0.06640625 1.00000000000098 1
0.066796875 0.999999999999557 1
0.0671875 0.999999999999535 1
0.067578125 1.00000000000096 1
0.06796875 0.999999999999548 1
0.068359375 0.999999999999554 1
0.06875 0.999999999999557 1
0.069140625 1.00000000000095 1
0.06953125 0.999999999999534 1
0.069921875 0.999999999999531 1
0.0703125 1.00000000000097 1
0.070703125 0.999999999999552 1
0.07109375 0.999999999999537 1
0.071484375 1.00000000000095 1
0.071875 0.999999999999535 1
0.072265625 0.999999999999549 1
0.07265625 1.00000000000098 1
0.073046875 0.999999999999532 1
0.0734375 0.999999999999537 1
0.073828125 1.00000000000097 1
0.07421875 0.999999999999553 1
0.074609375 0.999999999999544 1
0.075 1.00000000000098 1
0.075390625 0.999999999999547 1
0.07578125 0.999999999999537 1
0.076171875 1.00000000000098 1
0.0765625 0.999999999999547 1
0.076953125 0.999999999999563 1
0.07734375 1.00000000000096 1
0.077734375 0.999999999999548 1
0.078125 0.999999999999556 1
0.078515625 0.999999999999539 1
0.07890625 1.00000000000097 1
0.079296875 0.999999999999542 1
0.0796875 0.99999999999954 1
0.080078125 1.00000000000098 1
0.08046875 0.999999999999535 1
0.080859375 0.999999999999558 1
0.08125 1.00000000000097 1
0.081640625 0.999999999999542 1
0.08203125 0.999999999999559 1
0.082421875 1.00000000000096 1
0.0828125 0.999999999999554 1
0.083203125 0.999999999999537 1
0.08359375 1.00000000000095 1
0.083984375 0.999999999999561 1
0.084375 0.999999999999538 1
0.084765625 1.00000000000098 1
0.08515625 0.999999999999533 1
0.085546875 0.999999999999538 1
0.0859375 1.00000000000097 1
0.086328125 0.99999999999954 1
0.08671875 0.999999999999556 1
0.087109375 1.00000000000096 1
0.0875 0.999999999999534 1
0.087890625 0.999999999999557 1
0.08828125 1.00000000000096 1
0.088671875 0.999999999998123 1
0.0890625 1.00000000000239 1
0.089453125 0.999999999999543 1
0.08984375 0.999999999999554 1
0.090234375 0.999999999999536 1
0.090625 0.999999999999547 1
0.091015625 0.999999999999528 1
0.09140625 1.00000000000237 1
0.091796875 0.999999999999551 1
0.0921875 0.999999999999545 1
0.092578125 0.999999999999567 1
0.09296875 0.999999999999537 1
0.093359375 0.999999999999542 1
0.09375 0.999999999999542 1
0.094140625 1.00000000000238 1
0.09453125 0.999999999999564 1
0.094921875 0.999999999999545 1
0.0953125 0.999999999999539 1
0.095703125 0.99999999999955 1
0.09609375 0.999999999999532 1
0.096484375 1.00000000000239 1
0.096875 0.99999999999953 1
0.097265625 0.999999999999536 1
0.09765625 0.999999999999559 1
0.098046875 0.999999999999528 1
0.0984375 0.999999999999551 1
0.098828125 1.00000000000237 1
0.09921875 0.999999999999532 1
0.099609375 0.999999999999567 1
