0 0.00249999999999999
0.0015625 0.00249938964843749
0.003125 0.00249755859374999
0.0046875 0.0024945068359375
0.00625 0.002490234375
0.0078125 0.0024847412109375
0.009375 0.00247802734375
0.0109375 0.0024700927734375
0.0125 0.0024609375
0.0140625 0.0024505615234375
0.015625 0.00243896484375
0.0171875 0.0024261474609375
0.01875 0.002412109375
0.0203125 0.0023968505859375
0.021875 0.00238037109375
0.0234375 0.0023626708984375
0.025 0.00234375
0.0265625 0.0023236083984375
0.028125 0.00230224609375
0.0296875 0.0022796630859375
0.03125 0.002255859375
0.0328125 0.0022308349609375
0.034375 0.00220458984375
0.0359375 0.0021771240234375
0.0375 0.0021484375
0.0390625 0.0021185302734375
0.040625 0.00208740234375
0.0421875 0.0020550537109375
0.04375 0.002021484375
0.0453125 0.0019866943359375
0.046875 0.00195068359375
0.0484375 0.0019134521484375
0.05 0.001875
0.0515625 0.0018353271484375
0.053125 0.00179443359375
0.0546875 0.0017523193359375
0.05625 0.001708984375
0.0578125 0.0016644287109375
0.059375 0.00161865234375
0.0609375 0.0015716552734375
0.0625 0.0015234375
0.0640625 0.0014739990234375
0.065625 0.00142333984375
0.0671875 0.0013714599609375
0.06875 0.001318359375
0.0703125 0.0012640380859375
0.071875 0.00120849609375
0.0734375 0.0011517333984375
0.075 0.00109375
0.0765625 0.0010345458984375
0.078125 0.00097412109375
0.0796875 0.0009124755859375
0.08125 0.000849609375
0.0828125 0.0007855224609375
0.084375 0.00072021484375
0.0859375 0.0006536865234375
0.0875 0.0005859375
0.0890625 0.0005169677734375
0.090625 0.00044677734375
0.0921875 0.0003753662109375
0.09375 0.000302734375
0.0953125 0.0002288818359375
0.096875 0.00015380859375
0.0984375 7.75146484375e-05
0.1 0
