0.003125 1 1
0.00625 0.999999999999979 1
0.009375 1.00000000000003 1
0.0125 0.99999999999999 1
0.015625 0.999999999999988 1
0.01875 0.999999999999986 1
0.021875 1.00000000000003 1
0.025 0.999999999999989 1
0.028125 0.999999999999989 1
0.03125 0.999999999999987 1
0.034375 1.00000000000003 1
0.0375 0.99999999999999 1
0.040625 0.999999999999988 1
0.04375 1.00000000000001 1
0.046875 0.99999999999999 1
0.05 1.00000000000001 1
0.053125 0.99999999999999 1
0.05625 1.00000000000001 1
0.059375 0.999999999999989 1
0.0625 1.00000000000001 1
0.065625 0.999999999999986 1
0.06875 1.00000000000001 1
0.071875 0.999999999999987 1
0.075 1 1
0.078125 1 1
0.08125 0.999999999999997 1
0.084375 1 1
0.0875 0.999999999999998 1
0.090625 1 1
0.09375 1 1
0.096875 0.999999999999996 1
