0 0.0025
0.000390625 0.00249996185302734
0.00078125 0.00249984741210938
0.001171875 0.00249965667724609
0.0015625 0.0024993896484375
0.001953125 0.00249904632568359
0.00234375 0.00249862670898438
0.002734375 0.00249813079833984
0.003125 0.00249755859375
0.003515625 0.00249691009521484
0.00390625 0.00249618530273438
0.004296875 0.00249538421630859
0.0046875 0.0024945068359375
0.005078125 0.00249355316162109
0.00546875 0.00249252319335938
0.005859375 0.00249141693115234
0.00625 0.002490234375
0.006640625 0.00248897552490234
0.00703125 0.00248764038085938
0.007421875 0.00248622894287109
0.0078125 0.0024847412109375
0.008203125 0.00248317718505859
0.00859375 0.00248153686523438
0.008984375 0.00247982025146484
0.009375 0.00247802734375
0.009765625 0.00247615814208984
0.01015625 0.00247421264648438
0.010546875 0.00247219085693359
0.0109375 0.0024700927734375
0.011328125 0.00246791839599609
0.01171875 0.00246566772460938
0.012109375 0.00246334075927734
0.0125 0.0024609375
0.012890625 0.00245845794677734
0.01328125 0.00245590209960938
0.013671875 0.00245326995849609
0.0140625 0.0024505615234375
0.014453125 0.00244777679443359
0.01484375 0.00244491577148438
0.015234375 0.00244197845458984
0.015625 0.00243896484375
0.016015625 0.00243587493896484
0.01640625 0.00243270874023438
0.016796875 0.00242946624755859
0.0171875 0.0024261474609375
0.017578125 0.00242275238037109
0.01796875 0.00241928100585938
0.018359375 0.00241573333740234
0.01875 0.002412109375
0.019140625 0.00240840911865234
0.01953125 0.00240463256835938
0.019921875 0.00240077972412109
0.0203125 0.0023968505859375
0.020703125 0.00239284515380859
0.02109375 0.00238876342773438
0.021484375 0.00238460540771484
0.021875 0.00238037109375
0.022265625 0.00237606048583984
0.02265625 0.00237167358398438
0.023046875 0.00236721038818359
0.0234375 0.0023626708984375
0.023828125 0.00235805511474609
0.02421875 0.00235336303710938
0.024609375 0.00234859466552734
0.025 0.00234375
0.025390625 0.00233882904052734
0.02578125 0.00233383178710938
0.026171875 0.00232875823974609
0.0265625 0.0023236083984375
0.026953125 0.00231838226318359
0.02734375 0.00231307983398438
0.027734375 0.00230770111083984
0.028125 0.00230224609375
0.028515625 0.00229671478271484
0.02890625 0.00229110717773438
0.029296875 0.00228542327880859
0.0296875 0.0022796630859375
0.030078125 0.00227382659912109
0.03046875 0.00226791381835938
0.030859375 0.00226192474365234
0.03125 0.002255859375
0.031640625 0.00224971771240234
0.03203125 0.00224349975585938
0.032421875 0.00223720550537109
0.0328125 0.0022308349609375
0.033203125 0.00222438812255859
0.03359375 0.00221786499023438
0.033984375 0.00221126556396484
0.034375 0.00220458984375
0.034765625 0.00219783782958984
0.03515625 0.00219100952148438
0.035546875 0.00218410491943359
0.0359375 0.0021771240234375
0.036328125 0.00217006683349609
0.03671875 0.00216293334960938
0.037109375 0.00215572357177734
0.0375 0.0021484375
0.037890625 0.00214107513427734
0.03828125 0.00213363647460938
0.038671875 0.00212612152099609
0.0390625 0.0021185302734375
0.039453125 0.00211086273193359
0.03984375 0.00210311889648438
0.040234375 0.00209529876708984
0.040625 0.00208740234375
0.041015625 0.00207942962646484
0.04140625 0.00207138061523438
0.041796875 0.00206325531005859
0.0421875 0.0020550537109375
0.042578125 0.00204677581787109
0.04296875 0.00203842163085938
0.043359375 0.00202999114990234
0.04375 0.002021484375
0.044140625 0.00201290130615234
0.04453125 0.00200424194335938
0.044921875 0.00199550628662109
0.0453125 0.0019866943359375
0.045703125 0.00197780609130859
0.04609375 0.00196884155273438
0.046484375 0.00195980072021484
0.046875 0.00195068359375
0.047265625 0.00194149017333984
0.04765625 0.00193222045898438
0.048046875 0.00192287445068359
0.0484375 0.0019134521484375
0.048828125 0.00190395355224609
0.04921875 0.00189437866210938
0.049609375 0.00188472747802734
0.05 0.001875
0.050390625 0.00186519622802734
0.05078125 0.00185531616210938
0.051171875 0.00184535980224609
0.0515625 0.0018353271484375
0.051953125 0.00182521820068359
0.05234375 0.00181503295898438
0.052734375 0.00180477142333984
0.053125 0.00179443359375
0.053515625 0.00178401947021484
0.05390625 0.00177352905273438
0.054296875 0.00176296234130859
0.0546875 0.0017523193359375
0.055078125 0.00174160003662109
0.05546875 0.00173080444335938
0.055859375 0.00171993255615234
0.05625 0.001708984375
0.056640625 0.00169795989990234
0.05703125 0.00168685913085938
0.057421875 0.00167568206787109
0.0578125 0.0016644287109375
0.058203125 0.00165309906005859
0.05859375 0.00164169311523438
0.058984375 0.00163021087646484
0.059375 0.00161865234375
0.059765625 0.00160701751708984
0.06015625 0.00159530639648438
0.060546875 0.00158351898193359
0.0609375 0.0015716552734375
0.061328125 0.00155971527099609
0.06171875 0.00154769897460938
0.062109375 0.00153560638427734
0.0625 0.0015234375
0.062890625 0.00151119232177734
0.06328125 0.00149887084960938
0.063671875 0.00148647308349609
0.0640625 0.0014739990234375
0.064453125 0.00146144866943359
0.06484375 0.00144882202148438
0.065234375 0.00143611907958984
0.065625 0.00142333984375
0.066015625 0.00141048431396484
0.06640625 0.00139755249023438
0.066796875 0.00138454437255859
0.0671875 0.0013714599609375
0.067578125 0.00135829925537109
0.06796875 0.00134506225585938
0.068359375 0.00133174896240234
0.06875 0.001318359375
0.069140625 0.00130489349365234
0.06953125 0.00129135131835938
0.069921875 0.00127773284912109
0.0703125 0.0012640380859375
0.070703125 0.00125026702880859
0.07109375 0.00123641967773438
0.071484375 0.00122249603271484
0.071875 0.00120849609375
0.072265625 0.00119441986083984
0.07265625 0.00118026733398438
0.073046875 0.00116603851318359
0.0734375 0.0011517333984375
0.073828125 0.00113735198974609
0.07421875 0.00112289428710938
0.074609375 0.00110836029052734
0.075 0.00109375
0.075390625 0.00107906341552734
0.07578125 0.00106430053710938
0.076171875 0.00104946136474609
0.0765625 0.0010345458984375
0.076953125 0.00101955413818359
0.07734375 0.00100448608398438
0.077734375 0.000989341735839844
0.078125 0.00097412109375
0.078515625 0.000958824157714844
0.07890625 0.000943450927734375
0.079296875 0.000928001403808594
0.0796875 0.0009124755859375
0.080078125 0.000896873474121094
0.08046875 0.000881195068359375
0.080859375 0.000865440368652344
0.08125 0.000849609375000001
0.081640625 0.000833702087402344
0.08203125 0.000817718505859375
0.082421875 0.000801658630371094
0.0828125 0.0007855224609375
0.083203125 0.000769309997558594
0.08359375 0.000753021240234376
0.083984375 0.000736656188964844
0.084375 0.00072021484375
0.084765625 0.000703697204589844
0.08515625 0.000687103271484375
0.085546875 0.000670433044433594
0.0859375 0.0006536865234375
0.086328125 0.000636863708496094
0.08671875 0.000619964599609375
0.087109375 0.000602989196777344
0.0875 0.0005859375
0.087890625 0.000568809509277344
0.08828125 0.000551605224609375
0.088671875 0.000534324645996094
0.0890625 0.0005169677734375
0.089453125 0.000499534606933594
0.08984375 0.000482025146484375
0.090234375 0.000464439392089844
0.090625 0.00044677734375
0.091015625 0.000429039001464844
0.09140625 0.000411224365234375
0.091796875 0.000393333435058594
0.0921875 0.0003753662109375
0.092578125 0.000357322692871094
0.09296875 0.000339202880859375
0.093359375 0.000321006774902344
0.09375 0.000302734375
0.094140625 0.000284385681152344
0.09453125 0.000265960693359375
0.094921875 0.000247459411621094
0.0953125 0.0002288818359375
0.095703125 0.000210227966308594
0.09609375 0.000191497802734375
0.096484375 0.000172691345214844
0.096875 0.00015380859375
0.097265625 0.000134849548339844
0.09765625 0.000115814208984375
0.098046875 9.67025756835938e-05
0.0984375 7.75146484375002e-05
0.098828125 5.82504272460941e-05
0.09921875 3.89099121093752e-05
0.099609375 1.94931030273438e-05
0.1 0
