0.0015625 0.999999999999712 1
0.003125 1.00000000000007 1
0.0046875 1.00000000000001 1
0.00625 1.00000000000005 1
0.0078125 0.999999999999872 1
0.009375 1.00000000000005 1
0.0109375 1.00000000000007 1
0.0125 0.99999999999989 1
0.0140625 1.00000000000007 1
0.015625 1.00000000000008 1
0.0171875 0.999999999999898 1
0.01875 1.00000000000008 1
0.0203125 0.999999999999896 1
0.021875 1.00000000000007 1
0.0234375 0.999999999999896 1
0.025 1.00000000000007 1
0.0265625 1.00000000000008 1
0.028125 0.999999999999899 1
0.0296875 1.00000000000008 1
0.03125 0.9999999999999 1
0.0328125 1.00000000000007 1
0.034375 0.999999999999899 1
0.0359375 1.00000000000007 1
0.0375 1.00000000000008 1
0.0390625 0.999999999999903 1
0.040625 1.00000000000008 1
0.0421875 0.999999999999902 1
0.04375 1.00000000000007 1
0.0453125 0.9999999999999 1
0.046875 1.00000000000008 1
0.0484375 0.999999999999985 1
0.05 0.99999999999999 1
0.0515625 0.999999999999985 1
0.053125 0.999999999999988 1
0.0546875 1.00000000000008 1
0.05625 0.999999999999986 1
0.0578125 0.999999999999992 1
0.059375 0.999999999999986 1
0.0609375 0.99999999999999 1
0.0625 0.999999999999987 1
0.0640625 0.999999999999988 1
0.065625 0.999999999999992 1
0.0671875 1.00000000000008 1
0.06875 0.999999999999986 1
0.0703125 0.999999999999988 1
0.071875 0.99999999999999 1
0.0734375 0.999999999999991 1
0.075 0.999999999999987 1
0.0765625 1.00000000000003 1
0.078125 0.999999999999988 1
0.0796875 0.999999999999991 1
0.08125 0.99999999999999 1
0.0828125 1.00000000000003 1
0.084375 0.999999999999992 1
0.0859375 0.999999999999987 1
0.0875 0.999999999999991 1
0.0890625 1.00000000000001 1
0.090625 0.999999999999985 1
0.0921875 1.00000000000001 1
0.09375 0.999999999999984 1
0.0953125 1.00000000000001 1
0.096875 0.999999999999989 1
0.0984375 1.00000000000001 1
