0.000390625 0.000195312499999822 0.000195312499999822
0.001171875 0.000585937500000022 0.000585937500000022
0.001953125 0.000976562500000222 0.000976562500000222
0.002734375 0.00136718749999987 0.00136718749999987
0.003515625 0.00175781250000007 0.00175781250000007
0.004296875 0.00214843750000027 0.00214843750000027
0.005078125 0.00253906249999991 0.00253906249999991
0.005859375 0.00292968749999956 0.00292968749999956
0.006640625 0.00332031250000031 0.00332031250000031
0.007421875 0.00371093749999996 0.00371093749999996
0.008203125 0.00410156250000016 0.00410156250000016
0.008984375 0.0044921874999998 0.0044921874999998
0.009765625 0.0048828125 0.0048828125
0.010546875 0.0052734375000002 0.0052734375000002
0.011328125 0.00566406249999984 0.00566406249999984
0.012109375 0.00605468750000004 0.00605468750000004
0.012890625 0.00644531249999969 0.00644531249999969
0.013671875 0.00683593750000044 0.00683593750000044
0.014453125 0.00722656250000009 0.00722656250000009
0.015234375 0.00761718749999973 0.00761718749999973
0.016015625 0.00800781249999993 0.00800781249999993
0.016796875 0.00839843750000013 0.00839843750000013
0.017578125 0.00878906249999978 0.00878906249999978
0.018359375 0.00917968749999998 0.00917968749999998
0.019140625 0.00957031250000018 0.00957031250000018
0.019921875 0.00996093749999982 0.00996093749999982
0.020703125 0.0103515625 0.0103515625
0.021484375 0.0107421875000002 0.0107421875000002
0.022265625 0.0111328124999999 0.0111328124999999
0.023046875 0.0115234375000001 0.0115234375000001
0.023828125 0.0119140625000003 0.0119140625000003
0.024609375 0.0123046874999999 0.0123046874999999
0.025390625 0.0126953124999996 0.0126953124999996
0.026171875 0.0130859375000003 0.0130859375000003
0.026953125 0.0134765625 0.0134765625
0.027734375 0.0138671875000002 0.0138671875000002
0.028515625 0.0142578124999998 0.0142578124999998
0.029296875 0.0146484375 0.0146484375
0.030078125 0.0150390625000002 0.0150390625000002
0.030859375 0.0154296874999998 0.0154296874999998
0.031640625 0.0158203125 0.0158203125
0.032421875 0.0162109374999997 0.0162109374999997
0.033203125 0.0166015625000004 0.0166015625000004
0.033984375 0.0169921875000001 0.0169921875000001
0.034765625 0.0173828124999997 0.0173828124999997
0.035546875 0.0177734374999999 0.0177734374999999
0.036328125 0.0181640625000001 0.0181640625000001
0.037109375 0.0185546874999998 0.0185546874999998
0.037890625 0.0189453125 0.0189453125
0.038671875 0.0193359375000002 0.0193359375000002
0.039453125 0.0197265624999998 0.0197265624999998
0.040234375 0.0201171875 0.0201171875
0.041015625 0.0205078125000002 0.0205078125000002
0.041796875 0.0208984374999999 0.0208984374999999
0.042578125 0.0212890625000001 0.0212890625000001
0.043359375 0.0216796875000003 0.0216796875000003
0.044140625 0.0220703124999999 0.0220703124999999
0.044921875 0.0224609374999996 0.0224609374999996
0.045703125 0.0228515625000003 0.0228515625000003
0.046484375 0.0232421875 0.0232421875
0.047265625 0.0236328125000002 0.0236328125000002
0.048046875 0.0240234374999998 0.0240234374999998
0.048828125 0.0244140625 0.0244140625
0.049609375 0.0248046875000002 0.0248046875000002
0.050390625 0.0251953124999998 0.0251953124999998
0.051171875 0.0255859375 0.0255859375
0.051953125 0.0259765625 0.0259765625
0.052734375 0.0263671875000002 0.0263671875000002
0.053515625 0.0267578124999998 0.0267578124999998
0.054296875 0.0271484375 0.0271484375
0.055078125 0.0275390624999999 0.0275390624999999
0.055859375 0.0279296875000001 0.0279296875000001
0.056640625 0.0283203124999998 0.0283203124999998
0.057421875 0.0287109375 0.0287109375
0.058203125 0.0291015625000002 0.0291015625000002
0.058984375 0.0294921874999998 0.0294921874999998
0.059765625 0.0298828125 0.0298828125
0.060546875 0.0302734375000002 0.0302734375000002
0.061328125 0.0306640624999999 0.0306640624999999
0.062109375 0.0310546875000001 0.0310546875000001
0.062890625 0.0314453125 0.0314453125
0.063671875 0.0318359374999999 0.0318359374999999
0.064453125 0.0322265625000001 0.0322265625000001
0.065234375 0.0326171875 0.0326171875
0.066015625 0.0330078125 0.0330078125
0.066796875 0.0333984374999999 0.0333984374999999
0.067578125 0.0337890625000001 0.0337890625000001
0.068359375 0.0341796875 0.0341796875
0.069140625 0.0345703124999999 0.0345703124999999
0.069921875 0.0349609375000001 0.0349609375000001
0.070703125 0.0353515625 0.0353515625
0.071484375 0.0357421875 0.0357421875
0.072265625 0.0361328124999999 0.0361328124999999
0.073046875 0.0365234375000001 0.0365234375000001
0.073828125 0.0369140625 0.0369140625
0.074609375 0.0373046874999999 0.0373046874999999
0.075390625 0.0376953124999999 0.0376953124999999
0.076171875 0.0380859375000001 0.0380859375000001
0.076953125 0.0384765625 0.0384765625
0.077734375 0.0388671874999999 0.0388671874999999
0.078515625 0.0392578125000001 0.0392578125000001
0.079296875 0.0396484375 0.0396484375
0.080078125 0.0400390624999999 0.0400390624999999
0.080859375 0.0404296874999999 0.0404296874999999
0.081640625 0.0408203125000001 0.0408203125000001
0.082421875 0.0412109375 0.0412109375
0.083203125 0.0416015624999999 0.0416015624999999
0.083984375 0.0419921875000001 0.0419921875000001
0.084765625 0.0423828125 0.0423828125
0.085546875 0.0427734375 0.0427734375
0.086328125 0.0431640624999999 0.0431640624999999
0.087109375 0.0435546875000001 0.0435546875000001
0.087890625 0.0439453125 0.0439453125
0.088671875 0.0443359374999999 0.0443359374999999
0.089453125 0.0447265624999998 0.0447265624999998
0.090234375 0.0451171875 0.0451171875
0.091015625 0.0455078125000002 0.0455078125000002
0.091796875 0.0458984374999999 0.0458984374999999
0.092578125 0.0462890625000001 0.0462890625000001
0.093359375 0.0466796874999997 0.0466796874999997
0.094140625 0.0470703124999999 0.0470703124999999
0.094921875 0.0474609375000001 0.0474609375000001
0.095703125 0.0478515624999998 0.0478515624999998
0.096484375 0.0482421875 0.0482421875
0.097265625 0.0486328125000002 0.0486328125000002
0.098046875 0.0490234374999998 0.0490234374999998
0.098828125 0.0494140625 0.0494140625
0.099609375 0.0498046875000002 0.0498046875000002
