0.000390625 0.0159797686319507 0.0159797686319507
0.001171875 0.150000255553095 0.150000255553095
0.001953125 0.404903946000559 0.404903946000559
0.002734375 0.787820929836016 0.787820929836016
0.003515625 1.29807915070614 1.29807915070614
0.004296875 1.93525030857018 1.93525030857018
0.005078125 2.69885766475909 2.69885766475909
0.005859375 3.58834321170889 3.58834321170889
0.006640625 4.60306108296663 4.60306108296663
0.007421875 5.74227596534456 5.74227596534456
0.008203125 7.00516286528455 7.00516286528455
0.008984375 8.39080735275274 8.39080735275274
0.009765625 9.89820602067539 9.89820602067539
0.010546875 11.5262670682705 11.5262670682705
0.011328125 13.2738109720003 13.2738109720003
0.012109375 15.1395712283238 15.1395712283238
0.012890625 17.1221951606049 17.1221951606049
0.013671875 19.2202447860882 19.2202447860882
0.014453125 21.4321977405734 21.4321977405734
0.015234375 23.7564482592234 23.7564482592234
0.016015625 26.1913082122874 26.1913082122874
0.016796875 28.7350081947397 28.7350081947397
0.017578125 31.3856986690462 31.3856986690462
0.018359375 34.1414511600578 34.1414511600578
0.019140625 37.0002595013875 37.0002595013875
0.019921875 39.9600411322717 39.9600411322717
0.020703125 43.0186384441822 43.0186384441822
0.021484375 46.173820176291 46.173820176291
0.022265625 49.4232828588656 49.4232828588656
0.023046875 52.7646523037492 52.7646523037492
0.023828125 56.1954851408927 56.1954851408927
0.024609375 59.7132704000978 59.7132704000978
0.025390625 63.3154311368253 63.3154311368253
0.026171875 66.9993261011905 66.9993261011905
0.026953125 70.7622514490095 70.7622514490095
0.027734375 74.6014424938585 74.6014424938585
0.028515625 78.5140754990289 78.5140754990289
0.029296875 82.4972695083079 82.4972695083079
0.030078125 86.5480882143402 86.5480882143402
0.030859375 90.6635418635142 90.6635418635142
0.031640625 94.840589196092 94.840589196092
0.032421875 99.0761394204264 99.0761394204264
0.033203125 103.367054219957 103.367054219957
0.033984375 107.710149791856 107.710149791856
0.034765625 112.102198915873 112.102198915873
0.035546875 116.539933052236 116.539933052236
0.036328125 121.020044467223 121.020044467223
0.037109375 125.539188385064 125.539188385064
0.037890625 130.093985164858 130.093985164858
0.038671875 134.681022501118 134.681022501118
0.039453125 139.296857646577 139.296857646577
0.040234375 143.938019655861 143.938019655861
0.041015625 148.601011648607 148.601011648607
0.041796875 153.282313090594 153.282313090594
0.042578125 157.978382091542 157.978382091542
0.043359375 162.685657718007 162.685657718007
0.044140625 167.400562320004 167.400562320004
0.044921875 172.119503869922 172.119503869922
0.045703125 176.838878312133 176.838878312133
0.046484375 181.555071922 181.555071922
0.047265625 186.264463672644 186.264463672644
0.048046875 190.96342760806 190.96342760806
0.048828125 195.64833522109 195.64833522109
0.049609375 200.315557834736 200.315557834736
0.050390625 204.961468985316 204.961468985316
0.051171875 209.582446805985 209.582446805985
0.051953125 214.174876409093 214.174876409093
0.052734375 218.735152265901 218.735152265901
0.053515625 223.259680582159 223.259680582159
0.054296875 227.744881668018 227.744881668018
0.055078125 232.187192300821 232.187192300821
0.055859375 236.583068079271 236.583068079271
0.056640625 240.928985767473 240.928985767473
0.057421875 245.221445627396 245.221445627396
0.058203125 249.456973738272 249.456973738272
0.058984375 253.632124301462 253.632124301462
0.059765625 257.743481929351 257.743481929351
0.060546875 261.787663916809 261.787663916809
0.061328125 265.761322493781 265.761322493781
0.062109375 269.661147057589 269.661147057589
0.062890625 273.483866383547 273.483866383547
0.063671875 277.226250812446 277.226250812446
0.064453125 280.885114413582 280.885114413582
0.065234375 284.457317121892 284.457317121892
0.066015625 287.939766847899 287.939766847899
0.066796875 291.329421559094 291.329421559094
0.067578125 294.623291331438 294.623291331438
0.068359375 297.81844036969 297.81844036969
0.069140625 300.911988995256 300.911988995256
0.069921875 303.901115600327 303.901115600327
0.070703125 306.783058567025 306.783058567025
0.071484375 309.555118150354 309.555118150354
0.072265625 312.21465832374 312.21465832374
0.073046875 314.759108586009 314.759108586009
0.073828125 317.185965728615 317.185965728615
0.074609375 319.492795561996 319.492795561996
0.075390625 321.677234599965 321.677234599965
0.076171875 323.736991701043 323.736991701043
0.076953125 325.669849665672 325.669849665672
0.077734375 327.473666788314 327.473666788314
0.078515625 329.146378363381 329.146378363381
0.079296875 330.685998144077 330.685998144077
0.080078125 332.090619753172 332.090619753172
0.080859375 333.35841804483 333.35841804483
0.081640625 334.487650416557 334.487650416557
0.082421875 335.476658070465 335.476658070465
0.083203125 336.323867223007 336.323867223007
0.083984375 337.027790262383 337.027790262383
0.084765625 337.587026852888 337.587026852888
0.085546875 338.000264985438 338.000264985438
0.086328125 338.266281973617 338.266281973617
0.087109375 338.383945394559 338.383945394559
0.087890625 338.352213974051 338.352213974051
0.088671875 338.17013841527 338.17013841527
0.089453125 337.836862170582 337.836862170582
0.090234375 337.351622155895 337.351622155895
0.091015625 336.713749407073 336.713749407073
0.091796875 335.92266967796 335.92266967796
0.092578125 334.977903979602 334.977903979602
0.093359375 333.879069060287 333.879069060287
0.094140625 332.625877826054 332.625877826054
0.094921875 331.218139701385 331.218139701385
0.095703125 329.655760929777 329.655760929777
0.096484375 327.938744814003 327.938744814003
0.097265625 326.06719189583 326.06719189583
0.098046875 324.04130007507 324.04130007507
0.098828125 321.861364667809 321.861364667809
0.099609375 319.52777840377 319.52777840377
