0.0015625 543.347420939972 490.67674327418
0.003125 1006.8383942049 980.171403295606
0.0046875 1484.91564217329 1467.30474455362
0.00625 1963.86604001473 1950.90322016128
0.0078125 2439.90330579021 2429.80179903264
0.009375 2910.98666098151 2902.84677254462
0.0109375 3375.59359652088 3368.8985339222
0.0125 3832.40920041717 3826.8343236509
0.0140625 4280.22333816504 4275.55093430282
0.015625 4717.89084228214 4713.96736825998
0.0171875 5144.31473425707 5141.02744193222
0.01875 5558.43904998498 5555.70233019602
0.0203125 5959.24607382756 5956.99304492433
0.021875 6345.75574343772 6343.93284163646
0.0234375 6717.02617523916 6715.58954847018
0.025 7072.15478163266 7071.06781186548
0.0265625 7410.27969703839 7409.51125354959
0.028125 7730.58135324406 7730.10453362737
0.0296875 8032.28410958032 8032.07531480645
0.03125 8314.65787952105 8314.69612302545
0.0328125 8577.01971584362 8577.28610000272
0.034375 8818.73532908155 8819.21264348355
0.0359375 9039.22052134218 9039.89293123443
0.0375 9237.94252267025 9238.79532511287
0.0390625 9414.42122030782 9415.44065183021
0.040625 9568.23027336873 9569.40335732209
0.0421875 9698.99810715047 9700.31253194544
0.04375 9806.40878235114 9807.8528040323
0.0453125 9890.20273555503 9891.76509964781
0.046875 9950.17738789928 9951.84726672197
0.0484375 9986.18761961169 9987.95456205172
0.05 9998.14610859866 10000
0.0515625 9986.023531729 9987.95456205172
0.053125 9949.84862794503 9951.84726672197
0.0546875 9889.70812277239 9891.76509964781
0.05625 9805.74651409811 9807.8528040323
0.0578125 9698.16571965597 9700.31253194544
0.059375 9567.22458679885 9569.40335732209
0.0609375 9413.23826570901 9415.44065183021
0.0625 9236.57744743983 9238.79532511287
0.0640625 9037.66746850831 9039.89293123443
0.065625 8816.98728418902 8819.21264348355
0.0671875 8575.06831289989 8577.28610000272
0.06875 8312.4931544206 8314.69612302545
0.0703125 8029.89418501211 8032.07531480645
0.071875 7727.9520327888 7730.10453362737
0.0734375 7407.39393697425 7409.51125354959
0.075 7068.9919950053 7071.06781186548
0.0765625 6713.56130166143 6715.58954847018
0.078125 6341.95798469996 6343.93284163646
0.0796875 5955.07714172822 5956.99304492433
0.08125 5553.85068324222 5555.70233019603
0.0828125 5139.24508706205 5141.02744193222
0.084375 4712.25906952105 4713.96736825998
0.0859375 4273.92117905059 4275.55093430282
0.0875 3825.28731792611 3826.8343236509
0.0890625 3367.43819815578 3368.8985339222
0.090625 2901.47673762924 2902.84677254462
0.0921875 2428.52540279699 2429.80179903264
0.09375 1949.72350427674 1950.90322016129
0.0953125 1466.22445190723 1467.30474455362
0.096875 979.192975854585 980.171403295608
0.0984375 489.802320457957 490.67674327418
