0.00078125 271.810032500071 245.412285229123
0.0015625 504.130088722741 490.67674327418
0.00234375 744.629049435025 735.645635996674
0.003125 986.888736483525 980.171403295606
0.00390625 1229.4509331038 1224.10675199216
0.0046875 1471.72497121452 1467.30474455362
0.00546875 1713.37274344655 1709.61888760301
0.00625 1954.1520639279 1950.90322016128
0.00703125 2193.86398757795 2191.0124015687
0.0078125 2432.33166119724 2429.80179903264
0.00859375 2669.39071849047 2667.12757474898
0.009375 2904.88450689275 2902.84677254462
0.01015625 3138.66155133694 3136.81740398891
0.0109375 3370.57413906337 3368.8985339222
0.01171875 3600.47750278435 3598.95036534988
0.0125 3828.22934092946 3826.8343236509
0.01328125 4053.68953588049 4052.4131400499
0.0140625 4276.7199928806 4275.55093430282
0.01484375 4497.1845552074 4496.11329654607
0.015625 4714.94896820529 4713.96736825998
0.01640625 4929.88087593485 4928.98192229784
0.0171875 5141.84983939288 5141.02744193222
0.01796875 5350.72736971233 5349.97619887097
0.01875 5556.38697134226 5555.70233019602
0.01953125 5758.70419234307 5758.08191417845
0.0203125 5957.55667921708 5956.99304492433
0.02109375 6152.82423511737 6152.31590580627
0.021875 6344.3888799047 6343.93284163646
0.02265625 6532.13491150117 6531.72842953777
0.0234375 6715.94896777011 6715.58954847018
0.02421875 6895.72008843202 6895.40544737067
0.025 7071.339776862 7071.06781186548
0.02578125 7242.70206112068 7242.47082951467
0.0265625 7409.70355444727 7409.51125354959
0.02734375 7572.24351449132 7572.08846506484
0.028125 7730.22390170951 7730.10453362737
0.02890625 7883.54943638113 7883.46427626606
0.0296875 8032.12765422915 8032.07531480645
0.03046875 8175.86896073012 8175.84813151584
0.03125 8314.68668384679 8314.69612302545
0.03203125 8448.49712515143 8448.53565249707
0.0328125 8577.21960935687 8577.28610000272
0.03359375 8700.77653212602 8700.86991108711
0.034375 8819.09340617558 8819.21264348355
0.03515625 8932.09890544548 8932.24301195515
0.0359375 9039.72490773691 9039.89293123443
0.03671875 9141.90653508267 9142.09755703531
0.0375 9238.5821926466 9238.79532511287
0.03828125 9329.69360527428 9329.92798834739
0.0390625 9415.18585248772 9415.44065183021
0.03984375 9495.007401156 9495.28180593037
0.040625 9569.11013632487 9569.40335732209
0.04140625 9637.44939006944 9637.7606579544
0.0421875 9699.98396808203 9700.31253194544
0.04296875 9756.67617444359 9757.02130038528
0.04375 9807.49183407006 9807.8528040323
0.04453125 9852.40031323333 9852.77642388941
0.0453125 9891.37453787128 9891.76509964781
0.04609375 9924.39100976201 9924.7953459871
0.046875 9951.42982063873 9951.84726672197
0.04765625 9972.47466400195 9972.9045667869
0.0484375 9987.51284495519 9987.95456205172
0.04921875 9996.53528771341 9996.98818696204
0.05 9999.53654102341 10000
0.05078125 9996.51478139357 9996.98818696204
0.0515625 9987.47181412059 9987.95456205172
0.05234375 9972.41307216767 9972.9045667869
0.053125 9951.34761283404 9951.84726672197
0.05390625 9924.28811224816 9924.7953459871
0.0546875 9891.25085772722 9891.76509964781
0.05546875 9852.25573789037 9852.77642388941
0.05625 9807.326230656 9807.8528040323
0.05703125 9756.48938910269 9757.02130038529
0.0578125 9699.77582507754 9700.31253194544
0.05859375 9637.21969081983 9637.7606579544
0.059375 9568.85865826435 9569.40335732209
0.06015625 9494.73389642001 9495.28180593037
0.0609375 9414.89004648683 9415.44065183021
0.06171875 9329.37519498335 9329.92798834739
0.0625 9238.24084473054 9238.79532511287
0.06328125 9141.54188384633 9142.09755703531
0.0640625 9039.33655264721 9039.89293123444
0.06484375 8931.6864085646 8932.24301195515
0.065625 8818.6562890246 8819.21264348355
0.06640625 8700.31427241454 8700.86991108711
0.0671875 8576.73163705122 8577.28610000272
0.06796875 8447.98281821322 8448.53565249707
0.06875 8314.14536333511 8314.69612302545
0.06953125 8175.29988524888 8175.84813151584
0.0703125 8031.53001362962 8032.07531480645
0.07109375 7882.92234462257 7883.46427626606
0.071875 7729.56638866437 7730.10453362737
0.07265625 7571.5545165417 7572.08846506485
0.0734375 7408.98190377684 7409.51125354959
0.07421875 7241.94647326709 7242.47082951467
0.075 7070.54883629353 7071.06781186548
0.07578125 6894.89223193044 6895.40544737067
0.0765625 6715.0824648262 6715.58954847018
0.07734375 6531.22784148024 6531.72842953777
0.078125 6343.43910500544 6343.93284163646
0.07890625 6151.82936839188 6152.31590580627
0.0796875 5956.51404639618 5956.99304492433
0.08046875 5757.61078599536 5758.08191417845
0.08125 5555.23939551694 5555.70233019603
0.08203125 5349.52177248942 5349.97619887097
0.0828125 5140.58183018024 5141.02744193222
0.08359375 4928.54542297018 4928.98192229784
0.084375 4713.54027055192 4713.96736825998
0.08515625 4495.69588095458 4496.11329654607
0.0859375 4275.14347257972 4275.55093430282
0.08671875 4052.01589510988 4052.4131400499
0.0875 3826.44754951553 3826.8343236509
0.08828125 3598.57430709154 3598.95036534988
0.0890625 3368.53342758064 3368.8985339222
0.08984375 3136.46347653299 3136.81740398892
0.090625 2902.50424180557 2902.84677254462
0.09140625 2666.79664937106 2667.12757474898
0.0921875 2429.48267843058 2429.80179903264
0.09296875 2190.70527587888 2191.0124015687
0.09375 1950.60827019583 1950.90322016129
0.09453125 1709.33628481467 1709.61888760301
0.0953125 1467.03465101758 1467.30474455362
0.09609375 1223.84932034809 1224.10675199216
0.096875 979.926776744313 980.171403295608
0.09765625 735.41394827004 735.645635996677
0.0984375 490.458118623566 490.67674327418
0.09921875 245.206838413046 245.412285229123
