0.0001953125 0.00399479176849127 0.00399479176849127
0.0005859375 0.0375046549106628 0.0375046549106628
0.0009765625 0.101256520820243 0.101256520820243
0.0013671875 0.19706801896973 0.19706801896973
0.0017578125 0.324823023074714 0.324823023074714
0.0021484375 0.484483600175736 0.484483600175736
0.0025390625 0.676016892221014 0.676016892221014
0.0029296875 0.899386836872509 0.899386836872509
0.0033203125 1.15455243593715 1.15455243593715
0.0037109375 1.44146726100189 1.44146726100189
0.0041015625 1.76007928393119 1.76007928393119
0.0044921875 2.11033081308415 2.11033081308415
0.0048828125 2.49215846998595 2.49215846998595
0.0052734375 2.90549318340709 2.90549318340709
0.0056640625 3.35026019202814 3.35026019202814
0.0060546875 3.82637905176125 3.82637905176125
0.0064453125 4.33376364600008 4.33376364600008
0.0068359375 4.87232219782527 4.87232219782527
0.0072265625 5.44195728378327 5.44195728378327
0.0076171875 6.04256584890209 6.04256584890209
0.0080078125 6.6740392229076 6.6740392229076
0.0083984375 7.33626313745845 7.33626313745845
0.0087890625 8.02911774434506 8.02911774434506
0.0091796875 8.75247763471634 8.75247763471634
0.0095703125 9.50621185920681 9.50621185920681
0.0099609375 10.2901839489914 10.2901839489914
0.0103515625 11.1042519377588 11.1042519377588
0.0107421875 11.9482683846127 11.9482683846127
0.0111328125 12.8220803978093 12.8220803978093
0.0115234375 13.7255296594321 13.7255296594321
0.0119140625 14.6584524509399 14.6584524509399
0.0123046875 15.6206796795686 15.6206796795686
0.0126953125 16.6120369056625 16.6120369056625
0.0130859375 17.6323443707952 17.6323443707952
0.0134765625 18.6814170268099 18.6814170268099
0.0138671875 19.7590645656874 19.7590645656874
0.0142578125 20.8650914503323 20.8650914503323
0.0146484375 21.99929694606 21.99929694606
0.0150390625 23.1614751531015 23.1614751531015
0.0154296875 24.3514150398278 24.3514150398278
0.0158203125 25.5689004768465 25.5689004768465
0.0162109375 26.8137102719265 26.8137102719265
0.0166015625 28.0856182057141 28.0856182057141
0.0169921875 29.3843930683306 29.3843930683306
0.0173828125 30.7097986966983 30.7097986966983
0.0177734375 32.0615940127027 32.0615940127027
0.0181640625 33.439533062201 33.439533062201
0.0185546875 34.8433650547395 34.8433650547395
0.0189453125 36.2728344041261 36.2728344041261
0.0193359375 37.7276807696944 37.7276807696944
0.0197265625 39.2076390984766 39.2076390984766
0.0201171875 40.7124396679956 40.7124396679956
0.0205078125 42.2418081299202 42.2418081299202
0.0208984375 43.7954655544218 43.7954655544218
0.0212890625 45.3731284752939 45.3731284752939
0.0216796875 46.9745089358003 46.9745089358003
0.0220703125 48.5993145352677 48.5993145352677
0.0224609375 50.2472484763985 50.2472484763985
0.0228515625 51.9180096132732 51.9180096132732
0.0232421875 53.6112925001089 53.6112925001089
0.0236328125 55.3267874406993 55.3267874406993
0.0240234375 57.0641805385276 57.0641805385276
0.0244140625 58.8231537475622 58.8231537475622
0.0248046875 60.6033849237974 60.6033849237974
0.0251953125 62.4045478774042 62.4045478774042
0.0255859375 64.2263124254987 64.2263124254987
0.0259765625 66.0683444457118 66.0683444457118
0.0263671875 67.930305930231 67.930305930231
0.0267578125 69.8118550405979 69.8118550405979
0.0271484375 71.712646163096 71.712646163096
0.0275390625 73.6323299647484 73.6323299647484
0.0279296875 75.5705534499339 75.5705534499339
0.0283203125 77.5269600176034 77.5269600176034
0.0287109375 79.5011895190873 79.5011895190873
0.0291015625 81.4928783165215 81.4928783165215
0.0294921875 83.501659341764 83.501659341764
0.0298828125 85.5271621559859 85.5271621559859
0.0302734375 87.5690130096973 87.5690130096973
0.0306640625 89.6268349034472 89.6268349034472
0.0310546875 91.7002476489597 91.7002476489597
0.0314453125 93.7888679308526 93.7888679308526
0.0318359375 95.8923093688463 95.8923093688463
0.0322265625 98.0101825804741 98.0101825804741
0.0326171875 100.142095244364 100.142095244364
0.0330078125 102.287652163877 102.287652163877
0.0333984375 104.446455331372 104.446455331372
0.0337890625 106.618103992823 106.618103992823
0.0341796875 108.802194712925 108.802194712925
0.0345703125 110.998321440711 110.998321440711
0.0349609375 113.206075575517 113.206075575517
0.0353515625 115.425046033424 115.425046033424
0.0357421875 117.654819314121 117.654819314121
0.0361328125 119.894979568116 119.894979568116
0.0365234375 122.145108664454 122.145108664454
0.0369140625 124.404786258701 124.404786258701
0.0373046875 126.673589861366 126.673589861366
0.0376953125 128.951094906697 128.951094906697
0.0380859375 131.236874821789 131.236874821789
0.0384765625 133.530501096056 133.530501096056
0.0388671875 135.831543351051 135.831543351051
0.0392578125 138.139569410559 138.139569410559
0.0396484375 140.45414537105 140.45414537105
0.0400390625 142.774835672426 142.774835672426
0.0404296875 145.101203169006 145.101203169006
0.0408203125 147.432809200818 147.432809200818
0.0412109375 149.769213665195 149.769213665195
0.0416015625 152.10997508857 152.10997508857
0.0419921875 154.454650698517 154.454650698517
0.0423828125 156.802796496058 156.802796496058
0.0427734375 159.153967328175 159.153967328175
0.0431640625 161.507716960477 161.507716960477
0.0435546875 163.863598150201 163.863598150201
0.0439453125 166.221162719221 166.221162719221
0.0443359375 168.579961627383 168.579961627383
0.0447265625 170.939545045894 170.939545045894
0.0451171875 173.299462430959 173.299462430959
0.0455078125 175.659262597464 175.659262597464
0.0458984375 178.018493792847 178.018493792847
0.0462890625 180.376703771071 180.376703771071
0.0466796875 182.733439866697 182.733439866697
0.0470703125 185.088249069054 185.088249069054
0.0474609375 187.440678096491 187.440678096491
0.0478515625 189.790273470685 189.790273470685
0.0482421875 192.136581591035 192.136581591035
0.0486328125 194.479148809082 194.479148809082
0.0490234375 196.817521502962 196.817521502962
0.0494140625 199.151246151901 199.151246151901
0.0498046875 201.479869410687 201.479869410687
0.0501953125 203.802938184194 203.802938184194
0.0505859375 206.119999701841 206.119999701841
0.0509765625 208.430601592058 208.430601592058
0.0513671875 210.734291956701 210.734291956701
0.0517578125 213.03061944544 213.03061944544
0.0521484375 215.319133330063 215.319133330063
0.0525390625 217.599383578727 217.599383578727
0.0529296875 219.870920930116 219.870920930116
0.0533203125 222.133296967522 222.133296967522
0.0537109375 224.38606419279 224.38606419279
0.0541015625 226.628776100179 226.628776100179
0.0544921875 228.860987250068 228.860987250068
0.0548828125 231.082253342552 231.082253342552
0.0552734375 233.292131290832 233.292131290832
0.0556640625 235.490179294507 235.490179294507
0.0560546875 237.675956912644 237.675956912644
0.0564453125 239.849025136677 239.849025136677
0.0568359375 242.008946463116 242.008946463116
0.0572265625 244.155284966014 244.155284966014
0.0576171875 246.287606369265 246.287606369265
0.0580078125 248.405478118616 248.405478118616
0.0583984375 250.508469453475 250.508469453475
0.0587890625 252.596151478433 252.596151478433
0.0591796875 254.668097234548 254.668097234548
0.0595703125 256.723881770326 256.723881770326
0.0599609375 258.763082212422 258.763082212422
0.0603515625 260.785277836058 260.785277836058
0.0607421875 262.790050135086 262.790050135086
0.0611328125 264.77698289179 264.77698289179
0.0615234375 266.745662246285 266.745662246285
0.0619140625 268.695676765637 268.695676765637
0.0623046875 270.626617512576 270.626617512576
0.0626953125 272.538078113876 272.538078113876
0.0630859375 274.429654828327 274.429654828327
0.0634765625 276.300946614369 276.300946614369
0.0638671875 278.151555197269 278.151555197269
0.0642578125 279.981085135914 279.981085135914
0.0646484375 281.789143889205 281.789143889205
0.0650390625 283.575341881992 283.575341881992
0.0654296875 285.339292570557 285.339292570557
0.0658203125 287.080612507689 287.080612507689
0.0662109375 288.798921407279 288.798921407279
0.0666015625 290.493842208402 290.493842208402
0.0669921875 292.165001138987 292.165001138987
0.0673828125 293.81202777894 293.81202777894
0.0677734375 295.434555122793 295.434555122793
0.0681640625 297.032219641828 297.032219641828
0.0685546875 298.604661345694 298.604661345694
0.0689453125 300.151523843451 300.151523843451
0.0693359375 301.672454404143 301.672454404143
0.0697265625 303.167104016743 303.167104016743
0.0701171875 304.635127449596 304.635127449596
0.0705078125 306.076183309251 306.076183309251
0.0708984375 307.489934098749 307.489934098749
0.0712890625 308.876046275286 308.876046275286
0.0716796875 310.234190307306 310.234190307306
0.0720703125 311.564040730968 311.564040730968
0.0724609375 312.865276206012 312.865276206012
0.0728515625 314.137579570984 314.137579570984
0.0732421875 315.380637897842 315.380637897842
0.0736328125 316.5941425459 316.5941425459
0.0740234375 317.777789215143 317.777789215143
0.0744140625 318.931277998863 318.931277998863
0.0748046875 320.054313435639 320.054313435639
0.0751953125 321.146604560636 321.146604560636
0.0755859375 322.207864956208 322.207864956208
0.0759765625 323.237812801826 323.237812801826
0.0763671875 324.236170923291 324.236170923291
0.0767578125 325.202666841246 325.202666841246
0.0771484375 326.137032818967 326.137032818967
0.0775390625 327.039005909428 327.039005909428
0.0779296875 327.908328001629 327.908328001629
0.0783203125 328.744745866209 328.744745866209
0.0787109375 329.548011200266 329.548011200266
0.0791015625 330.317880671475 330.317880671475
0.0794921875 331.054115961401 331.054115961401
0.0798828125 331.756483808072 331.756483808072
0.0802734375 332.424756047749 332.424756047749
0.0806640625 333.058709655957 333.058709655957
0.0810546875 333.658126787668 333.658126787668
0.0814453125 334.222794816749 334.222794816749
0.0818359375 334.752506374557 334.752506374557
0.0822265625 335.247059387764 335.247059387764
0.0826171875 335.706257115335 335.706257115335
0.0830078125 336.129908184721 336.129908184721
0.0833984375 336.517826627187 336.517826627187
0.0837890625 336.869831912338 336.869831912338
0.0841796875 337.185748981799 337.185748981799
0.0845703125 337.465408282035 337.465408282035
0.0849609375 337.708645796347 337.708645796347
0.0853515625 337.915303075997 337.915303075997
0.0857421875 338.085227270478 338.085227270478
0.0861328125 338.218271156929 338.218271156929
0.0865234375 338.314293168658 338.314293168658
0.0869140625 338.373157422814 338.373157422814
0.0873046875 338.394733747173 338.394733747173
0.0876953125 338.378897706029 338.378897706029
0.0880859375 338.325530625224 338.325530625224
0.0884765625 338.234519616252 338.234519616252
0.0888671875 338.105757599495 338.105757599495
0.0892578125 337.93914332655 337.93914332655
0.0896484375 337.734581401647 337.734581401647
0.0900390625 337.49198230217 337.49198230217
0.0904296875 337.211262398255 337.211262398255
0.0908203125 336.892343971488 336.892343971488
0.0912109375 336.535155232671 336.535155232671
0.0916015625 336.139630338683 336.139630338683
0.0919921875 335.705709408405 335.705709408405
0.0923828125 335.233338537719 335.233338537719
0.0927734375 334.722469813591 334.722469813591
0.0931640625 334.173061327209 334.173061327209
0.0935546875 333.585077186192 333.585077186192
0.0939453125 332.958487525862 332.958487525862
0.0943359375 332.293268519583 332.293268519583
0.0947265625 331.589402388152 331.589402388152
0.0951171875 330.846877408251 330.846877408251
0.0955078125 330.06568791996 330.06568791996
0.0958984375 329.245834333315 329.245834333315
0.0962890625 328.387323133932 328.387323133932
0.0966796875 327.490166887672 327.490166887672
0.0970703125 326.554384244363 326.554384244363
0.0974609375 325.579999940571 325.579999940571
0.0978515625 324.567044801421 324.567044801421
0.0982421875 323.515555741464 323.515555741464
0.0986328125 322.4255757646 322.4255757646
0.0990234375 321.297153963036 321.297153963036
0.0994140625 320.130345515305 320.130345515305
0.0998046875 318.925211683325 318.925211683325
