0.000390625 135.92206032481 122.715382857199
0.00078125 252.153958217241 245.412285229123
0.001171875 372.586243739352 368.072229413588
0.0015625 494.065045373282 490.67674327418
0.001953125 615.916413534433 613.207363022086
0.00234375 737.900018657092 735.645635996674
0.002734375 859.901607696832 857.973123444399
0.003125 981.854639935772 980.171403295606
0.003515625 1103.71390543619 1102.22207293883
0.00390625 1225.44490859029 1224.10675199216
0.004296875 1347.01902511297 1345.80708507126
0.0046875 1468.41107462339 1467.30474455362
0.005078125 1589.59801227141 1588.58143333861
0.00546875 1710.55818095337 1709.61888760301
0.005859375 1831.27086356903 1830.39887955141
0.00625 1951.71600315298 1950.90322016128
0.006640625 2071.87402375823 2071.11376192219
0.00703125 2191.7257105369 2191.0124015687
0.007421875 2311.25212982542 2310.58108280671
0.0078125 2430.43457275897 2429.80179903264
0.008203125 2549.25451671948 2548.65659604515
0.00859375 2667.69359768792 2667.12757474898
0.008984375 2785.73359005081 2785.19689385053
0.009375 2903.35639279996 2902.84677254462
0.009765625 3020.54401959945 3020.05949319228
0.01015625 3137.27859095043 3136.81740398891
0.010546875 3253.5423298595 3253.10292162263
0.0109375 3369.31755801903 3368.8985339222
0.011328125 3484.58669400365 3484.18680249435
0.01171875 3599.33225172534 3598.95036534988
0.012109375 3713.53684028143 3713.17193951838
0.0125 3827.1831638238 3826.8343236509
0.012890625 3940.25402227803 3939.92040061048
0.01328125 4052.73231209928 4052.4131400499
0.013671875 4164.60102750123 4164.29560097637
0.0140625 4275.84326180188 4275.55093430282
0.014453125 4386.44220909778 4386.16238538528
0.01484375 4496.38116576364 4496.11329654607
0.015234375 4605.64353245025 4605.3871095824
0.015625 4714.21281597721 4713.96736825998
0.016015625 4822.07263107555 4821.83772079123
0.01640625 4929.20670276037 4928.98192229784
0.016796875 5035.59886811162 5035.38383725718
0.0171875 5141.23307859116 5141.02744193222
0.017578125 5246.09340198259 5245.89682678469
0.01796875 5350.16402485528 5349.97619887097
0.018359375 5453.42925421727 5453.24988422046
0.01875 5555.87352028789 5555.70233019602
0.019140625 5657.48137826866 5657.31810783613
0.01953125 5758.23751054609 5758.08191417845
0.019921875 5858.12672924014 5857.97857456439
0.0203125 5957.13397776037 5956.99304492433
0.020703125 6055.24433367809 6055.11041404326
0.02109375 6152.44301016319 6152.31590580627
0.021484375 6248.71535884829 6248.59488142386
0.021875 6344.04687127972 6343.93284163646
0.022265625 6438.42318162913 6438.31542889791
0.02265625 6531.8300683868 6531.72842953777
0.023046875 6624.25345663848 6624.15777590172
0.0234375 6715.67942011246 6715.58954847018
0.023828125 6806.09418322967 6806.00997795453
0.02421875 6895.48412308347 6895.40544737067
0.024609375 6983.8357715614 6983.76249408973
0.025 7071.13581737522 7071.06781186548
0.025390625 7157.37110762174 7157.30825283819
0.02578125 7242.52865055849 7242.47082951467
0.026171875 7326.59561656046 7326.54271672413
0.0265625 7409.55934091554 7409.51125354959
0.026953125 7491.40732496678 7491.36394523459
0.02734375 7572.12723864922 7572.08846506484
0.027734375 7651.70692172312 7651.67265622459
0.028125 7730.13438602747 7730.10453362737
0.028515625 7807.39781712976 7807.37228572095
0.02890625 7883.48557592445 7883.46427626606
0.029296875 7958.38620071918 7958.36904608883
0.0296875 8032.08840859833 8032.07531480645
0.030078125 8104.58109741111 8104.57198252595
0.03046875 8175.8533471295 8175.84813151584
0.030859375 8245.89442180936 8245.89302785025
0.03125 8314.69377094295 8314.69612302545
0.031640625 8382.24103122915 8382.24705554838
0.03203125 8448.52602784979 8448.53565249707
0.032421875 8513.53877637351 8513.55193105265
0.0328125 8577.2694840294 8577.28610000272
0.033203125 8639.70855111332 8639.72856121587
0.03359375 8700.84657255888 8700.86991108711
0.033984375 8760.67433940857 8760.70094195407
0.034375 8819.18283993481 8819.21264348355
0.034765625 8876.36326131623 8876.39620402854
0.03515625 8932.20699070364 8932.24301195515
0.035546875 8986.70561665911 8986.74465693954
0.0359375 9039.8509303775 9039.89293123443
0.036328125 9091.63492681495 9091.67983090522
0.03671875 9142.04980620935 9142.09755703531
0.037109375 9191.08797475673 9191.13851690058
0.0375 9238.74204633655 9238.79532511287
0.037890625 9285.00484297109 9285.06080473216
0.03828125 9329.86939656457 9329.92798834739
0.038671875 9373.32894947695 9373.39011912575
0.0390625 9415.37695571641 9415.44065183021
0.039453125 9456.00708185569 9456.07325380521
0.03984375 9495.21320814923 9495.28180593037
0.040234375 9532.98942927676 9533.06040354194
0.040625 9569.33005522365 9569.40335732209
0.041015625 9604.22961233949 9604.30519415566
0.04140625 9637.68284391048 9637.7606579544
0.041796875 9669.68471104736 9669.76471044852
0.0421875 9700.23039366709 9700.31253194544
0.042578125 9729.315290726 9729.3995220556
0.04296875 9756.93502132823 9757.02130038528
0.043359375 9783.08542537322 9783.17370719628
0.04375 9807.76256374925 9807.8528040323
0.044140625 9830.96271964437 9831.05487431216
0.04453125 9852.68239824813 9852.77642388941
0.044921875 9872.91832812074 9873.01418157858
0.0453125 9891.66746105173 9891.76509964781
0.045703125 9908.9269728282 9909.0263542778
0.04609375 9924.69426359414 9924.7953459871
0.046484375 9938.96695823107 9939.06970002356
0.046875 9951.74290668344 9951.84726672197
0.047265625 9963.0201844014 9963.12612182778
0.04765625 9972.79709240302 9972.9045667869
0.048046875 9981.07215784627 9981.18112900149
0.0484375 9987.84413395882 9987.95456205172
0.048828125 9993.1120003308 9993.2238458835
0.04921875 9996.87496316327 9996.98818696204
0.049609375 9999.13245526358 9999.24701839144
0.05 9999.88413613088 10000
0.050390625 9999.12989210977 9999.24701839144
0.05078125 9996.86983630202 9996.98818696204
0.051171875 9993.10430862015 9993.2238458835
0.0515625 9987.83387569119 9987.95456205172
0.051953125 9981.05933074783 9981.18112900149
0.05234375 9972.7816935978 9972.9045667869
0.052734375 9963.00221048069 9963.12612182778
0.053125 9951.72235359919 9951.84726672197
0.053515625 9938.94382140996 9939.06970002356
0.05390625 9924.66853779557 9924.7953459871
0.054296875 9908.89865228072 9909.0263542778
0.0546875 9891.6365393206 9891.76509964781
0.055078125 9872.8847981724 9873.01418157858
0.05546875 9852.6462524203 9852.77642388941
0.055859375 9830.92394960357 9831.05487431216
0.05625 9807.72116063217 9807.8528040323
0.056640625 9783.0413794726 9783.17370719628
0.05703125 9756.88832239347 9757.02130038529
0.057421875 9729.26592776085 9729.3995220556
0.0578125 9700.17835500472 9700.31253194544
0.058203125 9669.62998429262 9669.76471044852
0.05859375 9637.62541584598 9637.7606579544
0.058984375 9604.1694691183 9604.30519415566
0.059375 9569.26718214942 9569.40335732209
0.059765625 9532.9238108494 9533.06040354194
0.06015625 9495.14482806903 9495.28180593037
0.060546875 9455.93592296532 9456.07325380521
0.0609375 9415.30299992516 9415.44065183021
0.061328125 9373.2521779462 9373.39011912575
0.06171875 9329.78978937561 9329.92798834739
0.062109375 9284.92237932059 9285.06080473216
0.0625 9238.65670432941 9238.79532511287
0.062890625 9190.99973163267 9191.13851690058
0.06328125 9141.95863800103 9142.09755703531
0.063671875 9091.54080851311 9091.67983090522
0.0640625 9039.75383578991 9039.89293123443
0.064453125 8986.60551844991 8986.74465693954
0.06484375 8932.10386023203 8932.24301195515
0.065234375 8876.25706870979 8876.39620402854
0.065625 8819.07355395324 8819.21264348355
0.066015625 8760.56192737278 8760.70094195407
0.06640625 8700.73100046694 8700.86991108711
0.066796875 8639.58978325053 8639.72856121587
0.0671875 8577.14748325127 8577.28610000272
0.067578125 8513.41350381337 8513.55193105265
0.06796875 8448.3974428635 8448.53565249707
0.068359375 8382.1090914058 8382.24705554838
0.06875 8314.55843199985 8314.69612302545
0.069140625 8245.75563737585 8245.89302785025
0.06953125 8175.71106881285 8175.84813151584
0.069921875 8104.43527455759 8104.57198252595
0.0703125 8031.93898833552 8032.07531480645
0.070703125 7958.23312764651 7958.36904608884
0.07109375 7883.32879215031 7883.46427626607
0.071484375 7807.23726200224 7807.37228572095
0.071875 7729.96999613661 7730.10453362737
0.072265625 7651.53863059549 7651.67265622459
0.07265625 7571.95497667687 7572.08846506485
0.073046875 7491.23101920831 7491.3639452346
0.0734375 7409.37891480505 7409.51125354959
0.073828125 7326.41098994921 7326.54271672413
0.07421875 7242.33973913593 7242.47082951467
0.074609375 7157.17782304952 7157.30825283819
0.075 7070.93806663351 7071.06781186548
0.075390625 6983.63345713029 6983.76249408973
0.07578125 6895.27714214432 6895.40544737067
0.076171875 6805.88242771026 6806.00997795453
0.0765625 6715.46277618409 6715.58954847018
0.076953125 6624.03180430637 6624.15777590172
0.07734375 6531.6032811314 6531.72842953777
0.077734375 6438.19112592121 6438.31542889791
0.078125 6343.80940606747 6343.93284163646
0.078515625 6248.47233502451 6248.59488142386
0.07890625 6152.19427002814 6152.31590580627
0.079296875 6054.98971014818 6055.11041404326
0.0796875 5956.87329386177 5956.99304492433
0.080078125 5857.85979706443 5857.97857456439
0.08046875 5757.96413070555 5758.08191417845
0.080859375 5657.20133857287 5657.31810783613
0.08125 5555.5865950838 5555.70233019603
0.081640625 5453.13520293548 5453.24988422047
0.08203125 5349.86259083164 5349.97619887097
0.082421875 5245.78431113751 5245.89682678469
0.0828125 5140.91603755457 5141.02744193222
0.083203125 5035.27356274504 5035.38383725718
0.08359375 4928.87279602462 4928.98192229784
0.083984375 4821.72976081779 4821.83772079123
0.084375 4713.86059237836 4713.96736825998
0.084765625 4605.28153535662 4605.3871095824
0.08515625 4496.00894119902 4496.11329654607
0.085546875 4386.05926593052 4386.16238538528
0.0859375 4275.44906743269 4275.55093430282
0.086328125 4164.1950031261 4164.29560097637
0.08671875 4052.3138273837 4052.4131400499
0.087109375 3939.82238899778 3939.92040061049
0.0875 3826.73762870361 3826.8343236509
0.087890625 3713.07657652491 3713.17193951838
0.08828125 3598.85634937405 3598.95036534988
0.088671875 3484.09414827554 3484.18680249435
0.0890625 3368.80725592556 3368.8985339222
0.089453125 3253.01303405081 3253.10292162263
0.08984375 3136.72892072971 3136.81740398892
0.090234375 3019.97242786245 3020.05949319228
0.090625 2902.7611384761 2902.84677254462
0.091015625 2785.11270408504 2785.19689385053
0.09140625 2667.04484204869 2667.12757474898
0.091796875 2548.57533284654 2548.65659604515
0.0921875 2429.72201753616 2429.80179903264
0.092578125 2310.5027948714 2310.58108280671
0.09296875 2190.93561880322 2191.0124015687
0.093359375 2071.03849565174 2071.11376192218
0.09375 1950.82948134622 1950.90322016129
0.094140625 1830.32667894241 1830.39887955141
0.09453125 1709.54823560183 1709.61888760301
0.094921875 1588.51234008227 1588.58143333861
0.0953125 1467.23721989922 1467.30474455362
0.095703125 1345.74113853272 1345.80708507127
0.09609375 1224.0423928183 1224.10675199216
0.096484375 1102.15931010245 1102.22207293883
0.096875 980.110245421769 980.171403295608
0.097265625 857.913578886773 857.973123444402
0.09765625 735.587712857166 735.645635996677
0.098046875 613.151069044427 613.207363022085
0.0984375 490.62208591408 490.67674327418
0.098828125 368.019215880452 368.072229413588
0.09921875 245.360922355313 245.412285229123
0.099609375 122.665677241933 122.715382857205
