0.003125 1084.51564898005 980.171403295606
0.00625 2002.32931776091 1950.90322016128
0.009375 2935.25276343626 2902.84677254462
0.0125 3849.05896321284 3826.8343236509
0.015625 4729.61805192601 4713.96736825998
0.01875 5566.62150490319 5555.70233019602
0.021875 6351.20543210051 6343.93284163646
0.025 7075.40204240815 7071.06781186548
0.028125 7732.00173820883 7730.10453362737
0.03125 8314.53559853445 8314.69612302545
0.034375 8817.29770053374 8819.21264348355
0.0375 9235.37985923355 9238.79532511287
0.040625 9564.70789171964 9569.40335732209
0.04375 9802.07449410128 9807.8528040323
0.046875 9945.16626921748 9951.84726672197
0.05 9992.58356402339 10000
0.053125 9943.85234922977 9951.84726672197
0.05625 9799.42770411656 9807.8528040323
0.059375 9560.68868474866 9569.40335732209
0.0625 9229.92451117663 9238.79532511287
0.065625 8810.31213559968 8819.21264348355
0.06875 8305.88536195395 8314.69612302545
0.071875 7721.49578430546 7730.10453362737
0.075 7062.76590009084 7071.06781186548
0.078125 6336.03483589113 6343.93284163646
0.08125 5548.29719876954 5555.70233019603
0.084375 4707.13563519715 4713.96736825998
0.0875 3820.6477421087 3826.8343236509
0.090625 2897.36803035949 2902.84677254462
0.09375 1946.18568943928 1950.90322016129
0.096875 976.258943412641 980.171403295608
