0 18.7640457722482
0.000390625 18.764043431594
0.00078125 18.7640288246689
0.001171875 18.7639892800014
0.0015625 18.7639123033969
0.001953125 18.7637854208439
0.00234375 18.7635961702221
0.002734375 18.7633321015969
0.003125 18.7629807789207
0.003515625 18.7625297820856
0.00390625 18.7619667090868
0.004296875 18.7612791782272
0.0046875 18.7604548303373
0.005078125 18.7594813310001
0.00546875 18.7583463727768
0.005859375 18.7570376774307
0.00625 18.7555429981473
0.006640625 18.7538501217508
0.00703125 18.7519468709155
0.007421875 18.749821106371
0.0078125 18.7474607291028
0.008203125 18.7448536825455
0.00859375 18.7419879547697
0.008984375 18.7388515806613
0.009375 18.7354326440945
0.009765625 18.731719280095
0.01015625 18.727699676997
0.010546875 18.7233620785901
0.0109375 18.7186947862579
0.011328125 18.7136861611075
0.01171875 18.7083246260887
0.012109375 18.702598668104
0.0125 18.6964968401077
0.012890625 18.6900077631946
0.01328125 18.6831201286777
0.013671875 18.6758227001542
0.0140625 18.6681043155606
0.014453125 18.6599538892149
0.01484375 18.6513604138473
0.015234375 18.6423129626174
0.015625 18.6328006911191
0.016015625 18.6228128393719
0.01640625 18.6123387337983
0.016796875 18.6013677891879
0.0171875 18.5898895106467
0.017578125 18.5778934955319
0.01796875 18.5653694353716
0.018359375 18.5523071177701
0.01875 18.5386964282964
0.019140625 18.5245273523581
0.01953125 18.5097899770581
0.019921875 18.4944744930359
0.0203125 18.4785711962912
0.020703125 18.462070489991
0.02109375 18.4449628862593
0.021484375 18.4272390079491
0.021875 18.4088895903964
0.022265625 18.3899054831565
0.02265625 18.3702776517208
0.023046875 18.3499971792159
0.0234375 18.3290552680834
0.023828125 18.3074432417396
0.02421875 18.285152546217
0.024609375 18.2621747517846
0.025 18.238501554549
0.025390625 18.2141247780346
0.02578125 18.1890363747436
0.026171875 18.1632284276946
0.0265625 18.1366931519408
0.026953125 18.1094228960657
0.02734375 18.0814101436584
0.027734375 18.052647514766
0.028125 18.0231277673248
0.028515625 17.992843798568
0.02890625 17.9617886464122
0.029296875 17.9299554908199
0.0296875 17.8973376551395
0.030078125 17.8639286074224
0.03046875 17.8297219617156
0.030859375 17.7947114793315
0.03125 17.7588910700936
0.031640625 17.7222547935582
0.03203125 17.684796860211
0.032421875 17.6465116326405
0.0328125 17.6073936266857
0.033203125 17.5674375125592
0.03359375 17.5266381159454
0.033984375 17.4849904190732
0.034375 17.4424895617635
0.034765625 17.3991308424507
0.03515625 17.354909719179
0.035546875 17.3098218105722
0.0359375 17.2638628967776
0.036328125 17.2170289203838
0.03671875 17.1693159873117
0.037109375 17.1207203676794
0.0375 17.0712384966398
0.037890625 17.0208669751918
0.03828125 16.9696025709645
0.038671875 16.9174422189738
0.0390625 16.8643830223523
0.039453125 16.8104222530513
0.03984375 16.7555573525157
0.040234375 16.6997859323311
0.040625 16.6431057748432
0.041015625 16.5855148337491
0.04140625 16.5270112346611
0.041796875 16.467593275642
0.0421875 16.4072594277129
0.042578125 16.3460083353316
0.04296875 16.283838816844
0.043359375 16.2207498649062
0.04375 16.1567406468788
0.044140625 16.0918105051915
0.04453125 16.0259589576808
0.044921875 15.9591856978972
0.0453125 15.891490595385
0.045703125 15.8228736959329
0.04609375 15.753335221795
0.046484375 15.6828755718844
0.046875 15.6114953219364
0.047265625 15.5391952246437
0.04765625 15.4659762097623
0.048046875 15.3918393841877
0.0484375 15.3167860320037
0.048828125 15.2408176145001
0.04921875 15.1639357701629
0.049609375 15.0861423146348
0.05 15.0074392406462
0.050390625 14.9278287179179
0.05078125 14.8473130930344
0.051171875 14.7658948892874
0.0515625 14.6835768064918
0.051953125 14.6003617207709
0.05234375 14.5162526843138
0.052734375 14.4312529251033
0.053125 14.3453658466149
0.053515625 14.2585950274869
0.05390625 14.1709442211616
0.054296875 14.0824173554974
0.0546875 13.9930185323528
0.055078125 13.9027520271408
0.05546875 13.8116222883553
0.055859375 13.7196339370683
0.05625 13.6267917663992
0.056640625 13.5331007409552
0.05703125 13.438565996243
0.057421875 13.3431928380531
0.0578125 13.246986741815
0.058203125 13.1499533519249
0.05859375 13.0520984810446
0.058984375 12.9534281093733
0.059375 12.853948383891
0.059765625 12.7536656175744
0.06015625 12.6525862885852
0.060546875 12.5507170394304
0.0609375 12.4480646760964
0.061328125 12.3446361671542
0.06171875 12.2404386428392
0.062109375 12.1354793941026
0.0625 12.0297658716367
0.062890625 11.9233056848734
0.06328125 11.8161066009561
0.063671875 11.7081765436848
0.0640625 11.5995235924358
0.064453125 11.4901559810546
0.06484375 11.3800820967228
0.065234375 11.2693104788001
0.065625 11.1578498176397
0.066015625 11.0457089533788
0.06640625 10.9328968747041
0.066796875 10.8194227175914
0.0671875 10.7052957640214
0.067578125 10.5905254406703
0.06796875 10.4751213175754
0.068359375 10.3590931067778
0.06875 10.2424506609396
0.069140625 10.1252039719382
0.06953125 10.0073631694365
0.069921875 9.88893851942995
0.0703125 9.76994042276992
0.070703125 9.65037941366471
0.07109375 9.53026615815736
0.071484375 9.40961145258104
0.071875 9.28842622199222
0.072265625 9.16672151858165
0.07265625 9.04450852006365
0.073046875 8.9217985280437
0.0734375 8.79860296636483
0.073828125 8.67493337943281
0.07421875 8.55080143052061
0.074609375 8.42621890005228
0.075 8.30119768386646
0.075390625 8.17574979145993
0.07578125 8.04988734421138
0.076171875 7.92362257358564
0.0765625 7.7969678193187
0.076953125 7.66993552758382
0.07734375 7.54253824913888
0.077734375 7.41478863745549
0.078125 7.28669944682982
0.078515625 7.15828353047581
0.07890625 7.02955383860068
0.079296875 6.90052341646336
0.0796875 6.77120540241592
0.080078125 6.64161302592836
0.08046875 6.51175960559719
0.080859375 6.38165854713781
0.08125 6.25132334136135
0.081640625 6.12076756213604
0.08203125 5.99000486433346
0.082421875 5.85904898176009
0.0828125 5.72791372507439
0.083203125 5.59661297968971
0.08359375 5.46516070366345
0.083984375 5.33357092557267
0.084375 5.20185774237664
0.084765625 5.07003531726645
0.08515625 4.93811787750223
0.085546875 4.80611971223815
0.0859375 4.6740551703356
0.086328125 4.54193865816491
0.08671875 4.40978463739588
0.087109375 4.27760762277758
0.0875 4.14542217990757
0.087890625 4.01324292299114
0.08828125 3.88108451259065
0.088671875 3.74896165336553
0.0890625 3.61688909180321
0.089453125 3.48488161394126
0.08984375 3.35295404308123
0.090234375 3.22112123749443
0.090625 3.0893980881201
0.091015625 2.95779951625622
0.09140625 2.82634047124344
0.091796875 2.69503592814238
0.0921875 2.56390088540471
0.092578125 2.4329503625384
0.09296875 2.30219939776745
0.093359375 2.1716630456865
0.09375 2.04135637491063
0.094140625 1.91129446572083
0.09453125 1.78149240770535
0.094921875 1.65196529739747
0.0953125 1.52272823590986
0.095703125 1.39379632656612
0.09609375 1.26518467252966
0.096484375 1.13690837443045
0.096875 1.00898252798995
0.097265625 0.881422221644481
0.09765625 0.754242534167687
0.098046875 0.627458532292124
0.0984375 0.501085268330606
0.098828125 0.375137777797551
0.09921875 0.249631077030731
0.099609375 0.124580160813807
0.1 0
