0.0015625 0.383341205682655 0.383341205682655
0.0046875 2.38718800393599 2.38718800393599
0.0078125 6.43813609676386 6.43813609676386
0.0109375 12.4609528283213 12.4609528283213
0.0140625 20.3836826531744 20.3836826531744
0.0171875 30.1139734546598 30.1139734546598
0.0203125 41.5386164950098 41.5386164950098
0.0234375 54.524483472635 54.524483472635
0.0265625 68.9198443652901 68.9198443652901
0.0296875 84.5559185254831 84.5559185254831
0.0328125 101.248615566313 101.248615566313
0.0359375 118.800441034969 118.800441034969
0.0390625 137.002545329872 137.002545329872
0.0421875 155.636894424038 155.636894424038
0.0453125 174.478540264927 174.478540264927
0.0484375 193.297967916839 193.297967916839
0.0515625 211.863495812859 211.863495812859
0.0546875 229.943704969429 229.943704969429
0.0578125 247.309872720085 247.309872720085
0.0609375 263.738386460437 263.738386460437
0.0640625 279.013113069612 279.013113069612
0.0671875 292.92770008492 292.92770008492
0.0703125 305.287785353783 305.287785353783
0.0734375 315.913092764131 315.913092764131
0.0765625 324.639392753628 324.639392753628
0.0796875 331.320307608544 331.320307608544
0.0828125 335.828943072374 335.828943072374
0.0859375 338.059329477733 338.059329477733
0.0890625 337.927657476217 337.927657476217
0.0921875 335.373295451644 335.373295451644
0.0953125 330.3595778429 330.3595778429
0.0984375 322.87435585243 322.87435585243
