0.00078125 0.0958641739180166 0.0958641739180166
0.00234375 0.59794162145181 0.59794162145181
0.00390625 1.61731296562721 1.61731296562721
0.00546875 3.14394985335866 3.14394985335866
0.00703125 5.17288605263275 5.17288605263275
0.00859375 7.69813305696971 7.69813305696971
0.01015625 10.7123433476977 10.7123433476977
0.01171875 14.206771562931 14.206771562931
0.01328125 18.1712825561408 18.1712825561408
0.01484375 22.5943728863308 22.5943728863308
0.01640625 27.4631987457906 27.4631987457906
0.01796875 32.7636083761604 32.7636083761604
0.01953125 38.480178281045 38.480178281045
0.02109375 44.5962529176063 44.5962529176063
0.02265625 51.0939876741645 51.0939876741645
0.02421875 57.9543949843583 57.9543949843583
0.02578125 65.1573934423254 65.1573934423254
0.02734375 72.6818597857687 72.6818597857687
0.02890625 80.5056836114022 80.5056836114022
0.03046875 88.6058246827747 88.6058246827747
0.03203125 96.9583726853239 96.9583726853239
0.03359375 105.538609277919 105.538609277919
0.03515625 114.321072284997 114.321072284997
0.03671875 123.279621868007 123.279621868007
0.03828125 132.387508510135 132.387508510135
0.03984375 141.617442643787 141.617442643787
0.04140625 150.94166574612 150.94166574612
0.04296875 160.332022724276 160.332022724276
0.04453125 169.760035408613 169.760035408613
0.04609375 179.196976969502 179.196976969502
0.04765625 188.613947070756 188.613947070756
0.04921875 197.981947570889 197.981947570889
0.05078125 207.271958581937 207.271958581937
0.05234375 216.455014694559 216.455014694559
0.05390625 225.502281177603 225.502281177603
0.05546875 234.385129960322 234.385129960322
0.05703125 243.075215205738 243.075215205738
0.05859375 251.544548284721 251.544548284721
0.06015625 259.765571961512 259.765571961512
0.06171875 267.711233603414 267.711233603414
0.06328125 275.355057229626 275.355057229626
0.06484375 282.671214216896 282.671214216896
0.06640625 289.634592482967 289.634592482967
0.06796875 296.220863972392 296.220863972392
0.06953125 302.406550273381 302.406550273381
0.07109375 308.169086198882 308.169086198882
0.07265625 313.486881170018 313.486881170018
0.07421875 318.339378245313 318.339378245313
0.07578125 322.707110644902 322.707110644902
0.07734375 326.571755624974 326.571755624974
0.07890625 329.916185564176 329.916185564176
0.08046875 332.724516130531 332.724516130531
0.08203125 334.982151404491 334.982151404491
0.08359375 336.675825841273 336.675825841273
0.08515625 337.793642963284 337.793642963284
0.08671875 338.325110681507 338.325110681507
0.08828125 338.261173152958 338.261173152958
0.08984375 337.594239089833 337.594239089833
0.09140625 336.318206444668 336.318206444668
0.09296875 334.428483404763 334.428483404763
0.09453125 331.922005638171 331.922005638171
0.09609375 328.797249742793 328.797249742793
0.09765625 325.054242859483 325.054242859483
0.09921875 320.694568419492 320.694568419492
