0 3.13836511332602
0.00015625 3.1383636153355
0.0003125 3.13835612628527
0.00046875 3.13833665872439
0.000625 3.13829923241733
0.00078125 3.13823787794625
0.0009375 3.13814664030675
0.00109375 3.1380195824949
0.00125 3.13785078908352
0.00140625 3.13763436978541
0.0015625 3.13736446300141
0.00171875 3.1370352393512
0.001875 3.13664090518476
0.00203125 3.13617570607219
0.0021875 3.13563393026999
0.00234375 3.13500991216158
0.0025 3.13429803567009
0.00265625 3.13349273764125
0.0028125 3.13258851119442
0.00296875 3.13157990903975
0.003125 3.13046154675941
0.00328125 3.12922810605096
0.0034375 3.12787433793091
0.00359375 3.12639506589651
0.00375 3.12478518904386
0.00390625 3.12303968514052
0.0040625 3.12115361365073
0.00421875 3.11912211871138
0.004375 3.11694043205698
0.00453125 3.11460387589197
0.0046875 3.11210786570834
0.00484375 3.10944791304725
0.005 3.10661962820266
0.00515625 3.10361872286555
0.0053125 3.10044101270704
0.00546875 3.09708241989885
0.005625 3.09353897556964
0.00578125 3.08980682219573
0.0059375 3.08588221592471
0.00609375 3.08176152883058
0.00625 3.07744125109912
0.00640625 3.07291799314203
0.0065625 3.06818848763872
0.00671875 3.06324959150439
0.006875 3.05809828778336
0.00703125 3.05273168746631
0.0071875 3.04714703123055
0.00734375 3.04134169110211
0.0075 3.03531317203876
0.00765625 3.02905911343292
0.0078125 3.02257729053356
0.00796875 3.0158656157864
0.008125 3.00892214009127
0.00828125 3.00174505397624
0.0084375 2.99433268868757
0.00859375 2.9866835171949
0.00875 2.97879615511105
0.00890625 2.97066936152595
0.0090625 2.96230203975414
0.00921875 2.95369323799532
0.009375 2.94484214990772
0.00953125 2.93574811509377
0.0096875 2.92641061949795
0.00984375 2.9168292957164
0.01 2.90700392321825
0.01015625 2.89693442847844
0.0103125 2.88662088502202
0.01046875 2.87606351337987
0.010625 2.86526268095586
0.01078125 2.8542189018055
0.0109375 2.84293283632635
0.01109375 2.8314052908602
0.01125 2.81963721720733
0.01140625 2.80762971205322
0.0115625 2.79538401630793
0.01171875 2.78290151435863
0.011875 2.77018373323569
0.01203125 2.75723234169286
0.0121875 2.74404914920206
0.01234375 2.73063610486344
0.0125 2.71699529623133
0.01265625 2.70312894805671
0.0128125 2.68903942094718
0.01296875 2.67472920994498
0.013125 2.66020094302407
0.01328125 2.64545737950713
0.0134375 2.63050140840349
0.01359375 2.61533604666884
0.01375 2.59996443738796
0.01390625 2.58438984788146
0.0140625 2.56861566773763
0.01421875 2.55264540677069
0.014375 2.53648269290663
0.01453125 2.52013126999787
0.0146875 2.5035949955681
0.01484375 2.48687783848865
0.015 2.46998387658779
0.01515625 2.45291729419441
0.0153125 2.43568237961754
0.01546875 2.4182835225632
0.015625 2.40072521149025
0.01578125 2.38301203090668
0.0159375 2.36514865860807
0.01609375 2.3471398628599
0.01625 2.32899049952527
0.01640625 2.31070550913995
0.0165625 2.29228991393639
0.01671875 2.27374881481847
0.016875 2.25508738828895
0.01703125 2.23631088333133
0.0171875 2.21742461824804
0.01734375 2.19843397745691
0.0175 2.17934440824778
0.01765625 2.16016141750131
0.0178125 2.14089056837175
0.01796875 2.12153747693599
0.018125 2.10210780881059
0.01828125 2.08260727573907
0.0184375 2.06304163215131
0.01859375 2.04341667169735
0.01875 2.0237382237575
0.01890625 2.00401214993091
0.0190625 1.98424434050479
0.01921875 1.96444071090633
0.019375 1.94460719813944
0.01953125 1.92474975720853
0.0196875 1.90487435753145
0.01984375 1.88498697934372
0.02 1.86509361009627
0.020625 1.83877275214837
0.02125 1.81285373935998
0.021875 1.78732448616239
0.0225 1.76217344412328
0.023125 1.7373895705811
0.02375 1.71296229953592
0.024375 1.68888151460486
0.025 1.66513752386864
0.025625 1.64172103645292
0.02625 1.61862314070272
0.026875 1.59583528382166
0.0275 1.57334925285954
0.028125 1.55115715694268
0.02875 1.52925141065056
0.029375 1.50762471845133
0.03 1.48627006011624
0.030625 1.46518067703997
0.03125 1.44435005940022
0.031875 1.42377193409549
0.0325 1.4034402534052
0.033125 1.3833491843207
0.03375 1.36349309850036
0.034375 1.3438665628051
0.035 1.32446433037493
0.035625 1.30528133220951
0.03625 1.28631266921913
0.036875 1.26755360471482
0.0375 1.24899955730892
0.038125 1.2306460941993
0.03875 1.21248892481278
0.039375 1.19452389478485
0.04 1.17674698025459
0.040625 1.15915428245522
0.04125 1.14174202258199
0.041875 1.12450653692067
0.0425 1.10744427222078
0.043125 1.09055178129899
0.04375 1.07382571885919
0.044375 1.05726283751637
0.045 1.0408599840126
0.045625 1.02461409561413
0.04625 1.00852219667916
0.046875 0.99258139538677
0.0475 0.976788880618029
0.048125 0.961141918980797
0.04875 0.945637851970389
0.049375 0.930274093258718
0.05 0.915048126104999
0.050625 0.899957500881536
0.05125 0.884999832708499
0.051875 0.870172799191995
0.0525 0.85547413826005
0.053125 0.84090164609147
0.05375 0.826453175132835
0.054375 0.812126632199167
0.055 0.797919976654066
0.055625 0.783831218665355
0.05625 0.769858417532519
0.056875 0.755999680082399
0.0575 0.742253159129852
0.058125 0.728617052000216
0.05875 0.715089599110658
0.059375 0.701669082607578
0.06 0.688353825057463
0.060625 0.675142188188672
0.06125 0.662032571681803
0.061875 0.649023412006403
0.0625 0.63611318130192
0.063125 0.623300386300866
0.06375 0.61058356729233
0.064375 0.597961297124006
0.065 0.585432180241057
0.065625 0.572994851760181
0.06625 0.560647976577348
0.066875 0.548390248507749
0.0675 0.536220389456569
0.068125 0.524137148619277
0.06875 0.512139301710163
0.069375 0.500225650217956
0.07 0.488395020687367
0.070625 0.476646264025502
0.07125 0.464978254832103
0.071875 0.453389890752652
0.0725 0.441880091853401
0.073125 0.430447800017444
0.07375 0.419091978360992
0.074375 0.407811610669035
0.075 0.396605700849632
0.075625 0.385473272406094
0.07625 0.374413367926357
0.076875 0.363425048588885
0.0775 0.35250739368445
0.078125 0.341659500153207
0.07875 0.330880482136448
0.079375 0.320169470542508
0.08 0.309525612626273
0.080625 0.29894807158179
0.08125 0.288436026147489
0.081875 0.277988670223554
0.0825 0.267605212500988
0.083125 0.257284876101964
0.08375 0.247026898231031
0.084375 0.236830529836799
0.085 0.226695035283728
0.085625 0.216619692033642
0.08625 0.206603790336653
0.086875 0.196646632931143
0.0875 0.186747534752487
0.088125 0.176905822650229
0.08875 0.167120835113402
0.089375 0.15739192200372
0.09 0.147718444296372
0.090625 0.13809977382816
0.09125 0.128535293052726
0.091875 0.119024394802645
0.0925 0.109566482058135
0.093125 0.100160967722182
0.09375 0.0908072744018543
0.094375 0.0815048341956104
0.095 0.0722530884864033
0.095625 0.0630514877403897
0.09625 0.0538994913110662
0.096875 0.044796567248656
0.0975 0.0357421921145787
0.098125 0.0267358508008412
0.09875 0.0177770363541948
0.099375 0.00886524980490603
0.1 0
