0.0003125 0.153336482273048 0.153336482273048
0.0009375 0.560757054188343 0.560757054188343
0.0015625 1.37088693431444 1.37088693431444
0.0021875 2.57435221793116 2.57435221793116
0.0028125 4.15721311902217 4.15721311902217
0.0034375 6.10110790050626 6.10110790050626
0.0040625 8.3834425370938 8.3834425370938
0.0046875 10.9776242157125 10.9776242157125
0.0053125 13.8533363399187 13.8533363399187
0.0059375 16.9768522891975 16.9768522891975
0.0065625 20.311384795604 20.311384795604
0.0071875 23.8174674427039 23.8174674427039
0.0078125 27.4533644687143 27.4533644687143
0.0084375 31.1755047703176 31.1755047703176
0.0090625 34.9389357587043 34.9389357587043
0.0096875 38.6977925173507 38.6977925173507
0.0103125 42.4057775539062 42.4057775539062
0.0109375 46.0166463279274 46.0166463279274
0.0115625 49.4846936731209 49.4846936731209
0.0121875 52.7652362179559 52.7652362179559
0.0128125 55.8150859420952 55.8150859420952
0.0134375 58.5930100878169 58.5930100878169
0.0140625 61.0601727746529 61.0601727746529
0.0146875 63.1805538406455 63.1805538406455
0.0153125 64.9213406532203 64.9213406532203
0.0159375 66.2532888945535 66.2532888945535
0.0165625 67.1510486279756 67.1510486279756
0.0171875 67.5934522904189 67.5934522904189
0.0178125 67.5637616279275 67.5637616279275
0.0184375 67.0498709931698 67.0498709931698
0.0190625 66.0444648517989 66.0444648517989
0.0196875 64.5451277942222 64.5451277942222
0.020625 20.2691692278811 61.7576249912002
0.021875 18.5404554344584 58.2286178488459
0.023125 17.0299130410517 55.0811249921515
0.024375 15.7014691201896 52.256451915631
0.025625 14.5263508165068 49.7073567002343
0.026875 13.4813544166837 47.3953866211537
0.028125 12.5475809505931 45.2889249935468
0.029375 11.7094985170495 43.361736695949
0.030625 10.9542373378193 41.5918698920327
0.031875 10.2710531523281 39.9608161707763
0.033125 9.6509140940743 38.4528608435773
0.034375 9.08617930905011 37.05457499472
0.035625 8.57034653928737 35.7544144685895
0.036875 8.09785211283383 34.5424004188068
0.038125 7.66391115702534 33.4098627001573
0.039375 7.26438897139594 32.3492321382476
0.040625 6.8956967476296 31.3538711493783
0.041875 6.55470646672767 30.4179346971581
0.043125 6.23868101503871 29.5362554305739
0.044375 5.94521646298436 28.7042482353464
0.045625 5.67219412835021 27.9178304754737
0.046875 5.41774055997564 27.1733549961278
0.048125 5.18019397042826 26.4675535676569
0.049375 4.95807594866056 25.7974889203745
0.050625 4.7500675181694 25.1605138853035
0.051875 4.55498878929331 24.5542364422843
0.053125 4.37178159817039 23.9764897024657
0.054375 4.19949463863658 23.4253060311447
0.055625 4.03727068379649 22.8988946596582
0.056875 3.88433556631864 22.3956222495559
0.058125 3.73998864462836 21.9139959646193
0.059375 3.60359452911765 21.4526486811535
0.060625 3.47457588058854 21.0103260279338
0.061875 3.3524071242042 20.5858749970664
0.063125 3.23660894765162 20.1782339080156
0.064375 3.12674347312507 19.7864235408696
0.065625 3.02241000999682 19.4095392829483
0.066875 2.92324130933935 19.0467441561642
0.068125 2.82890025335443 18.6972626120145
0.069375 2.73907692268659 18.3603749973836
0.070625 2.65348599290841 18.0354126080494
0.071875 2.5718644184445 17.7217532583441
0.073125 2.49396936808378 17.4188173052101
0.074375 2.41957638120121 17.1260640731898
0.075625 2.34847771802542 16.8429886339635
0.076875 2.28048088087096 16.569118900078
0.078125 2.21540728630852 16.3040129976768
0.079375 2.15309107085648 16.0472568874772
0.080625 2.093378015013 15.7984622070512
0.081875 2.03612457236946 15.5572643107604
0.083125 1.98119699219891 15.3233204865385
0.084375 1.92847052534066 15.0963083311823
0.085625 1.87782870443593 14.8759242679534
0.086875 1.82916269063928 14.6618821921555
0.088125 1.78237067985919 14.4539122319831
0.089375 1.73735736238981 14.2517596133539
0.090625 1.69403343050088 14.055183618687
0.091875 1.65231512916828 13.8639566306776
0.093125 1.61212384566743 13.6778632530846
0.094375 1.57338573422375 13.4966995013881
0.095625 1.53603137233015 13.3202720569255
0.096875 1.49999544570657 13.1483975787716
0.098125 1.46521645919876 12.9809020682141
0.099375 1.43163647119777 12.8176202811925
