0.0025 4654.50255268735 3826.8343236509
0.005 7280.0734507144 7071.06781186548
0.0075 9185.70418694613 9238.79532511287
0.01 9807.85280403235 10000
0.0125 8986.6166294785 9238.79532511287
0.015 6820.24115190952 7071.06781186548
0.0175 3624.55994982029 3826.83432365089
0.019453125 1671.45657416743 857.973123444397
0.0203125 -2.13461596485612e-11 0
0.020625 3.32889945747243e-09 0
0.0209375 3.04425154291273e-09 0
0.02125 3.95529144011811e-10 0
0.0215625 1.3234699118843e-10 0
0.021875 -1.50158697287808e-09 0
0.0221875 3.95209137948416e-11 0
0.0225 1.00970482418147e-09 0
0.0228125 2.35951307051693e-10 0
0.023125 2.57810974165943e-10 0
0.0234375 3.18426057674424e-09 0
0.02375 1.80494328967917e-09 0
0.0240625 3.12315015895002e-09 0
0.024375 -2.44212327862789e-09 0
0.0246875 3.92871242271467e-10 0
0.025 -2.3035192814519e-10 0
0.0253125 1.55986225322989e-09 0
0.025625 -2.89319564027017e-10 0
0.0259375 -9.49231642586062e-10 0
0.02625 2.16013160443985e-09 0
0.0265625 4.46591257137394e-10 0
0.026875 1.69580421135703e-09 0
0.0271875 -2.29987165965568e-09 0
0.0275 -1.49396932981091e-10 0
0.0278125 1.87249997670022e-09 0
0.028125 -1.72553451641581e-10 0
0.0284375 -1.67246880666738e-09 0
0.02875 9.31788985748949e-10 0
0.0290625 1.70870836061979e-10 0
0.029375 -7.35585498760476e-10 0
0.0296875 1.65107727048143e-09 0
0.03 1.89854861396269e-09 0
0.0303125 -8.82102773846506e-10 0
0.030625 -2.1980551559982e-09 0
0.0309375 2.22709625971435e-09 0
0.03125 -1.28914142601182e-09 0
0.0315625 -1.70773363710271e-09 0
0.031875 -1.8524285157764e-09 0
0.0321875 3.41665348753319e-10 0
0.0325 2.17180320946443e-09 0
0.0328125 6.53310602049065e-10 0
0.033125 8.61493286287221e-11 0
0.0334375 -1.26359351055756e-10 0
0.03375 -1.16737372899249e-09 0
0.0340625 8.34708523268676e-10 0
0.034375 -1.87123888608518e-10 0
0.0346875 -8.00246405886205e-10 0
0.035 9.16092598605006e-10 0
0.0353125 -8.92809917885806e-10 0
0.035625 -1.19980433027242e-09 0
0.0359375 -5.787522386365e-10 0
0.03625 1.94181027683538e-09 0
0.0365625 -6.94703960436712e-10 0
0.036875 1.73631663847776e-09 0
0.0371875 1.00967111639881e-09 0
0.0375 -5.25511644850632e-10 0
0.0378125 -2.01357253542278e-09 0
0.038125 -1.03728177924363e-09 0
0.0384375 -2.49475257851933e-09 0
0.03875 -1.25093925659493e-09 0
0.0390625 3.64705205560118e-10 0
0.039375 4.10396593038657e-10 0
0.0396875 2.35381837248926e-09 0
0.04 9.57691450649669e-10 0
0.0403125 2.07775203874856e-09 0
0.040625 -1.08273400061257e-10 0
0.0409375 8.85041127866836e-10 0
0.04125 2.83525861663242e-09 0
0.0415625 1.36768543125863e-09 0
0.041875 1.67184853179188e-09 0
0.0421875 1.1962691937765e-09 0
0.0425 8.23330862187347e-10 0
0.0428125 -2.97701846953508e-10 0
0.043125 2.54501578972942e-09 0
0.0434375 2.38461804006835e-09 0
0.04375 -2.13456054249876e-09 0
0.0440625 5.38478913292191e-10 0
0.044375 -1.76385793012534e-09 0
0.0446875 -7.42314304096778e-10 0
0.045 -2.13618376213991e-09 0
0.0453125 -1.6938659423814e-09 0
0.045625 -1.55824658098793e-09 0
0.0459375 1.07727967580577e-09 0
0.04625 -4.15467677623938e-10 0
0.0465625 -1.87344558298089e-09 0
0.046875 -3.13604446463876e-10 0
0.0471875 1.13790246278634e-09 0
0.0475 1.04732323778226e-09 0
0.0478125 -8.47423344453878e-10 0
0.048125 2.04814734341262e-10 0
0.0484375 -1.48976194792964e-09 0
0.04875 1.2532155099534e-12 0
0.0490625 7.83691876308173e-10 0
0.049375 6.88426206159363e-10 0
0.0496875 8.9883403900511e-10 0
0.05 2.50155276714021e-09 0
0.0503125 6.1562811418801e-10 0
0.050625 1.20090494476e-09 0
0.0509375 -1.79935412658589e-09 0
0.05125 6.93105949539887e-10 0
0.0515625 4.20533952473481e-10 0
0.051875 1.33678795634858e-09 0
0.0521875 -2.10178228223375e-10 0
0.0525 -6.66725633691354e-10 0
0.0528125 1.00586836573494e-09 0
0.053125 8.91679415156752e-10 0
0.0534375 -6.05674428191816e-10 0
0.05375 -7.01987806282851e-10 0
0.0540625 -1.06157367284712e-09 0
0.054375 -1.20413318533185e-09 0
0.0546875 -4.36401337717201e-10 0
0.055 8.30838673657413e-10 0
0.0553125 5.12195551121695e-12 0
0.055625 -1.93753562144599e-10 0
0.0559375 1.34887854198115e-10 0
0.05625 -2.57517573828082e-10 0
0.0565625 1.58383415983203e-09 0
0.056875 -4.23368098453369e-10 0
0.0571875 5.50862617609382e-10 0
0.0575 6.74196438201382e-10 0
0.0578125 2.08286251449091e-09 0
0.058125 -6.07903770859425e-11 0
0.0584375 -7.20421939572823e-10 0
0.05875 2.84090238636098e-10 0
0.0590625 1.51388880082848e-09 0
0.059375 1.08703647998127e-09 0
0.0596875 1.52566030281622e-09 0
0.06 -1.63448577764875e-09 0
0.0603125 -1.20544639250665e-09 0
0.060625 -1.50423356283321e-09 0
0.0609375 -6.40147231690065e-10 0
0.06125 5.08576091155437e-10 0
0.0615625 -1.36227581957883e-10 0
0.061875 -1.03784047605978e-09 0
0.0621875 -7.6743390703044e-10 0
0.0625 -1.75466292258183e-09 0
0.0628125 -1.19598963761425e-09 0
0.063125 1.0538545838176e-09 0
0.0634375 5.58051317918901e-10 0
0.06375 -1.6666325620029e-09 0
0.0640625 -1.66544927475932e-10 0
0.064375 -5.39200496368267e-10 0
0.0646875 -3.83415110356811e-10 0
0.065 -3.35139366879687e-10 0
0.0653125 -2.01835752332307e-10 0
0.065625 7.47559154084902e-10 0
0.0659375 8.85426990218074e-11 0
0.06625 -1.1402199938943e-09 0
0.0665625 1.15996649161796e-09 0
0.066875 -6.59672728341352e-10 0
0.0671875 1.40269465561704e-09 0
0.0675 -2.77932362424918e-11 0
0.0678125 -9.48618070429589e-10 0
0.068125 -2.18578537494391e-10 0
0.0684375 6.01733258071062e-10 0
0.06875 2.08237815854279e-10 0
0.0690625 -9.54384847919498e-13 0
0.069375 3.96422668549439e-10 0
0.0696875 4.0293202241422e-10 0
0.07 2.39493367427592e-10 0
0.0703125 -1.287013537764e-09 0
0.070625 -2.30423818852319e-10 0
0.0709375 -4.49601443960865e-10 0
0.07125 -2.78119686996991e-10 0
0.0715625 -3.72919419536472e-10 0
0.071875 -2.81643997316244e-10 0
0.0721875 1.01594602807612e-11 0
0.0725 -1.61373400227601e-11 0
0.0728125 -5.72145440936865e-10 0
0.073125 -4.64896957190472e-10 0
0.0734375 -6.06510230021485e-11 0
0.07375 3.48191653843356e-10 0
0.0740625 -5.94817210020282e-10 0
0.074375 -1.18160814911704e-10 0
0.0746875 2.21218834953421e-11 0
0.075 -2.33443886250042e-10 0
0.0753125 -5.49259324164189e-10 0
0.075625 1.04187645733618e-09 0
0.0759375 -1.4633036315754e-10 0
0.07625 4.25448439344668e-10 0
0.0765625 -1.85081863826158e-10 0
0.076875 -5.7395873239685e-10 0
0.0771875 -2.78053111068446e-10 0
0.0775 -1.59963109944988e-10 0
0.0778125 4.02460837879253e-10 0
0.078125 -1.48616425443949e-10 0
0.0784375 2.70065886887541e-10 0
0.07875 -4.90504452551501e-10 0
0.0790625 -5.72611048103526e-11 0
0.079375 8.23009783985257e-11 0
0.0796875 6.68845550190909e-11 0
0.08 -6.9359986622687e-10 0
0.0803125 2.70376697554136e-10 0
0.080625 -2.18499638098537e-10 0
0.0809375 -7.80625414107748e-10 0
0.08125 3.22001756207783e-10 0
0.0815625 -1.94374528427303e-10 0
0.081875 -7.43086677855998e-11 0
0.0821875 -1.102124196766e-10 0
0.0825 3.741869512323e-10 0
0.0828125 -4.28313893865717e-11 0
0.083125 9.98451279992305e-11 0
0.0834375 -3.97601530939846e-10 0
0.08375 -5.94728141061777e-10 0
0.0840625 1.15482016131442e-10 0
0.084375 -7.41566969489962e-11 0
0.0846875 -2.59756173461925e-10 0
0.085 -4.03227954463115e-10 0
0.0853125 1.1725525545699e-10 0
0.085625 4.63815992588502e-10 0
0.0859375 -2.79882663161381e-10 0
0.08625 -5.30295255377976e-10 0
0.0865625 1.71823975918941e-10 0
0.086875 -9.88259052627029e-11 0
0.0871875 -1.35388915883642e-10 0
0.0875 2.36185869692456e-10 0
0.0878125 1.04862927047483e-10 0
0.088125 2.46957699306408e-11 0
0.0884375 -6.71260288040136e-11 0
0.08875 -3.31999395574453e-10 0
0.0890625 -4.53976735603434e-10 0
0.089375 2.71909412708714e-10 0
0.0896875 -7.17970011743671e-12 0
0.09 -4.51306135221191e-11 0
0.0903125 -1.18797540116525e-10 0
0.090625 8.8619328991421e-11 0
0.0909375 -1.63827520488743e-10 0
0.09125 -2.0492707863401e-11 0
0.0915625 -6.95545930636849e-14 0
0.091875 5.86373998296049e-11 0
0.0921875 9.98711536723455e-11 0
0.0925 -9.82549788892319e-12 0
0.0928125 -1.01219205401079e-10 0
0.093125 1.26949213532301e-10 0
0.0934375 1.79031108340714e-10 0
0.09375 -3.80448612785649e-11 0
0.0940625 -2.63543725537998e-10 0
0.094375 -3.31991299358347e-12 0
0.0946875 1.38283154073345e-10 0
0.095 -1.31532072098132e-10 0
0.0953125 1.02910913018557e-10 0
0.095625 6.62400091460057e-11 0
0.0959375 8.53735372105765e-11 0
0.09625 1.55657852206785e-11 0
0.0965625 -1.09722340161646e-10 0
0.096875 -1.82945345117027e-11 0
0.0971875 -6.44748574431444e-11 0
0.0975 3.16555898303385e-11 0
0.0978125 -1.1068362423933e-11 0
0.098125 1.06452640024328e-11 0
0.0984375 2.1320124599801e-11 0
0.09875 -3.70667196829811e-11 0
0.0990625 2.05020979289676e-11 0
0.099375 1.63581199642345e-11 0
0.0996875 -9.1171479971756e-12 0
