0.000625 1223.14774423359 980.171403295606
0.00125 2068.86540360287 1950.90322016128
0.001875 2977.60822771892 2902.84677254462
0.0025 3878.89050913628 3826.8343236509
0.003125 4751.56301349909 4713.96736825998
0.00375 5583.00881022007 5555.70233019602
0.004375 6363.38402896772 6343.93284163646
0.005 7084.2354542931 7071.06781186548
0.005625 7738.08673032299 7730.10453362737
0.00625 8318.31097703454 8314.69612302545
0.006875 8819.10330723691 8819.21264348355
0.0075 9235.49070237773 9238.79532511287
0.008125 9563.35489727502 9569.40335732209
0.00875 9799.4576116485 9807.8528040323
0.009375 9941.46298855726 9951.84726672197
0.01 9987.95456205153 10000
0.010625 9938.44527993197 9951.84726672197
0.01125 9793.37975235623 9807.8528040323
0.011875 9554.12827767609 9569.40335732209
0.0125 9222.97244502487 9238.79532511287
0.013125 8803.08229143719 8819.21264348355
0.01375 8298.48513030006 8314.69612302545
0.014375 7714.02628351168 7730.10453362737
0.015 7055.32204991514 7071.06781186548
0.015625 6328.70533166183 6343.93284163646
0.01625 5541.16442032239 5555.70233019602
0.016875 4700.27551675069 4713.96736825998
0.0175 3814.12962339503 3826.83432365089
0.018125 2891.25450496964 2902.84677254462
0.01875 1940.53246300587 1950.90322016129
0.019375 971.11471164543 980.171403295608
0.02015625 159.755218740531 0
0.02125 3.62466335195403e-11 0
0.0225 -9.57563028868626e-11 0
0.02375 1.0408300519235e-10 0
0.025 -7.43587280913469e-11 0
0.02625 8.42577387337742e-11 0
0.0275 -6.69103373718576e-11 0
0.02875 -4.72369615513766e-11 0
0.03 -3.21164113065824e-11 0
0.03125 -1.20053857469731e-10 0
0.0325 4.79255415869817e-11 0
0.03375 4.08597978493587e-11 0
0.035 1.13976244477969e-11 0
0.03625 -4.12725365259883e-12 0
0.0375 -3.84890909549805e-11 0
0.03875 -2.08100247735625e-11 0
0.04 -5.19763712306282e-11 0
0.04125 3.97050270234825e-13 0
0.0425 6.98420214242637e-11 0
0.04375 -6.50737063517419e-11 0
0.045 -1.54936169187723e-10 0
0.04625 7.96960095514706e-11 0
0.0475 -4.99536308726292e-11 0
0.04875 1.74464655206435e-11 0
0.05 3.93193307540668e-11 0
0.05125 7.27217431338949e-11 0
0.0525 -7.54523742893131e-11 0
0.05375 7.14084995359481e-12 0
0.055 -4.75874019624981e-11 0
0.05625 6.63677285207553e-11 0
0.0575 3.08045529398132e-11 0
0.05875 -8.63782860342597e-11 0
0.06 -2.33815261824851e-11 0
0.06125 -1.61292176893234e-11 0
0.0625 -3.53269183939061e-11 0
0.06375 -4.05750603791325e-11 0
0.065 7.02142460168035e-11 0
0.06625 -3.85481016727558e-11 0
0.0675 2.69761192051556e-11 0
0.06875 1.66523062004404e-11 0
0.07 -2.38156390452094e-13 0
0.07125 -3.60084206200272e-11 0
0.0725 7.82861864931594e-11 0
0.07375 2.86218874774139e-11 0
0.075 -1.06544222602159e-11 0
0.07625 7.30045489253126e-11 0
0.0775 9.16829336464645e-12 0
0.07875 1.95348189900731e-11 0
0.08 2.87725057603228e-11 0
0.08125 4.03115139128532e-11 0
0.0825 4.76164058427778e-12 0
0.08375 -3.22945341016801e-12 0
0.085 6.92314656402759e-13 0
0.08625 7.00897041244613e-12 0
0.0875 2.47300641278985e-12 0
0.08875 -2.30056883612052e-12 0
0.09 -2.7140146515816e-11 0
0.09125 -1.03057501401125e-11 0
0.0925 -7.30552129663128e-12 0
0.09375 6.61987418719617e-12 0
0.095 -4.52521848684862e-12 0
0.09625 -5.1872296339098e-12 0
0.0975 4.95041643906627e-12 0
0.09875 1.06742668726282e-12 0
