0 1.18498687215356
0.000625 1.18489103685214
0.00125 1.18454056369327
0.001875 1.18368375935932
0.0025 1.18207478922312
0.003125 1.17947653102373
0.00375 1.17566333858591
0.004375 1.17042368700023
0.005 1.16356267186541
0.005625 1.15490433665296
0.00625 1.14429380397221
0.006875 1.13159918847496
0.0075 1.11671327132327
0.008125 1.09955491853032
0.00875 1.08007022804887
0.009375 1.05823339319968
0.01 1.03404727287634
0.010625 1.00754366190515
0.01125 0.978783257950191
0.011875 0.947855324404491
0.0125 0.914877051768268
0.013125 0.879992623054459
0.01375 0.843371991749573
0.014375 0.805209383765416
0.015 0.765721537615012
0.015625 0.725145699706749
0.01625 0.683737394147653
0.016875 0.641767988755169
0.0175 0.599522081073657
0.018125 0.557294730056202
0.01875 0.515388560685471
0.019375 0.474110770153097
0.02 0.433770065281708
0.0203125 0.427212986285267
0.020625 0.420805876144413
0.0209375 0.414543471858727
0.02125 0.408420761255459
0.0215625 0.402432967839427
0.021875 0.396575536751424
0.0221875 0.390844121739981
0.0225 0.385234573060678
0.0228125 0.379742926225538
0.023125 0.374365391532426
0.0234375 0.369098344311022
0.02375 0.363938315827814
0.0240625 0.358881984797902
0.024375 0.353926169456079
0.0246875 0.349067820143999
0.025 0.344304012373985
0.0253125 0.339631940333558
0.025625 0.335048910797812
0.0259375 0.330552337419613
0.02625 0.326139735370104
0.0265625 0.321808716304317
0.026875 0.31755698362875
0.0271875 0.313382328049678
0.0275 0.309282623382652
0.0278125 0.305255822605232
0.028125 0.301299954136376
0.0284375 0.297413118327242
0.02875 0.293593484149303
0.0290625 0.28983928606677
0.029375 0.286148821081302
0.0296875 0.282520445937859
0.03 0.278952574481426
0.0303125 0.275443675155016
0.030625 0.271992268630145
0.0309375 0.268596925561514
0.03125 0.265256264458307
0.0315625 0.261968949664963
0.031875 0.258733689444865
0.0321875 0.255549234160765
0.0325 0.252414374546243
0.0328125 0.249327940062847
0.033125 0.246288797337951
0.0334375 0.243295848678678
0.03375 0.240348030657537
0.0340625 0.237444312765744
0.034375 0.234583696130409
0.0346875 0.231765212292046
0.035 0.228987922039098
0.0353125 0.226250914296334
0.035625 0.22355330506423
0.0359375 0.220894236406578
0.03625 0.218272875483752
0.0365625 0.215688413629235
0.036875 0.213140065467122
0.0371875 0.210627068068485
0.0375 0.208148680144585
0.0378125 0.205704181275048
0.038125 0.203292871169239
0.0384375 0.200914068959149
0.03875 0.198567112522237
0.0390625 0.19625135783272
0.039375 0.193966178339936
0.0396875 0.191710964372438
0.04 0.189485122566581
0.0403125 0.187288075318422
0.040625 0.185119260257823
0.0409375 0.182978129743694
0.04125 0.180864150379394
0.0415625 0.178776802547342
0.041875 0.176715579961943
0.0421875 0.174679989239995
0.0425 0.172669549487763
0.0428125 0.170683791903984
0.043125 0.168722259398059
0.0434375 0.166784506222777
0.04375 0.164870097620899
0.0440625 0.162978609485014
0.044375 0.161109628030069
0.0446875 0.159262749478019
0.045 0.157437579754085
0.0453125 0.155633734194112
0.045625 0.153850837262545
0.0459375 0.15208852228059
0.04625 0.150346431164117
0.0465625 0.148624214170899
0.046875 0.146921529656796
0.0471875 0.145238043840526
0.0475 0.143573430576653
0.0478125 0.14192737113646
0.048125 0.140299553996402
0.0484375 0.138689674633809
0.04875 0.137097435329565
0.0490625 0.135522544977483
0.049375 0.133964718900095
0.0496875 0.132423678670633
0.05 0.130899151940926
0.0503125 0.129390872275009
0.050625 0.127898578988201
0.0509375 0.126422016991468
0.05125 0.124960936640834
0.0515625 0.123515093591683
0.051875 0.12208424865774
0.0521875 0.120668167674572
0.0525 0.119266621367431
0.0528125 0.117879385223281
0.053125 0.11650623936685
0.0534375 0.11514696844057
0.05375 0.113801361488244
0.0540625 0.112469211842327
0.054375 0.111150317014667
0.0546875 0.109844478590603
0.055 0.108551502126287
0.0553125 0.10727119704911
0.055625 0.106003376561144
0.0559375 0.104747857545469
0.05625 0.103504460475299
0.0565625 0.102273009325805
0.056875 0.101053331488541
0.0571875 0.0998452576883851
0.0575 0.098648621902906
0.0578125 0.0974632612840761
0.058125 0.0962890160822489
0.0584375 0.0951257295723246
0.05875 0.0939732479820313
0.0590625 0.0928314204222494
0.059375 0.0917000988193128
0.0596875 0.0905791378492203
0.06 0.0894683948736945
0.0603125 0.0883677298780281
0.060625 0.0872770054106586
0.0609375 0.0861960865244152
0.06125 0.0851248407193845
0.0615625 0.0840631378873426
0.061875 0.0830108502577032
0.0621875 0.0819678523449333
0.0625 0.0809340208973909
0.0628125 0.0799092348475389
0.063125 0.0788933752634915
0.0634375 0.0778863253018532
0.06375 0.0768879701618084
0.0640625 0.0758981970404238
0.064375 0.074916895089126
0.0646875 0.0739439553713178
0.065 0.072979270821099
0.0653125 0.0720227362030582
0.065625 0.071074248073102
0.0659375 0.0701337047402919
0.06625 0.0692010062296577
0.0665625 0.0682760542459579
0.066875 0.0673587521383601
0.0671875 0.0664490048660135
0.0675 0.0655467189644862
0.0678125 0.0646518025130445
0.068125 0.0637641651027465
0.0684375 0.0628837178053282
0.06875 0.0620103731428596
0.0690625 0.0611440450581462
0.069375 0.0602846488858571
0.0696875 0.0594321013243571
0.07 0.0585863204082243
0.0703125 0.0577472254814312
0.070625 0.0569147371711744
0.0709375 0.0560887773623305
0.07125 0.0552692691725239
0.0715625 0.0544561369277875
0.071875 0.0536493061388008
0.0721875 0.0528487034776889
0.0725 0.0520542567553673
0.0728125 0.0512658948994169
0.073125 0.0504835479324759
0.0734375 0.0497071469511334
0.07375 0.0489366241053109
0.0740625 0.0481719125781204
0.074375 0.0474129465661834
0.0746875 0.0466596612604016
0.075 0.0459119928271643
0.0753125 0.0451698783899832
0.075625 0.0444332560115416
0.0759375 0.0437020646761485
0.07625 0.0429762442725858
0.0765625 0.0422557355773388
0.076875 0.0415404802382003
0.0771875 0.0408304207582375
0.0775 0.0401255004801143
0.0778125 0.0394256635707572
0.078125 0.0387308550063587
0.0784375 0.0380410205577074
0.07875 0.0373561067758375
0.0790625 0.0366760609779896
0.079375 0.0360008312338748
0.0796875 0.035330366352234
0.08 0.0346646158676858
0.0803125 0.0340035300278552
0.080625 0.033347059780776
0.0809375 0.0326951567625611
0.08125 0.0320477732853324
0.0815625 0.0314048623254058
0.081875 0.030766377511723
0.0821875 0.0301322731145261
0.0825 0.0295025040342676
0.0828125 0.0288770257907506
0.083125 0.0282557945124941
0.0834375 0.0276387669263164
0.08375 0.0270259003471336
0.0840625 0.0264171526679663
0.084375 0.0258124823501502
0.0846875 0.0252118484137454
0.085 0.0246152104281407
0.0853125 0.0240225285028466
0.085625 0.0234337632784738
0.0859375 0.0228488759178933
0.08625 0.0222678280975719
0.0865625 0.0216905819990809
0.086875 0.0211171003007732
0.0871875 0.0205473461696247
0.0875 0.0199812832532373
0.0878125 0.0194188756719975
0.088125 0.0188600880113902
0.0884375 0.0183048853144613
0.08875 0.0177532330744273
0.0890625 0.0172050972274279
0.089375 0.0166604441454192
0.0896875 0.0161192406292033
0.09 0.0155814539015911
0.0903125 0.0150470516006975
0.090625 0.0145160017733626
0.0909375 0.0139882728686993
0.09125 0.0134638337317627
0.0915625 0.0129426535973384
0.091875 0.0124247020838491
0.0921875 0.0119099491873742
0.0925 0.0113983652757818
0.0928125 0.0108899210829706
0.093125 0.0103845877032176
0.0934375 0.00988233658563195
0.09375 0.00938313952870988
0.0940625 0.00888696867499094
0.094375 0.0083937965058117
0.0946875 0.00790359583615564
0.095 0.00741633980959696
0.0953125 0.00693200189333629
0.095625 0.00645055587332645
0.0959375 0.00597197584948621
0.09625 0.00549623623100034
0.0965625 0.00502331173170406
0.096875 0.0045531773655501
0.0971875 0.00408580844215676
0.0975 0.00362118056243507
0.0978125 0.00315926961429372
0.098125 0.0027000517684198
0.0984375 0.00224350347413409
0.09875 0.00178960145531914
0.0990625 0.00133832270641881
0.099375 0.000889644488507698
0.0996875 0.000443544325429083
0.1 0
