0.00015625 0.0383456695672635 0.0383456695672635
0.00046875 0.140508410336082 0.140508410336082
0.00078125 0.344538504575098 0.344538504575098
0.00109375 0.649845940169769 0.649845940169769
0.00140625 1.0555476032458 1.0555476032458
0.00171875 1.56046955800164 1.56046955800164
0.00203125 2.1631500776131 2.1631500776131
0.00234375 2.86184341864129 2.86184341864129
0.00265625 3.65452432950946 3.65452432950946
0.00296875 4.53889328179073 4.53889328179073
0.00328125 5.51238241122363 5.51238241122363
0.00359375 6.57216215360492 6.57216215360492
0.00390625 7.71514855899369 7.71514855899369
0.00421875 8.9380112659164 8.9380112659164
0.00453125 10.2371821156446 10.2371821156446
0.00484375 11.6088643850247 11.6088643850247
0.00515625 13.0490426147318 13.0490426147318
0.00546875 14.5534930084047 14.5534930084047
0.00578125 16.117794376612 16.117794376612
0.00609375 17.7373395982876 17.7373395982876
0.00640625 19.4073475709381 19.4073475709381
0.00671875 21.1228756197066 21.1228756197066
0.00703125 22.8788323342293 22.8788323342293
0.00734375 24.6699908011188 24.6699908011188
0.00765625 26.4910021989351 26.4910021989351
0.00796875 28.336409721561 28.336409721561
0.00828125 30.200662795081 30.200662795081
0.00859375 32.0781315525124 32.0781315525124
0.00890625 33.9631215300642 33.9631215300642
0.00921875 35.8498885480465 35.8498885480465
0.00953125 37.7326537390609 37.7326537390609
0.00984375 39.6056186857187 39.6056186857187
0.01015625 41.4629806298393 41.4629806298393
0.01046875 43.2989477148794 43.2989477148794
0.01078125 45.1077542232525 45.1077542232525
0.01109375 46.8836757701528 46.8836757701528
0.01140625 48.6210444156288 48.6210444156288
0.01171875 50.3142636567844 50.3142636567844
0.01203125 51.9578232622962 51.9578232622962
0.01234375 53.5463139117795 53.5463139117795
0.01265625 55.0744416029996 55.0744416029996
0.01296875 56.537041790488 56.537041790488
0.01328125 57.9290932197463 57.9290932197463
0.01359375 59.2457314219676 59.2457314219676
0.01390625 60.4822618350134 60.4822618350134
0.01421875 61.6341725172887 61.6341725172887
0.01453125 62.6971464221437 62.6971464221437
0.01484375 63.6670732015048 63.6670732015048
0.01515625 64.5400605085598 64.5400605085598
0.01546875 65.3124447705697 65.3124447705697
0.01578125 65.9808014041516 65.9808014041516
0.01609375 66.5419544467394 66.5419544467394
0.01640625 66.9929855793637 66.9929855793637
0.01671875 67.3312425173766 67.3312425173766
0.01703125 67.5543467472892 67.5543467472892
0.01734375 67.6602005894964 67.6602005894964
0.01765625 67.646993568319 67.646993568319
0.01796875 67.5132080724886 67.5132080724886
0.01828125 67.25762429094 67.25762429094
0.01859375 66.8793244105675 66.8793244105675
0.01890625 66.3776960644046 66.3776960644046
0.01921875 65.752435020541 65.752435020541
0.01953125 65.0035471039555 65.0035471039555
0.01984375 64.1313493453348 64.1313493453348
0.020625 20.2630645330662 61.739024749186
0.021875 18.5348713959177 58.2110804778039
0.023125 17.0247839496384 55.0645355871116
0.024375 15.6967401312484 52.2407132493112
0.025625 14.5219757512285 49.692385773735
0.026875 13.4772940847836 47.3811120168172
0.028125 12.5438018538028 45.2752848160696
0.029375 11.7059718350194 43.3486769515561
0.030625 10.9509381263358 41.5793431984314
0.031875 10.2679597031483 39.9487807200612
0.033125 9.64800741918461 38.4412795608137
0.034375 9.08344272171928 37.0434148495114
0.035625 8.56776531114267 35.7436459074233
0.036875 8.09541319117653 34.5319968936124
0.038125 7.66160293027087 33.3998002741496
0.039375 7.26220107325426 32.3394891543354
0.040625 6.89361989269257 31.3444279495865
0.041875 6.55273231168803 30.4087733839272
0.043125 6.23680204095662 29.527359662654
0.044375 5.94342587493868 28.6956030524383
0.045625 5.67048576952724 27.9094221468919
0.046875 5.41610883781014 27.1651708896415
0.048125 5.17863379285433 26.4595820353651
0.049375 4.95658266888201 25.7897191990267
0.050625 4.74863688664114 25.1529360089273
0.051875 4.55361691183096 24.5468411653388
0.053125 4.37046489928874 23.9692684320367
0.054375 4.19822982936603 23.4182507669324
0.055625 4.03605473334817 22.8919979407092
0.056875 3.88316567706839 22.3888771068474
0.058125 3.73886222997217 21.9073958787432
0.059375 3.60250919381901 21.4461875444538
0.060625 3.47352940329467 21.0039981105475
0.061875 3.35139744185567 20.579674916395
0.063125 3.23563414154888 20.1721566012188
0.064375 3.1258017564492 19.7804642400301
0.065625 3.0214997166094 19.403693492601
0.066875 2.9223608837105 19.0410076329262
0.068125 2.82804824148782 18.6916313460836
0.069375 2.73825196392782 18.3548451957037
0.070625 2.65268681253746 18.0299806789655
0.071875 2.57108982096577 17.7164157975922
0.073125 2.49321823113786 17.4135710831035
0.074375 2.41884765003208 17.1209060228833
0.075625 2.34777040044437 16.8379158406869
0.076875 2.27979404266597 16.564128591245
0.078125 2.2147400470536 16.2991025337851
0.079375 2.15244260008057 16.0424237537255
0.080625 2.0927475286931 15.7937040056057
0.081875 2.03551132971606 15.5525787536118
0.083125 1.98060029270572 15.3187053888958
0.084375 1.9278897060735 15.0917616053566
0.085625 1.87726313753842 14.8714439176872
0.086875 1.82861178103526 14.6574663073607
0.088125 1.78183386313398 14.4495589838521
0.089375 1.73683410283425 14.2474672498122
0.090625 1.6935232193036 14.0509504601596
0.091875 1.65181748274339 13.8597810661438
0.093125 1.61163830410571 13.6737437363969
0.094375 1.57291185985694 13.4926345478353
0.095625 1.53556874839876 13.3162602400205
0.096875 1.49954367512254 13.144437527246
0.098125 1.46477516339524 12.9769924632047
0.099375 1.43120528905881 12.8137598536046
