0 1.18377071188299
7.8125e-05 1.18377052463065
0.00015625 1.18376983806694
0.000234375 1.18376815297072
0.0003125 1.1837649703013
0.000390625 1.18375979128866
0.00046875 1.18375211752354
0.000546875 1.18374145104757
0.000625 1.18372729444328
0.000703125 1.18370915092402
0.00078125 1.18368652442379
0.000859375 1.18365891968697
0.0009375 1.18362584235785
0.001015625 1.18358679907012
0.00109375 1.18354129753611
0.001171875 1.18348884663591
0.00125 1.18342895650626
0.001328125 1.18336113862928
0.00140625 1.18328490592097
0.001484375 1.18319977281945
0.0015625 1.18310525537296
0.001640625 1.18300087132766
0.00171875 1.1828861402151
0.001796875 1.18276058343937
0.001875 1.18262372436405
0.001953125 1.18247508839875
0.00203125 1.18231420308537
0.002109375 1.18214059818397
0.0021875 1.18195380575836
0.002265625 1.18175336026124
0.00234375 1.18153879861899
0.002421875 1.18130966031603
0.0025 1.18106548747886
0.002578125 1.18080582495953
0.00265625 1.18053022041879
0.002734375 1.18023822440873
0.0028125 1.17992939045495
0.002890625 1.17960327513829
0.00296875 1.17925943817604
0.003046875 1.1788974425026
0.003125 1.17851685434973
0.003203125 1.17811724332616
0.00328125 1.17769818249668
0.003359375 1.17725924846076
0.0034375 1.17680002143044
0.003515625 1.17632008530778
0.00359375 1.17581902776163
0.003671875 1.17529644030383
0.00375 1.17475191836479
0.003828125 1.17418506136837
0.00390625 1.17359547280622
0.003984375 1.17298276031141
0.0040625 1.17234653573134
0.004140625 1.17168641520006
0.00421875 1.17100201920987
0.004296875 1.17029297268213
0.004375 1.1695589050375
0.004453125 1.16879945026534
0.00453125 1.16801424699241
0.004609375 1.1672029385508
0.0046875 1.16636517304516
0.004765625 1.16550060341907
0.00484375 1.16460888752067
0.004921875 1.16368968816753
0.005 1.16274267321064
0.005078125 1.16176751559766
0.00515625 1.16076389343528
0.005234375 1.15973149005079
0.0053125 1.15866999405279
0.005390625 1.15757909939105
0.00546875 1.15645850541546
0.005546875 1.1553079169342
0.005625 1.15412704427092
0.005703125 1.15291560332109
0.00578125 1.15167331560746
0.005859375 1.15039990833451
0.0059375 1.14909511444213
0.006015625 1.14775867265821
0.00609375 1.14639032755042
0.006171875 1.14498982957699
0.00625 1.14355693513647
0.006328125 1.14209140661669
0.00640625 1.14059301244257
0.006484375 1.13906152712306
0.0065625 1.13749673129705
0.006640625 1.1358984117783
0.00671875 1.13426636159937
0.006796875 1.13260038005453
0.006875 1.13090027274163
0.006953125 1.12916585160299
0.00703125 1.12739693496524
0.007109375 1.12559334757812
0.0071875 1.12375492065222
0.007265625 1.12188149189571
0.00734375 1.11997290554996
0.007421875 1.11802901242415
0.0075 1.11604966992877
0.007578125 1.11403474210806
0.00765625 1.11198409967139
0.007734375 1.10989762002352
0.0078125 1.10777518729377
0.007890625 1.10561669236416
0.00796875 1.10342203289635
0.008046875 1.10119111335752
0.008125 1.0989238450452
0.008203125 1.09662014611088
0.00828125 1.09427994158255
0.008359375 1.09190316338616
0.0084375 1.08948975036589
0.008515625 1.08703964830329
0.00859375 1.08455280993537
0.008671875 1.08202919497143
0.00875 1.07946877010888
0.008828125 1.0768715090478
0.00890625 1.07423739250445
0.008984375 1.07156640822355
0.0090625 1.06885855098949
0.009140625 1.06611382263635
0.00921875 1.06333223205673
0.009296875 1.0605137952095
0.009375 1.05765853512631
0.009453125 1.05476648191704
0.00953125 1.05183767277399
0.009609375 1.04887215197496
0.0096875 1.04586997088517
0.009765625 1.04283118795801
0.00984375 1.03975586873463
0.009921875 1.03664408584231
0.01 1.0334959189918
0.010078125 1.03031145497334
0.01015625 1.02709078765163
0.010234375 1.02383401795957
0.0103125 1.02054125389089
0.010390625 1.01721261049156
0.01046875 1.0138482098501
0.010546875 1.01044818108667
0.010625 1.00701266034105
0.010703125 1.00354179075945
0.01078125 1.00003572248012
0.010859375 0.996494612617886
0.0109375 0.992918625247466
0.011015625 0.989307931385677
0.01109375 0.985662708972469
0.011171875 0.981983142850832
0.01125 0.97826942474555
0.011328125 0.974521753240825
0.01140625 0.970740333756756
0.011484375 0.966925378524691
0.0115625 0.963077106561452
0.011640625 0.959195743642425
0.01171875 0.955281522273539
0.011796875 0.951334681662123
0.011875 0.947355467686642
0.011953125 0.943344132865342
0.01203125 0.939300936323768
0.012109375 0.935226143761202
0.0121875 0.931120027415989
0.012265625 0.926982866029788
0.01234375 0.922814944810724
0.012421875 0.918616555395475
0.0125 0.91438799581027
0.012578125 0.91012957043083
0.01265625 0.905841589941244
0.012734375 0.901524371291785
0.0128125 0.897178237655677
0.012890625 0.892803518384826
0.01296875 0.888400548964502
0.013046875 0.883969670967
0.013125 0.87951123200427
0.013203125 0.87502558567954
0.01328125 0.870513091537919
0.013359375 0.865974115016007
0.0134375 0.861409027390508
0.013515625 0.856818205725851
0.01359375 0.852202032820842
0.013671875 0.847560897154338
0.01375 0.842895192829961
0.013828125 0.838205319519855
0.01390625 0.833491682407504
0.013984375 0.828754692129606
0.0140625 0.82399476471702
0.014140625 0.819212321534795
0.01421875 0.814407789221292
0.014296875 0.809581599626392
0.014375 0.804734189748831
0.014453125 0.799866001672633
0.01453125 0.794977482502689
0.014609375 0.790069084299455
0.0146875 0.785141264012811
0.014765625 0.780194483415071
0.01484375 0.775229209033158
0.014921875 0.770245912079962
0.015 0.765245068384881
0.015078125 0.760227158323566
0.01515625 0.755192666746866
0.015234375 0.750142082909004
0.0153125 0.745075900394976
0.015390625 0.739994617047194
0.01546875 0.734898734891388
0.015546875 0.729788760061761
0.015625 0.724665202725432
0.015703125 0.719528577006157
0.01578125 0.714379400907359
0.015859375 0.709218196234457
0.0159375 0.70404548851653
0.016015625 0.698861806927308
0.01609375 0.693667684205513
0.016171875 0.688463656574562
0.01625 0.683250263661631
0.016328125 0.67802804841612
0.01640625 0.672797557027499
0.016484375 0.667559338842573
0.0165625 0.662313946282163
0.016640625 0.657061934757227
0.01671875 0.651803862584423
0.016796875 0.646540290901139
0.016875 0.641271783579993
0.016953125 0.635998907142816
0.01703125 0.630722230674149
0.017109375 0.625442325734234
0.0171875 0.620159766271551
0.017265625 0.614875128534881
0.01734375 0.609588990984934
0.017421875 0.604301934205537
0.0175 0.599014540814405
0.017578125 0.593727395373513
0.01765625 0.588441084299068
0.017734375 0.583156195771115
0.0178125 0.577873319642768
0.017890625 0.5725930473491
0.01796875 0.567315971815699
0.018046875 0.5620426873669
0.018125 0.556773789633707
0.018203125 0.551509875461436
0.01828125 0.546251542817064
0.018359375 0.540999390696327
0.0184375 0.535754019030564
0.018515625 0.530516028593325
0.01859375 0.525286020906765
0.018671875 0.520064598147825
0.01875 0.514852363054231
0.018828125 0.509649918830308
0.01890625 0.504457869052636
0.018984375 0.499276817575566
0.0190625 0.494107368436589
0.019140625 0.488950125761605
0.01921875 0.483805693670074
0.019296875 0.478674676180091
0.019375 0.47355767711338
0.019453125 0.468455300000234
0.01953125 0.463368147984411
0.019609375 0.458296823728003
0.0196875 0.453241929316285
0.019765625 0.448204066162574
0.01984375 0.4431838349131
0.019921875 0.438181835351906
0.02 0.433198666305798
0.0225 0.38478045941797
0.025 0.343934423231396
0.0275 0.308976103972616
0.03 0.278694482942436
0.0325 0.252194371660415
0.035 0.228798493913584
0.0375 0.207984230262954
0.04 0.189341392881985
0.0425 0.172543239471922
0.045 0.157326088735748
0.0475 0.143474679218118
0.05 0.130811455878225
0.0525 0.119188600052777
0.055 0.108482011931345
0.0575 0.0985867062613738
0.06 0.0894132465977225
0.0625 0.0808849533279982
0.065 0.0729356954807429
0.0675 0.0655081280582459
0.07 0.0585522729842198
0.0725 0.0520243676575984
0.075 0.0458859238013111
0.0775 0.0401029529552239
0.08 0.0346453250540642
0.0825 0.0294862340637372
0.085 0.0246017503262671
0.0875 0.0199704435804748
0.09 0.0155730639359756
0.0925 0.0113922706369035
0.095 0.00741240044436556
0.0975 0.00361926902919008
0.1 0
