0.0003125 1.53336482273603e-09 1.53336482273603e-09
0.0009375 7.65205697219444e-09 7.65205697219444e-09
0.0015625 1.9830514920899e-08 1.9830514920899e-08
0.0021875 3.79514534613783e-08 3.79514534613783e-08
0.0028125 6.18403580495917e-08 6.18403580495917e-08
0.0034375 9.12671654753266e-08 9.12671654753266e-08
0.0040625 1.25948479496751e-07 1.25948479496751e-07
0.0046875 1.65550300101101e-07 1.65550300101101e-07
0.0053125 2.0969124010742e-07 2.0969124010742e-07
0.0059375 2.57946198133533e-07 2.57946198133533e-07
0.0065625 3.09850452554804e-07 3.09850452554804e-07
0.0071875 3.64904137027428e-07 3.64904137027428e-07
0.0078125 4.22577054474509e-07 4.22577054474509e-07
0.0084375 4.82313783173808e-07 4.82313783173808e-07
0.0090625 5.43539025772532e-07 5.43539025772532e-07
0.0096875 6.05663149715339e-07 6.05663149715339e-07
0.0103125 6.6808786572817e-07 6.6808786572817e-07
0.0109375 7.30211989670977e-07 7.30211989670977e-07
0.0115625 7.91437232269711e-07 7.91437232269711e-07
0.0121875 8.51173960969005e-07 8.51173960969005e-07
0.0128125 9.0884687841608e-07 9.0884687841608e-07
0.0134375 9.63900562888699e-07 9.63900562888699e-07
0.0140625 1.01580481730998e-06 1.01580481730998e-06
0.0146875 1.06405977533609e-06 1.06405977533609e-06
0.0153125 1.1082007153424e-06 1.1082007153424e-06
0.0159375 1.14780253594676e-06 1.14780253594676e-06
0.0165625 1.18248384996819e-06 1.18248384996819e-06
0.0171875 1.21191065739392e-06 1.21191065739392e-06
0.0178125 1.23579956198212e-06 1.23579956198212e-06
0.0184375 1.25392050052261e-06 1.25392050052261e-06
0.0190625 1.26609895847131e-06 1.26609895847131e-06
0.0196875 1.27221765062077e-06 1.27221765062077e-06
0.02125 4.11717499941336e-07 1.27375101544351e-06
0.02375 3.88190785658973e-07 1.27375101544351e-06
0.02625 3.67207499947677e-07 1.27375101544351e-06
0.02875 3.48376346104207e-07 1.27375101544351e-06
0.03125 3.31382378001561e-07 1.2737510154435e-06
0.03375 3.15969244141023e-07 1.2737510154435e-06
0.03625 3.01926166623644e-07 1.2737510154435e-06
0.03875 2.8907824463966e-07 1.2737510154435e-06
0.04125 2.77279132613551e-07 1.2737510154435e-06
0.04375 2.6640544113851e-07 1.2737510154435e-06
0.04625 2.56352405623849e-07 1.2737510154435e-06
0.04875 2.470304999648e-07 1.2737510154435e-06
0.05125 2.3836276312393e-07 1.2737510154435e-06
0.05375 2.30282669458712e-07 1.2737510154435e-06
0.05625 2.2273241800105e-07 1.2737510154435e-06
0.05875 2.15661547588317e-07 1.2737510154435e-06
0.06125 2.09025807662523e-07 1.2737510154435e-06
0.06375 2.02786231314387e-07 1.2737510154435e-06
0.06625 1.96908369537158e-07 1.27375101544349e-06
0.06875 1.91361654902309e-07 1.27375101544349e-06
0.07125 1.86118869836492e-07 1.27375101544349e-06
0.07375 1.81155699974186e-07 1.27375101544349e-06
0.07625 1.76450357117713e-07 1.27375101544349e-06
0.07875 1.71983259469164e-07 1.27375101544349e-06
0.08125 1.67736759235357e-07 1.27375101544349e-06
0.08375 1.63694909615228e-07 1.27375101544349e-06
0.08625 1.59843264683105e-07 1.27375101544349e-06
0.08875 1.56168706874298e-07 1.27375101544349e-06
0.09125 1.52659297731055e-07 1.27375101544349e-06
0.09375 1.49304148330373e-07 1.27375101544349e-06
0.09625 1.46093306430795e-07 1.27375101544349e-06
0.09875 1.43017657874357e-07 1.27375101544349e-06
