0.005 7885.80507474737 7071.06781186548
0.01 9238.79532511287 10000
0.015 6081.81807426005 7071.06781186548
0.0190625 2810.52750327147 1467.30474455361
0.02125 3.2824535629188e-11 0
0.0225 -1.87509267570745e-10 0
0.02375 1.08458811518069e-10 0
0.025 -2.24094986022209e-11 0
0.02625 1.27822201969597e-10 0
0.0275 -4.49245575672366e-11 0
0.02875 -1.17848706139659e-10 0
0.03 -1.1266044808886e-10 0
0.03125 -4.31869265943477e-11 0
0.0325 -1.66253020538435e-12 0
0.03375 -4.01319073819532e-11 0
0.035 9.59325084325811e-11 0
0.03625 3.67506477677985e-12 0
0.0375 -3.8883335141254e-11 0
0.03875 -4.20756903068714e-11 0
0.04 6.88383114373538e-11 0
0.04125 -1.77807208270142e-11 0
0.0425 -1.80464142506617e-11 0
0.04375 -1.11471717594081e-10 0
0.045 -4.56452060640649e-11 0
0.04625 8.64173597546067e-12 0
0.0475 -2.2753273224668e-11 0
0.04875 1.50657664251887e-11 0
0.05 8.77063036148611e-11 0
0.05125 2.68749276283182e-11 0
0.0525 -6.7006593425119e-11 0
0.05375 5.51898064538394e-12 0
0.055 -5.78508299155589e-11 0
0.05625 6.06677483539848e-11 0
0.0575 1.52892714096462e-11 0
0.05875 -7.89913863298094e-11 0
0.06 -2.44297520152533e-11 0
0.06125 -4.99639273540472e-12 0
0.0625 -9.2320957835571e-12 0
0.06375 -2.6492875893566e-11 0
0.065 -2.979122825718e-11 0
0.06625 5.44085479791383e-11 0
0.0675 -2.25228221050785e-11 0
0.06875 8.0970651535603e-11 0
0.07 -5.5796631723192e-12 0
0.07125 -4.77545966801634e-11 0
0.0725 4.45501706219834e-11 0
0.07375 2.29216064654087e-11 0
0.075 5.31894086546634e-11 0
0.07625 3.91730836795007e-11 0
0.0775 1.37524400469697e-11 0
0.07875 4.96755160268785e-11 0
0.08 3.26895273544125e-11 0
0.08125 -4.08973026018328e-12 0
0.0825 1.40910550871646e-11 0
0.08375 8.40376872938555e-12 0
0.085 -1.56156940753293e-11 0
0.08625 1.32560193121865e-11 0
0.0875 8.73964649684716e-14 0
0.08875 -1.2501209853801e-11 0
0.09 -2.23627843775912e-11 0
0.09125 -1.82632029705673e-11 0
0.0925 -6.4430392856853e-12 0
0.09375 5.20327488529278e-13 0
0.095 3.49189781493652e-12 0
0.09625 5.80169912857139e-12 0
0.0975 -3.44701115727246e-12 0
0.09875 2.60081230602585e-12 0
