7.8125e-05 153.390185878379 122.715382857199
0.00015625 260.742756991021 245.412285229123
0.000234375 378.284845379918 368.072229413588
0.0003125 498.328123567262 490.67674327418
0.000390625 619.320157209586 613.207363022086
0.00046875 740.731170341557 735.645635996674
0.000546875 862.323586121159 857.973123444399
0.000625 983.969413500746 980.171403295606
0.000703125 1105.58937862556 1102.22207293883
0.00078125 1227.12857852639 1224.10675199216
0.000859375 1348.54541614087 1345.80708507126
0.0009375 1469.80607001145 1467.30474455362
0.001015625 1590.88151628216 1588.58143333861
0.00109375 1711.74582950178 1709.61888760301
0.001171875 1832.37516347557 1830.39887955141
0.00125 1952.74711539241 1950.90322016128
0.001328125 2072.84031571844 2071.11376192219
0.00140625 2192.63415515242 2191.0124015687
0.001484375 2312.10859925245 2310.58108280671
0.0015625 2431.24405868457 2429.80179903264
0.001640625 2550.02129829206 2548.65659604515
0.00171875 2668.4213711087 2667.12757474898
0.001796875 2786.42556997907 2785.19689385053
0.001875 2904.01539297666 2902.84677254462
0.001953125 3021.17251659438 3020.05949319228
0.00203125 3137.87877649912 3136.81740398891
0.002109375 3254.1161527883 3253.10292162263
0.0021875 3369.86675923851 3368.8985339222
0.002265625 3485.11283507081 3484.18680249435
0.00234375 3599.83673882682 3598.95036534988
0.002421875 3714.02094431335 3713.17193951838
0.0025 3827.64803744976 3826.8343236509
0.002578125 3940.7007139887 3939.92040061048
0.00265625 4053.16177889236 4052.4131400499
0.002734375 4165.01414497389 4164.29560097637
0.0028125 4276.24083355314 4275.55093430282
0.002890625 4386.82497426664 4386.16238538528
0.00296875 4496.74980601948 4496.11329654607
0.003046875 4605.99867786023 4605.3871095824
0.003125 4714.55505001359 4713.96736825998
0.003203125 4822.40249558234 4821.83772079123
0.00328125 4929.52470149813 4928.98192229784
0.003359375 5035.90547055103 5035.38383725718
0.0034375 5141.5287231004 5141.02744193222
0.003515625 5246.3784984017 5245.89682678469
0.00359375 5350.43895707057 5349.97619887097
0.003671875 5453.69438259825 5453.24988422046
0.00375 5556.12918335744 5555.70233019602
0.003828125 5657.7278945855 5657.31810783613
0.00390625 5758.47518051959 5758.08191417845
0.003984375 5858.35583624002 5857.97857456439
0.0040625 5957.35478972424 5956.99304492433
0.004140625 6055.45710411155 6055.11041404326
0.00421875 6152.64797933344 6152.31590580627
0.004296875 6248.91275463696 6248.59488142386
0.004375 6344.2369102524 6343.93284163646
0.004453125 6438.60606961923 6438.31542889791
0.00453125 6532.00600144374 6531.72842953777
0.004609375 6624.42262158484 6624.15777590172
0.0046875 6715.84199527599 6715.58954847018
0.004765625 6806.250338845 6806.00997795453
0.00484375 6895.63402209592 6895.40544737067
0.004921875 6983.97956971247 6983.76249408973
0.005 7071.27366397714 7071.06781186548
0.005078125 7157.50314592935 7157.30825283819
0.00515625 7242.65501790769 7242.47082951467
0.005234375 7326.71644504108 7326.54271672413
0.0053125 7409.67475750522 7409.51125354959
0.005390625 7491.51745190646 7491.36394523459
0.00546875 7572.23219357571 7572.08846506484
0.005546875 7651.8068182102 7651.67265622459
0.005625 7730.22933354871 7730.10453362737
0.005703125 7807.48792137609 7807.37228572094
0.00578125 7883.57093916282 7883.46427626606
0.005859375 7958.46692177656 7958.36904608883
0.0059375 8032.1645831557 8032.07531480645
0.006015625 8104.65281805473 8104.57198252595
0.00609375 8175.92070378921 8175.84813151584
0.006171875 8245.95750157768 8245.89302785025
0.00625 8314.75265839095 8314.69612302545
0.006328125 8382.29580850979 8382.24705554838
0.00640625 8448.57677482449 8448.53565249707
0.006484375 8513.58557075134 8513.55193105265
0.0065625 8577.31240141955 8577.28610000272
0.006640625 8639.74766507303 8639.72856121587
0.00671875 8700.88195494306 8700.86991108711
0.006796875 8760.70606010038 8760.70094195407
0.006875 8819.21096724909 8819.21264348355
0.006953125 8876.38786190078 8876.39620402854
0.00703125 8932.22812961722 8932.24301195515
0.007109375 8986.7233575785 8986.74465693954
0.0071875 9039.86533542001 9039.89293123443
0.007265625 9091.64605701267 9091.67983090522
0.00734375 9142.05772100279 9142.09755703531
0.007421875 9191.09273262172 9191.13851690058
0.0075 9238.74370436564 9238.79532511287
0.007578125 9285.00345728887 9285.06080473216
0.00765625 9329.86502215015 9329.92798834739
0.007734375 9373.32164026314 9373.39011912575
0.0078125 9415.3667646348 9415.44065183021
0.007890625 9455.99406110108 9456.07325380521
0.00796875 9495.19740869471 9495.28180593037
0.008046875 9532.97090142571 9533.06040354194
0.008125 9569.30884835502 9569.40335732209
0.008203125 9604.20577511127 9604.30519415566
0.00828125 9637.65642410263 9637.7606579544
0.008359375 9669.65575584425 9669.76471044852
0.0084375 9700.19894941838 9700.31253194544
0.008515625 9729.2814030656 9729.3995220556
0.00859375 9756.89873547455 9757.02130038529
0.008671875 9783.04678549314 9783.17370719628
0.00875 9807.72161377311 9807.8528040323
0.008828125 9830.91950273044 9831.05487431216
0.00890625 9852.63695705308 9852.77642388941
0.008984375 9872.87070463461 9873.01418157858
0.0090625 9891.61769693071 9891.76509964781
0.009140625 9908.87510901286 9909.0263542778
0.00921875 9924.64034067628 9924.7953459871
0.009296875 9938.91101627335 9939.06970002356
0.009375 9951.68498526333 9951.84726672197
0.009453125 9962.96032258524 9963.12612182778
0.00953125 9972.73532901839 9972.9045667869
0.009609375 9981.00853107372 9981.18112900149
0.0096875 9987.77868174597 9987.95456205172
0.009765625 9993.04476003318 9993.2238458835
0.00984375 9996.80597200903 9996.98818696204
0.009921875 9999.0617498244 9999.24701839144
0.01 9999.81175277089 10000
0.010078125 9999.05586689397 9999.24701839144
0.01015625 9996.79420488398 9996.98818696204
0.010234375 9993.0271062251 9993.2238458835
0.0103125 9987.75513737019 9987.95456205172
0.010390625 9980.97909111855 9981.18112900149
0.01046875 9972.69998703555 9972.9045667869
0.010546875 9962.91907096855 9963.12612182778
0.010625 9951.63781494885 9951.84726672197
0.010703125 9938.85791698977 9939.06970002356
0.01078125 9924.58130090832 9924.7953459871
0.010859375 9908.81011567773 9909.0263542778
0.0109375 9891.54673564073 9891.76509964781
0.011015625 9872.79375979971 9873.01418157858
0.01109375 9852.5540114046 9852.77642388941
0.011171875 9830.8305378131 9831.05487431216
0.01125 9807.62660965583 9807.8528040323
0.011328125 9782.94572059367 9783.17370719628
0.01140625 9756.79158678642 9757.02130038529
0.011484375 9729.16814618595 9729.3995220556
0.0115625 9700.07955803244 9700.31253194544
0.011640625 9669.5302024313 9669.76471044852
0.01171875 9637.52467924094 9637.7606579544
0.011796875 9604.06780756629 9604.30519415566
0.011875 9569.16462545838 9569.40335732209
0.011953125 9532.82038838167 9533.06040354194
0.01203125 9495.04056921364 9495.28180593037
0.012109375 9455.83085664883 9456.07325380521
0.0121875 9415.19715506274 9415.44065183021
0.012265625 9373.14558310886 9373.39011912575
0.01234375 9329.68247302713 9329.92798834739
0.012421875 9284.81436957896 9285.06080473216
0.0125 9238.5480292016 9238.79532511287
0.012578125 9190.89041902648 9191.13851690058
0.01265625 9141.8487154069 9142.09755703531
0.012734375 9091.43030338124 9091.67983090522
0.0128125 9039.64277523016 9039.89293123444
0.012890625 8986.49392951336 8986.74465693954
0.01296875 8931.99176972789 8932.24301195515
0.013046875 8876.14450319021 8876.39620402854
0.013125 8818.96053990446 8819.21264348355
0.013203125 8760.44849096654 8760.70094195407
0.01328125 8700.61716772825 8700.86991108711
0.013359375 8639.47558003409 8639.72856121587
0.0134375 8577.03293508441 8577.28610000272
0.013515625 8513.29863630105 8513.55193105265
0.01359375 8448.2822811828 8448.53565249707
0.013671875 8381.99366059798 8382.24705554838
0.01375 8314.4427570151 8314.69612302545
0.013828125 8245.63974291519 8245.89302785025
0.01390625 8175.59497932193 8175.84813151584
0.013984375 8104.31901435254 8104.57198252595
0.0140625 8031.82258152228 8032.07531480645
0.014140625 7958.11659817807 7958.36904608884
0.01421875 7883.21216374047 7883.46427626606
0.014296875 7807.12055825729 7807.37228572095
0.014375 7729.85324043762 7730.10453362737
0.014453125 7651.42184603365 7651.67265622459
0.01453125 7571.83818626801 7572.08846506484
0.014609375 7491.11424578938 7491.36394523459
0.0146875 7409.26218094711 7409.51125354959
0.014765625 7326.29431808416 7326.54271672413
0.01484375 7242.22315147772 7242.47082951467
0.014921875 7157.06134167906 7157.30825283819
0.015 7070.82171331908 7071.06781186548
0.015078125 6983.51725360462 6983.76249408973
0.01515625 6895.16110988212 6895.40544737067
0.015234375 6805.76658797799 6806.00997795453
0.0153125 6715.34715001194 6715.58954847019
0.015390625 6623.91641265724 6624.15777590172
0.01546875 6531.48814463747 6531.72842953777
0.015546875 6438.07626514322 6438.31542889791
0.015625 6343.69484130466 6343.93284163646
0.015703125 6248.35808636365 6248.59488142387
0.01578125 6152.08035746726 6152.31590580627
0.015859375 6054.87615336168 6055.11041404326
0.0159375 5956.76011235726 5956.99304492433
0.016015625 5857.74701020136 5857.97857456439
0.01609375 5757.85175763558 5758.08191417846
0.016171875 5657.08939820626 5657.31810783613
0.01625 5555.47510623418 5555.70233019602
0.016328125 5453.02418403664 5453.24988422047
0.01640625 5349.75206030958 5349.97619887098
0.016484375 5245.67428712467 5245.89682678469
0.0165625 5140.8065379956 5141.02744193222
0.016640625 5035.16460537822 5035.38383725718
0.01671875 4928.76439836706 4928.98192229785
0.016796875 4821.62194024473 4821.83772079123
0.016875 4713.75336604451 4713.96736825998
0.016953125 4605.17492012906 4605.3871095824
0.01703125 4495.90295383946 4496.11329654607
0.017109375 4385.95392299519 4386.16238538528
0.0171875 4275.34438522806 4275.55093430282
0.017265625 4164.09099774834 4164.29560097638
0.01734375 4052.21051474674 4052.4131400499
0.017421875 3939.71978482822 3939.92040061048
0.0175 3826.63574846187 3826.83432365089
0.017578125 3712.97543551813 3713.17193951838
0.01765625 3598.75596266016 3598.95036534989
0.017734375 3483.99453076593 3484.18680249434
0.0178125 3368.70842225888 3368.8985339222
0.017890625 3252.91499865405 3253.10292162263
0.01796875 3136.63169788219 3136.81740398892
0.018046875 3019.87603154011 3020.05949319228
0.018125 2902.66558255608 2902.84677254462
0.018203125 2785.01800210718 2785.19689385053
0.01828125 2666.95100746238 2667.12757474899
0.018359375 2548.48237878574 2548.65659604515
0.0184375 2429.62995702912 2429.80179903264
0.018515625 2310.4116406407 2310.58108280671
0.01859375 2190.84538334339 2191.0124015687
0.018671875 2070.94919129387 2071.11376192219
0.01875 1950.74112029299 1950.90322016128
0.018828125 1830.23927297652 1830.39887955141
0.01890625 1709.46179644927 1709.61888760302
0.018984375 1588.42687918979 1588.58143333862
0.0190625 1467.15274851609 1467.30474455361
0.019140625 1345.65766769625 1345.80708507126
0.01921875 1223.9599333202 1224.10675199216
0.019296875 1102.07787252274 1102.22207293883
0.019375 980.029840188701 980.171403295604
0.019453125 857.834216146172 857.973123444397
0.01953125 735.509402476635 735.645635996677
0.019609375 613.07382080405 613.207363022094
0.0196875 490.545909329043 490.676743274175
0.019765625 367.944120197528 368.072229413588
0.01984375 245.286916658464 245.412285229123
0.019921875 122.592770365456 122.715382857205
0.02013671875 6.75813569604459 0
0.020625 8.42672076525205e-11 0
0.02125 1.02648755828557e-10 0
0.021875 7.67072862636991e-11 0
0.0225 -6.54323552004088e-10 0
0.023125 -7.29746593483345e-11 0
0.02375 -8.1940005817084e-11 0
0.024375 -8.67403273590003e-10 0
0.025 5.14043354182214e-11 0
0.025625 -1.49998821082305e-10 0
0.02625 2.23992928974473e-10 0
0.026875 -4.88152851031491e-12 0
0.0275 1.47093158339461e-10 0
0.028125 -1.66034772872397e-10 0
0.02875 2.30724945207714e-10 0
0.029375 -4.35010011029098e-10 0
0.03 3.10773449535912e-10 0
0.030625 8.4088303110892e-11 0
0.03125 -5.50694202901002e-10 0
0.031875 -1.55056145842391e-10 0
0.0325 -3.00149393587177e-10 0
0.033125 5.46910763439531e-10 0
0.03375 3.20062356486229e-11 0
0.034375 4.04153718490994e-10 0
0.035 -1.48240335873976e-10 0
0.035625 2.15477756918647e-10 0
0.03625 6.37210938300867e-11 0
0.036875 -2.18671713173081e-10 0
0.0375 -1.35840265237775e-10 0
0.038125 1.60067220351718e-10 0
0.03875 -1.14603667058081e-11 0
0.039375 9.98838532056242e-11 0
0.04 -5.28650707672618e-11 0
0.040625 -1.5887589319315e-11 0
0.04125 1.80833946789136e-10 0
0.041875 -1.60966491103398e-10 0
0.0425 1.03330479448133e-10 0
0.043125 1.84353612474193e-10 0
0.04375 1.19800980483709e-10 0
0.044375 4.45025467318082e-10 0
0.045 1.59077726007756e-10 0
0.045625 -3.3914448950857e-10 0
0.04625 -1.63533762277069e-10 0
0.046875 1.95759097031619e-10 0
0.0475 8.56006731356589e-11 0
0.048125 -1.55551643336688e-12 0
0.04875 2.30923299123767e-10 0
0.049375 -4.54184079659055e-10 0
0.05 1.33851815108917e-10 0
0.050625 5.00796793812592e-11 0
0.05125 1.7148688351352e-10 0
0.051875 -2.95030873822707e-10 0
0.0525 3.11246030224751e-10 0
0.053125 -1.41467448832124e-10 0
0.05375 1.33589447109934e-10 0
0.054375 -1.8866134708113e-10 0
0.055 1.15789263342862e-11 0
0.055625 1.46822708268117e-11 0
0.05625 1.67301729778425e-10 0
0.056875 1.07842820532119e-12 0
0.0575 -4.40209228580046e-11 0
0.058125 -6.30361554710056e-11 0
0.05875 2.34492760512648e-10 0
0.059375 -1.91193509987534e-10 0
0.06 2.48410486282979e-11 0
0.060625 -2.0455186020648e-10 0
0.06125 -2.35886025128041e-10 0
0.061875 -5.8312902499264e-12 0
0.0625 1.76889999163734e-11 0
0.063125 -3.53934808019643e-10 0
0.06375 2.8021146750349e-11 0
0.064375 9.77779770758765e-11 0
0.065 -1.51809608886629e-10 0
0.065625 -1.81633962405251e-10 0
0.06625 -7.74729092112039e-11 0
0.066875 1.38642336665762e-10 0
0.0675 1.84989748595765e-10 0
0.068125 2.50545186736974e-10 0
0.06875 8.25408773826853e-11 0
0.069375 1.51870503030582e-10 0
0.07 1.8651746813703e-10 0
0.070625 1.49763173261226e-10 0
0.07125 6.25225776563085e-11 0
0.071875 -3.0288716901256e-11 0
0.0725 2.98255785073718e-10 0
0.073125 -3.01789445023554e-10 0
0.07375 1.07703214841806e-10 0
0.074375 1.01973534952879e-10 0
0.075 7.06427453495137e-11 0
0.075625 -8.31831478185413e-12 0
0.07625 8.0562753189994e-11 0
0.076875 -9.20925451694931e-11 0
0.0775 1.00717785323259e-10 0
0.078125 1.19112068493422e-10 0
0.07875 -1.19016354495132e-10 0
0.079375 -1.13012997961549e-10 0
0.08 -6.80604611254125e-11 0
0.080625 -7.22495220536766e-12 0
0.08125 -3.30137220225538e-12 0
0.081875 1.73470581017632e-10 0
0.0825 4.17982286228218e-11 0
0.083125 1.11741771515165e-10 0
0.08375 -1.26071315560525e-11 0
0.084375 -3.74858064137671e-11 0
0.085 -1.50134721143751e-11 0
0.085625 -9.0762758217533e-12 0
0.08625 1.81316438618723e-10 0
0.086875 -4.6781243122079e-11 0
0.0875 -2.83252903225791e-11 0
0.088125 -2.5644156744918e-11 0
0.08875 5.01290676869162e-11 0
0.089375 1.7382746596243e-11 0
0.09 5.11416255843849e-11 0
0.090625 -1.94246626603803e-11 0
0.09125 1.76669733318242e-12 0
0.091875 7.13554070751791e-12 0
0.0925 -4.60898239676653e-11 0
0.093125 -6.55652522240172e-11 0
0.09375 -1.11643718216028e-11 0
0.094375 5.2356701377089e-11 0
0.095 -1.00839722681485e-11 0
0.095625 -2.73678613699371e-12 0
0.09625 2.19173938578694e-12 0
0.096875 2.79249429353094e-11 0
0.0975 -9.41107807636884e-12 0
0.098125 -9.38014563390912e-12 0
0.09875 3.18024638685753e-12 0
0.099375 4.24531462313193e-12 0
