7.8125e-05 0.00958713928582711 0.00958713928582711
0.000234375 0.0351470691143163 0.0351470691143163
0.000390625 0.0862484524574825 0.0862484524574825
0.000546875 0.162854348621977 0.162854348621977
0.000703125 0.264909376365097 0.264909376365097
0.000859375 0.392339749640769 0.392339749640769
0.001015625 0.545053325232914 0.545053325232914
0.001171875 0.722939662216504 0.722939662216504
0.001328125 0.92587009325058 0.92587009325058
0.001484375 1.15369780763643 1.15369780763643
0.001640625 1.40625794608411 1.40625794608411
0.001796875 1.68336770714177 1.68336770714177
0.001953125 1.98482646522109 1.98482646522109
0.002109375 2.31041590012779 2.31041590012779
0.002265625 2.65990013804043 2.65990013804043
0.002421875 3.03302590382657 3.03302590382657
0.002578125 3.42952268461971 3.42952268461971
0.002734375 3.84910290454883 3.84910290454883
0.002890625 4.29146211049698 4.29146211049698
0.003046875 4.75627916879944 4.75627916879944
0.003203125 5.24321647273354 5.24321647273354
0.003359375 5.75192016069224 5.75192016069224
0.003515625 6.28202034488368 6.28202034488368
0.003671875 6.83313135042454 6.83313135042454
0.003828125 7.40485196469507 7.40485196469507
0.003984375 7.99676569675825 7.99676569675825
0.004140625 8.60844104671372 8.60844104671372
0.004296875 9.23943178481892 9.23943178481892
0.004453125 9.8892772401868 9.8892772401868
0.004609375 10.5575025988685 10.5575025988685
0.004765625 11.2436192111915 11.2436192111915
0.004921875 11.947124908086 11.947124908086
0.005078125 12.6675043262523 12.6675043262523
0.005234375 13.4042292419522 13.4042292419522
0.005390625 14.1567589132009 14.1567589132009
0.005546875 14.9245404301851 14.9245404301851
0.005703125 15.7070090736326 15.7070090736326
0.005859375 16.5035886809548 16.5035886809548
0.006015625 17.3136920199141 17.3136920199141
0.006171875 18.1367211695829 18.1367211695829
0.006328125 18.972067908355 18.972067908355
0.006484375 19.8191141087719 19.8191141087719
0.006640625 20.6772321389138 20.6772321389138
0.006796875 21.5457852701093 21.5457852701093
0.006953125 22.4241280906782 22.4241280906782
0.007109375 23.3116069255161 23.3116069255161
0.007265625 24.2075602611706 24.2075602611706
0.007421875 25.1113191762144 25.1113191762144
0.007578125 26.0222077766116 26.0222077766116
0.007734375 26.9395436358067 26.9395436358067
0.007890625 27.8626382392645 27.8626382392645
0.008046875 28.7907974331929 28.7907974331929
0.008203125 29.7233218771368 29.7233218771368
0.008359375 30.6595075002008 30.6595075002008
0.008515625 31.5986459605782 31.5986459605782
0.008671875 32.5400251081092 32.5400251081092
0.008828125 33.4829294495989 33.4829294495989
0.008984375 34.4266406165602 34.4266406165602
0.009140625 35.3704378351424 35.3704378351424
0.009296875 36.3135983978879 36.3135983978879
0.009453125 37.2553981370771 37.2553981370771
0.009609375 38.1951118993356 38.1951118993356
0.009765625 39.1320140211974 39.1320140211974
0.009921875 40.0653788053575 40.0653788053575
0.010078125 40.9944809972728 40.9944809972728
0.010234375 41.9185962618556 41.9185962618556
0.010390625 42.8370016599203 42.8370016599203
0.010546875 43.7489761241039 43.7489761241039
0.010703125 44.6538009339648 44.6538009339648
0.010859375 45.5507601899455 45.5507601899455
0.011015625 46.439141285903 46.439141285903
0.011171875 47.3182353799309 47.3182353799309
0.011328125 48.1873378631441 48.1873378631441
0.011484375 49.0457488261498 49.0457488261498
0.011640625 49.8927735229039 49.8927735229039
0.011796875 50.7277228316724 50.7277228316724
0.011953125 51.5499137127833 51.5499137127833
0.012109375 52.358669662901 52.358669662901
0.012265625 53.1533211655258 53.1533211655258
0.012421875 53.9332061374282 53.9332061374282
0.012578125 54.6976703707628 54.6976703707628
0.012734375 55.4460679705358 55.4460679705358
0.012890625 56.1777617871968 56.1777617871968
0.013046875 56.8921238440431 56.8921238440431
0.013203125 57.588535759195 57.588535759195
0.013359375 58.2663891618452 58.2663891618452
0.013515625 58.9250861025498 58.9250861025498
0.013671875 59.5640394572683 59.5640394572683
0.013828125 60.1826733249162 60.1826733249162
0.013984375 60.7804234181799 60.7804234181799
0.014140625 61.3567374473185 61.3567374473185
0.014296875 61.9110754967451 61.9110754967451
0.014453125 62.4429103941154 62.4429103941154
0.014609375 62.951728071701 62.951728071701
0.014765625 63.4370279198265 63.4370279198265
0.014921875 63.8983231321163 63.8983231321163
0.015078125 64.3351410423612 64.3351410423612
0.015234375 64.7470234527681 64.7470234527681
0.015390625 65.1335269533881 65.1335269533881
0.015546875 65.4942232325169 65.4942232325169
0.015703125 65.8286993778695 65.8286993778695
0.015859375 66.1365581683334 66.1365581683334
0.016015625 66.4174183561109 66.4174183561109
0.016171875 66.6709149390634 66.6709149390634
0.016328125 66.8966994230964 66.8966994230964
0.016484375 67.0944400743927 67.0944400743927
0.016640625 67.2638221613511 67.2638221613511
0.016796875 67.4045481860517 67.4045481860517
0.016953125 67.5163381051142 67.5163381051142
0.017109375 67.5989295397919 67.5989295397919
0.017265625 67.6520779751712 67.6520779751712
0.017421875 67.6755569483312 67.6755569483312
0.017578125 67.6691582253632 67.6691582253632
0.017734375 67.6326919670998 67.6326919670998
0.017890625 67.5659868834686 67.5659868834686
0.018046875 67.4688903763531 67.4688903763531
0.018203125 67.3412686708673 67.3412686708673
0.018359375 67.1830069349511 67.1830069349511
0.018515625 66.994009387205 66.994009387205
0.018671875 66.7741993928971 66.7741993928971
0.018828125 66.5235195480491 66.5235195480491
0.018984375 66.2419317515738 66.2419317515738
0.019140625 65.9294172653826 65.9294172653826
0.019296875 65.5859767624296 65.5859767624296
0.019453125 65.2116303626542 65.2116303626542
0.019609375 64.8064176567818 64.8064176567818
0.019765625 64.3703977179683 64.3703977179683
0.019921875 63.9036491012678 63.9036491012678
0.020625 20.2615387615741 61.734375914171
0.021875 18.5334757541904 58.2066972905041
0.023125 17.0235020147184 55.0603893288549
0.024375 15.6955581955855 52.2367796196828
0.025625 14.5208822731627 49.6886440284788
0.026875 13.4762792693259 47.377544306224
0.028125 12.5428573285934 45.2718756703919
0.029375 11.7050903968694 43.3454128759072
0.030625 10.9501135408355 41.5762123503598
0.031875 10.2671865446671 39.9457726503455
0.033125 9.64728094197023 38.4383850031626
0.034375 9.08275875518827 37.0406255485022
0.035625 8.56712017417229 35.740954476625
0.036875 8.09480362145205 34.5293966977564
0.038125 7.66102602566119 33.3972853306167
0.039375 7.26165424286982 32.3370540502797
0.040625 6.89310081579317 31.3420677718096
0.041875 6.55223890299652 30.4064836592182
0.043125 6.23633242123345 29.5251363067771
0.044375 5.94297834590123 28.6934423263044
0.045625 5.67005879237779 27.9073206187344
0.046875 5.41570101477578 27.1631254022347
0.048125 5.17824385125409 26.4575896775014
0.049375 4.95620944732302 25.7877772806026
0.050625 4.74827932301712 25.1510420391063
0.051875 4.55327403285237 24.5449928333448
0.053125 4.37013581131983 23.9674635902072
0.054375 4.19791371038112 23.4164874157197
0.055625 4.03575082584973 22.8902742153664
0.056875 3.88287328183468 22.387191265578
0.058125 3.73858070052263 21.9057462921248
0.059375 3.60223793150232 21.4445726859747
0.060625 3.473267852919 21.0024165481196
0.061875 3.35114508779207 20.5781253047232
0.063125 3.23539050424889 20.1706376749267
0.064375 3.12556638932581 19.7789748074524
0.065625 3.02127220323777 19.4022324301675
0.066875 2.92214083531065 19.039573880071
0.068125 2.82783529465648 18.6902239006202
0.069375 2.73804577859103 18.353463109618
0.070625 2.6524870700992 18.0286230545805
0.071875 2.5708962226309 17.7150817840661
0.073125 2.4930304963905 17.4122598732274
0.074375 2.41866551525269 17.1196168501479
0.075625 2.34759361765115 16.8366479765918
0.076875 2.27962237836747 16.5628813428262
0.078125 2.21457328120132 16.297875241341
0.079375 2.15228052511148 16.0412157887215
0.080625 2.09258994865309 15.7925147687413
0.081875 2.03535805945657 15.5514076730354
0.083125 1.98045115714633 15.3175519185536
0.084375 1.92774453952434 15.0906252234639
0.085625 1.87712178307676 14.8703241253112
0.086875 1.82847408993126 14.6563626271053
0.088125 1.78169969432117 14.4484709586357
0.089375 1.73670332242063 14.2463944417317
0.090625 1.69339570011986 14.0498924494319
0.091875 1.65169310392491 13.8587374501199
0.093125 1.61151695070548 13.6727141286418
0.094375 1.57279342248674 13.4916185772691
0.095625 1.53545312289617 13.3152575501152
0.096875 1.49943076224171 13.143447775275
0.098125 1.4646648685194 12.976015319539
0.099375 1.43109752193276 12.8127950010543
