0 1.18420950323993
0.00015625 1.18420800524942
0.0003125 1.18420251351987
0.00046875 1.18418903719917
0.000625 1.1841635912072
0.00078125 1.18412219911714
0.0009375 1.18406089603126
0.00109375 1.18397573144919
0.00125 1.18386277212697
0.00140625 1.1837181049249
0.0015625 1.18353783964246
0.00171875 1.18331811183838
0.001875 1.18305508563414
0.00203125 1.18274495649895
0.0021875 1.18238395401456
0.00234375 1.18196834461799
0.0025 1.18149443432052
0.00265625 1.18095857140104
0.0028125 1.18035714907221
0.00296875 1.17968660811744
0.003125 1.17894343949732
0.00328125 1.17812418692345
0.0034375 1.17722544939834
0.00359375 1.17624388371946
0.00375 1.17517620694595
0.00390625 1.17401919882647
0.0040625 1.17276970418635
0.00421875 1.1714246352728
0.004375 1.16998097405642
0.00453125 1.16843577448765
0.0046875 1.16678616470657
0.00484375 1.16502934920482
0.005 1.16316261093794
0.00515625 1.16118331338696
0.0053125 1.1590889025679
0.00546875 1.15687690898772
0.005625 1.1545449495455
0.00578125 1.15209072937774
0.0059375 1.14951204364634
0.00609375 1.14680677926823
0.00625 1.14397291658549
0.00640625 1.14100853097481
0.0065625 1.13791179439531
0.00671875 1.1346809768736
0.006875 1.13131444792515
0.00703125 1.12781067791098
0.0071875 1.12416823932887
0.00734375 1.12038580803806
0.0075 1.11646216441678
0.00765625 1.11239619445168
0.0078125 1.10818689075859
0.00796875 1.1038333535337
0.008125 1.09933479143477
0.00828125 1.09469052239146
0.0084375 1.08989997434456
0.00859375 1.08496268591322
0.00875 1.07987830699007
0.00890625 1.07464659926358
0.0090625 1.06926743666724
0.00921875 1.0637408057555
0.009375 1.05806680600583
0.00953125 1.05224565004691
0.0096875 1.04627766381264
0.00984375 1.04016328662182
0.01 1.03390307118349
0.01015625 1.02749768352766
0.0103125 1.02094790286175
0.01046875 1.01425462135239
0.010625 1.00741884383299
0.01078125 1.00044168743706
0.0109375 0.993324381157384
0.01109375 0.986068265331461
0.01125 0.978674791053347
0.01140625 0.971145519512231
0.0115625 0.963482121258145
0.01171875 0.955686375395191
0.011875 0.947760168702743
0.01203125 0.93970549468512
0.0121875 0.931524452550292
0.01234375 0.923219246118179
0.0125 0.914792182659205
0.01265625 0.906245671663774
0.0128125 0.897582223543377
0.01296875 0.888804448264128
0.013125 0.879915053913496
0.01328125 0.870916845201122
0.0134375 0.861812721894584
0.01359375 0.85260567719106
0.01375 0.843298796025862
0.01390625 0.833895253318844
0.0140625 0.824398312159753
0.01421875 0.81481132193361
0.014375 0.805137716387243
0.01453125 0.795381011638163
0.0146875 0.785544804126959
0.01484375 0.775632768514486
0.015 0.765648655525093
0.01515625 0.755596289737224
0.0153125 0.745479567322729
0.01546875 0.735302453736262
0.015625 0.725068981356182
0.01578125 0.714783247078389
0.0159375 0.704449409864587
0.01609375 0.694071688246445
0.01625 0.683654357787216
0.01640625 0.673201748502357
0.0165625 0.662718242240734
0.01671875 0.652208270028022
0.016875 0.641676309373952
0.01703125 0.631126881545028
0.0171875 0.620564548804435
0.01734375 0.609993911620815
0.0175 0.599419605847638
0.01765625 0.588846299874925
0.0178125 0.578278691755066
0.01796875 0.567721506304524
0.018125 0.557179492183218
0.01828125 0.546657418953395
0.0184375 0.536160074119809
0.01859375 0.525692260153059
0.01875 0.515258791497918
0.01890625 0.504864491568536
0.0190625 0.494514189732352
0.01921875 0.484212718284636
0.019375 0.473964909415507
0.01953125 0.463775592171342
0.0196875 0.45364958941247
0.01984375 0.443591714769037
0.02 0.433606769596964
0.0203125 0.427052159057409
0.020625 0.420647460916648
0.0209375 0.414387414155553
0.02125 0.408267008488241
0.0215625 0.402281469217676
0.021875 0.396426243199356
0.0221875 0.390696985817989
0.0225 0.385089548891354
0.0228125 0.379599969423932
0.023125 0.374224459140249
0.0234375 0.368959394734515
0.02375 0.363801308779047
0.0240625 0.358746881239264
0.024375 0.353792931547759
0.0246875 0.348936411194247
0.025 0.344174396791996
0.0253125 0.339504083584794
0.025625 0.334922779361619
0.0259375 0.330427898748983
0.02625 0.326016957853461
0.0265625 0.321687569229192
0.026875 0.317437437147245
0.0271875 0.313264353145595
0.0275 0.309166191840213
0.0278125 0.305140906979272
0.028125 0.301186527723946
0.0284375 0.29730115514053
0.02875 0.293482958889798
0.0290625 0.289730174100611
0.029375 0.28604109841573
0.0296875 0.282414089198734
0.03 0.278847560891722
0.0303125 0.275339982514277
0.030625 0.271889875294813
0.0309375 0.268495810426123
0.03125 0.265156406937458
0.0315625 0.261870329676076
0.031875 0.258636287391644
0.0321875 0.255453030917346
0.0325 0.252319351442
0.0328125 0.24923407886781
0.033125 0.246196080248818
0.0334375 0.243204258305378
0.03375 0.240257550010336
0.0340625 0.237354925242849
0.034375 0.234495385506059
0.0346875 0.231677962705064
0.035 0.228901717981879
0.0353125 0.226165740604253
0.035625 0.223469146905452
0.0359375 0.220811079272241
0.03625 0.218190705178524
0.0365625 0.21560721626221
0.036875 0.213059827443056
0.0371875 0.210547776079345
0.0375 0.208070321161397
0.0378125 0.205626742540049
0.038125 0.203216340188293
0.0384375 0.200838433494438
0.03875 0.198492360585203
0.0390625 0.196177477677254
0.039375 0.193893158455798
0.0396875 0.191638793478903
0.04 0.189413789606299
0.0403125 0.187217569451486
0.040625 0.185049570856035
0.0409375 0.182909246385018
0.04125 0.180796062842595
0.0415625 0.1787095008068
0.041875 0.176649054182632
0.0421875 0.174614229772625
0.0425 0.172604546864081
0.0428125 0.17061953683222
0.043125 0.168658742758519
0.0434375 0.166721719063569
0.04375 0.164808031153801
0.0440625 0.162917255081461
0.044375 0.161048977217268
0.0446875 0.159202793935182
0.045 0.157378311308777
0.0453125 0.155575144818706
0.045625 0.153792919070788
0.0459375 0.152031267524268
0.04625 0.150289832229818
0.0465625 0.148568263576874
0.046875 0.146866220049911
0.0471875 0.145183367993302
0.0475 0.143519381384388
0.0478125 0.141873941614442
0.048125 0.140246737277193
0.0484375 0.138637463964611
0.04875 0.137045824069659
0.0490625 0.135471526595737
0.049375 0.133914286972548
0.0496875 0.132373826878138
0.05 0.130849874066865
0.0503125 0.129342162203063
0.050625 0.12785043070019
0.0509375 0.126374424565241
0.05125 0.124913894248221
0.0515625 0.123468595496497
0.051875 0.122038289213839
0.0521875 0.120622741323967
0.0525 0.119221722638445
0.0528125 0.117835008728755
0.053125 0.116462379802401
0.0534375 0.115103620582885
0.05375 0.113758520193428
0.0540625 0.112426872044285
0.054375 0.111108473723533
0.0546875 0.109803126891207
0.055 0.108510637176655
0.0553125 0.107230814079013
0.055625 0.105963470870673
0.0559375 0.104708424503652
0.05625 0.103465495518747
0.0565625 0.102234507957395
0.056875 0.10101528927613
0.0571875 0.0998076702635542
0.0575 0.0986114849597371
0.0578125 0.0974265705779563
0.058125 0.0962527674287041
0.0584375 0.0950899188458808
0.05875 0.0939378711151032
0.0590625 0.0927964734040549
0.059375 0.0916655776948132
0.0596875 0.0905450387180849
0.06 0.08943471388929
0.0603125 0.0883344632464307
0.060625 0.0872441493896888
0.0609375 0.0861636374226955
0.06125 0.0850927948954179
0.0615625 0.0840314917486121
0.061875 0.0829796002597919
0.0621875 0.0819369949906643
0.0625 0.0809035527359862
0.0628125 0.0798791524737971
0.063125 0.078863675316984
0.0634375 0.0778570044661378
0.06375 0.0768590251636605
0.0640625 0.0758696246490844
0.064375 0.0748886921155655
0.0646875 0.0739161186675166
0.065 0.0729517972793433
0.0653125 0.0719956227552507
0.065625 0.0710474916900877
0.0659375 0.0701073024311981
0.06625 0.0691749550412477
0.0665625 0.0682503512619991
0.066875 0.0673333944790048
0.0671875 0.0664239896871926
0.0675 0.0655220434573161
0.0678125 0.0646274639032457
0.068125 0.0637401606500744
0.0684375 0.0628600448030162
0.06875 0.0619870289170725
0.0690625 0.0611210269674457
0.069375 0.0602619543206777
0.0696875 0.0594097277064929
0.07 0.0585642651903256
0.0703125 0.057725486146512
0.070625 0.0568933112321291
0.0709375 0.0560676623614604
0.07125 0.0552484626810732
0.0715625 0.0544356365454885
0.071875 0.0536291094934276
0.0721875 0.0528288082246206
0.0725 0.0520346605771589
0.0728125 0.0512465955053792
0.073125 0.0504645430582631
0.0734375 0.0496884343583388
0.07375 0.0489182015810706
0.0740625 0.048153777934724
0.074375 0.0473950976406928
0.0746875 0.0466420959142763
0.075 0.0458947089458946
0.0753125 0.0451528738827295
0.075625 0.0444165288107811
0.0759375 0.0436856127373283
0.07625 0.0429600655737821
0.0765625 0.0422398281189231
0.076875 0.0415248420425108
0.0771875 0.0408150498692579
0.0775 0.0401103949631571
0.0778125 0.0394108215121538
0.078125 0.0387162745131546
0.0784375 0.0380266997573628
0.07875 0.0373420438159341
0.0790625 0.0366622540259418
0.079375 0.0359872784766464
0.0796875 0.0353170659960603
0.08 0.0346515661377999
0.0803125 0.03399072916822
0.080625 0.0333345060538203
0.0809375 0.0326828484489205
0.08125 0.0320357086835952
0.0815625 0.0313930397518624
0.081875 0.0307547953001206
0.0821875 0.0301209296158272
0.0825 0.0294913976164127
0.0828125 0.0288661548384252
0.083125 0.0282451574268992
0.0834375 0.0276283621249436
0.08375 0.0270157262635436
0.0840625 0.0264072077515712
0.084375 0.0258027650659997
0.0846875 0.0252023572423163
0.085 0.0246059438651303
0.0853125 0.0240134850589689
0.085625 0.0234249414792604
0.0859375 0.022840274303496
0.08625 0.0222594452225697
0.0865625 0.0216824164322898
0.086875 0.0211091506250591
0.0871875 0.0205396109817199
0.0875 0.0199737611635587
0.0878125 0.0194115653044696
0.088125 0.0188529880032692
0.0884375 0.0182979943161633
0.08875 0.0177465497493586
0.0890625 0.0171986202518186
0.089375 0.0166541722081589
0.0896875 0.0161131724316793
0.09 0.0155755881575303
0.0903125 0.0150413870360094
0.090625 0.0145105371259859
0.0909375 0.0139830068884501
0.09125 0.0134587651801855
0.0915625 0.0129377812475597
0.091875 0.0124200247204326
0.0921875 0.0119054656061788
0.0925 0.0113940742838217
0.0928125 0.0108858214982773
0.093125 0.0103806783547044
0.0934375 0.00987861631296035
0.09375 0.00937960718215803
0.0940625 0.00888362311532411
0.094375 0.00839063660415474
0.0946875 0.0079006204738674
0.095 0.00741354787814655
0.0953125 0.0069293922941813
0.095625 0.0064481275177929
0.0959375 0.00596972765865039
0.09625 0.00549416713557238
0.0965625 0.00502142067191324
0.096875 0.00455146329103188
0.0971875 0.00408427031184142
0.0975 0.00361981734443813
0.0978125 0.00315808028580785
0.098125 0.00269903531560837
0.0984375 0.00224265889202629
0.09875 0.00178892774770662
0.0990625 0.0013378188857538
0.099375 0.000889309575802656
0.0996875 0.000443377350157776
0.1 0
