7.8125e-05 122.713072851184 122.715382857199
0.00015625 245.407665352104 245.412285229123
0.000234375 368.065300572198 368.072229413588
0.0003125 490.667506383034 490.67674327418
0.000390625 613.195819532848 613.207363022086
0.00046875 735.631787756574 735.645635996674
0.000546875 857.956972322426 857.973123444399
0.000625 980.15295188816 980.171403295606
0.000703125 1102.20132388349 1102.22207293883
0.00078125 1224.0837085119 1224.10675199216
0.000859375 1345.78175064235 1345.80708507126
0.0009375 1467.27712301072 1467.30474455362
0.001015625 1588.55152869364 1588.58143333861
0.00109375 1709.58670445543 1709.61888760301
0.001171875 1830.36442293087 1830.39887955141
0.00125 1950.86649488075 1950.90322016128
0.001328125 2071.07477377577 2071.11376192219
0.00140625 2190.97115645127 2191.0124015687
0.001484375 2310.53758674534 2310.58108280671
0.0015625 2429.75605870015 2429.80179903264
0.001640625 2548.60861830821 2548.65659604515
0.00171875 2667.07736678654 2667.12757474898
0.001796875 2785.14446326881 2785.19689385053
0.001875 2902.7921272791 2902.84677254462
0.001953125 3020.00264149683 3020.05949319228
0.00203125 3136.75835430331 3136.81740398891
0.002109375 3253.04168283764 3253.10292162263
0.0021875 3368.83511539781 3368.8985339222
0.002265625 3484.12121362346 3484.18680249435
0.00234375 3598.88261613378 3598.95036534988
0.002421875 3713.10204005567 3713.17193951838
0.0025 3826.76228458876 3826.8343236509
0.002578125 3939.84623275173 3939.92040061048
0.00265625 4052.33685451094 4052.4131400499
0.002734375 4164.21720932705 4164.29560097637
0.0028125 4275.47044826496 4275.55093430282
0.002890625 4386.07981712266 4386.16238538528
0.00296875 4496.02865839551 4496.11329654607
0.003046875 4605.30041455058 4605.3871095824
0.003125 4713.87862911797 4713.96736825998
0.003203125 4821.74695112917 4821.83772079123
0.00328125 4928.88913548088 4928.98192229784
0.003359375 5035.28904766426 5035.38383725718
0.0034375 5140.93066354689 5141.02744193222
0.003515625 5245.79807424743 5245.89682678469
0.00359375 5349.87548708159 5349.97619887097
0.003671875 5453.14722839978 5453.24988422046
0.00375 5555.59774562425 5555.70233019602
0.003828125 5657.21161037799 5657.31810783613
0.00390625 5757.97351993969 5758.08191417845
0.003984375 5857.86829979042 5857.97857456439
0.0040625 5956.88090623298 5956.99304492433
0.004140625 6054.99642828362 6055.11041404326
0.00421875 6152.20009021868 6152.31590580627
0.004296875 6248.47725332074 6248.59488142386
0.004375 6343.81341893458 6343.93284163646
0.004453125 6438.19422941312 6438.31542889791
0.00453125 6531.6054716095 6531.72842953777
0.004609375 6624.03307804197 6624.15777590172
0.0046875 6715.46312929421 6715.58954847018
0.004765625 6805.88185678061 6806.00997795453
0.00484375 6895.27564325544 6895.40544737067
0.004921875 6983.63102674193 6983.76249408973
0.005 7070.93470104154 7071.06781186548
0.005078125 7157.17351857165 7157.30825283819
0.00515625 7242.33449203893 7242.47082951467
0.005234375 7326.40479662222 7326.54271672413
0.0053125 7409.3717715732 7409.51125354959
0.005390625 7491.22292239917 7491.36394523459
0.00546875 7571.94592268206 7572.08846506484
0.005546875 7651.5286156792 7651.67265622459
0.005625 7729.9590165785 7730.10453362737
0.005703125 7807.22531417268 7807.37228572094
0.00578125 7883.31587224092 7883.46427626606
0.005859375 7958.21923209586 7958.36904608883
0.0059375 8031.92411323834 8032.07531480645
0.006015625 8104.41941619501 8104.57198252595
0.00609375 8175.69422353699 8175.84813151584
0.006171875 8245.73780126229 8245.89302785025
0.00625 8314.53960119688 8314.69612302545
0.006328125 8382.08926215884 8382.24705554838
0.00640625 8448.3766111225 8448.53565249707
0.006484375 8513.39166583793 8513.55193105265
0.0065625 8577.12463504867 8577.28610000272
0.006640625 8639.56592082103 8639.72856121587
0.00671875 8700.70611956179 8700.86991108711
0.006796875 8760.53602427418 8760.70094195407
0.006875 8819.04662426677 8819.21264348355
0.006953125 8876.22910842764 8876.39620402854
0.00703125 8932.07486500614 8932.24301195515
0.007109375 8986.57548394112 8986.74465693954
0.0071875 9039.72275787964 9039.89293123443
0.007265625 9091.50868254073 9091.67983090522
0.00734375 9141.92545962577 9142.09755703531
0.007421875 9190.96549638197 9191.13851690058
0.0075 9238.62140734864 9238.79532511287
0.007578125 9284.88601617572 9285.06080473216
0.00765625 9329.75235504272 9329.92798834739
0.007734375 9373.21366771356 9373.39011912575
0.0078125 9415.26340880965 9415.44065183021
0.007890625 9455.89524591902 9456.07325380521
0.00796875 9495.10305996248 9495.28180593037
0.008046875 9532.88094635332 9533.06040354194
0.008125 9569.22321594923 9569.40335732209
0.008203125 9604.12439577317 9604.30519415566
0.00828125 9637.57922989337 9637.7606579544
0.008359375 9669.58267985297 9669.76471044852
0.0084375 9700.12992635041 9700.31253194544
0.008515625 9729.21636879596 9729.3995220556
0.00859375 9756.8376272104 9757.02130038529
0.008671875 9782.98954170873 9783.17370719628
0.00875 9807.66817403513 9807.8528040323
0.008828125 9830.86980741041 9831.05487431216
0.00890625 9852.59094821252 9852.77642388941
0.008984375 9872.82832495111 9873.01418157858
0.0090625 9891.57888987392 9891.76509964781
0.009140625 9908.83981969112 9909.0263542778
0.00921875 9924.60851448391 9924.7953459871
0.009296875 9938.88259989056 9939.06970002356
0.009375 9951.65992600937 9951.84726672197
0.009453125 9962.93856878786 9963.12612182778
0.00953125 9972.71682965197 9972.9045667869
0.009609375 9980.99323609516 9981.18112900149
0.0096875 9987.76654167136 9987.95456205172
0.009765625 9993.03572629309 9993.2238458835
0.00984375 9996.79999644263 9996.98818696204
0.009921875 9999.05878539742 9999.24701839144
0.01 9999.8117527864 10000
0.010078125 9999.05878547018 9999.24701839144
0.01015625 9996.79999644263 9996.98818696204
0.010234375 9993.03572629309 9993.2238458835
0.0103125 9987.7665415986 9987.95456205172
0.010390625 9980.99323609516 9981.18112900149
0.01046875 9972.71682965197 9972.9045667869
0.010546875 9962.93856878786 9963.12612182778
0.010625 9951.65992600937 9951.84726672197
0.010703125 9938.8825998178 9939.06970002356
0.01078125 9924.60851455666 9924.7953459871
0.010859375 9908.83981969112 9909.0263542778
0.0109375 9891.57888994668 9891.76509964781
0.011015625 9872.82832487835 9873.01418157858
0.01109375 9852.59094813976 9852.77642388941
0.011171875 9830.86980748317 9831.05487431216
0.01125 9807.66817396237 9807.8528040323
0.011328125 9782.98954170873 9783.17370719628
0.01140625 9756.8376272104 9757.02130038529
0.011484375 9729.21636886872 9729.3995220556
0.0115625 9700.12992627765 9700.31253194544
0.011640625 9669.58267992573 9669.76471044852
0.01171875 9637.57922974785 9637.7606579544
0.011796875 9604.12439591869 9604.30519415566
0.011875 9569.22321594923 9569.40335732209
0.011953125 9532.88094642608 9533.06040354194
0.01203125 9495.10305988972 9495.28180593037
0.012109375 9455.89524599178 9456.07325380521
0.0121875 9415.26340873699 9415.44065183021
0.012265625 9373.2136676406 9373.39011912575
0.01234375 9329.75235518845 9329.92798834739
0.012421875 9284.88601603 9285.06080473216
0.0125 9238.6214074215 9238.79532511287
0.012578125 9190.96549630901 9191.13851690058
0.01265625 9141.92545962598 9142.09755703531
0.012734375 9091.50868261328 9091.67983090522
0.0128125 9039.72275780708 9039.89293123444
0.012890625 8986.57548401368 8986.74465693954
0.01296875 8932.07486500633 8932.24301195515
0.013046875 8876.22910842784 8876.39620402854
0.013125 8819.04662426657 8819.21264348355
0.013203125 8760.53602427438 8760.70094195407
0.01328125 8700.70611963436 8700.86991108711
0.013359375 8639.56592074847 8639.72856121587
0.0134375 8577.12463497572 8577.28610000272
0.013515625 8513.39166591079 8513.55193105265
0.01359375 8448.37661112232 8448.53565249707
0.013671875 8382.08926215902 8382.24705554838
0.01375 8314.53960119669 8314.69612302545
0.013828125 8245.73780133523 8245.89302785025
0.01390625 8175.69422339129 8175.84813151584
0.013984375 8104.41941626795 8104.57198252595
0.0140625 8031.92411331092 8032.07531480645
0.014140625 7958.21923202328 7958.36904608884
0.01421875 7883.31587224075 7883.46427626606
0.014296875 7807.22531417285 7807.37228572095
0.014375 7729.95901657833 7730.10453362737
0.014453125 7651.52861567929 7651.67265622459
0.01453125 7571.94592260913 7572.08846506484
0.014609375 7491.22292247209 7491.36394523459
0.0146875 7409.37177157303 7409.51125354959
0.014765625 7326.40479662238 7326.54271672413
0.01484375 7242.33449203877 7242.47082951467
0.014921875 7157.17351857181 7157.30825283819
0.015 7070.93470096894 7071.06781186548
0.015078125 6983.63102674177 6983.76249408973
0.01515625 6895.27564332835 6895.40544737067
0.015234375 6805.8818567077 6806.00997795453
0.0153125 6715.46312936712 6715.58954847019
0.015390625 6624.03307804182 6624.15777590172
0.01546875 6531.60547160965 6531.72842953777
0.015546875 6438.19422941291 6438.31542889791
0.015625 6343.81341886196 6343.93284163646
0.015703125 6248.47725339336 6248.59488142387
0.01578125 6152.20009021854 6152.31590580627
0.015859375 6054.99642835652 6055.11041404326
0.0159375 5956.88090616035 5956.99304492433
0.016015625 5857.86829979055 5857.97857456439
0.01609375 5757.9735198668 5758.08191417846
0.016171875 5657.21161045063 5657.31810783613
0.01625 5555.59774569713 5555.70233019602
0.016328125 5453.14722832711 5453.24988422047
0.01640625 5349.87548708147 5349.97619887098
0.016484375 5245.79807424731 5245.89682678469
0.0165625 5140.93066354701 5141.02744193222
0.016640625 5035.28904759161 5035.38383725718
0.01671875 4928.88913562626 4928.98192229785
0.016796875 4821.7469510563 4821.83772079123
0.016875 4713.87862911807 4713.96736825998
0.016953125 4605.30041447792 4605.3871095824
0.01703125 4496.02865846817 4496.11329654607
0.017109375 4386.07981712256 4386.16238538528
0.0171875 4275.47044826506 4275.55093430282
0.017265625 4164.21720932712 4164.29560097638
0.01734375 4052.33685451085 4052.4131400499
0.017421875 3939.84623267888 3939.92040061048
0.0175 3826.76228458885 3826.83432365089
0.017578125 3713.10204012851 3713.17193951838
0.01765625 3598.8826161337 3598.95036534989
0.017734375 3484.12121362336 3484.18680249434
0.0178125 3368.83511539789 3368.8985339222
0.017890625 3253.04168283772 3253.10292162263
0.01796875 3136.75835430324 3136.81740398892
0.018046875 3020.00264142414 3020.05949319228
0.018125 2902.79212727903 2902.84677254462
0.018203125 2785.14446326887 2785.19689385053
0.01828125 2667.07736685936 2667.12757474899
0.018359375 2548.60861830815 2548.65659604515
0.0184375 2429.75605870009 2429.80179903264
0.018515625 2310.53758674539 2310.58108280671
0.01859375 2190.97115637856 2191.0124015687
0.018671875 2071.07477384847 2071.11376192219
0.01875 1950.86649495347 1950.90322016128
0.018828125 1830.36442278539 1830.39887955141
0.01890625 1709.58670456461 1709.61888760302
0.018984375 1588.55152869361 1588.58143333862
0.0190625 1467.27712293792 1467.30474455361
0.019140625 1345.78175064237 1345.80708507126
0.01921875 1224.08370851192 1224.10675199216
0.019296875 1102.20132395623 1102.22207293883
0.019375 980.152951851756 980.171403295604
0.019453125 857.956972322445 857.973123444397
0.01953125 735.63178768383 735.645635996677
0.019609375 613.195819569214 613.207363022094
0.0196875 490.667506419402 490.676743274175
0.019765625 368.065300535826 368.072229413588
0.01984375 245.407665424869 245.412285229123
0.019921875 122.713072778421 122.715382857205
0.02005859375 12.2717693040614 0
0.0203125 -6.18456397205591e-09 0
0.020625 4.00177668780088e-09 0
0.0209375 2.27373675443232e-09 0
0.02125 4.86579665448516e-09 0
0.0215625 -3.45607986673712e-09 0
0.021875 -2.59205990005284e-09 0
0.0221875 8.64019966684291e-10 0
0.0225 -4.68389771413058e-09 0
0.0228125 -4.09272615797817e-09 0
0.023125 8.1399775808677e-09 0
0.0234375 -4.4110493035987e-09 0
0.02375 8.23092705104499e-09 0
0.0240625 -3.68345354218036e-09 0
0.024375 -7.36690708436071e-09 0
0.0246875 7.73070496506988e-10 0
0.025 8.77662387210875e-09 0
0.0253125 -2.27373675443232e-09 0
0.025625 2.36468622460961e-09 0
0.0259375 -8.64019966684291e-10 0
0.02625 -2.36468622460961e-09 0
0.0265625 6.82121026329696e-09 0
0.026875 -1.56433088704944e-08 0
0.0271875 1.24146026792005e-08 0
0.0275 1.45519152283668e-09 0
0.0278125 -2.4556356947869e-09 0
0.028125 -9.4132701633498e-09 0
0.0284375 7.23048287909477e-09 0
0.02875 2.63753463514149e-09 0
0.0290625 -6.82121026329696e-10 0
0.029375 -7.36690708436071e-09 0
0.0296875 5.27506927028298e-09 0
0.03 3.31965566147122e-09 0
0.0303125 -9.50421963352709e-09 0
0.030625 -7.73070496506988e-10 0
0.0309375 8.41282599139958e-09 0
0.03125 -6.27551344223327e-09 0
0.0315625 -1.76441972143944e-08 0
0.031875 -2.09183781407778e-09 0
0.0321875 1.54614099301394e-09 0
0.0325 1.8189894035459e-10 0
0.0328125 8.8220986071972e-09 0
0.033125 1.3415046851151e-08 0
0.0334375 7.18500814400597e-09 0
0.03375 -1.16870069177824e-08 0
0.0340625 -7.73070496506971e-10 0
0.034375 5.36601874046039e-09 0
0.0346875 7.50333128962648e-09 0
0.035 1.62799551617358e-08 0
0.0353125 8.64019966684262e-09 0
0.035625 4.09272615797826e-10 0
0.0359375 -1.76896719494834e-08 0
0.03625 1.20962795335799e-08 0
0.0365625 -2.50111042987561e-09 0
0.036875 1.36424205265936e-10 0
0.0371875 -7.7761797001587e-09 0
0.0375 -3.9108272176235e-09 0
0.0378125 1.62799551617358e-08 0
0.038125 -9.14042175281772e-09 0
0.0384375 -1.36424205265942e-10 0
0.03875 -6.54836185276493e-09 0
0.0390625 1.7280399333686e-09 0
0.039375 6.50288711767629e-09 0
0.0396875 8.54925019666571e-09 0
0.04 2.04636307898904e-09 0
0.0403125 -3.22870619129396e-09 0
0.040625 -3.22870619129382e-09 0
0.0409375 8.640199666843e-09 0
0.04125 -2.22826201934362e-09 0
0.0415625 -7.04858393874034e-09 0
0.041875 -1.95541360881175e-09 0
0.0421875 3.81987774744638e-09 0
0.0425 3.18323145620518e-10 0
0.0428125 3.77440301235773e-09 0
0.043125 -5.95719029661254e-09 0
0.0434375 3.86535248253503e-09 0
0.04375 7.13953340891748e-09 0
0.0440625 -9.36779542826115e-09 0
0.044375 -2.41016095969831e-09 0
0.0446875 6.50288711767629e-09 0
0.045 -2.41016095969831e-09 0
0.0453125 -1.22781784739342e-09 0
0.045625 3.41060513164855e-09 0
0.0459375 -2.59205990005279e-09 0
0.04625 -5.41149347554904e-09 0
0.0465625 1.24600774142888e-08 0
0.046875 -6.09361450187875e-09 0
0.0471875 7.73070496506971e-10 0
0.0475 5.91171556152416e-10 0
0.0478125 -4.22915036324402e-09 0
0.048125 6.41193764749928e-09 0
0.0484375 2.72848410531872e-10 0
0.04875 -4.4110493035988e-09 0
0.0490625 -3.27418092638247e-09 0
0.049375 1.77351466845725e-09 0
0.0496875 -7.27595761418326e-10 0
0.05 4.00177668780097e-09 0
0.0503125 -2.50111042987549e-09 0
0.050625 -1.63709046319131e-09 0
0.0509375 1.04591890703884e-09 0
0.05125 3.41060513164855e-09 0
0.0515625 4.54747350886454e-11 0
0.051875 -4.54747350886474e-10 0
0.0521875 -9.45874489843866e-09 0
0.0525 -1.18689058581364e-08 0
0.0528125 -6.59383658785387e-09 0
0.053125 -1.24600774142888e-08 0
0.0534375 -6.86668499838575e-09 0
0.05375 -1.05501385405657e-08 0
0.0540625 -1.16870069177824e-08 0
0.054375 -7.63975549489242e-09 0
0.0546875 -1.4824763638899e-08 0
0.055 -5.27506927028286e-09 0
0.0553125 -9.45874489843866e-09 0
0.055625 -1.04137143352998e-08 0
0.0559375 -6.86668499838575e-09 0
0.05625 -1.05956132756544e-08 0
0.0565625 -4.95674612466256e-09 0
0.056875 5.00222085975099e-09 0
0.0571875 -1.13686837721618e-09 0
0.0575 1.40971678774801e-09 0
0.0578125 -4.13820089306691e-09 0
0.058125 -5.9117155615239e-10 0
0.0584375 9.32232069317271e-09 0
0.05875 -4.50199877377589e-09 0
0.0590625 2.13731254916643e-09 0
0.059375 -9.09494701772907e-11 0
0.0596875 -1.7280399333686e-09 0
0.06 -1.35969457915056e-08 0
0.0603125 7.27595761418326e-10 0
0.060625 -1.25965016195553e-08 0
0.0609375 -9.8225427791474e-09 0
0.06125 -6.63931132294252e-09 0
0.0615625 -6.23003870714441e-09 0
0.061875 -1.04591890703889e-09 0
0.0621875 -1.4233592082746e-08 0
0.0625 -1.63709046319131e-09 0
0.0628125 -1.27329258248207e-08 0
0.063125 1.26419763546434e-08 0
0.0634375 1.40971678774807e-09 0
0.06375 -8.50377546157706e-09 0
0.0640625 9.09494701772948e-09 0
0.064375 9.14042175281772e-09 0
0.0646875 -7.50333128962648e-09 0
0.065 -1.16870069177824e-08 0
0.0653125 4.59294824395339e-09 0
0.065625 -4.68389771413047e-09 0
0.0659375 -5.04769559483964e-09 0
0.06625 -7.50333128962682e-09 0
0.0665625 -3.18323145620532e-10 0
0.066875 -4.4110493035986e-09 0
0.0671875 -9.09494701772907e-11 0
0.0675 4.54747350886474e-11 0
0.0678125 -2.91038304567343e-09 0
0.068125 -6.18456397205577e-09 0
0.0684375 -2.31921148952091e-09 0
0.06875 1.50066625792536e-09 0
0.0690625 -7.36690708436088e-09 0
0.069375 -6.95763446856274e-09 0
0.0696875 9.3223206931723e-09 0
0.07 9.09494701772948e-10 0
0.0703125 -1.36424205265942e-09 0
0.070625 -5.4114934755488e-09 0
0.0709375 2.22826201934362e-09 0
0.07125 5.77529135625822e-09 0
0.0715625 -2.22826201934372e-09 0
0.071875 -5.50244294572609e-09 0
0.0721875 -8.27640178613382e-09 0
0.0725 -3.63797880709163e-10 0
0.0728125 -8.68567440193165e-09 0
0.073125 -4.50199877377609e-09 0
0.0734375 3.22870619129382e-09 0
0.07375 -3.00133251585059e-09 0
0.0740625 -7.32143234927223e-09 0
0.074375 -2.45563569478696e-09 0
0.0746875 6.50288711767629e-09 0
0.075 -5.9117155615239e-09 0
0.0753125 -1.50066625792536e-09 0
0.075625 -6.68478605803116e-09 0
0.0759375 -6.04813976678983e-09 0
0.07625 1.5006662579253e-09 0
0.0765625 7.73070496507005e-10 0
0.076875 1.8189894035459e-09 0
0.0771875 -8.41282599139939e-09 0
0.0775 4.45652403868725e-09 0
0.0778125 5.41149347554904e-09 0
0.078125 -3.36513039655991e-09 0
0.0784375 -6.18456397205577e-09 0
0.07875 8.18545231595616e-10 0
0.0790625 4.68389771413068e-09 0
0.079375 -3.09228198602802e-09 0
0.0796875 -2.0008883439004e-09 0
0.08 -4.82032191939662e-09 0
0.0803125 -2.77395884040737e-09 0
0.080625 -4.18367562815556e-09 0
0.0809375 3.4560798667372e-09 0
0.08125 -3.31965566147111e-09 0
0.0815625 -4.77484718430776e-09 0
0.081875 0 0
0.0821875 -2.95585778076208e-09 0
0.0825 5.9117155615239e-10 0
0.0828125 -1.04591890703884e-09 0
0.083125 -7.27595761418358e-10 0
0.0834375 -1.22781784739348e-09 0
0.08375 -6.23003870714441e-09 0
0.0840625 1.31876731757072e-09 0
0.084375 -4.54747350886474e-11 0
0.0846875 -2.81943357549614e-09 0
0.085 -2.50111042987549e-09 0
0.0853125 3.31965566147111e-09 0
0.085625 2.41016095969831e-09 0
0.0859375 -3.68345354218044e-09 0
0.08625 -3.18323145620518e-10 0
0.0865625 -1.59161572810259e-09 0
0.086875 5.00222085975121e-10 0
0.0871875 1.50066625792536e-09 0
0.0875 -2.13731254916633e-09 0
0.0878125 1.00044417195024e-09 0
0.088125 -1.22781784739342e-09 0
0.0884375 2.00088834390048e-09 0
0.08875 -9.54969436861595e-10 0
0.0890625 6.36646291241035e-10 0
0.089375 -1.63709046319123e-09 0
0.0896875 6.36646291241063e-10 0
0.09 -4.54747350886474e-10 0
0.0903125 -2.72848410531872e-10 0
0.090625 5.00222085975099e-10 0
0.0909375 7.73070496507005e-10 0
0.09125 -1.04591890703889e-09 0
0.0915625 1.18234311230478e-09 0
0.091875 -6.36646291241035e-10 0
0.0921875 -2.27373675443237e-10 0
0.0925 -4.54747350886474e-11 0
0.0928125 -7.73070496506971e-10 0
0.093125 -3.63797880709163e-10 0
0.0934375 1.63709046319131e-09 0
0.09375 -6.36646291241063e-10 0
0.0940625 7.73070496506971e-10 0
0.094375 -1.09139364212749e-09 0
0.0946875 5.45696821063769e-10 0
0.095 -5.00222085975121e-10 0
0.0953125 -2.27373675443227e-10 0
0.095625 2.27373675443227e-10 0
0.0959375 1.8189894035459e-10 0
0.09625 1.8189894035459e-10 0
0.0965625 -4.54747350886474e-10 0
0.096875 7.73070496506971e-10 0
0.0971875 -2.72848410531872e-10 0
0.0975 -2.72848410531884e-10 0
0.0978125 -4.54747350886474e-11 0
0.098125 9.09494701772907e-11 0
0.0984375 4.54747350886454e-11 0
0.09875 -4.54747350886474e-11 0
0.0990625 4.54747350886474e-11 0
0.099375 -9.09494701772907e-11 0
0.0996875 -4.54747350886454e-11 0
