0 1.18738340753335
0.00125 1.18661764862453
0.0025 1.18383929364426
0.00375 1.17712878422502
0.005 1.16474880353128
0.00625 1.14522596518839
0.0075 1.11742160598449
0.00875 1.08058873577328
0.01 1.03441275072325
0.01125 0.979034164992756
0.0125 0.915052335518291
0.01375 0.843509916540565
0.015 0.765858554723043
0.01625 0.683907091684849
0.0175 0.599754248594394
0.01875 0.515708399118291
0.02 0.434197567403097
0.02125 0.408830550185062
0.0225 0.385627031237222
0.02375 0.364313967417134
0.025 0.344663461121474
0.02625 0.326483624191075
0.0275 0.309611608087916
0.02875 0.293908216476752
0.03 0.279253691313088
0.03125 0.265544381176357
0.0325 0.252690081168636
0.03375 0.240611889840626
0.035 0.229240468329093
0.03625 0.218514615395389
0.0375 0.208380092778014
0.03875 0.198788650519476
0.04 0.189697213270907
0.04125 0.181067197103947
0.0425 0.172863932829458
0.04375 0.165056176776555
0.045 0.157615693810237
0.04625 0.150516900342176
0.0475 0.143736557422215
0.04875 0.137253505839625
0.05 0.131048436626181
0.05125 0.125103691522643
0.0525 0.119403088910523
0.05375 0.11393177147134
0.055 0.108676072453404
0.05625 0.103623397930915
0.0575 0.0987621228542884
0.05875 0.094081499032122
0.06 0.0895715734678714
0.06125 0.0852231157093256
0.0625 0.0810275530651214
0.06375 0.0769769127068482
0.065 0.0730637698134513
0.06625 0.0692812010312001
0.0675 0.0656227426211494
0.06875 0.0620823527498056
0.07 0.0586543774500712
0.07125 0.0553335198405086
0.0725 0.0521148122431892
0.07375 0.0489935908852655
0.075 0.0459654729080445
0.07625 0.0430263354407143
0.0775 0.0401722965247592
0.07875 0.0373996977001638
0.08 0.0347050880863033
0.08125 0.0320852098094154
0.0825 0.0295369846451441
0.08375 0.0270575017591708
0.085 0.0246440064416864
0.08625 0.0222938897426546
0.0875 0.0200046789246696
0.08875 0.0177740286589095
0.09 0.0155997128973637
0.09125 0.0134796173613152
0.0925 0.0114117325920876
0.09375 0.0093941475154187
0.095 0.00742504347558645
0.09625 0.00550268869965695
0.0975 0.00362543315600731
0.09875 0.00179170377466115
0.1 0
