0 1.23872603089172
0.005 1.19089060184608
0.01 1.04351537425175
0.015 0.770314331192891
0.02 0.444846055988134
0.02125 0.418856924752053
0.0225 0.395084350551033
0.02375 0.373248593989579
0.025 0.353116168384165
0.02625 0.334490479609895
0.0275 0.317204685345897
0.02875 0.301116175533086
0.03 0.286102255117952
0.03125 0.272056730678196
0.0325 0.258887185083726
0.03375 0.246512781864771
0.035 0.234862481655494
0.03625 0.22387358228601
0.0375 0.213490515327285
0.03875 0.203663847514595
0.04 0.194349447096651
0.04125 0.185507783892624
0.0425 0.177103338468021
0.04375 0.169104100915805
0.045 0.161481143647736
0.04625 0.154208255650164
0.0475 0.147261628048744
0.04875 0.14061958271318
0.05 0.134262337131997
0.05125 0.128171799985554
0.0525 0.122331392808876
0.05375 0.11672589391482
0.055 0.11134130138112
0.05625 0.106164712421942
0.0575 0.101184216888895
0.05875 0.0963888029963026
0.06 0.0917682736551181
0.06125 0.0873131720406858
0.0625 0.083014715220469
0.06375 0.0788647348362368
0.065 0.0748556239767337
0.06625 0.0709802894962755
0.0675 0.0672321091357974
0.06875 0.0636048928887162
0.07 0.0600928481270838
0.07125 0.0566905480659674
0.0725 0.053392903197503
0.07375 0.0501951353720346
0.075 0.0470927542433467
0.07625 0.0440815358291842
0.0775 0.0411575029678471
0.07875 0.0383169074773303
0.08 0.0355562138458049
0.08125 0.0328720843017059
0.0825 0.0302613651286908
0.08375 0.0277210741056152
0.085 0.025248388964724
0.08625 0.0228406367727233
0.0875 0.0204952841495001
0.08875 0.0182099282481599
0.09 0.0159822884279245
0.09125 0.0138101985583982
0.0925 0.0116915998998875
0.09375 0.00962453450994376
0.095 0.00760713913117953
0.09625 0.00563763951975427
0.0975 0.00371434517780526
0.09875 0.001835644456564
0.1 0
