0.0025 4654.50255268735 3826.8343236509
0.005 7280.0734507144 7071.06781186548
0.0075 9185.70418694613 9238.79532511287
0.01 9807.85280403231 10000
0.0125 8986.61662947857 9238.79532511287
0.015 6820.24115190948 7071.06781186548
0.0175 3624.55994982029 3826.83432365089
0.0196875 1238.66871121356 490.676743274175
0.02125 1.42391671028269e-10 0
0.0225 -4.14425470539161e-11 0
0.02375 5.24840323127534e-11 0
0.025 7.44476191279532e-11 0
0.02625 -1.51104722146786e-10 0
0.0275 -3.78371487415811e-11 0
0.02875 8.21314451705663e-11 0
0.03 3.76227171618045e-12 0
0.03125 -2.05883984062059e-10 0
0.0325 1.91854265613032e-11 0
0.03375 1.50844782030887e-11 0
0.035 6.77527266275869e-11 0
0.03625 4.04564671644608e-11 0
0.0375 -1.65132264461935e-11 0
0.03875 -5.06975395968538e-11 0
0.04 6.12716426135316e-11 0
0.04125 -6.60836084603572e-11 0
0.0425 6.79733106521051e-11 0
0.04375 -9.59792162663958e-11 0
0.045 -1.63939711083113e-10 0
0.04625 9.40989028439051e-11 0
0.0475 -3.06537916834481e-11 0
0.04875 -3.54559522790748e-11 0
0.05 3.70892336485553e-11 0
0.05125 1.29436818085173e-10 0
0.0525 -1.01677852532387e-10 0
0.05375 4.82686949386911e-12 0
0.055 -2.8788638839763e-11 0
0.05625 1.24649638707914e-11 0
0.0575 -3.49304645905045e-11 0
0.05875 -4.78324687990689e-11 0
0.06 1.56066837899331e-11 0
0.06125 -7.25558699097639e-12 0
0.0625 -9.6517991321021e-11 0
0.06375 5.40828796523408e-11 0
0.065 1.65176240152198e-11 0
0.06625 -2.63159966432592e-11 0
0.0675 4.32989841345304e-11 0
0.06875 -8.89350111421112e-12 0
0.07 -3.09093770016252e-11 0
0.07125 4.62295452428214e-12 0
0.0725 5.82143151123911e-11 0
0.07375 4.52857903216576e-11 0
0.075 7.29621055668261e-12 0
0.07625 5.16870991178564e-11 0
0.0775 9.74131169993685e-12 0
0.07875 3.56189924739787e-11 0
0.08 2.54005814799994e-12 0
0.08125 2.42672663627365e-11 0
0.0825 3.02159819704954e-11 0
0.08375 2.66122896046133e-12 0
0.085 -3.53395140360464e-12 0
0.08625 6.73732654886735e-12 0
0.0875 2.97748785819953e-12 0
0.08875 -1.14405682780555e-11 0
0.09 -3.80964450889335e-11 0
0.09125 -1.10885312506648e-12 0
0.0925 -1.957644232203e-12 0
0.09375 5.27496676259429e-12 0
0.095 -2.91601785871671e-12 0
0.09625 4.4576856076068e-12 0
0.0975 -4.22036836291594e-12 0
0.09875 1.29542081062972e-12 0
