0.00015625 306.73301778279 245.412285229123
0.0003125 521.281687911141 490.67674327418
0.00046875 755.987389937521 735.645635996674
0.000625 995.363157545626 980.171403295606
0.00078125 1236.19382960806 1224.10675199216
0.0009375 1477.30985705569 1467.30474455362
0.00109375 1718.12649381471 1709.61888760301
0.00125 1958.27866080492 1950.90322016128
0.00140625 2197.49929238484 2191.0124015687
0.0015625 2435.57072725571 2429.80179903264
0.00171875 2672.30266079837 2667.12757474898
0.001875 2907.52116433775 2902.84677254462
0.00203125 3141.06281179647 3136.81740398891
0.0021875 3372.77135993645 3368.8985339222
0.00234375 3602.49578996294 3598.95036534988
0.0025 3830.08911476537 3826.8343236509
0.00265625 4055.40763609572 4052.4131400499
0.0028125 4278.31047629853 4275.55093430282
0.00296875 4498.65928333302 4496.11329654607
0.003125 4716.3180478235 4713.96736825998
0.00328125 4931.15299469581 4928.98192229784
0.0034375 5143.0325250908 5141.02744193222
0.00359375 5351.82719306962 5349.97619887097
0.00375 5557.40970668068 5555.70233019602
0.00390625 5759.65494587035 5758.08191417845
0.0040625 5958.43999275775 5956.99304492433
0.00421875 6153.64417057343 6152.31590580627
0.004375 6345.14908864081 6343.93284163646
0.00453125 6532.83869159656 6531.72842953777
0.0046875 6716.59931194001 6715.58954847018
0.00484375 6896.31972405036 6895.40544737067
0.005 7071.89119969825 7071.06781186548
0.00515625 7243.20756406307 7242.47082951467
0.0053125 7410.16525177068 7409.51125354959
0.00546875 7572.66336295135 7572.08846506484
0.005625 7730.60371840326 7730.10453362737
0.00578125 7883.89091428585 7883.46427626606
0.0059375 8032.43237572862 8032.07531480645
0.00609375 8176.13840932585 8175.84813151584
0.00625 8314.92225437648 8314.69612302545
0.00640625 8448.70013278545 8448.53565249707
0.0065625 8577.39129749411 8577.28610000272
0.00671875 8700.91807939198 8700.86991108711
0.006875 8819.20593242542 8819.21264348355
0.00703125 8932.18347744752 8932.24301195515
0.0071875 9039.78254378474 9039.89293123443
0.00734375 9141.93820946399 9142.09755703531
0.0075 9238.58883939705 9238.79532511287
0.00765625 9329.67612170066 9329.92798834739
0.0078125 9415.14510213409 9415.44065183021
0.00796875 9494.944216669 9495.28180593037
0.008125 9569.02532187603 9569.40335732209
0.00828125 9637.34372360001 9637.7606579544
0.0084375 9699.85820335019 9700.31253194544
0.00859375 9756.53104274055 9757.02130038529
0.00875 9807.32804597479 9807.8528040323
0.00890625 9852.21855998545 9852.77642388941
0.0090625 9891.17549281294 9891.76509964781
0.00921875 9924.17532946437 9924.7953459871
0.009375 9951.19814600941 9951.84726672197
0.00953125 9972.2276213483 9972.9045667869
0.0096875 9987.25104678141 9987.95456205172
0.00984375 9996.259333624 9996.98818696204
0.01 9999.24701838992 10000
0.01015625 9996.21226608689 9996.98818696204
0.0103125 9987.15687109408 9987.95456205172
0.01046875 9972.08625598236 9972.9045667869
0.010625 9951.00946819486 9951.84726672197
0.01078125 9923.93917445838 9924.7953459871
0.0109375 9890.89165302337 9891.76509964781
0.01109375 9851.88678390123 9852.77642388941
0.01125 9806.94803670096 9807.8528040323
0.01140625 9756.10245646579 9757.02130038529
0.0115625 9699.38064729317 9700.31253194544
0.01171875 9636.81675391386 9637.7606579544
0.011875 9568.44844098148 9569.40335732209
0.01203125 9494.31687039247 9495.28180593037
0.0121875 9414.46667642641 9415.44065183021
0.01234375 9328.94593877561 9329.92798834739
0.0125 9237.80615366941 9238.79532511287
0.01265625 9141.10220264753 9142.09755703531
0.0128125 9038.89231961542 9039.89293123444
0.01296875 8931.23805562344 8932.24301195515
0.013125 8818.20424185733 8819.21264348355
0.01328125 8699.85895045919 8700.86991108711
0.0134375 8576.27345360302 8577.28610000272
0.01359375 8447.52218044494 8448.53565249707
0.01375 8313.68267229836 8314.69612302545
0.01390625 8174.83553596544 8175.84813151584
0.0140625 8031.06439503783 8032.07531480645
0.01421875 7882.45583963835 7883.46427626606
0.014375 7729.09937415594 7730.10453362737
0.01453125 7571.08736332916 7572.08846506484
0.0146875 7408.51497665074 7409.51125354959
0.01484375 7241.48013093047 7242.47082951467
0.015 7070.08343138373 7071.06781186548
0.01515625 6894.42811097932 6895.40544737067
0.0153125 6714.61996825063 6715.58954847019
0.01546875 6530.76730354447 6531.72842953777
0.015625 6342.98085378918 6343.93284163646
0.01578125 6151.37372577935 6152.31590580627
0.0159375 5956.06132803264 5956.99304492433
0.01609375 5757.16130123178 5758.08191417845
0.01625 5554.79344741577 5555.70233019602
0.01640625 5349.07965774416 5349.97619887097
0.0165625 5140.14383912187 5141.02744193222
0.01671875 4928.1118395018 4928.98192229784
0.016875 4713.11137210859 4713.96736825998
0.01703125 4495.27193848486 4496.11329654606
0.0171875 4274.72475049928 4275.55093430282
0.01734375 4051.60265124385 4052.4131400499
0.0175 3826.04003511024 3826.83432365089
0.01765625 3598.17276672419 3598.95036534988
0.0178125 3368.13809916166 3368.8985339222
0.01796875 3136.07459125633 3136.81740398892
0.018125 2902.1220241243 2902.84677254462
0.01828125 2666.42131696212 2667.12757474899
0.0184375 2429.11444214459 2429.80179903264
0.01859375 2190.34433975952 2191.0124015687
0.01875 1950.25483139854 1950.90322016129
0.01890625 1708.99053362221 1709.61888760302
0.0190625 1466.69677078858 1467.30474455362
0.01921875 1223.51948751518 1224.10675199216
0.019375 979.605160794488 980.171403295608
0.01953125 735.100711714084 735.645635996677
0.0196875 490.153416984435 490.676743274184
0.01984375 244.910820215663 245.412285229123
0.0202734375 13.3985967151736 0
0.02125 1.61853956490708e-11 0
0.0225 -2.35022474462857e-10 0
0.02375 -1.34936708463337e-11 0
0.025 -1.66638213610128e-11 0
0.02625 8.73742292097312e-12 0
0.0275 5.19437397270842e-11 0
0.02875 4.69261539596849e-11 0
0.03 -1.02104639000775e-10 0
0.03125 -1.55183304106993e-10 0
0.0325 -2.66273819402655e-11 0
0.03375 1.38428367030894e-12 0
0.035 1.16658259957961e-10 0
0.03625 7.04597589846272e-12 0
0.0375 -8.10266926501877e-11 0
0.03875 -3.66712420770778e-11 0
0.04 5.81574252026487e-11 0
0.04125 -2.0144649030727e-11 0
0.0425 -1.17875551307373e-11 0
0.04375 -1.16719573884695e-10 0
0.045 2.1831281066994e-11 0
0.04625 -6.72135020313608e-11 0
0.0475 8.53506906652402e-12 0
0.04875 -7.87836021722116e-12 0
0.05 6.61062871308594e-11 0
0.05125 7.50433639796295e-11 0
0.0525 -8.47569097147878e-11 0
0.05375 1.7209324924662e-12 0
0.055 -6.56981207760951e-12 0
0.05625 -7.66568622352495e-11 0
0.0575 2.70352366936428e-11 0
0.05875 -5.9165705816867e-11 0
0.06 2.07611169023432e-11 0
0.06125 -3.85185081131967e-11 0
0.0625 -1.21064357637484e-11 0
0.06375 -7.27723293792645e-12 0
0.065 -1.5187774715476e-11 0
0.06625 -1.92197106256676e-12 0
0.0675 7.04503912991879e-11 0
0.06875 -2.14074376378012e-11 0
0.07 -1.10151824354161e-12 0
0.07125 -1.07027108756246e-11 0
0.0725 3.84716131504408e-11 0
0.07375 4.15054686754903e-12 0
0.075 6.21763583321289e-11 0
0.07625 4.66562991509134e-11 0
0.0775 8.02225669406564e-12 0
0.07875 4.29262688552732e-11 0
0.08 2.3088031814583e-11 0
0.08125 2.70077755498652e-11 0
0.0825 -8.30828784707177e-12 0
0.08375 -4.39631746073726e-12 0
0.085 1.3178707220951e-11 0
0.08625 3.49704974429901e-12 0
0.0875 2.56392004941612e-12 0
0.08875 2.52330357626539e-12 0
0.09 -4.20910193723696e-11 0
0.09125 -1.08507478185552e-11 0
0.0925 1.24982203983808e-12 0
0.09375 -1.91886241048806e-13 0
0.095 -4.14196970218964e-12 0
0.09625 5.33909373284575e-13 0
0.0975 6.41456607428696e-13 0
0.09875 2.21775475663767e-13 0
