0 1.18415154622192
7.8125e-05 1.18415135896958
0.00015625 1.18415067240587
0.000234375 1.18414898730965
0.0003125 1.18414580464024
0.000390625 1.1841406256276
0.00046875 1.18413295186248
0.000546875 1.1841222853865
0.000625 1.18410812878221
0.000703125 1.18408998526295
0.00078125 1.18406735876273
0.000859375 1.18403975402591
0.0009375 1.18400667669679
0.001015625 1.18396763340906
0.00109375 1.18392213187505
0.001171875 1.18386968097485
0.00125 1.1838097908452
0.001328125 1.18374197296822
0.00140625 1.18366574025991
0.001484375 1.18358060715839
0.0015625 1.1834860897119
0.001640625 1.1833817056666
0.00171875 1.18326697455404
0.001796875 1.18314141777831
0.001875 1.18300455870299
0.001953125 1.18285592273769
0.00203125 1.18269503742431
0.002109375 1.18252143252291
0.0021875 1.1823346400973
0.002265625 1.18213419460018
0.00234375 1.18191963295793
0.002421875 1.18169049465497
0.0025 1.1814463218178
0.002578125 1.18118665929847
0.00265625 1.18091105475773
0.002734375 1.18061905874767
0.0028125 1.18031022479389
0.002890625 1.17998410947723
0.00296875 1.17964027251498
0.003046875 1.17927827684154
0.003125 1.17889768868867
0.003203125 1.1784980776651
0.00328125 1.17807901683562
0.003359375 1.1776400827997
0.0034375 1.17718085576938
0.003515625 1.17670091964672
0.00359375 1.17619986210057
0.003671875 1.17567727464277
0.00375 1.17513275270373
0.003828125 1.17456589570731
0.00390625 1.17397630714516
0.003984375 1.17336359465035
0.0040625 1.17272737007028
0.004140625 1.172067249539
0.00421875 1.17138285354881
0.004296875 1.17067380702107
0.004375 1.16993973937644
0.004453125 1.16918028460428
0.00453125 1.16839508133135
0.004609375 1.16758377288974
0.0046875 1.1667460073841
0.004765625 1.16588143775801
0.00484375 1.16498972185961
0.004921875 1.16407052250647
0.005 1.16312350754958
0.005078125 1.1621483499366
0.00515625 1.16114472777422
0.005234375 1.16011232438973
0.0053125 1.15905082839173
0.005390625 1.15795993372999
0.00546875 1.1568393397544
0.005546875 1.15568875127314
0.005625 1.15450787860985
0.005703125 1.15329643766003
0.00578125 1.15205414994639
0.005859375 1.15078074267345
0.0059375 1.14947594878106
0.006015625 1.14813950699715
0.00609375 1.14677116188936
0.006171875 1.14537066391592
0.00625 1.14393776947541
0.006328125 1.14247224095563
0.00640625 1.14097384678151
0.006484375 1.139442361462
0.0065625 1.13787756563599
0.006640625 1.13627924611724
0.00671875 1.13464719593831
0.006796875 1.13298121439347
0.006875 1.13128110708057
0.006953125 1.12954668594193
0.00703125 1.12777776930418
0.007109375 1.12597418191706
0.0071875 1.12413575499116
0.007265625 1.12226232623465
0.00734375 1.1203537398889
0.007421875 1.11840984676309
0.0075 1.11643050426771
0.007578125 1.114415576447
0.00765625 1.11236493401033
0.007734375 1.11027845436246
0.0078125 1.10815602163271
0.007890625 1.1059975267031
0.00796875 1.10380286723529
0.008046875 1.10157194769646
0.008125 1.09930467938414
0.008203125 1.09700098044982
0.00828125 1.09466077592149
0.008359375 1.0922839977251
0.0084375 1.08987058470483
0.008515625 1.08742048264223
0.00859375 1.08493364427431
0.008671875 1.08241002931037
0.00875 1.07984960444782
0.008828125 1.07725234338674
0.00890625 1.07461822684339
0.008984375 1.07194724256249
0.0090625 1.06923938532843
0.009140625 1.06649465697529
0.00921875 1.06371306639567
0.009296875 1.06089462954844
0.009375 1.05803936946525
0.009453125 1.05514731625598
0.00953125 1.05221850711293
0.009609375 1.0492529863139
0.0096875 1.04625080522411
0.009765625 1.04321202229695
0.00984375 1.04013670307357
0.009921875 1.03702492018125
0.01 1.03387675333074
0.010078125 1.03069228931228
0.01015625 1.02747162199057
0.010234375 1.02421485229851
0.0103125 1.02092208822983
0.010390625 1.0175934448305
0.01046875 1.01422904418904
0.010546875 1.01082901542561
0.010625 1.00739349467999
0.010703125 1.00392262509839
0.01078125 1.00041655681906
0.010859375 0.996875446956825
0.0109375 0.993299459586405
0.011015625 0.989688765724616
0.01109375 0.986043543311408
0.011171875 0.98236397718977
0.01125 0.978650259084489
0.011328125 0.974902587579764
0.01140625 0.971121168095694
0.011484375 0.96730621286363
0.0115625 0.96345794090039
0.011640625 0.959576577981363
0.01171875 0.955662356612478
0.011796875 0.951715516001061
0.011875 0.947736302025581
0.011953125 0.94372496720428
0.01203125 0.939681770662707
0.012109375 0.93560697810014
0.0121875 0.931500861754927
0.012265625 0.927363700368726
0.01234375 0.923195779149663
0.012421875 0.918997389734413
0.0125 0.914768830149208
0.012578125 0.910510404769769
0.01265625 0.906222424280183
0.012734375 0.901905205630723
0.0128125 0.897559071994615
0.012890625 0.893184352723765
0.01296875 0.888781383303441
0.013046875 0.884350505305938
0.013125 0.879892066343209
0.013203125 0.875406420018478
0.01328125 0.870893925876857
0.013359375 0.866354949354946
0.0134375 0.861789861729446
0.013515625 0.857199040064789
0.01359375 0.85258286715978
0.013671875 0.847941731493276
0.01375 0.843276027168899
0.013828125 0.838586153858793
0.01390625 0.833872516746443
0.013984375 0.829135526468544
0.0140625 0.824375599055958
0.014140625 0.819593155873734
0.01421875 0.81478862356023
0.014296875 0.809962433965331
0.014375 0.805115024087769
0.014453125 0.800246836011572
0.01453125 0.795358316841627
0.014609375 0.790449918638393
0.0146875 0.78552209835175
0.014765625 0.780575317754009
0.01484375 0.775610043372096
0.014921875 0.770626746418901
0.015 0.76562590272382
0.015078125 0.760607992662505
0.01515625 0.755573501085805
0.015234375 0.750522917247943
0.0153125 0.745456734733915
0.015390625 0.740375451386133
0.01546875 0.735279569230327
0.015546875 0.7301695944007
0.015625 0.725046037064371
0.015703125 0.719909411345096
0.01578125 0.714760235246298
0.015859375 0.709599030573396
0.0159375 0.704426322855469
0.016015625 0.699242641266247
0.01609375 0.694048518544452
0.016171875 0.6888444909135
0.01625 0.68363109800057
0.016328125 0.678408882755059
0.01640625 0.673178391366438
0.016484375 0.667940173181512
0.0165625 0.662694780621102
0.016640625 0.657442769096166
0.01671875 0.652184696923362
0.016796875 0.646921125240078
0.016875 0.641652617918932
0.016953125 0.636379741481755
0.01703125 0.631103065013088
0.017109375 0.625823160073173
0.0171875 0.62054060061049
0.017265625 0.61525596287382
0.01734375 0.609969825323874
0.017421875 0.604682768544476
0.0175 0.599395375153344
0.017578125 0.594108229712452
0.01765625 0.588821918638008
0.017734375 0.583537030110055
0.0178125 0.578254153981707
0.017890625 0.572973881688039
0.01796875 0.567696806154639
0.018046875 0.562423521705839
0.018125 0.557154623972647
0.018203125 0.551890709800375
0.01828125 0.546632377156004
0.018359375 0.541380225035267
0.0184375 0.536134853369503
0.018515625 0.530896862932264
0.01859375 0.525666855245704
0.018671875 0.520445432486765
0.01875 0.515233197393171
0.018828125 0.510030753169247
0.01890625 0.504838703391576
0.018984375 0.499657651914505
0.0190625 0.494488202775529
0.019140625 0.489330960100544
0.01921875 0.484186528009014
0.019296875 0.47905551051903
0.019375 0.473938511452319
0.019453125 0.468836134339173
0.01953125 0.463748982323351
0.019609375 0.458677658066942
0.0196875 0.453622763655224
0.019765625 0.448584900501514
0.01984375 0.44356466925204
0.019921875 0.438562669690846
0.02 0.433579500644737
0.020625 0.4206217837388
0.02125 0.408242786785822
0.021875 0.396403356007105
0.0225 0.385067888479062
0.023125 0.374203929249357
0.02375 0.363781823133646
0.024375 0.353774412591481
0.025 0.344156774611815
0.025625 0.334905990767091
0.02625 0.326000945585853
0.026875 0.317422149197674
0.0275 0.309151580859676
0.028125 0.30117255051112
0.02875 0.293469575944918
0.029375 0.286028273550815
0.03 0.278835260889029
0.030625 0.27187806960669
0.03125 0.26514506742188
0.031875 0.258625388078568
0.0325 0.252308868326444
0.033125 0.246185991107155
0.03375 0.240247834236833
0.034375 0.234486023967104
0.035 0.228892692885699
0.035625 0.223460441685445
0.03625 0.218182304388565
0.036875 0.213051716663378
0.0375 0.208062486913812
0.038125 0.203208769859701
0.03875 0.198485042358449
0.039375 0.193886081247072
0.04 0.189406943008366
0.040625 0.185042945086678
0.04125 0.180789648697706
0.041875 0.176642842993485
0.0425 0.172598530458355
0.043125 0.16865291342468
0.04375 0.164802381608531
0.044375 0.16104350057562
0.045 0.157373001056811
0.045625 0.153787769040434
0.04625 0.150284836575777
0.046875 0.146861373228381
0.0475 0.14351467813347
0.048125 0.140242172598809
0.04875 0.137041393212853
0.049375 0.133909985418049
0.05 0.130845697512804
0.050625 0.127846375048862
0.05125 0.124909955593813
0.051875 0.122034463831042
0.0525 0.11921800697187
0.053125 0.11645877045674
0.05375 0.113755013924295
0.054375 0.111105067428934
0.055 0.108507327889035
0.055625 0.105960255749497
0.05625 0.103462371843566
0.056875 0.101012254440109
0.0575 0.0986085364635975
0.058125 0.0962499028750533
0.05875 0.0939350882031253
0.059375 0.0916628742152907
0.06 0.0894320877199352
0.060625 0.0872415984907607
0.06125 0.085090317305605
0.061875 0.0829771940923431
0.0625 0.0809012161750707
0.063125 0.0788614066142656
0.06375 0.0768568226350718
0.064375 0.0748865541382672
0.065 0.0729497222888584
0.065625 0.0710454781775963
0.06625 0.0691730015510339
0.066875 0.0673314996060451
0.0675 0.0655202058450001
0.068125 0.0637383789880494
0.06875 0.0619853019392041
0.069375 0.0602602808031195
0.07 0.0585626439496909
0.070625 0.0568917411237579
0.07125 0.05524694259739
0.071875 0.0536276383623826
0.0725 0.0520332373607495
0.073125 0.0504631667511299
0.07375 0.0489168712091632
0.074375 0.0473938122600024
0.075 0.0458934676412486
0.075625 0.0444153306946968
0.07625 0.0429589097853754
0.076875 0.0415237277464574
0.0775 0.0401093213487031
0.078125 0.0387152407931738
0.07875 0.0373410492260292
0.079375 0.0359863222742918
0.08 0.0346506476015241
0.080625 0.0333336244824253
0.08125 0.0320348633954118
0.081875 0.0307539856322961
0.0825 0.0294906229242312
0.083125 0.0282444170831314
0.08375 0.0270150196578252
0.084375 0.0258020916042367
0.085 0.0246053029689304
0.085625 0.0234243325853879
0.08625 0.0222588677824242
0.086875 0.021108604104176
0.0875 0.0199732450411302
0.088125 0.0188525017716858
0.08875 0.017746092913769
0.089375 0.0166537442860478
0.09 0.0155751886783139
0.090625 0.0145101656306229
0.09125 0.0134584212208045
0.091875 0.0124197078599734
0.0925 0.0113937840956914
0.093125 0.0103804144224465
0.09375 0.00937936909913477
0.094375 0.00839042397324127
0.095 0.00741336031143705
0.095625 0.00644796463631786
0.09625 0.00549402856902644
0.096875 0.00455134867751191
0.0975 0.0036197263301911
0.098125 0.00269896755478843
0.09875 0.00178888290214119
0.099375 0.00088928731476702
0.1 0
