7.8125e-05 0.00958713928298494 0.00958713928298494
0.000234375 0.0479299214958928 0.0479299214958928
0.000390625 0.124592389653344 0.124592389653344
0.000546875 0.239528365159458 0.239528365159458
0.000703125 0.392668614878744 0.392668614878744
0.000859375 0.583920892844958 0.583920892844958
0.001015625 0.813169995845442 0.813169995845442
0.001171875 1.08027783278999 1.08027783278999
0.001328125 1.38508350790687 1.38508350790687
0.001484375 1.7274034176495 1.7274034176495
0.001640625 2.10703136131087 2.10703136131087
0.001796875 2.52373866520657 2.52373866520657
0.001953125 2.9772743204461 2.9772743204461
0.002109375 3.46736513410235 3.46736513410235
0.002265625 3.99371589380166 3.99371589380166
0.002421875 4.55600954552153 4.55600954552153
0.002578125 5.15390738459303 5.15390738459303
0.002734375 5.78704925971749 5.78704925971749
0.002890625 6.45505378990094 6.45505378990094
0.003046875 7.15751859419527 7.15751859419527
0.003203125 7.89402053407002 7.89402053407002
0.003359375 8.66411596828982 8.66411596828982
0.003515625 9.46734102016933 9.46734102016933
0.003671875 10.3032118569672 10.3032118569672
0.003828125 11.1712249813479 11.1712249813479
0.003984375 12.0708575346583 12.0708575346583
0.004140625 13.0015676118944 13.0015676118944
0.004296875 13.9627945881045 13.9627945881045
0.004453125 14.9539594560963 14.9539594560963
0.004609375 15.974465175222 15.974465175222
0.004765625 17.0236970309929 17.0236970309929
0.004921875 18.1010230053687 18.1010230053687
0.005078125 19.2057941574717 19.2057941574717
0.005234375 20.337345014471 20.337345014471
0.005390625 21.4949939724363 21.4949939724363
0.005546875 22.6780437069237 22.6780437069237
0.005703125 23.8857815930146 23.8857815930146
0.005859375 25.1174801345627 25.1174801345627
0.006015625 26.3723974024202 26.3723974024202
0.006171875 27.6497774813578 27.6497774813578
0.006328125 28.9488509253744 28.9488509253744
0.006484375 30.2688352212016 30.2688352212016
0.006640625 31.6089352596606 31.6089352596606
0.006796875 32.9683438145935 32.9683438145935
0.006953125 34.3462420291246 34.3462420291246
0.007109375 35.7417999088909 35.7417999088909
0.007265625 37.1541768220027 37.1541768220027
0.007421875 38.5825220054244 38.5825220054244
0.007578125 40.0259750774268 40.0259750774268
0.007734375 41.4836665558511 41.4836665558511
0.007890625 42.9547183818642 42.9547183818642
0.008046875 44.438244448844 44.438244448844
0.008203125 45.9333511361621 45.9333511361621
0.008359375 47.4391378474621 47.4391378474621
0.008515625 48.9546975531255 48.9546975531255
0.008671875 50.4791173366613 50.4791173366613
0.008828125 52.0114789445898 52.0114789445898
0.008984375 53.5508593395832 53.5508593395832
0.009140625 55.0963312564448 55.0963312564448
0.009296875 56.64696376069 56.64696376069
0.009453125 58.2018228092693 58.2018228092693
0.009609375 59.7599718132386 59.7599718132386
0.009765625 61.3204722019049 61.3204722019049
0.009921875 62.8823839881733 62.8823839881733
0.010078125 64.4447663347989 64.4447663347989
0.010234375 66.006678121073 66.006678121073
0.010390625 67.5671785097336 67.5671785097336
0.010546875 69.1253275137058 69.1253275137058
0.010703125 70.6801865622879 70.6801865622879
0.010859375 72.2308190665274 72.2308190665274
0.011015625 73.7762909833918 73.7762909833918
0.011171875 75.3156713783824 75.3156713783824
0.011328125 76.8480329863138 76.8480329863138
0.011484375 78.3724527698496 78.3724527698496
0.011640625 79.8880124755129 79.8880124755129
0.011796875 81.3937991868102 81.3937991868102
0.011953125 82.8889058741311 82.8889058741311
0.012109375 84.3724319411109 84.3724319411109
0.012265625 85.8434837671211 85.8434837671211
0.012421875 87.3011752455454 87.3011752455454
0.012578125 88.7446283175507 88.7446283175507
0.012734375 90.1729735009752 90.1729735009752
0.012890625 91.585350414087 91.585350414087
0.013046875 92.9809082938505 92.9809082938505
0.013203125 94.3588065083787 94.3588065083787
0.013359375 95.7182150633116 95.7182150633116
0.013515625 97.0583151017735 97.0583151017735
0.013671875 98.3782993976035 98.3782993976035
0.013828125 99.6773728416173 99.6773728416173
0.013984375 100.954752920552 100.954752920552
0.014140625 102.209670188412 102.209670188412
0.014296875 103.44136872996 103.44136872996
0.014453125 104.649106616051 104.649106616051
0.014609375 105.832156350539 105.832156350539
0.014765625 106.989805308504 106.989805308504
0.014921875 108.121356165501 108.121356165501
0.015078125 109.226127317606 109.226127317606
0.015234375 110.303453291982 110.303453291982
0.015390625 111.352685147753 111.352685147753
0.015546875 112.373190866879 112.373190866879
0.015703125 113.364355734873 113.364355734873
0.015859375 114.325582711081 114.325582711081
0.016015625 115.256292788317 115.256292788317
0.016171875 116.155925341627 116.155925341627
0.016328125 117.023938466008 117.023938466008
0.016484375 117.859809302806 117.859809302806
0.016640625 118.663034354685 118.663034354685
0.016796875 119.433129788905 119.433129788905
0.016953125 120.169631728777 120.169631728777
0.017109375 120.872096533071 120.872096533071
0.017265625 121.540101063258 121.540101063258
0.017421875 122.173242938382 122.173242938382
0.017578125 122.771140777454 122.771140777454
0.017734375 123.333434429173 123.333434429173
0.017890625 123.85978518887 123.85978518887
0.018046875 124.349876002529 124.349876002529
0.018203125 124.803411657766 124.803411657766
0.018359375 125.220118961664 125.220118961664
0.018515625 125.599746905323 125.599746905323
0.018671875 125.942066815068 125.942066815068
0.018828125 126.246872490182 126.246872490182
0.018984375 126.513980327128 126.513980327128
0.019140625 126.743229430129 126.743229430129
0.019296875 126.934481708098 126.934481708098
0.019453125 127.087621957817 127.087621957817
0.019609375 127.202557933322 127.202557933322
0.019765625 127.279220401481 127.279220401481
0.019921875 127.317563183689 127.317563183689
0.0203125 42.1133727166424 127.327150322974
0.0209375 41.4704204614271 127.327150322975
0.0215625 40.8468051161424 127.327150322975
0.0221875 40.2416672625698 127.327150322975
0.0228125 39.654197667496 127.327150322976
0.0234375 39.0836336722803 127.327150322976
0.0240625 38.5292558896946 127.327150322975
0.0246875 37.9903851779506 127.327150322975
0.0253125 37.4663798651511 127.327150322974
0.0259375 36.9566332003188 127.327150322973
0.0265625 36.4605710097109 127.327150322975
0.0271875 35.9776495393838 127.327150322975
0.0278125 35.5073534669732 127.327150322974
0.0284375 35.0491940673994 127.327150322974
0.0290625 34.6027075187703 127.327150322975
0.0296875 34.1674533361441 127.327150322975
0.0303125 33.7430129220305 127.327150322974
0.0309375 33.3289882236009 127.327150322975
0.0315625 32.9250004875572 127.327150322975
0.0321875 32.5306891044729 127.327150322976
0.0328125 32.1457105351886 127.327150322974
0.0334375 31.7697373125554 127.327150322976
0.0340625 31.4024571124101 127.327150322975
0.0346875 31.0435718882683 127.327150322976
0.0353125 30.6927970646719 127.327150322975
0.0359375 30.3498607846194 127.327150322974
0.0365625 30.014503206889 127.327150322975
0.0371875 29.6864758494369 127.327150322975
0.0378125 29.3655409753889 127.327150322975
0.0384375 29.0514710184329 127.327150322975
0.0390625 28.7440480446929 127.327150322975
0.0396875 28.4430632484131 127.327150322974
0.0403125 28.1483164789996 127.327150322975
0.0409375 27.8596157971634 127.327150322973
0.0415625 27.5767770581062 127.327150322975
0.0421875 27.2996235198338 127.327150322975
0.0428125 27.0279854748601 127.327150322974
0.0434375 26.7616999036793 127.327150322974
0.0440625 26.5006101485216 127.327150322975
0.0446875 26.244565606024 127.327150322976
0.0453125 25.9934214375452 127.327150322975
0.0459375 25.7470382959571 127.327150322975
0.0465625 25.5052820678261 127.327150322975
0.0471875 25.2680236299858 127.327150322975
0.0478125 25.0351386195712 127.327150322975
0.0484375 24.8065072166526 127.327150322974
0.0490625 24.5820139386739 127.327150322975
0.0496875 24.3615474459503 127.327150322975
0.0503125 24.1450003575418 127.327150322974
0.0509375 23.9322690768587 127.327150322975
0.0515625 23.7232536264058 127.327150322975
0.0521875 23.5178574911119 127.327150322973
0.0528125 23.3159874697288 127.327150322972
0.0534375 23.1175535338162 127.327150322972
0.0540625 22.9224686938682 127.327150322971
0.0546875 22.7306488721624 127.327150322972
0.0553125 22.5420127819369 127.327150322972
0.0559375 22.356481812538 127.327150322971
0.0565625 22.1739799201909 127.327150322971
0.0571875 21.9944335240761 127.327150322972
0.0578125 21.8177714074168 127.327150322971
0.0584375 21.6439246232939 127.327150322971
0.0590625 21.4728264049279 127.327150322971
0.0596875 21.3044120801834 127.327150322971
0.0603125 21.1386189900653 127.327150322971
0.0609375 20.9753864109913 127.327150322971
0.0615625 20.814655480639 127.327150322972
0.0621875 20.6563691271741 127.327150322972
0.0628125 20.5004720016857 127.32715032297
0.0634375 20.3469104136579 127.327150322968
0.0640625 20.1956322693183 127.327150322968
0.0646875 20.046587012718 127.327150322967
0.0653125 19.8997255694014 127.327150322967
0.0659375 19.7550002925329 127.327150322966
0.0665625 19.6123649113593 127.327150322966
0.0671875 19.4717744818872 127.327150322966
0.0678125 19.3331853396675 127.327150322966
0.0684375 19.1965550545815 127.327150322966
0.0690625 19.0618423875318 127.327150322966
0.0696875 18.9290072489427 127.327150322966
0.0703125 18.7980106589845 127.327150322965
0.0709375 18.6688147094382 127.327150322965
0.0715625 18.5413825271215 127.327150322967
0.0721875 18.4156782388019 127.327150322966
0.0728125 18.2916669375306 127.327150322967
0.0734375 18.169314650323 127.327150322967
0.0740625 18.0485883071315 127.327150322967
0.0746875 17.9294557110448 127.327150322967
0.0753125 17.8118855096608 127.327150322966
0.0759375 17.6958471675784 127.327150322966
0.0765625 17.5813109399566 127.327150322967
0.0771875 17.4682478470951 127.327150322966
0.0778125 17.3566296499889 127.327150322965
0.0784375 17.2464288268143 127.327150322965
0.0790625 17.1376185503044 127.327150322964
0.0796875 17.0301726659763 127.327150322963
0.0803125 16.9240656711727 127.327150322963
0.0809375 16.8192726948805 127.327150322963
0.0815625 16.7157694782966 127.327150322962
0.0821875 16.6135323561051 127.327150322962
0.0828125 16.512538238439 127.327150322963
0.0834375 16.4127645934936 127.327150322962
0.0840625 16.31418943077 127.327150322963
0.0846875 16.2167912849146 127.327150322962
0.0853125 16.1205492001377 127.327150322962
0.0859375 16.0254427151811 127.327150322962
0.0865625 15.9314518488165 127.327150322963
0.0871875 15.8385570858496 127.327150322963
0.0878125 15.7467393636128 127.327150322963
0.0884375 15.6559800589234 127.327150322963
0.0890625 15.5662609754912 127.327150322963
0.0896875 15.4775643317562 127.327150322963
0.0903125 15.38987274914 127.327150322963
0.0909375 15.3031692406941 127.327150322963
0.0915625 15.21743720013 127.327150322963
0.0921875 15.1326603912156 127.327150322963
0.0928125 15.0488229375247 127.327150322963
0.0934375 14.9659093125246 127.327150322963
0.0940625 14.8839043299902 127.327150322963
0.0946875 14.8027931347314 127.327150322963
0.0953125 14.7225611936217 127.327150322963
0.0959375 14.6431942869176 127.327150322963
0.0965625 14.5646784998563 127.327150322963
0.0971875 14.4870002145238 127.327150322963
0.0978125 14.4101461019799 127.327150322963
0.0984375 14.3341031146343 127.327150322963
0.0990625 14.258858478862 127.327150322963
0.0996875 14.1843996878496 127.327150322963
