0.0003125 490.528960613119 490.67674327418
0.000625 979.876193991913 980.171403295606
0.0009375 1466.86281980237 1467.30474455362
0.00125 1950.31564458532 1950.90322016128
0.0015625 2429.0699881567 2429.80179903264
0.001875 2901.97248936693 2902.84677254462
0.0021875 3367.88388467084 3368.8985339222
0.0025 3825.68175270081 3826.8343236509
0.0028125 4274.26321829898 4275.55093430282
0.003125 4712.54760941974 4713.96736825998
0.0034375 5139.47906058548 5141.02744193222
0.00375 5554.02905652044 5555.70233019602
0.0040625 5955.19890999184 5956.99304492433
0.004375 6342.02216767789 6343.93284163646
0.0046875 6713.56693845156 6715.58954847018
0.005 7068.93813844089 7071.06781186548
0.0053125 7407.2796472956 7409.51125354959
0.005625 7727.77637066155 7730.10453362737
0.0059375 8029.65620389386 8032.07531480645
0.00625 8312.1918920051 8314.69612302545
0.0065625 8574.70278178882 8577.28610000272
0.006875 8816.55646152466 8819.21264348355
0.0071875 9037.17028449593 9039.89293123443
0.0075 9236.01277268971 9238.79532511287
0.0078125 9412.60489714295 9415.44065183021
0.008125 9566.52123193634 9569.40335732209
0.0084375 9697.39097917226 9700.31253194544
0.00875 9804.8988621349 9807.8528040323
0.0090625 9888.78588493667 9891.76509964781
0.009375 9948.84995638585 9951.84726672197
0.0096875 9984.94637688053 9987.95456205172
0.01 9996.98818695832 10000
0.0103125 9984.94637687599 9987.95456205172
0.010625 9948.84995638585 9951.84726672197
0.0109375 9888.78588494122 9891.76509964781
0.01125 9804.8988621349 9807.8528040323
0.0115625 9697.39097917226 9700.31253194544
0.011875 9566.52123194543 9569.40335732209
0.0121875 9412.60489713385 9415.44065183021
0.0125 9236.01277268971 9238.79532511287
0.0128125 9037.17028449591 9039.89293123444
0.013125 8816.55646152016 8819.21264348355
0.0134375 8574.70278179334 8577.28610000272
0.01375 8312.1918920051 8314.69612302545
0.0140625 8029.65620389386 8032.07531480645
0.014375 7727.7763706661 7730.10453362737
0.0146875 7407.27964729107 7409.51125354959
0.015 7068.93813844089 7071.06781186548
0.0153125 6713.56693845154 6715.58954847019
0.015625 6342.02216767789 6343.93284163646
0.0159375 5955.1989099873 5956.99304492433
0.01625 5554.02905652499 5555.70233019602
0.0165625 5139.47906058547 5141.02744193222
0.016875 4712.54760942429 4713.96736825998
0.0171875 4274.26321829443 4275.55093430282
0.0175 3825.6817527008 3826.83432365089
0.0178125 3367.88388467088 3368.8985339222
0.018125 2901.97248937147 2902.84677254463
0.0184375 2429.0699881567 2429.80179903264
0.01875 1950.31564458531 1950.90322016129
0.0190625 1466.86281979782 1467.30474455362
0.019375 979.876193991912 980.171403295608
0.0196875 490.528960615392 490.676743274184
0.020234375 49.0824570457516 0
0.02125 1.25055521493778e-10 0
0.0225 -5.22959453519433e-10 0
0.02375 -1.81898940354585e-10 0
0.025 6.02540239924564e-10 0
0.02625 -3.18323145620526e-10 0
0.0275 1.93267624126747e-10 0
0.02875 -5.11590769747273e-10 0
0.03 8.98126018000766e-10 0
0.03125 -2.8421709430404e-10 0
0.0325 -2.95585778076201e-10 0
0.03375 4.54747350886464e-10 0
0.035 -2.8421709430404e-10 0
0.03625 2.95585778076203e-10 0
0.0375 1.13686837721616e-11 0
0.03875 -1.81898940354585e-10 0
0.04 -5.79802872380241e-10 0
0.04125 6.25277607468888e-10 0
0.0425 -5.11590769747272e-10 0
0.04375 2.27373675443233e-10 0
0.045 4.54747350886464e-11 0
0.04625 -1.93267624126747e-10 0
0.0475 2.61479726759717e-10 0
0.04875 1.47792889038101e-10 0
0.05 -3.63797880709171e-10 0
0.05125 -5.6843418860808e-11 0
0.0525 1.3642420526594e-10 0
0.05375 1.36424205265939e-10 0
0.055 2.27373675443232e-11 0
0.05625 -1.59161572810262e-10 0
0.0575 3.86535248253494e-10 0
0.05875 -6.25277607468891e-10 0
0.06 -1.36424205265939e-10 0
0.06125 -2.8421709430404e-10 0
0.0625 1.59161572810262e-10 0
0.06375 -4.88853402202949e-10 0
0.065 1.70530256582424e-10 0
0.06625 6.82121026329696e-11 0
0.0675 -1.47792889038101e-10 0
0.06875 -1.13686837721616e-11 0
0.07 1.70530256582424e-10 0
0.07125 -4.43378667114307e-10 0
0.0725 -1.36424205265939e-10 0
0.07375 2.61479726759717e-10 0
0.075 -1.81898940354585e-10 0
0.07625 -4.54747350886464e-11 0
0.0775 1.13686837721616e-11 0
0.07875 6.82121026329696e-11 0
0.08 -1.25055521493778e-10 0
0.08125 -1.13686837721616e-10 0
0.0825 7.95807864051312e-11 0
0.08375 6.82121026329696e-11 0
0.085 -1.70530256582424e-10 0
0.08625 6.82121026329696e-11 0
0.0875 1.36424205265939e-10 0
0.08875 -4.54747350886469e-11 0
0.09 -4.54747350886464e-11 0
0.09125 -2.27373675443232e-11 0
0.0925 -1.13686837721616e-11 0
0.09375 0 0
0.095 -5.6843418860808e-11 0
0.09625 3.41060513164848e-11 0
0.0975 1.13686837721616e-11 0
0.09875 -1.13686837721616e-11 0
