0 1.18747903057965
0.00125 1.18671327167083
0.0025 1.18393491669056
0.00375 1.17722440727132
0.005 1.16484442657758
0.00625 1.1453215882347
0.0075 1.11751722903079
0.00875 1.08068435881958
0.01 1.03450837376956
0.01125 0.97912978803906
0.0125 0.915147958564594
0.01375 0.843605539586868
0.015 0.765954177769346
0.01625 0.684002714731152
0.0175 0.599849871640697
0.01875 0.515804022164594
0.02 0.4342931904494
0.0203125 0.427728203638833
0.020625 0.421313366545764
0.0209375 0.415043409822613
0.02125 0.408913315251968
0.0215625 0.402918300578211
0.021875 0.397053805448991
0.0221875 0.391315478371274
0.0225 0.385699164596063
0.0228125 0.380200894854223
0.023125 0.374816874873252
0.0234375 0.369543475611489
0.02375 0.364377224152144
0.0240625 0.359314795204856
0.024375 0.354353003167223
0.0246875 0.349488794703021
0.025 0.344719241797651
0.0253125 0.340041535254833
0.025625 0.335452978601643
0.0259375 0.330950982371821
0.02625 0.326533058739816
0.0265625 0.322196816480322
0.026875 0.317939956230156
0.0271875 0.31376026603119
0.0275 0.309655617134806
0.0278125 0.305623960049861
0.028125 0.301663320817594
0.0284375 0.297771797498194
0.02875 0.293947556854918
0.0290625 0.290188831222749
0.029375 0.286493915549533
0.0296875 0.282861164598475
0.03 0.279288990301658
0.0303125 0.275775859255046
0.030625 0.272320290346087
0.0309375 0.268920852505701
0.03125 0.265576162576993
0.0315625 0.262284883293612
0.031875 0.259045721361107
0.0321875 0.255857425635175
0.0325 0.252718785391023
0.0328125 0.249628628678533
0.033125 0.246585820758239
0.0334375 0.243589262613446
0.03375 0.240637889534176
0.0340625 0.237730669768855
0.034375 0.234866603239954
0.0346875 0.232044720320031
0.035 0.22926408066484
0.0353125 0.226523772100399
0.035625 0.223822909561083
0.0359375 0.221160634076015
0.03625 0.218536111801168
0.0365625 0.215948533094776
0.036875 0.213397111633775
0.0371875 0.210881083569145
0.0375 0.208399706718157
0.0378125 0.205952259791611
0.038125 0.203538041654325
0.0384375 0.201156370617167
0.03875 0.198806583759075
0.0390625 0.196488036277576
0.039375 0.19420010086639
0.0396875 0.191942167118807
0.04 0.189713640955588
0.0403125 0.187513944076203
0.040625 0.185342513432296
0.0409375 0.183198800722324
0.04125 0.181082271906372
0.0415625 0.178992406740202
0.041875 0.176928698327641
0.0421875 0.174890652690467
0.0425 0.17287778835499
0.0428125 0.170889635954573
0.043125 0.16892573784737
0.0434375 0.166985647748598
0.04375 0.165068930376703
0.0440625 0.163175161112803
0.044375 0.16130392567282
0.0446875 0.159454819791754
0.045 0.157627448919576
0.0453125 0.155821427928224
0.045625 0.154036380829251
0.0459375 0.152271940501648
0.04625 0.150527748429438
0.0465625 0.148803454448604
0.046875 0.147098716502987
0.0471875 0.145413200408765
0.0475 0.143746579627171
0.0478125 0.142098535045103
0.048125 0.14046875476332
0.0484375 0.138856933891897
0.04875 0.137262774352673
0.0490625 0.135685984688384
0.049375 0.134126279878246
0.0496875 0.132583381159706
0.05 0.131057015856145
0.0503125 0.129546917210274
0.050625 0.12805282422303
0.0509375 0.12657448149774
0.05125 0.12511163908936
0.0515625 0.123664052358595
0.051875 0.122231481830711
0.0521875 0.120813693058876
0.0525 0.119410456491836
0.0528125 0.118021547345792
0.053125 0.116646745480305
0.0534375 0.115285835278086
0.05375 0.113938605528525
0.0540625 0.112604849314836
0.054375 0.111284363904669
0.0546875 0.109976950644076
0.055 0.108682414854707
0.0553125 0.107400565734126
0.055625 0.106131216259127
0.0559375 0.104874183091951
0.05625 0.103629286489302
0.0565625 0.102396350214069
0.056875 0.101175201449638
0.0571875 0.0999656707167429
0.0575 0.0987675917927301
0.0578125 0.0975808016331778
0.058125 0.0964051402957818
0.0584375 0.0952404508664325
0.05875 0.0940865793874091
0.0590625 0.0929433747876204
0.059375 0.0918106888148237
0.0596875 0.0906883759697578
0.06 0.089576293442124
0.0603125 0.0884743010483578
0.060625 0.0873822611711305
0.0609375 0.0863000387005255
0.06125 0.085227500976835
0.0615625 0.0841645177349251
0.061875 0.0831109610501184
0.0621875 0.0820667052855471
0.0625 0.081031627040928
0.0628125 0.080005605102717
0.063125 0.0789885203955968
0.0634375 0.0779802559352593
0.06375 0.0769806967824393
0.0640625 0.0759897299981639
0.064375 0.0750072446001764
0.0646875 0.0740331315205026
0.065 0.0730672835641212
0.0653125 0.0721095953687072
0.065625 0.071159963365414
0.0659375 0.0702182857406644
0.06625 0.0692844623989184
0.0665625 0.0683583949263909
0.066875 0.0674399865556891
0.0671875 0.0665291421313431
0.0675 0.0656257680762033
0.0678125 0.0647297723586799
0.068125 0.063841064460798
0.0684375 0.0629595553470467
0.06875 0.0620851574339977
0.0690625 0.0612177845606719
0.069375 0.0603573519596323
0.0696875 0.0595037762287824
0.07 0.0586569753038499
0.0703125 0.0578168684315369
0.070625 0.0569833761433162
0.0709375 0.0561564202298582
0.07125 0.0553359237160672
0.0715625 0.0545218108367137
0.071875 0.0537140070126433
0.0721875 0.0529124388275479
0.0725 0.0521170340052832
0.0728125 0.0513277213877171
0.073125 0.0505444309130954
0.0734375 0.0497670935949098
0.07375 0.0489956415012549
0.0740625 0.0482300077346617
0.074375 0.0474701264123932
0.0746875 0.0467159326471914
0.075 0.0459673625284626
0.0753125 0.0452243531038896
0.075625 0.0444868423614596
0.0759375 0.0437547692118968
0.07625 0.0430280734714893
0.0765625 0.042306695845299
0.076875 0.041590577910746
0.0771875 0.0408796621015566
0.0775 0.040173891692066
0.0778125 0.0394732107818664
0.078125 0.0387775642807917
0.0784375 0.0380868978942302
0.07875 0.0374011581087568
0.0790625 0.036720292178077
0.079375 0.0360442481092741
0.0796875 0.0353729746493525
0.08 0.0347064212720698
0.0803125 0.0340445381650497
0.080625 0.0333872762171696
0.0809375 0.0327345870062157
0.08125 0.0320864227867985
0.0815625 0.0314427364785235
0.081875 0.0308034816544089
0.0821875 0.0301686125295471
0.0825 0.0295380839500007
0.0828125 0.0289118513819298
0.083125 0.0282898709009443
0.0834375 0.0276720991816755
0.08375 0.0270584934875614
0.0840625 0.0264490116608417
0.084375 0.0258436121127566
0.0846875 0.0252422538139445
0.085 0.0246448962850351
0.0853125 0.0240514995874309
0.085625 0.0234620243142757
0.0859375 0.0228764315816028
0.08625 0.0222946830196609
0.0865625 0.0217167407644126
0.086875 0.0211425674492008
0.0871875 0.0205721261965813
0.0875 0.0200053806103146
0.0878125 0.0194422947675169
0.088125 0.0188828332109633
0.0884375 0.0183269609415415
0.08875 0.0177746434108531
0.0890625 0.0172258465139569
0.089375 0.0166805365822538
0.0896875 0.0161386803765075
0.09 0.01560024508
0.0903125 0.0150651982918177
0.090625 0.0145335080202655
0.0909375 0.0140051426764059
0.09125 0.0134800710677211
0.0915625 0.0129582623918943
0.091875 0.0124396862307079
0.0921875 0.0119243125440567
0.0925 0.0114121116640727
0.0928125 0.0109030542893595
0.093125 0.0103971114793342
0.0934375 0.00989425464867347
0.09375 0.00939445556186272
0.0940625 0.00889768632784548
0.094375 0.00840391939477091
0.0946875 0.00791312754483746
0.095 0.00742528388923057
0.0953125 0.00694036186315242
0.095625 0.00645833522094176
0.0959375 0.00597917803128196
0.09625 0.00550286467249537
0.0965625 0.00502936982792218
0.096875 0.00455866848138203
0.0971875 0.0040907359127167
0.0975 0.00362554769341203
0.0978125 0.00316307968229758
0.098125 0.0027033080213224
0.0984375 0.00224620913140521
0.09875 0.00179175970835767
0.0990625 0.001339936718879
0.099375 0.000890717396620744
0.0996875 0.000444079238320014
0.1 0
