3.90625e-05 0.00239682994163104 0.00239682994163104
0.0001171875 0.0087880154950426 0.0087880154950426
0.0001953125 0.0215692316089644 0.0215692316089644
0.0002734375 0.0407381684738084 0.0407381684738084
0.0003515625 0.0662913618384664 0.0662913618384664
0.0004296875 0.0982241935787442 0.0982241935787442
0.0005078125 0.1365308924278 0.1365308924278
0.0005859375 0.18120453492827 0.18120453492827
0.0006640625 0.23223704651798 0.23223704651798
0.0007421875 0.289619202865765 0.289619202865765
0.0008203125 0.353340631352239 0.353340631352239
0.0008984375 0.423389812715413 0.423389812715413
0.0009765625 0.499754082946424 0.499754082946424
0.0010546875 0.582419635318843 0.582419635318843
0.0011328125 0.671371522611253 0.671371522611253
0.0012109375 0.766593659517412 0.766593659517412
0.0012890625 0.868068825258206 0.868068825258206
0.0013671875 0.975778666347082 0.975778666347082
0.0014453125 1.08970369955728 1.08970369955728
0.0015234375 1.20982331506525 1.20982331506525
0.0016015625 1.33611577977888 1.33611577977888
0.0016796875 1.46855824083616 1.46855824083616
0.0017578125 1.60712672931425 1.60712672931425
0.0018359375 1.75179616406922 1.75179616406922
0.0019140625 1.90254035581461 1.90254035581461
0.0019921875 2.05933201133348 2.05933201133348
0.0020703125 2.22214273787529 2.22214273787529
0.0021484375 2.39094304776302 2.39094304776302
0.0022265625 2.56570236313678 2.56570236313678
0.0023046875 2.74638902089066 2.74638902089066
0.0023828125 2.93297027779715 2.93297027779715
0.0024609375 3.12541231579075 3.12541231579075
0.0025390625 3.32368024741356 3.32368024741356
0.0026171875 3.52773812147404 3.52773812147404
0.0026953125 3.73754892882516 3.73754892882516
0.0027734375 3.95307460836989 3.95307460836989
0.0028515625 4.17427605319176 4.17427605319176
0.0029296875 4.40111311687303 4.40111311687303
0.0030078125 4.63354461998335 4.63354461998335
0.0030859375 4.87152835673328 4.87152835673328
0.0031640625 5.11502110178412 5.11502110178412
0.0032421875 5.36397861725106 5.36397861725106
0.0033203125 5.61835565982847 5.61835565982847
0.0033984375 5.87810598811132 5.87810598811132
0.0034765625 6.14318237007865 6.14318237007865
0.0035546875 6.41353659069921 6.41353659069921
0.0036328125 6.68911945976163 6.68911945976163
0.0037109375 6.96988081978986 6.96988081978986
0.0037890625 7.25576955417466 7.25576955417466
0.0038671875 7.54673359543574 7.54673359543574
0.0039453125 7.84271993362324 7.84271993362324
0.0040234375 8.14367462491248 8.14367462491248
0.0041015625 8.44954280030947 8.44954280030947
0.0041796875 8.76026867454129 8.76026867454129
0.0042578125 9.07579555506004 9.07579555506004
0.0043359375 9.39606585123158 9.39606585123158
0.0044140625 9.72102108364084 9.72102108364084
0.0044921875 10.0506018935533 10.0506018935533
0.0045703125 10.3847480525388 10.3847480525388
0.0046484375 10.723398472183 10.723398472183
0.0047265625 11.0664912140123 11.0664912140123
0.0048046875 11.4139634994956 11.4139634994956
0.0048828125 11.7657517202105 11.7657517202105
0.0049609375 12.1217914481576 12.1217914481576
0.0050390625 12.4820174461689 12.4820174461689
0.0051171875 12.8463636784858 12.8463636784858
0.0051953125 13.2147633214572 13.2147633214572
0.0052734375 13.5871487743543 13.5871487743543
0.0053515625 13.963451670341 13.963451670341
0.0054296875 14.3436028875158 14.3436028875158
0.0055078125 14.7275325601584 14.7275325601584
0.0055859375 15.1151700900101 15.1151700900101
0.0056640625 15.5064441577508 15.5064441577508
0.0057421875 15.9012827345379 15.9012827345379
0.0058203125 16.2996130937017 16.2996130937017
0.0058984375 16.7013618225241 16.7013618225241
0.0059765625 17.1064548341548 17.1064548341548
0.0060546875 17.5148173796316 17.5148173796316
0.0061328125 17.9263740600021 17.9263740600021
0.0062109375 18.3410488385562 18.3410488385562
0.0062890625 18.7587650531697 18.7587650531697
0.0063671875 19.1794454287532 19.1794454287532
0.0064453125 19.6030120897831 19.6030120897831
0.0065234375 20.0293865729634 20.0293865729634
0.0066015625 20.4584898399617 20.4584898399617
0.0066796875 20.8902422902355 20.8902422902355
0.0067578125 21.3245637739874 21.3245637739874
0.0068359375 21.7613736051675 21.7613736051675
0.0069140625 22.2005905745988 22.2005905745988
0.0069921875 22.6421329631734 22.6421329631734
0.0070703125 23.0859185551452 23.0859185551452
0.0071484375 23.5318646514827 23.5318646514827
0.0072265625 23.9798880833433 23.9798880833433
0.0073046875 24.4299052255826 24.4299052255826
0.0073828125 24.8818320103794 24.8818320103794
0.0074609375 25.3355839408982 25.3355839408982
0.0075390625 25.7910761050624 25.7910761050624
0.0076171875 26.2482231893671 26.2482231893671
0.0076953125 26.7069394927802 26.7069394927802
0.0077734375 27.1671389407089 27.1671389407089
0.0078515625 27.6287350989975 27.6287350989975
0.0079296875 28.0916411880554 28.0916411880554
0.0080078125 28.5557700969576 28.5557700969576
0.0080859375 29.0210343976838 29.0210343976838
0.0081640625 29.4873463593632 29.4873463593632
0.0082421875 29.9546179625821 29.9546179625821
0.0083203125 30.4227609137513 30.4227609137513
0.0083984375 30.8916866595212 30.8916866595212
0.0084765625 31.3613064012372 31.3613064012372
0.0085546875 31.8315311094295 31.8315311094295
0.0086328125 32.3022715383729 32.3022715383729
0.0087109375 32.7734382406561 32.7734382406561
0.0087890625 33.2449415818104 33.2449415818104
0.0088671875 33.7166917549638 33.7166917549638
0.0089453125 34.1885987955237 34.1885987955237
0.0090234375 34.6605725958824 34.6605725958824
0.0091015625 35.1325229201962 35.1325229201962
0.0091796875 35.6043594191163 35.6043594191163
0.0092578125 36.0759916446142 36.0759916446142
0.0093359375 36.5473290647799 36.5473290647799
0.0094140625 37.0182810786559 37.0182810786559
0.0094921875 37.4887570310904 37.4887570310904
0.0095703125 37.9586662276097 37.9586662276097
0.0096484375 38.4279179492751 38.4279179492751
0.0097265625 38.8964214675866 38.8964214675866
0.0098046875 39.3640860593592 39.3640860593592
0.0098828125 39.8308210216328 39.8308210216328
0.0099609375 40.2965356865508 40.2965356865508
0.0100390625 40.7611394362903 40.7611394362903
0.0101171875 41.2245417179292 41.2245417179292
0.0101953125 41.686652058354 41.686652058354
0.0102734375 42.147380079129 42.147380079129
0.0103515625 42.6066355113932 42.6066355113932
0.0104296875 43.0643282106985 43.0643282106985
0.0105078125 43.5203681718775 43.5203681718775
0.0105859375 43.9746655438682 43.9746655438682
0.0106640625 44.4271306445273 44.4271306445273
0.0107421875 44.8776739754237 44.8776739754237
0.0108203125 45.326206236615 45.326206236615
0.0108984375 45.7726383413686 45.7726383413686
0.0109765625 46.2168814309038 46.2168814309038
0.0110546875 46.6588468890606 46.6588468890606
0.0111328125 47.0984463569593 47.0984463569593
0.0112109375 47.5355917476023 47.5355917476023
0.0112890625 47.9701952604813 47.9701952604813
0.0113671875 48.4021693960884 48.4021693960884
0.0114453125 48.8314269704262 48.8314269704262
0.0115234375 49.2578811294678 49.2578811294678
0.0116015625 49.6814453635437 49.6814453635437
0.0116796875 50.1020335217333 50.1020335217333
0.0117578125 50.5195598261352 50.5195598261352
0.0118359375 50.9339388861477 50.9339388861477
0.0119140625 51.3450857126429 51.3450857126429
0.0119921875 51.7529157321405 51.7529157321405
0.0120703125 52.157344800851 52.157344800851
0.0121484375 52.5582892187245 52.5582892187245
0.0122265625 52.9556657433787 52.9556657433787
0.0123046875 53.3493916040115 53.3493916040115
0.0123828125 53.7393845151925 53.7393845151925
0.0124609375 54.1255626906278 54.1255626906278
0.0125390625 54.5078448568248 54.5078448568248
0.0126171875 54.8861502667009 54.8861502667009
0.0126953125 55.2603987130837 55.2603987130837
0.0127734375 55.6305105421771 55.6305105421771
0.0128515625 55.9964066668911 55.9964066668911
0.0129296875 56.3580085801433 56.3580085801433
0.0130078125 56.7152383680323 56.7152383680323
0.0130859375 57.0680187229414 57.0680187229414
0.0131640625 57.4162729565487 57.4162729565487
0.0132421875 57.7599250127491 57.7599250127491
0.0133203125 58.0988994804684 58.0988994804684
0.0133984375 58.4331216063944 58.4331216063944
0.0134765625 58.7625173076077 58.7625173076077
0.0135546875 59.0870131841115 59.0870131841115
0.0136328125 59.4065365312517 59.4065365312517
0.0137109375 59.7210153520322 59.7210153520322
0.0137890625 60.0303783693533 60.0303783693533
0.0138671875 60.334555038088 60.334555038088
0.0139453125 60.633475557097 60.633475557097
0.0140234375 60.9270708811025 60.9270708811025
0.0141015625 61.2152727324698 61.2152727324698
0.0141796875 61.498013612848 61.498013612848
0.0142578125 61.7752268147143 61.7752268147143
0.0143359375 62.0468464327885 62.0468464327885
0.0144140625 62.312807375325 62.312807375325
0.0144921875 62.5730453752894 62.5730453752894
0.0145703125 62.8274970013976 62.8274970013976
0.0146484375 63.0760996690412 63.0760996690412
0.0147265625 63.3187916510764 63.3187916510764
0.0148046875 63.555512088486 63.555512088486
0.0148828125 63.7862010009073 63.7862010009073
0.0149609375 64.0107992970272 64.0107992970272
0.0150390625 64.2292487848337 64.2292487848337
0.0151171875 64.4414921817571 64.4414921817571
0.0151953125 64.6474731246357 64.6474731246357
0.0152734375 64.8471361795657 64.8471361795657
0.0153515625 65.0404268516027 65.0404268516027
0.0154296875 65.2272915943215 65.2272915943215
0.0155078125 65.4076778192234 65.4076778192234
0.0155859375 65.581533905015 65.581533905015
0.0156640625 65.7488092067112 65.7488092067112
0.0157421875 65.9094540646194 65.9094540646194
0.0158203125 66.0634198131461 66.0634198131461
0.0158984375 66.2106587894684 66.2106587894684
0.0159765625 66.3511243420416 66.3511243420416
0.0160546875 66.4847708389672 66.4847708389672
0.0161328125 66.6115536761851 66.6115536761851
0.0162109375 66.7314292855124 66.7314292855124
0.0162890625 66.8443551425412 66.8443551425412
0.0163671875 66.9502897743442 66.9502897743442
0.0164453125 67.0491927670525 67.0491927670525
0.0165234375 67.1410247732467 67.1410247732467
0.0166015625 67.225747519187 67.225747519187
0.0166796875 67.303323811889 67.303323811889
0.0167578125 67.3737175460303 67.3737175460303
0.0168359375 67.4368937106792 67.4368937106792
0.0169140625 67.4928183958571 67.4928183958571
0.0169921875 67.5414587989451 67.5414587989451
0.0170703125 67.5827832309096 67.5827832309096
0.0171484375 67.6167611223462 67.6167611223462
0.0172265625 67.6433630293701 67.6433630293701
0.0173046875 67.6625606393173 67.6625606393173
0.0173828125 67.6743267762873 67.6743267762873
0.0174609375 67.6786354064888 67.6786354064888
0.0175390625 67.6754616434224 67.6754616434224
0.0176171875 67.664781752886 67.664781752886
0.0176953125 67.6465731577991 67.6465731577991
0.0177734375 67.6208144428486 67.6208144428486
0.0178515625 67.5874853589477 67.5874853589477
0.0179296875 67.5465668275265 67.5465668275265
0.0180078125 67.4980409446349 67.4980409446349
0.0180859375 67.4418909848612 67.4418909848612
0.0181640625 67.3781014050704 67.3781014050704
0.0182421875 67.306657847962 67.306657847962
0.0183203125 67.2275471454313 67.2275471454313
0.0183984375 67.1407573217721 67.1407573217721
0.0184765625 67.0462775966584 67.0462775966584
0.0185546875 66.944098387971 66.944098387971
0.0186328125 66.8342113144234 66.8342113144234
0.0187109375 66.7166091980008 66.7166091980008
0.0187890625 66.5912860662218 66.5912860662218
0.0188671875 66.4582371541954 66.4582371541954
0.0189453125 66.3174589065036 66.3174589065036
0.0190234375 66.1689489788991 66.1689489788991
0.0191015625 66.0127062397983 66.0127062397983
0.0191796875 65.8487307715937 65.8487307715937
0.0192578125 65.677023871784 65.677023871784
0.0193359375 65.4975880539034 65.4975880539034
0.0194140625 65.3104270482686 65.3104270482686
0.0194921875 65.1155458025279 65.1155458025279
0.0195703125 64.912950482028 64.912950482028
0.0196484375 64.7026484699907 64.7026484699907
0.0197265625 64.4846483674954 64.4846483674954
0.0198046875 64.2589599932677 64.2589599932677
0.0198828125 64.0255943832841 64.0255943832841
0.0199609375 63.7845637901883 63.7845637901883
0.02015625 20.9743588827628 63.1688699164458
0.02046875 20.494648237208 62.2044596887132
0.02078125 20.0317725359444 61.2690542798611
0.02109375 19.5849294476904 60.3613645868271
0.02140625 19.1533651023343 59.4801767826398
0.02171875 18.7363705450988 58.6243469008755
0.02203125 18.3332784950897 57.7927958810055
0.02234375 17.9434603782997 56.9845050295222
0.02265625 17.5663236084437 56.1985118567009
0.02296875 17.2013090919048 55.4339062532088
0.02328125 16.8478889356297 54.6898269746419
0.02359375 16.50556433906 53.9654584054423
0.02390625 16.1738636531588 53.2600275766128
0.02421875 15.8523405913659 52.5728014143345
0.02453125 15.5405725788414 51.9030841988649
0.02484375 15.2381592277576 51.2502152152318
0.02515625 14.9447209275991 50.6135665790171
0.02546875 14.6598975405364 49.99254122222
0.02578125 14.38334719289 49.3865710255872
0.02609375 14.1147451545775 48.7951150851605
0.02640625 13.8537827992003 48.2176581019043
0.02671875 13.6001666381166 47.6537088843381
0.02703125 13.3536174224696 47.1027989550394
0.02734375 13.1138693076901 46.5644812526964
0.02765625 12.8806690754887 46.0383289221569
0.02796875 12.6537754088087 45.5239341855969
0.02828125 12.4329582155996 45.0209072885188
0.02859375 12.2179979976501 44.5288755148732
0.02890625 12.0086852610356 44.0474822660643
0.02921875 11.804819965033 43.5763861990476
0.02953125 11.6062110066306 43.1152604191628
0.02984375 11.4126757379944 42.6637917236745
0.03015625 11.2240395144749 42.2216798923411
0.03046875 11.0401352709417 41.7886370216503
0.03078125 10.8608031244087 41.3643868996033
0.03109375 10.6858900010797 40.9486644182001
0.03140625 10.5152492860961 40.5412150210034
0.03171875 10.3487404944005 40.1417941833581
0.03203125 10.1862289612576 39.7501669230327
0.03234375 10.0275855510885 39.3661073392342
0.03265625 9.87268638337477 38.9893981780933
0.03296875 9.7214125744836 38.6198304228509
0.03328125 9.57364999435848 38.2572029071435
0.03359375 9.42928903709053 37.9013219498678
0.03390625 9.28822440446453 37.5520010102375
0.03421875 9.15035490163882 37.2090603617423
0.03453125 9.0155832441785 36.8723267838082
0.03484375 8.88381587572011 36.5416332700519
0.03515625 8.75496279559629 36.2168187520956
0.03546875 8.62893739579613 35.89772783798
0.03578125 8.50565630668267 35.5842105642857
0.03609375 8.38503925092819 35.2761221611315
0.03640625 8.26700890516596 34.9733228292763
0.03671875 8.15149076889075 34.6756775286016
0.03703125 8.0384130401737 34.3830557773055
0.03734375 7.92770649778518 34.0953314611777
0.03765625 7.8193043893469 33.8123826523712
0.03796875 7.71314232516085 33.5340914371251
0.03828125 7.6091581773837 33.2603437519233
0.03859375 7.50729198423965 32.9910292276156
0.03890625 7.40748585898166 32.7260410410479
0.03921875 7.30968390333322 32.4652757737886
0.03953125 7.21383212515629 32.2086332775533
0.03984375 7.11987836011065 31.9560165459654
0.04015625 7.02777219708137 31.7073315923007
0.04046875 6.9374649071686 31.4624873329013
0.04078125 6.84890937604257 31.221395475944
0.04109375 6.76206003948367 30.9839704152904
0.04140625 6.67687282193326 30.7501291291379
0.04171875 6.59330507789555 30.5197910832274
0.04203125 6.5113155360395 30.2928781383713
0.04234375 6.43086424585704 30.0693144620737
0.04265625 6.35191252674439 29.8490264440371
0.04296875 6.27442291938021 29.6319426153542
0.04328125 6.19835913928162 29.4179935711999
0.04359375 6.1236860324283 29.2071118968553
0.04390625 6.05036953284488 28.9992320968776
0.04421875 5.97837662204856 28.7942905272886
0.04453125 5.9076752902623 28.5922253306054
0.04484375 5.83823449930989 28.3929763735969
0.04515625 5.77002414710694 28.1964851876203
0.04546875 5.70301503366952 28.0026949114164
0.04578125 5.63717882856736 27.8115502362522
0.04609375 5.57248803975039 27.6229973532939
0.04640625 5.50891598368191 27.4369839031032
0.04671875 5.44643675671628 27.2534589271623
0.04703125 5.38502520766242 27.0723728213341
0.04734375 5.32465691147497 26.8936772911607
0.04765625 5.26530814402193 26.7173253089238
0.04796875 5.20695585787756 26.5432710723837
0.04828125 5.14957765909259 26.3714699651187
0.04859375 5.09315178489729 26.2018785183974
0.04890625 5.03765708229365 26.0344543745097
0.04921875 4.98307298749667 25.8691562514964
0.04953125 4.92937950618666 25.7059439092156
0.04984375 4.8765571945343 25.5447781166816
0.05015625 4.8245871409657 25.3856206206281
0.05046875 4.77345094863324 25.2284341152374
0.05078125 4.72313071856174 25.0731822129899
0.05109375 4.67360903343925 24.9198294165804
0.05140625 4.62486894202478 24.7683410918593
0.05171875 4.57689394414671 24.6186834417579
0.05203125 4.5296679762644 24.4708234811471
0.05234375 4.48317539757115 24.3247290126028
0.05265625 4.43740097661385 24.1803686030325
0.05296875 4.39232987840721 24.0377115611269
0.05328125 4.34794765202233 23.8967279156071
0.05359375 4.3042402186297 23.7573883942334
0.05390625 4.26119385997663 23.6196644035423
0.05421875 4.21879520728221 23.4835280092857
0.05453125 4.17703123053159 23.3489519175418
0.05484375 4.13588922815391 23.2159094564733
0.05515625 4.09535681706723 23.0843745587032
0.05546875 4.0554219230764 22.9543217442879
0.05578125 4.01607277160929 22.8257261042637
0.05609375 3.97729787877741 22.6985632847414
0.05640625 3.93908604274817 22.5728094715296
0.05671875 3.90142633541659 22.4484413752681
0.05703125 3.86430809436384 22.3254362170474
0.05734375 3.82772091509267 22.2037717145024
0.05765625 3.79165464352682 22.0834260683535
0.05796875 3.75609936876624 21.964377949387
0.05828125 3.72104541608649 21.8466064858515
0.05859375 3.68648334017405 21.7300912512603
0.05890625 3.65240391858781 21.6148122525802
0.05921875 3.61879814543808 21.5007499187942
0.05953125 3.58565722527509 21.3878850898244
0.05984375 3.55297256717946 21.2761990058051
0.06015625 3.52073577904548 21.1656732966836
0.06046875 3.48893866205247 21.0562899721526
0.06078125 3.45757320531419 20.948031411884
0.06109375 3.42663158070233 20.8408803560685
0.06140625 3.39610613783607 20.7348198962413
0.06171875 3.36598939923203 20.6298334663869
0.06203125 3.3362740556091 20.5259048343138
0.06234375 3.30695296134227 20.4230180932896
0.06265625 3.27801913005912 20.3211576539212
0.06296875 3.24946573037574 20.2203082362834
0.06328125 3.22128608176544 20.1204548622771
0.06359375 3.19347365055598 20.0215828482123
0.06390625 3.16602204605085 19.9236777976091
0.06421875 3.13892501677113 19.8267255942145
0.06453125 3.1121764468109 19.7307123952113
0.06484375 3.08577035230551 19.6356246246315
0.06515625 3.05970087800707 19.5414489669592
0.06546875 3.03396229396311 19.448172360912
0.06578125 3.00854899229561 19.3557819934018
0.06609375 2.98345548407704 19.2642652936693
0.06640625 2.95867639629943 19.1736099275811
0.06671875 2.93420646893385 19.0838037920893
0.06703125 2.91004055207629 18.9948350098417
0.06734375 2.88617360317893 18.9066919239495
0.06765625 2.8626006843615 18.8193630928922
0.06796875 2.83931695980191 18.7328372855681
0.06828125 2.81631769320296 18.6471034764806
0.06859375 2.79359824533185 18.5621508410527
0.06890625 2.77115407163098 18.4779687510706
0.06921875 2.74898071989775 18.3945467702533
0.06953125 2.72707382803024 18.3118746499374
0.06984375 2.70542912183758 18.2299423248821
0.07015625 2.6840424129118 18.148739909181
0.07046875 2.66290959656064 18.0682576922884
0.07078125 2.642026649798 17.9884861351481
0.07109375 2.62138962939054 17.9094158664221
0.07140625 2.60099466995933 17.8310376788228
0.07171875 2.58083798213387 17.753342525538
0.07203125 2.56091585075728 17.6763215167505
0.07234375 2.54122463314097 17.5999659162459
0.07265625 2.52176075736736 17.5242671381115
0.07296875 2.50252072063866 17.4492167435156
0.07328125 2.48350108767097 17.3748064375731
0.07359375 2.46469848913178 17.3010280662883
0.07390625 2.44610962011957 17.2278736135765
0.07421875 2.42773123868465 17.1553351983614
0.07453125 2.40956016438918 17.0834050717436
0.07484375 2.39159327690599 17.0120756142414
0.07515625 2.37382751465458 16.9413393331012
0.07546875 2.35625987347301 16.871188859672
0.07578125 2.33888740532535 16.8016169468489
0.07609375 2.3217072170423 16.7326164665744
0.07640625 2.30471646909567 16.6641804074066
0.07671875 2.28791237440409 16.5963018721422
0.07703125 2.27129219717019 16.5289740755003
0.07734375 2.25485325174781 16.462190341862
0.07765625 2.23859290153803 16.3959441030617
0.07796875 2.22250855791408 16.3302288962359
0.07828125 2.20659767917346 16.26503836172
0.07859375 2.1908577695168 16.2003662409972
0.07890625 2.17528637805278 16.1362063746962
0.07921875 2.15988109782803 16.0725527006344
0.07953125 2.14463956488156 16.0093992519088
0.07984375 2.12955945732305 15.9467401550324
0.08015625 2.11463849443405 15.884569628112
0.08046875 2.09987443579167 15.8228819790708
0.08078125 2.08526508041391 15.7616716039098
0.08109375 2.0708082659264 15.7009329850123
0.08140625 2.05650186774937 15.6406606894845
0.08171875 2.04234379830479 15.5808493675362
0.08203125 2.02833200624292 15.5214937508979
0.08234375 2.01446447568761 15.462588651274
0.08265625 2.00073922550007 15.4041289588306
0.08296875 1.98715430856039 15.3461096407183
0.08328125 1.97370781106638 15.2885257396275
0.08359375 1.96039785184935 15.2313723723764
0.08390625 1.94722258170626 15.1746447285312
0.08421875 1.93418018274781 15.1183380690562
0.08453125 1.92126886776196 15.0624477249932
0.08484375 1.90848687959262 15.0069690961716
0.08515625 1.89583249053316 14.951897649947
0.08546875 1.88330400173393 14.8972289199657
0.08578125 1.8708997426238 14.8429585049568
0.08609375 1.85861807034529 14.7890820675521
0.08640625 1.84645736920284 14.7355953331304
0.08671875 1.83441605012387 14.6824940886867
0.08703125 1.82249255013224 14.6297741817256
0.08734375 1.81068533183399 14.5774315191792
0.08765625 1.79899288291487 14.5254620663478
0.08796875 1.78741371564933 14.4738618458635
0.08828125 1.77594636642072 14.4226269366745
0.08859375 1.76458939525257 14.3717534730532
0.08890625 1.75334138535022 14.3212376436223
0.08921875 1.74220094265312 14.2710756904046
0.08953125 1.73116669539699 14.2212639078901
0.08984375 1.72023729368593 14.1717986421236
0.09015625 1.70941140907407 14.1226762898112
0.09046875 1.69868773415657 14.0738932974457
0.09078125 1.68806498216973 14.0254461604493
0.09109375 1.67754188659993 13.9773314223346
0.09140625 1.66711720080123 13.9295456738821
0.09171875 1.65678969762141 13.8820855523357
0.09203125 1.64655816903623 13.834947740613
0.09234375 1.63642142579159 13.788128966533
0.09265625 1.62637829705369 13.7416260020591
0.09296875 1.61642763006659 13.6954356625564
0.09328125 1.60656828981736 13.6495548060655
0.09359375 1.59679915870835 13.6039803325895
0.09390625 1.58711913623658 13.5587091833961
0.09421875 1.57752713868005 13.5137383403334
0.09453125 1.56802209879065 13.4690648251587
0.09484375 1.55860296549372 13.4246856988815
0.09515625 1.54926870359398 13.3805980611183
0.09546875 1.54001829348767 13.3367990494616
0.09578125 1.53085073088084 13.2932858388598
0.09609375 1.52176502651347 13.2500556410099
0.09640625 1.51276020588951 13.2071057037619
0.09671875 1.50383530901246 13.1644333105349
0.09703125 1.4949893901266 13.122035779744
0.09734375 1.48622151746349 13.0799104642393
0.09765625 1.47753077299378 13.0380547507537
0.09796875 1.46891625218416 12.9964660593637
0.09828125 1.46037706375933 12.9551418429588
0.09859375 1.45191232946887 12.9140795867212
0.09890625 1.44352118385885 12.8732768076162
0.09921875 1.43520277404815 12.8327310538914
0.09953125 1.42695625950934 12.7924399045857
0.09984375 1.418780811854 12.752400969047
