3.90625e-05 0.00239682994163104 0.00239682994163104
0.0001171875 0.0087880154950426 0.0087880154950426
0.0001953125 0.0215692316118066 0.0215692316118066
0.0002734375 0.0407381684738084 0.0407381684738084
0.0003515625 0.0662913618413086 0.0662913618413086
0.0004296875 0.0982241935759021 0.0982241935759021
0.0005078125 0.1365308924278 0.1365308924278
0.0005859375 0.181204534925428 0.181204534925428
0.0006640625 0.23223704651798 0.23223704651798
0.0007421875 0.289619202865765 0.289619202865765
0.0008203125 0.353340631349397 0.353340631349397
0.0008984375 0.423389812715413 0.423389812715413
0.0009765625 0.499754082946424 0.499754082946424
0.0010546875 0.582419635318843 0.582419635318843
0.0011328125 0.671371522611253 0.671371522611253
0.0012109375 0.766593659517412 0.766593659517412
0.0012890625 0.868068825258206 0.868068825258206
0.0013671875 0.975778666347082 0.975778666347082
0.0014453125 1.08970369955728 1.08970369955728
0.0015234375 1.20982331506525 1.20982331506525
0.0016015625 1.33611577977604 1.33611577977604
0.0016796875 1.468558240839 1.468558240839
0.0017578125 1.60712672931425 1.60712672931425
0.0018359375 1.75179616406922 1.75179616406922
0.0019140625 1.90254035581745 1.90254035581745
0.0019921875 2.05933201133348 2.05933201133348
0.0020703125 2.22214273787529 2.22214273787529
0.0021484375 2.39094304776302 2.39094304776302
0.0022265625 2.56570236313678 2.56570236313678
0.0023046875 2.74638902089066 2.74638902089066
0.0023828125 2.9329702778 2.9329702778
0.0024609375 3.12541231579075 3.12541231579075
0.0025390625 3.32368024741641 3.32368024741641
0.0026171875 3.5277381214712 3.5277381214712
0.0026953125 3.73754892882516 3.73754892882516
0.0027734375 3.95307460836989 3.95307460836989
0.0028515625 4.17427605319176 4.17427605319176
0.0029296875 4.40111311687303 4.40111311687303
0.0030078125 4.63354461998051 4.63354461998051
0.0030859375 4.87152835673044 4.87152835673044
0.0031640625 5.11502110178697 5.11502110178697
0.0032421875 5.36397861725106 5.36397861725106
0.0033203125 5.61835565982847 5.61835565982847
0.0033984375 5.87810598811132 5.87810598811132
0.0034765625 6.14318237007865 6.14318237007865
0.0035546875 6.41353659070205 6.41353659070205
0.0036328125 6.68911945976163 6.68911945976163
0.0037109375 6.96988081978986 6.96988081978986
0.0037890625 7.25576955417466 7.25576955417466
0.0038671875 7.5467335954329 7.5467335954329
0.0039453125 7.84271993362324 7.84271993362324
0.0040234375 8.14367462490964 8.14367462490964
0.0041015625 8.44954280031232 8.44954280031232
0.0041796875 8.76026867454129 8.76026867454129
0.0042578125 9.07579555506004 9.07579555506004
0.0043359375 9.39606585123158 9.39606585123158
0.0044140625 9.72102108363799 9.72102108363799
0.0044921875 10.0506018935562 10.0506018935562
0.0045703125 10.3847480525388 10.3847480525388
0.0046484375 10.723398472183 10.723398472183
0.0047265625 11.0664912140123 11.0664912140123
0.0048046875 11.4139634994956 11.4139634994956
0.0048828125 11.7657517202105 11.7657517202105
0.0049609375 12.1217914481605 12.1217914481605
0.0050390625 12.4820174461689 12.4820174461689
0.0051171875 12.8463636784858 12.8463636784858
0.0051953125 13.2147633214544 13.2147633214544
0.0052734375 13.5871487743543 13.5871487743543
0.0053515625 13.9634516703381 13.9634516703381
0.0054296875 14.3436028875158 14.3436028875158
0.0055078125 14.7275325601584 14.7275325601584
0.0055859375 15.1151700900101 15.1151700900101
0.0056640625 15.5064441577508 15.5064441577508
0.0057421875 15.9012827345407 15.9012827345407
0.0058203125 16.2996130937017 16.2996130937017
0.0058984375 16.7013618225212 16.7013618225212
0.0059765625 17.1064548341548 17.1064548341548
0.0060546875 17.5148173796345 17.5148173796345
0.0061328125 17.9263740600021 17.9263740600021
0.0062109375 18.3410488385562 18.3410488385562
0.0062890625 18.7587650531697 18.7587650531697
0.0063671875 19.1794454287532 19.1794454287532
0.0064453125 19.6030120897831 19.6030120897831
0.0065234375 20.0293865729634 20.0293865729634
0.0066015625 20.4584898399617 20.4584898399617
0.0066796875 20.8902422902383 20.8902422902383
0.0067578125 21.3245637739874 21.3245637739874
0.0068359375 21.7613736051675 21.7613736051675
0.0069140625 22.2005905745988 22.2005905745988
0.0069921875 22.6421329631762 22.6421329631762
0.0070703125 23.0859185551452 23.0859185551452
0.0071484375 23.5318646514827 23.5318646514827
0.0072265625 23.9798880833433 23.9798880833433
0.0073046875 24.4299052255855 24.4299052255855
0.0073828125 24.8818320103794 24.8818320103794
0.0074609375 25.3355839408982 25.3355839408982
0.0075390625 25.7910761050596 25.7910761050596
0.0076171875 26.2482231893642 26.2482231893642
0.0076953125 26.706939492783 26.706939492783
0.0077734375 27.1671389407089 27.1671389407089
0.0078515625 27.6287350990003 27.6287350990003
0.0079296875 28.0916411880554 28.0916411880554
0.0080078125 28.5557700969576 28.5557700969576
0.0080859375 29.0210343976838 29.0210343976838
0.0081640625 29.4873463593632 29.4873463593632
0.0082421875 29.9546179625821 29.9546179625821
0.0083203125 30.4227609137513 30.4227609137513
0.0083984375 30.8916866595212 30.8916866595212
0.0084765625 31.3613064012372 31.3613064012372
0.0085546875 31.8315311094295 31.8315311094295
0.0086328125 32.3022715383729 32.3022715383729
0.0087109375 32.7734382406561 32.7734382406561
0.0087890625 33.2449415818104 33.2449415818104
0.0088671875 33.7166917549666 33.7166917549666
0.0089453125 34.1885987955237 34.1885987955237
0.0090234375 34.6605725958824 34.6605725958824
0.0091015625 35.1325229201962 35.1325229201962
0.0091796875 35.6043594191163 35.6043594191163
0.0092578125 36.0759916446142 36.0759916446142
0.0093359375 36.5473290647799 36.5473290647799
0.0094140625 37.0182810786531 37.0182810786531
0.0094921875 37.4887570310904 37.4887570310904
0.0095703125 37.9586662276097 37.9586662276097
0.0096484375 38.4279179492779 38.4279179492779
0.0097265625 38.8964214675894 38.8964214675894
0.0098046875 39.3640860593592 39.3640860593592
0.0098828125 39.83082102163 39.83082102163
0.0099609375 40.2965356865508 40.2965356865508
0.0100390625 40.7611394362903 40.7611394362903
0.0101171875 41.2245417179292 41.2245417179292
0.0101953125 41.686652058354 41.686652058354
0.0102734375 42.147380079129 42.147380079129
0.0103515625 42.6066355113932 42.6066355113932
0.0104296875 43.0643282106985 43.0643282106985
0.0105078125 43.5203681718775 43.5203681718775
0.0105859375 43.9746655438682 43.9746655438682
0.0106640625 44.4271306445273 44.4271306445273
0.0107421875 44.8776739754237 44.8776739754237
0.0108203125 45.3262062366136 45.3262062366136
0.0108984375 45.7726383413686 45.7726383413686
0.0109765625 46.2168814309038 46.2168814309038
0.0110546875 46.658846889062 46.658846889062
0.0111328125 47.0984463569579 47.0984463569579
0.0112109375 47.5355917476023 47.5355917476023
0.0112890625 47.9701952604813 47.9701952604813
0.0113671875 48.4021693960884 48.4021693960884
0.0114453125 48.8314269704262 48.8314269704262
0.0115234375 49.2578811294663 49.2578811294663
0.0116015625 49.6814453635437 49.6814453635437
0.0116796875 50.1020335217333 50.1020335217333
0.0117578125 50.5195598261366 50.5195598261366
0.0118359375 50.9339388861477 50.9339388861477
0.0119140625 51.3450857126443 51.3450857126443
0.0119921875 51.7529157321405 51.7529157321405
0.0120703125 52.1573448008525 52.1573448008525
0.0121484375 52.5582892187217 52.5582892187217
0.0122265625 52.9556657433787 52.9556657433787
0.0123046875 53.3493916040115 53.3493916040115
0.0123828125 53.7393845151925 53.7393845151925
0.0124609375 54.1255626906263 54.1255626906263
0.0125390625 54.5078448568248 54.5078448568248
0.0126171875 54.8861502667009 54.8861502667009
0.0126953125 55.2603987130851 55.2603987130851
0.0127734375 55.6305105421757 55.6305105421757
0.0128515625 55.9964066668925 55.9964066668925
0.0129296875 56.3580085801433 56.3580085801433
0.0130078125 56.7152383680323 56.7152383680323
0.0130859375 57.0680187229399 57.0680187229399
0.0131640625 57.4162729565501 57.4162729565501
0.0132421875 57.7599250127506 57.7599250127506
0.0133203125 58.098899480467 58.098899480467
0.0133984375 58.433121606393 58.433121606393
0.0134765625 58.7625173076077 58.7625173076077
0.0135546875 59.0870131841115 59.0870131841115
0.0136328125 59.4065365312488 59.4065365312488
0.0137109375 59.7210153520336 59.7210153520336
0.0137890625 60.0303783693533 60.0303783693533
0.0138671875 60.3345550380894 60.3345550380894
0.0139453125 60.633475557097 60.633475557097
0.0140234375 60.9270708811039 60.9270708811039
0.0141015625 61.2152727324712 61.2152727324712
0.0141796875 61.4980136128466 61.4980136128466
0.0142578125 61.7752268147143 61.7752268147143
0.0143359375 62.0468464327885 62.0468464327885
0.0144140625 62.3128073753264 62.3128073753264
0.0144921875 62.5730453752894 62.5730453752894
0.0145703125 62.8274970013976 62.8274970013976
0.0146484375 63.0760996690384 63.0760996690384
0.0147265625 63.3187916510749 63.3187916510749
0.0148046875 63.555512088486 63.555512088486
0.0148828125 63.7862010009087 63.7862010009087
0.0149609375 64.0107992970272 64.0107992970272
0.0150390625 64.2292487848337 64.2292487848337
0.0151171875 64.4414921817585 64.4414921817585
0.0151953125 64.6474731246357 64.6474731246357
0.0152734375 64.8471361795657 64.8471361795657
0.0153515625 65.0404268516027 65.0404268516027
0.0154296875 65.22729159432 65.22729159432
0.0155078125 65.4076778192234 65.4076778192234
0.0155859375 65.581533905015 65.581533905015
0.0156640625 65.7488092067126 65.7488092067126
0.0157421875 65.9094540646194 65.9094540646194
0.0158203125 66.0634198131461 66.0634198131461
0.0158984375 66.2106587894684 66.2106587894684
0.0159765625 66.351124342043 66.351124342043
0.0160546875 66.4847708389672 66.4847708389672
0.0161328125 66.6115536761836 66.6115536761836
0.0162109375 66.7314292855139 66.7314292855139
0.0162890625 66.8443551425426 66.8443551425426
0.0163671875 66.9502897743442 66.9502897743442
0.0164453125 67.0491927670525 67.0491927670525
0.0165234375 67.1410247732453 67.1410247732453
0.0166015625 67.225747519187 67.225747519187
0.0166796875 67.3033238118876 67.3033238118876
0.0167578125 67.3737175460303 67.3737175460303
0.0168359375 67.4368937106777 67.4368937106777
0.0169140625 67.4928183958571 67.4928183958571
0.0169921875 67.5414587989465 67.5414587989465
0.0170703125 67.5827832309096 67.5827832309096
0.0171484375 67.6167611223462 67.6167611223462
0.0172265625 67.6433630293687 67.6433630293687
0.0173046875 67.6625606393188 67.6625606393188
0.0173828125 67.6743267762873 67.6743267762873
0.0174609375 67.6786354064888 67.6786354064888
0.0175390625 67.6754616434224 67.6754616434224
0.0176171875 67.664781752886 67.664781752886
0.0176953125 67.6465731577991 67.6465731577991
0.0177734375 67.6208144428486 67.6208144428486
0.0178515625 67.5874853589477 67.5874853589477
0.0179296875 67.546566827528 67.546566827528
0.0180078125 67.4980409446363 67.4980409446363
0.0180859375 67.4418909848626 67.4418909848626
0.0181640625 67.3781014050718 67.3781014050718
0.0182421875 67.306657847962 67.306657847962
0.0183203125 67.2275471454327 67.2275471454327
0.0183984375 67.1407573217706 67.1407573217706
0.0184765625 67.0462775966584 67.0462775966584
0.0185546875 66.944098387971 66.944098387971
0.0186328125 66.8342113144234 66.8342113144234
0.0187109375 66.7166091980008 66.7166091980008
0.0187890625 66.5912860662232 66.5912860662232
0.0188671875 66.4582371541954 66.4582371541954
0.0189453125 66.3174589065036 66.3174589065036
0.0190234375 66.1689489788991 66.1689489788991
0.0191015625 66.0127062397976 66.0127062397976
0.0191796875 65.8487307715937 65.8487307715937
0.0192578125 65.677023871784 65.677023871784
0.0193359375 65.4975880539034 65.4975880539034
0.0194140625 65.3104270482686 65.3104270482686
0.0194921875 65.1155458025272 65.1155458025272
0.0195703125 64.9129504820273 64.9129504820273
0.0196484375 64.7026484699907 64.7026484699907
0.0197265625 64.4846483674961 64.4846483674961
0.0198046875 64.2589599932677 64.2589599932677
0.0198828125 64.0255943832841 64.0255943832841
0.0199609375 63.7845637901883 63.7845637901883
0.02125 19.3672827551313 59.9175310236873
0.02375 16.3384144746295 53.6104224948781
0.02625 13.9833277035118 48.5046679715564
0.02875 12.112648412072 44.2868707566384
0.03125 10.6000445128084 40.7439210961074
0.03375 9.35835109873269 37.7258528667661
0.03625 8.32570546025183 35.1240699104374
0.03875 7.45713495238753 32.8580008839576
0.04125 6.71926136402513 30.8666068909904
0.04375 6.08686029446983 29.1028007829339
0.04625 5.54056380705183 27.5296764162888
0.04875 5.06528933595742 26.1178981385305
0.05125 4.64914233017915 24.8438543268948
0.05375 4.2826352485726 23.6883262186672
0.05625 3.95812226798858 22.6355117200597
0.05875 3.66938386546054 21.6722984553763
0.06125 3.41131730788969 20.7877148449528
0.06375 3.17970313890215 19.9725103412291
0.06625 2.97102696899881 19.218830705711
0.06875 2.7823420296104 18.5199641345943
0.07125 2.61116213064856 17.8701408316261
0.07375 2.45537754251495 17.2643733458082
0.07625 2.31318833843488 16.6983283180768
0.07875 2.18305116046386 16.1682226571855
0.08125 2.06363639613079 15.6707388831182
0.08375 1.95379349498806 15.2029556328759
0.08625 1.8525226983169 14.7622902522128
0.08875 1.75895185779968 14.3464510901786
0.09125 1.67231731962885 13.9533976356532
0.09375 1.59194807701518 13.5813070320358
0.09625 1.51725256607019 13.2285458104245
0.09875 1.44770761167603 12.8936459164897
