0.01 7071.06781186548 10000
0.0178125 5292.96304046068 3368.8985339222
0.02125 3.3097831481367e-12 0
0.0225 1.32915389205953e-11 0
0.02375 -1.97637737396318e-11 0
0.025 1.35165849656217e-10 0
0.02625 3.27616634351025e-11 0
0.0275 -4.80770342953871e-11 0
0.02875 8.14914788768292e-12 0
0.03 -1.52147604175281e-10 0
0.03125 -8.09966496105155e-11 0
0.0325 -1.22421086074367e-11 0
0.03375 1.21805945200541e-11 0
0.035 -2.5707936609667e-11 0
0.03625 2.73653230060178e-11 0
0.0375 -6.29972067322539e-11 0
0.03875 2.24847612065686e-11 0
0.04 -7.02739503349573e-12 0
0.04125 5.01252931556917e-11 0
0.0425 -1.1816358853037e-11 0
0.04375 -1.55217841430678e-10 0
0.045 -4.14285191168112e-11 0
0.04625 4.03281012188165e-11 0
0.0475 -3.4566291240476e-11 0
0.04875 -1.78312594320562e-11 0
0.05 1.34964133169657e-10 0
0.05125 2.99897200209413e-12 0
0.0525 -6.8233683054776e-11 0
0.05375 6.97901332578592e-11 0
0.055 -1.0472321114476e-10 0
0.05625 4.36986034669396e-11 0
0.0575 -2.35265483808304e-11 0
0.05875 -4.76146151795317e-11 0
0.06 -3.44895743117412e-12 0
0.06125 7.86776737717014e-12 0
0.0625 -5.36146886306716e-11 0
0.06375 1.04067001503536e-11 0
0.065 -6.29393999841001e-11 0
0.06625 -9.62564313654229e-12 0
0.0675 6.94149717687526e-11 0
0.06875 4.51403644254086e-11 0
0.07 -1.84721100841426e-11 0
0.07125 1.17379157602514e-11 0
0.0725 1.59338143832728e-11 0
0.07375 3.39007898706995e-11 0
0.075 3.16262490062887e-11 0
0.07625 7.06769139507039e-11 0
0.0775 1.94826233998737e-11 0
0.07875 2.38405907505493e-11 0
0.08 3.54725278779834e-11 0
0.08125 -1.96129634274627e-11 0
0.0825 4.92863918776201e-11 0
0.08375 6.76662023428268e-13 0
0.085 -1.65817876905524e-11 0
0.08625 1.8453011314566e-11 0
0.0875 -4.7669042525109e-12 0
0.08875 -3.47647334249205e-12 0
0.09 -2.80665642620936e-11 0
0.09125 -9.63699574709726e-12 0
0.0925 -3.95208759846373e-12 0
0.09375 -7.53246144003032e-13 0
0.095 -8.61828744365019e-12 0
0.09625 8.54954395411279e-12 0
0.0975 -3.36648510730837e-12 0
0.09875 -7.28172655308834e-13 0
