3.90625e-05 0.00239682994163104 0.00239682994163104
0.0001171875 0.0087880154950426 0.0087880154950426
0.0001953125 0.0215692316118066 0.0215692316118066
0.0002734375 0.0407381684738084 0.0407381684738084
0.0003515625 0.0662913618413086 0.0662913618413086
0.0004296875 0.0982241935787442 0.0982241935787442
0.0005078125 0.1365308924278 0.1365308924278
0.0005859375 0.18120453492827 0.18120453492827
0.0006640625 0.232237046515138 0.232237046515138
0.0007421875 0.289619202865765 0.289619202865765
0.0008203125 0.353340631349397 0.353340631349397
0.0008984375 0.423389812712571 0.423389812712571
0.0009765625 0.499754082946424 0.499754082946424
0.0010546875 0.582419635318843 0.582419635318843
0.0011328125 0.671371522611253 0.671371522611253
0.0012109375 0.766593659517412 0.766593659517412
0.0012890625 0.868068825255364 0.868068825255364
0.0013671875 0.975778666347082 0.975778666347082
0.0014453125 1.08970369955728 1.08970369955728
0.0015234375 1.20982331506525 1.20982331506525
0.0016015625 1.33611577977888 1.33611577977888
0.0016796875 1.46855824083616 1.46855824083616
0.0017578125 1.60712672931425 1.60712672931425
0.0018359375 1.75179616406922 1.75179616406922
0.0019140625 1.90254035581461 1.90254035581461
0.0019921875 2.05933201133348 2.05933201133348
0.0020703125 2.22214273787529 2.22214273787529
0.0021484375 2.39094304776017 2.39094304776017
0.0022265625 2.56570236313394 2.56570236313394
0.0023046875 2.7463890208935 2.7463890208935
0.0023828125 2.93297027779715 2.93297027779715
0.0024609375 3.12541231579075 3.12541231579075
0.0025390625 3.32368024741356 3.32368024741356
0.0026171875 3.5277381214712 3.5277381214712
0.0026953125 3.73754892882516 3.73754892882516
0.0027734375 3.95307460836989 3.95307460836989
0.0028515625 4.17427605319176 4.17427605319176
0.0029296875 4.40111311687019 4.40111311687019
0.0030078125 4.63354461998335 4.63354461998335
0.0030859375 4.87152835673044 4.87152835673044
0.0031640625 5.11502110178412 5.11502110178412
0.0032421875 5.36397861725106 5.36397861725106
0.0033203125 5.61835565982847 5.61835565982847
0.0033984375 5.87810598811416 5.87810598811416
0.0034765625 6.14318237007581 6.14318237007581
0.0035546875 6.41353659070205 6.41353659070205
0.0036328125 6.68911945976163 6.68911945976163
0.0037109375 6.96988081978986 6.96988081978986
0.0037890625 7.2557695541775 7.2557695541775
0.0038671875 7.54673359543574 7.54673359543574
0.0039453125 7.84271993362324 7.84271993362324
0.0040234375 8.14367462490964 8.14367462490964
0.0041015625 8.44954280030947 8.44954280030947
0.0041796875 8.76026867454129 8.76026867454129
0.0042578125 9.07579555506004 9.07579555506004
0.0043359375 9.39606585123158 9.39606585123158
0.0044140625 9.72102108364084 9.72102108364084
0.0044921875 10.0506018935562 10.0506018935562
0.0045703125 10.384748052536 10.384748052536
0.0046484375 10.723398472183 10.723398472183
0.0047265625 11.0664912140095 11.0664912140095
0.0048046875 11.4139634994928 11.4139634994928
0.0048828125 11.7657517202133 11.7657517202133
0.0049609375 12.1217914481576 12.1217914481576
0.0050390625 12.4820174461689 12.4820174461689
0.0051171875 12.8463636784858 12.8463636784858
0.0051953125 13.2147633214572 13.2147633214572
0.0052734375 13.5871487743572 13.5871487743572
0.0053515625 13.963451670341 13.963451670341
0.0054296875 14.3436028875186 14.3436028875186
0.0055078125 14.7275325601555 14.7275325601555
0.0055859375 15.1151700900101 15.1151700900101
0.0056640625 15.5064441577508 15.5064441577508
0.0057421875 15.9012827345379 15.9012827345379
0.0058203125 16.2996130937017 16.2996130937017
0.0058984375 16.7013618225212 16.7013618225212
0.0059765625 17.1064548341548 17.1064548341548
0.0060546875 17.5148173796316 17.5148173796316
0.0061328125 17.9263740600021 17.9263740600021
0.0062109375 18.3410488385562 18.3410488385562
0.0062890625 18.7587650531697 18.7587650531697
0.0063671875 19.1794454287532 19.1794454287532
0.0064453125 19.6030120897831 19.6030120897831
0.0065234375 20.0293865729662 20.0293865729662
0.0066015625 20.4584898399617 20.4584898399617
0.0066796875 20.8902422902355 20.8902422902355
0.0067578125 21.3245637739874 21.3245637739874
0.0068359375 21.7613736051675 21.7613736051675
0.0069140625 22.2005905745988 22.2005905745988
0.0069921875 22.6421329631734 22.6421329631734
0.0070703125 23.0859185551452 23.0859185551452
0.0071484375 23.5318646514827 23.5318646514827
0.0072265625 23.9798880833433 23.9798880833433
0.0073046875 24.4299052255855 24.4299052255855
0.0073828125 24.8818320103794 24.8818320103794
0.0074609375 25.3355839408982 25.3355839408982
0.0075390625 25.7910761050596 25.7910761050596
0.0076171875 26.2482231893671 26.2482231893671
0.0076953125 26.706939492783 26.706939492783
0.0077734375 27.1671389407089 27.1671389407089
0.0078515625 27.6287350989975 27.6287350989975
0.0079296875 28.0916411880554 28.0916411880554
0.0080078125 28.5557700969576 28.5557700969576
0.0080859375 29.0210343976867 29.0210343976867
0.0081640625 29.4873463593632 29.4873463593632
0.0082421875 29.9546179625821 29.9546179625821
0.0083203125 30.4227609137513 30.4227609137513
0.0083984375 30.891686659524 30.891686659524
0.0084765625 31.3613064012372 31.3613064012372
0.0085546875 31.8315311094295 31.8315311094295
0.0086328125 32.3022715383729 32.3022715383729
0.0087109375 32.7734382406561 32.7734382406561
0.0087890625 33.2449415818104 33.2449415818104
0.0088671875 33.7166917549666 33.7166917549666
0.0089453125 34.1885987955237 34.1885987955237
0.0090234375 34.6605725958824 34.6605725958824
0.0091015625 35.1325229201962 35.1325229201962
0.0091796875 35.6043594191163 35.6043594191163
0.0092578125 36.0759916446142 36.0759916446142
0.0093359375 36.5473290647799 36.5473290647799
0.0094140625 37.0182810786531 37.0182810786531
0.0094921875 37.4887570310904 37.4887570310904
0.0095703125 37.9586662276097 37.9586662276097
0.0096484375 38.4279179492751 38.4279179492751
0.0097265625 38.8964214675866 38.8964214675866
0.0098046875 39.3640860593592 39.3640860593592
0.0098828125 39.83082102163 39.83082102163
0.0099609375 40.2965356865508 40.2965356865508
0.0100390625 40.7611394362903 40.7611394362903
0.0101171875 41.2245417179321 41.2245417179321
0.0101953125 41.686652058354 41.686652058354
0.0102734375 42.147380079129 42.147380079129
0.0103515625 42.6066355113932 42.6066355113932
0.0104296875 43.0643282106985 43.0643282106985
0.0105078125 43.5203681718775 43.5203681718775
0.0105859375 43.9746655438682 43.9746655438682
0.0106640625 44.4271306445273 44.4271306445273
0.0107421875 44.8776739754237 44.8776739754237
0.0108203125 45.3262062366164 45.3262062366164
0.0108984375 45.7726383413714 45.7726383413714
0.0109765625 46.2168814309052 46.2168814309052
0.0110546875 46.6588468890635 46.6588468890635
0.0111328125 47.0984463569593 47.0984463569593
0.0112109375 47.5355917476037 47.5355917476037
0.0112890625 47.9701952604827 47.9701952604827
0.0113671875 48.4021693960898 48.4021693960898
0.0114453125 48.8314269704262 48.8314269704262
0.0115234375 49.2578811294663 49.2578811294663
0.0116015625 49.6814453635452 49.6814453635452
0.0116796875 50.1020335217333 50.1020335217333
0.0117578125 50.5195598261352 50.5195598261352
0.0118359375 50.9339388861463 50.9339388861463
0.0119140625 51.3450857126458 51.3450857126458
0.0119921875 51.7529157321405 51.7529157321405
0.0120703125 52.157344800851 52.157344800851
0.0121484375 52.5582892187231 52.5582892187231
0.0122265625 52.9556657433773 52.9556657433773
0.0123046875 53.3493916040115 53.3493916040115
0.0123828125 53.7393845151939 53.7393845151939
0.0124609375 54.1255626906249 54.1255626906249
0.0125390625 54.5078448568233 54.5078448568233
0.0126171875 54.8861502666995 54.8861502666995
0.0126953125 55.2603987130865 55.2603987130865
0.0127734375 55.6305105421771 55.6305105421771
0.0128515625 55.9964066668925 55.9964066668925
0.0129296875 56.3580085801433 56.3580085801433
0.0130078125 56.7152383680323 56.7152383680323
0.0130859375 57.0680187229399 57.0680187229399
0.0131640625 57.4162729565501 57.4162729565501
0.0132421875 57.7599250127491 57.7599250127491
0.0133203125 58.0988994804684 58.0988994804684
0.0133984375 58.433121606393 58.433121606393
0.0134765625 58.7625173076063 58.7625173076063
0.0135546875 59.08701318411 59.08701318411
0.0136328125 59.4065365312503 59.4065365312503
0.0137109375 59.7210153520336 59.7210153520336
0.0137890625 60.0303783693533 60.0303783693533
0.0138671875 60.3345550380894 60.3345550380894
0.0139453125 60.633475557097 60.633475557097
0.0140234375 60.9270708811025 60.9270708811025
0.0141015625 61.2152727324698 61.2152727324698
0.0141796875 61.4980136128466 61.4980136128466
0.0142578125 61.7752268147143 61.7752268147143
0.0143359375 62.0468464327885 62.0468464327885
0.0144140625 62.312807375325 62.312807375325
0.0144921875 62.5730453752894 62.5730453752894
0.0145703125 62.8274970013976 62.8274970013976
0.0146484375 63.0760996690398 63.0760996690398
0.0147265625 63.3187916510749 63.3187916510749
0.0148046875 63.5555120884845 63.5555120884845
0.0148828125 63.7862010009073 63.7862010009073
0.0149609375 64.0107992970286 64.0107992970286
0.0150390625 64.2292487848337 64.2292487848337
0.0151171875 64.4414921817571 64.4414921817571
0.0151953125 64.6474731246357 64.6474731246357
0.0152734375 64.8471361795657 64.8471361795657
0.0153515625 65.0404268516027 65.0404268516027
0.0154296875 65.22729159432 65.22729159432
0.0155078125 65.4076778192248 65.4076778192248
0.0155859375 65.581533905015 65.581533905015
0.0156640625 65.7488092067126 65.7488092067126
0.0157421875 65.9094540646194 65.9094540646194
0.0158203125 66.0634198131461 66.0634198131461
0.0158984375 66.2106587894669 66.2106587894669
0.0159765625 66.351124342043 66.351124342043
0.0160546875 66.4847708389686 66.4847708389686
0.0161328125 66.6115536761851 66.6115536761851
0.0162109375 66.7314292855124 66.7314292855124
0.0162890625 66.8443551425412 66.8443551425412
0.0163671875 66.9502897743456 66.9502897743456
0.0164453125 67.0491927670525 67.0491927670525
0.0165234375 67.1410247732453 67.1410247732453
0.0166015625 67.2257475191856 67.2257475191856
0.0166796875 67.303323811889 67.303323811889
0.0167578125 67.3737175460303 67.3737175460303
0.0168359375 67.4368937106777 67.4368937106777
0.0169140625 67.4928183958571 67.4928183958571
0.0169921875 67.5414587989465 67.5414587989465
0.0170703125 67.5827832309082 67.5827832309082
0.0171484375 67.6167611223462 67.6167611223462
0.0172265625 67.6433630293701 67.6433630293701
0.0173046875 67.6625606393188 67.6625606393188
0.0173828125 67.6743267762873 67.6743267762873
0.0174609375 67.6786354064888 67.6786354064888
0.0175390625 67.6754616434224 67.6754616434224
0.0176171875 67.664781752886 67.664781752886
0.0176953125 67.6465731577991 67.6465731577991
0.0177734375 67.6208144428486 67.6208144428486
0.0178515625 67.5874853589477 67.5874853589477
0.0179296875 67.546566827528 67.546566827528
0.0180078125 67.4980409446349 67.4980409446349
0.0180859375 67.4418909848626 67.4418909848626
0.0181640625 67.3781014050718 67.3781014050718
0.0182421875 67.306657847962 67.306657847962
0.0183203125 67.2275471454313 67.2275471454313
0.0183984375 67.1407573217721 67.1407573217721
0.0184765625 67.0462775966584 67.0462775966584
0.0185546875 66.9440983879724 66.9440983879724
0.0186328125 66.8342113144234 66.8342113144234
0.0187109375 66.7166091980008 66.7166091980008
0.0187890625 66.5912860662218 66.5912860662218
0.0188671875 66.4582371541954 66.4582371541954
0.0189453125 66.3174589065036 66.3174589065036
0.0190234375 66.1689489788991 66.1689489788991
0.0191015625 66.0127062397983 66.0127062397983
0.0191796875 65.8487307715937 65.8487307715937
0.0192578125 65.677023871784 65.677023871784
0.0193359375 65.4975880539034 65.4975880539034
0.0194140625 65.3104270482686 65.3104270482686
0.0194921875 65.1155458025279 65.1155458025279
0.0195703125 64.912950482028 64.912950482028
0.0196484375 64.70264846999 64.70264846999
0.0197265625 64.4846483674954 64.4846483674954
0.0198046875 64.2589599932677 64.2589599932677
0.0198828125 64.0255943832841 64.0255943832841
0.0199609375 63.7845637901876 63.7845637901876
0.020625 20.2611573438297 61.7332137819811
0.021875 18.533126866744 58.2056015658679
0.023125 17.0231815521013 55.0593528325776
0.024375 15.6952627311357 52.2357962770609
0.025625 14.5206089216554 49.6877086537894
0.026875 13.476025582175 47.3766524373341
0.028125 12.5426212128469 45.2710234401193
0.029375 11.7048700518488 43.3445969107526
0.030625 10.9499074080409 41.5754296899054
0.031875 10.2669932677804 39.9450206824579
0.033125 9.64709933463139 38.4376614114219
0.034375 9.08258777482014 37.0399282691884
0.035625 8.56695890055479 35.740281663252
0.036875 8.09465123906026 34.5287466916164
0.038125 7.66088180901012 33.3966566361535
0.039375 7.26151754427975 32.3364453143708
0.040625 6.89297105511728 31.3414777662364
0.041875 6.55211555894986 30.4059112657517
0.043125 6.23621502403708 29.5245805044256
0.044375 5.94286647101248 28.6929021803571
0.045625 5.66995205512253 27.9067952713062
0.046875 5.41559906573383 27.1626140640713
0.048125 5.17814637227618 26.4570916208486
0.049375 4.95611614808007 25.7872918329791
0.050625 4.74818993800002 25.1505685778439
0.051875 4.55318831875476 24.5445307807874
0.053125 4.37005354474753 23.9670124094747
0.054375 4.19783468584123 23.4160466069581
0.055625 4.03567485398032 22.8898433124196
0.056875 3.88280018784187 22.3867698330258
0.058125 3.73851032279692 21.9053339226382
0.059375 3.60217012039071 21.444168997951
0.060625 3.4732024696327 21.0020211835602
0.061875 3.35108200343233 20.5777379273266
0.063125 3.23532959893648 20.1702579683696
0.064375 3.12550755142134 19.7786024738381
0.065625 3.0212153286419 19.4018671886222
0.066875 2.92208582683479 19.0392154654704
0.068125 2.82778206145577 18.6898720624343
0.069375 2.73799423565261 18.3531176108589
0.070625 2.6524371377793 18.0282836708437
0.071875 2.57084782623566 17.7147483026551
0.073125 2.49298356579556 17.4119320923534
0.074375 2.41861998455752 17.1192945781962
0.075625 2.34754942486437 16.8363310314492
0.076875 2.27957946512007 16.562569551263
0.078125 2.2145315924848 16.2975684384428
0.079375 2.1522400090385 16.0409138173651
0.080625 2.09255055623835 15.7922174791113
0.081875 2.03531974441598 15.5511149221784
0.083125 1.98041387571266 15.3172635699651
0.084375 1.92770825027786 15.0903411467064
0.085625 1.87708644678937 14.8700441956596
0.086875 1.82843966942296 14.6560867252184
0.088125 1.78166615432765 14.4481989702508
0.089375 1.73667062947111 14.2461262573802
0.090625 1.69336382242409 14.0496279641749
0.091875 1.65166201126874 13.8584765633018
0.093125 1.61148661435405 13.6724567436601
0.094375 1.57276381509479 13.49136460136
0.095625 1.53542421842481 13.3150068941527
0.096875 1.49940253588112 13.143200353583
0.098125 1.46463729661693 12.9757710497157
0.099375 1.43107058192612 12.8125538038073
