0.0003125 613.087298305572 490.67674327418
0.000625 1040.9338334938 980.171403295606
0.0009375 1507.32216443354 1467.30474455362
0.00125 1980.40273920952 1950.90322016128
0.0015625 2452.87574681788 2429.80179903264
0.001875 2921.54289892058 2902.84677254462
0.0021875 3384.38863329364 3368.8985339222
0.0025 3839.85246440858 3826.8343236509
0.0028125 4286.5882226402 4275.55093430282
0.003125 4723.36932506755 4713.96736825998
0.0034375 5149.04711232249 5141.02744193222
0.00375 5562.53125892387 5555.70233019602
0.0040625 5962.78033290848 5956.99304492433
0.004375 6348.79739131309 6343.93284163646
0.0046875 6719.62822208571 6715.58954847018
0.005 7074.36103503838 7071.06781186548
0.0053125 7412.12696546007 7409.51125354959
0.005625 7732.10103470931 7730.10453362737
0.0059375 8033.50335988218 8032.07531480645
0.00625 8315.60048601733 8314.69612302545
0.0065625 8577.70676106081 8577.28610000272
0.006875 8819.18570130437 8819.21264348355
0.0071875 9039.4513121574 9039.89293123443
0.0075 9237.96933968261 9238.79532511287
0.0078125 9414.25843531469 9415.44065183021
0.008125 9567.89122090338 9569.40335732209
0.0084375 9698.49524437875 9700.31253194544
0.00875 9805.75381859857 9807.8528040323
0.0090625 9889.40673771498 9891.76509964781
0.009375 9949.25086655832 9951.84726672197
0.0096875 9985.14059961639 9987.95456205172
0.01 9996.98818696376 10000
0.0103125 9984.76392520567 9987.95456205172
0.010625 9948.49621211661 9951.84726672197
0.0109375 9888.27146406734 9891.76509964781
0.01125 9804.23389600031 9807.8528040323
0.0115625 9696.58516401837 9700.31253194544
0.011875 9565.58387107492 9569.40335732209
0.0121875 9411.54493676896 9415.44065183021
0.0125 9234.83883249564 9238.79532511287
0.0128125 9035.89068361119 9039.89293123444
0.013125 8815.17924068179 8819.21264348355
0.0134375 8573.23572214863 8577.28610000272
0.01375 8310.64253109377 8314.69612302545
0.0140625 8028.03184913835 8032.07531480645
0.014375 7726.08411082177 7730.10453362737
0.0146875 7405.52636199455 7409.51125354959
0.015 7067.13050624361 7071.06781186548
0.0153125 6711.71144346545 6715.58954847019
0.015625 6340.1251050534 6343.93284163646
0.0159375 5953.26639042524 5956.99304492433
0.01625 5552.06700981621 5555.70233019602
0.0165625 5137.49323852628 5141.02744193222
0.016875 4710.54358800675 4713.96736825998
0.0171875 4272.24639940469 4275.55093430282
0.0175 3823.65736531422 3826.83432365089
0.0178125 3365.85698571612 3368.8985339222
0.018125 2899.94796424153 2902.84677254463
0.0184375 2427.05255098439 2429.80179903264
0.01875 1948.30983827748 1950.90322016129
0.0190625 1464.87301596338 1467.30474455362
0.019375 977.906592720344 980.171403295608
0.0196875 488.583590172918 490.676743274184
0.02 121.747500875645 1.22464679914735e-12
0.0203125 4.3020109217385e-10 0
0.020625 2.64033801847049e-09 0
0.0209375 2.87363993619291e-09 0
0.02125 3.9209063307074e-10 0
0.0215625 -3.45574660917522e-10 0
0.021875 -1.55692557462336e-09 0
0.0221875 2.03421521839634e-09 0
0.0225 -1.27110211757048e-09 0
0.0228125 1.47173223019183e-09 0
0.023125 4.49395332239425e-10 0
0.0234375 8.12746644635189e-10 0
0.02375 3.79623902134235e-09 0
0.0240625 5.65903710626488e-10 0
0.024375 1.27379097881885e-09 0
0.0246875 2.05163285151941e-10 0
0.025 -1.86503228161553e-10 0
0.0253125 -8.29739100600448e-10 0
0.025625 -5.25786576605914e-10 0
0.0259375 -4.20229983583931e-11 0
0.02625 3.14301248424589e-09 0
0.0265625 1.23894189083068e-09 0
0.026875 -7.55723578236393e-10 0
0.0271875 -1.306745261168e-11 0
0.0275 8.42123709352543e-10 0
0.0278125 -1.41958274744313e-09 0
0.028125 1.39566621364296e-09 0
0.0284375 -1.02898668088765e-09 0
0.02875 -7.92710572975377e-10 0
0.0290625 3.71177835141379e-10 0
0.029375 1.3877762053232e-10 0
0.0296875 -2.15845158106116e-10 0
0.03 2.41478571095242e-09 0
0.0303125 -7.6136431010688e-10 0
0.030625 1.49005009921036e-09 0
0.0309375 -9.9942432808014e-10 0
0.03125 -9.78574814045693e-10 0
0.0315625 -1.82005766533815e-09 0
0.031875 7.86402532846335e-10 0
0.0321875 -2.2320722666532e-09 0
0.0325 2.05860779237319e-09 0
0.0328125 8.77966157979942e-10 0
0.033125 -1.03351966346271e-09 0
0.0334375 3.19228862951444e-10 0
0.03375 9.31015687742439e-11 0
0.0340625 3.79408345112628e-10 0
0.034375 -8.46598791915359e-10 0
0.0346875 1.19363707388439e-09 0
0.035 -1.81188397618829e-09 0
0.0353125 -2.07316782468467e-10 0
0.035625 3.11620985427244e-10 0
0.0359375 -1.94548236342011e-09 0
0.03625 1.94384662137079e-09 0
0.0365625 -1.41709643145671e-10 0
0.036875 1.02073240113721e-09 0
0.0371875 1.11256008362072e-09 0
0.0375 -4.80551313743101e-10 0
0.0378125 -1.73650997785594e-09 0
0.038125 -1.68776882316329e-09 0
0.0384375 -2.56243472499423e-09 0
0.03875 -2.68063719840441e-10 0
0.0390625 -1.26860004413376e-09 0
0.039375 2.11924363487122e-09 0
0.0396875 2.0743463724568e-09 0
0.04 2.34317820833974e-09 0
0.0403125 1.07659400435373e-09 0
0.040625 -3.61479587057068e-10 0
0.0409375 7.551947313175e-10 0
0.04125 2.07510906446999e-09 0
0.0415625 1.70961730921934e-09 0
0.041875 1.87792215850721e-09 0
0.0421875 2.30085013279074e-09 0
0.0425 -2.06967639002616e-10 0
0.0428125 7.60332591696591e-10 0
0.043125 1.79075181386441e-09 0
0.0434375 2.67536152240667e-11 0
0.04375 -8.89903904005927e-10 0
0.0440625 1.61215974604459e-09 0
0.044375 -1.12689872876329e-09 0
0.0446875 -2.09373841365557e-09 0
0.045 -5.05661379592565e-10 0
0.0453125 -1.76469330202236e-09 0
0.045625 -1.81274104043493e-09 0
0.0459375 -1.04672013336666e-10 0
0.04625 5.47921512475802e-10 0
0.0465625 -2.77592218364168e-09 0
0.046875 2.51496145554988e-10 0
0.0471875 8.56501331399996e-10 0
0.0475 1.75210118409718e-09 0
0.0478125 -9.20132907936737e-11 0
0.048125 -1.08406659221928e-09 0
0.0484375 4.45059732533315e-10 0
0.04875 -4.14450858681407e-10 0
0.0490625 -6.48314908652609e-10 0
0.049375 1.07950628995989e-09 0
0.0496875 7.58055933379023e-10 0
0.05 2.4186381605e-09 0
0.0503125 1.0642348348149e-09 0
0.050625 -1.28073135087626e-10 0
0.0509375 -1.84824848012166e-09 0
0.05125 1.39431952327804e-09 0
0.0515625 2.74491495780859e-10 0
0.051875 9.49899628966402e-10 0
0.0521875 8.59007187684652e-10 0
0.0525 -1.12304500736835e-09 0
0.0528125 8.31650842781574e-10 0
0.053125 8.32107265807351e-10 0
0.0534375 4.87986556770031e-10 0
0.05375 -2.25578780250874e-09 0
0.0540625 -3.93579894870379e-10 0
0.054375 -1.19955598889063e-09 0
0.0546875 1.66687363140463e-10 0
0.055 2.92810085669117e-11 0
0.0553125 5.9750518437246e-10 0
0.055625 -6.04212873569146e-10 0
0.0559375 -6.68403280216962e-11 0
0.05625 9.4032197442463e-10 0
0.0565625 7.94383585821183e-10 0
0.056875 -2.2461660168506e-10 0
0.0571875 -3.91890697333756e-10 0
0.0575 1.98395705437588e-09 0
0.0578125 7.59429106982888e-10 0
0.058125 5.11932562347645e-10 0
0.0584375 -7.85776672487657e-10 0
0.05875 3.10371688911853e-10 0
0.0590625 1.07919795499723e-09 0
0.059375 1.44503326212972e-09 0
0.0596875 9.53140816917532e-10 0
0.06 -9.37373931254479e-10 0
0.0603125 -9.35466700889407e-10 0
0.060625 -1.62676342127824e-09 0
0.0609375 -9.23621854744502e-10 0
0.06125 6.58835694800179e-10 0
0.0615625 -3.1153774738064e-10 0
0.061875 -8.53130572225675e-10 0
0.0621875 -1.18898294798366e-09 0
0.0625 -9.79097718042873e-10 0
0.0628125 -1.85870752695712e-09 0
0.063125 6.47718009688762e-10 0
0.0634375 1.35800293412308e-09 0
0.06375 -2.03356501207974e-09 0
0.0640625 -2.64564729190198e-10 0
0.064375 3.78610345502852e-10 0
0.0646875 -8.10186922305985e-10 0
0.065 -1.15856962524402e-09 0
0.0653125 8.79188183092175e-10 0
0.065625 1.16620072893683e-09 0
0.0659375 -1.303621834641e-09 0
0.06625 -2.07800234043053e-11 0
0.0665625 1.26335774009022e-10 0
0.066875 5.70824709980606e-10 0
0.0671875 6.72965761904557e-10 0
0.0675 5.21134207895828e-10 0
0.0678125 -1.83201744379728e-09 0
0.068125 -4.21737841030258e-10 0
0.0684375 9.76591281371896e-10 0
0.06875 4.26323544253083e-10 0
0.0690625 -3.65676095396127e-12 0
0.069375 -7.81835651383867e-11 0
0.0696875 1.01543681102028e-09 0
0.07 -3.04419278622219e-10 0
0.0703125 -1.30460496294341e-09 0
0.070625 2.19725751996241e-10 0
0.0709375 -9.11792927931514e-10 0
0.07125 -1.00631257458153e-10 0
0.0715625 -5.0357361502272e-10 0
0.071875 3.79148121434936e-10 0
0.0721875 -1.02162646271168e-09 0
0.0725 7.00258466802541e-10 0
0.0728125 -7.69798992307643e-10 0
0.073125 -3.38443534156268e-10 0
0.0734375 1.04923211481402e-10 0
0.07375 -3.82061142657439e-10 0
0.0740625 1.22321281092881e-10 0
0.074375 -4.38459087931477e-10 0
0.0746875 -4.92560431025951e-11 0
0.075 -2.34900665997024e-10 0
0.0753125 4.12497962186914e-10 0
0.075625 -1.48521799829371e-10 0
0.0759375 4.66658797482974e-10 0
0.07625 7.07436195958123e-10 0
0.0765625 -1.26670536841952e-10 0
0.076875 -3.56940721365134e-10 0
0.0771875 -8.43392509486746e-10 0
0.0775 -9.97245635345321e-11 0
0.0778125 8.53221785297075e-10 0
0.078125 -5.78884269461253e-10 0
0.0784375 -3.44017882883012e-10 0
0.07875 -6.02776071174495e-11 0
0.0790625 2.73333546080647e-10 0
0.079375 -4.15450278551101e-10 0
0.0796875 -4.10787678575741e-10 0
0.08 -2.78469651660973e-10 0
0.0803125 3.13484680562904e-10 0
0.080625 -4.38928715552091e-10 0
0.0809375 4.78344310473712e-10 0
0.08125 -3.1953964141651e-10 0
0.0815625 -2.16135932076838e-10 0
0.081875 -4.96295116962218e-11 0
0.0821875 -2.39403051132957e-10 0
0.0825 -7.2886492446543e-11 0
0.0828125 3.70348082110398e-10 0
0.083125 2.56064214277239e-10 0
0.0834375 -5.25265722189635e-10 0
0.08375 -5.50532155173783e-10 0
0.0840625 -1.25807456833549e-10 0
0.084375 -1.05081260702617e-10 0
0.0846875 -2.2172220318348e-10 0
0.085 -4.77531394288531e-10 0
0.0853125 4.37364828324193e-10 0
0.085625 4.49738618635174e-10 0
0.0859375 -4.30898804986596e-10 0
0.08625 -5.1121677966039e-10 0
0.0865625 1.17763917023266e-10 0
0.086875 1.42425318410248e-11 0
0.0871875 -9.18523477099868e-11 0
0.0875 1.96713583107504e-10 0
0.0878125 -9.69660865831204e-11 0
0.088125 -7.19766720275189e-11 0
0.0884375 -1.62832215745603e-10 0
0.08875 -1.09086563859797e-11 0
0.0890625 -1.29109801935125e-10 0
0.089375 -1.5299681994788e-10 0
0.0896875 -2.421291970639e-10 0
0.09 1.00522295318422e-10 0
0.0903125 9.97036560062687e-11 0
0.090625 8.75070078243074e-11 0
0.0909375 -7.61436681311447e-11 0
0.09125 -1.91614603619515e-11 0
0.0915625 -4.74700714634133e-11 0
0.091875 1.5072941233152e-10 0
0.0921875 -3.43342399263482e-11 0
0.0925 -6.227702281405e-11 0
0.0928125 -1.33307650165576e-11 0
0.093125 1.67968776030154e-10 0
0.0934375 1.96777687471236e-10 0
0.09375 -2.45409332683541e-10 0
0.0940625 -9.0107109767442e-11 0
0.094375 9.90413125525101e-11 0
0.0946875 -8.53888031563991e-11 0
0.095 -3.0824978692587e-11 0
0.0953125 3.00439365513466e-11 0
0.095625 1.25807485937512e-10 0
0.0959375 6.2814996443925e-11 0
0.09625 6.31844739131945e-11 0
0.0965625 -1.46740999084221e-10 0
0.096875 -4.14062732034133e-11 0
0.0971875 4.08456885622048e-12 0
0.0975 -7.97083197166796e-12 0
0.0978125 -3.05551041976714e-11 0
0.098125 4.75557900558176e-11 0
0.0984375 -4.30509654047584e-11 0
0.09875 3.73844231344909e-11 0
0.0990625 -1.13568379269759e-11 0
0.099375 9.75777939503629e-12 0
0.0996875 -7.295626202227e-13 0
