0.01 7071.06781186548 10000
0.017578125 5851.13005200016 3713.17193951838
0.0203125 1.37441879501779e-10 0
0.020625 3.34412457979631e-09 0
0.0209375 3.11770121727454e-09 0
0.02125 1.21529527174915e-09 0
0.0215625 1.08644266616233e-09 0
0.021875 -3.27022096894489e-09 0
0.0221875 4.33710195643031e-10 0
0.0225 4.81745955652233e-10 0
0.0228125 2.42790090287438e-09 0
0.023125 -1.35818793556934e-09 0
0.0234375 1.85347327748252e-09 0
0.02375 3.18909287164694e-09 0
0.0240625 3.41820824659426e-09 0
0.024375 -1.97036149146248e-09 0
0.0246875 3.12140863937383e-10 0
0.025 -1.33066199772768e-09 0
0.0253125 1.50575157277176e-09 0
0.025625 1.1691515426438e-09 0
0.0259375 -7.29266465652847e-10 0
0.02625 2.31634671487058e-09 0
0.0265625 -7.52936532829942e-10 0
0.026875 -3.11062976172169e-10 0
0.0271875 1.96338475490492e-09 0
0.0275 -7.42480488222336e-10 0
0.0278125 1.22529911297009e-09 0
0.028125 -1.36405206855443e-09 0
0.0284375 -4.85422953724861e-10 0
0.02875 -1.27754943650426e-10 0
0.0290625 3.92476465911421e-10 0
0.029375 1.50792921187046e-10 0
0.0296875 -2.86039132733828e-10 0
0.03 2.24910055901938e-09 0
0.0303125 -7.95105760977703e-10 0
0.030625 7.41142012425951e-10 0
0.0309375 -5.44741998690897e-10 0
0.03125 -6.15396977162205e-10 0
0.0315625 3.3476284223787e-10 0
0.031875 -2.31669005410173e-09 0
0.0321875 -7.50666563447659e-11 0
0.0325 3.19693814013209e-09 0
0.0328125 -9.44138860219067e-10 0
0.033125 -2.13621206087879e-09 0
0.0334375 1.84241607457262e-09 0
0.03375 7.45942551245823e-10 0
0.0340625 -1.505640590531e-09 0
0.034375 6.64501912519208e-10 0
0.0346875 -2.61221240747245e-10 0
0.035 -5.35444704447801e-10 0
0.0353125 -4.77668966278005e-10 0
0.035625 1.87659266558202e-10 0
0.0359375 -1.55203429567321e-09 0
0.03625 9.06833386112279e-10 0
0.0365625 -5.12634125050006e-11 0
0.036875 2.45807173395335e-09 0
0.0371875 -8.64728426072623e-10 0
0.0375 1.04858218773239e-09 0
0.0378125 -2.89910710666566e-09 0
0.038125 -1.96646948566592e-09 0
0.0384375 -1.93196015893081e-09 0
0.03875 -2.20671214815614e-09 0
0.0390625 -4.5394507524599e-10 0
0.039375 2.74474412045432e-09 0
0.0396875 1.40463803249564e-09 0
0.04 2.57908104460344e-09 0
0.0403125 1.92246278889536e-09 0
0.040625 -7.19983015142979e-10 0
0.0409375 6.56726208676984e-10 0
0.04125 3.36846977158867e-09 0
0.0415625 2.12911523648763e-09 0
0.041875 8.00903150482764e-10 0
0.0421875 2.30929974882909e-09 0
0.0425 -5.10510548575878e-10 0
0.0428125 2.50608941546925e-09 0
0.043125 8.70971942148457e-10 0
0.0434375 2.35161799381979e-09 0
0.04375 -2.25797022651352e-09 0
0.0440625 1.95666192373794e-09 0
0.044375 -2.6855544255237e-09 0
0.0446875 -2.18037802130003e-09 0
0.045 -7.74051993581942e-10 0
0.0453125 -1.39119712681983e-09 0
0.045625 -2.44874928486358e-09 0
0.0459375 7.53790377287832e-10 0
0.04625 -6.70956765695427e-10 0
0.0465625 -1.6844870112546e-09 0
0.046875 -1.09701803098845e-09 0
0.0471875 1.83574497033691e-09 0
0.0475 1.12739285958606e-09 0
0.0478125 -1.45717702542932e-10 0
0.048125 -1.35284253387054e-09 0
0.0484375 1.0989455684606e-09 0
0.04875 -1.0301685605715e-09 0
0.0490625 9.23156394004874e-10 0
0.049375 1.68439861746541e-10 0
0.0496875 8.15295586413125e-10 0
0.05 3.65506039094574e-09 0
0.0503125 4.13530162609711e-11 0
0.050625 4.78081223443534e-10 0
0.0509375 -8.02649148475077e-10 0
0.05125 3.21633600182796e-10 0
0.0515625 8.71558449530773e-10 0
0.051875 1.43089130921558e-09 0
0.0521875 -1.03442013398508e-09 0
0.0525 -5.39417910390128e-10 0
0.0528125 1.8639834533975e-09 0
0.053125 -4.25751533006094e-10 0
0.0534375 3.20580219393109e-10 0
0.05375 -9.60846338080542e-10 0
0.0540625 -8.7629500216575e-10 0
0.054375 -8.97714262120097e-10 0
0.0546875 -1.33110127994066e-09 0
0.055 1.49448069040946e-09 0
0.0553125 -5.56384156373447e-11 0
0.055625 -5.21227713840801e-11 0
0.0559375 -1.45184011956434e-10 0
0.05625 -3.21365930513506e-10 0
0.0565625 1.97906796501459e-09 0
0.056875 -1.79026420862362e-10 0
0.0571875 2.36620078496768e-10 0
0.0575 3.75562368246864e-10 0
0.0578125 2.23611574769573e-09 0
0.058125 -2.95519035392057e-10 0
0.0584375 -9.87920381270748e-11 0
0.05875 4.7869724610663e-10 0
0.0590625 1.03502786374484e-09 0
0.059375 1.45419172061203e-09 0
0.0596875 1.46383004202756e-09 0
0.06 -1.52944590464246e-09 0
0.0603125 -1.50163340500945e-09 0
0.060625 -8.79385428484136e-10 0
0.0609375 -1.30880972034557e-09 0
0.06125 2.15702329767353e-11 0
0.0615625 3.75096424895969e-10 0
0.061875 -2.06394976775256e-09 0
0.0621875 -2.31512540064687e-10 0
0.0625 -1.02109043885849e-09 0
0.0628125 -2.19658205581103e-09 0
0.063125 6.76829560361832e-10 0
0.0634375 1.75973520716501e-09 0
0.06375 -2.7037270691649e-09 0
0.0640625 5.7942879485956e-11 0
0.064375 -2.6660516874157e-10 0
0.0646875 -6.02674918033925e-10 0
0.065 -1.11515336896873e-09 0
0.0653125 1.02616190417584e-09 0
0.065625 1.05075063192428e-09 0
0.0659375 -6.17013355207051e-10 0
0.06625 -9.57221723269287e-10 0
0.0665625 -2.62963452796508e-11 0
0.066875 2.18690386996169e-10 0
0.0671875 1.71333993235024e-09 0
0.0675 5.26112311938665e-10 0
0.0678125 -1.70747854767507e-09 0
0.068125 -1.06852238529404e-09 0
0.0684375 1.35725669166117e-09 0
0.06875 8.65882749729312e-10 0
0.0690625 2.46627168737187e-10 0
0.069375 -1.85977935596287e-10 0
0.0696875 6.90136928790499e-10 0
0.07 -7.15898493974375e-10 0
0.0703125 -9.73498167573283e-10 0
0.070625 -1.62686357402919e-10 0
0.0709375 -8.05252268019499e-10 0
0.07125 4.15591246268031e-10 0
0.0715625 -1.03576343378678e-09 0
0.071875 1.11109112312867e-10 0
0.0721875 -9.03777030774669e-10 0
0.0725 2.82615786951738e-10 0
0.0728125 -2.05362395246931e-10 0
0.073125 -1.97863150083924e-10 0
0.0734375 1.13634471624345e-11 0
0.07375 -5.22583158845675e-10 0
0.0740625 -3.38182365374435e-10 0
0.074375 4.52007945250477e-10 0
0.0746875 -3.33214324573601e-10 0
0.075 -5.39362623823663e-10 0
0.0753125 2.09223362433038e-10 0
0.075625 2.55287602327608e-10 0
0.0759375 -2.77298678465875e-10 0
0.07625 6.86643948908249e-10 0
0.0765625 1.45884225399868e-10 0
0.076875 -6.62107329043339e-10 0
0.0771875 9.69845168708984e-12 0
0.0775 -3.13468497279387e-10 0
0.0778125 2.44788062251165e-10 0
0.078125 -9.32549212840608e-11 0
0.0784375 -4.07425139358407e-11 0
0.07875 -4.89519865784861e-10 0
0.0790625 9.47199198572326e-11 0
0.079375 4.03048318713163e-10 0
0.0796875 -5.97337163977691e-10 0
0.08 -7.1431593152494e-10 0
0.0803125 4.49344946344897e-10 0
0.080625 -3.14269491848806e-10 0
0.0809375 -2.3936016143982e-10 0
0.08125 -3.94268641719735e-11 0
0.0815625 -3.6025506853694e-10 0
0.081875 1.32345364523258e-10 0
0.0821875 -1.71137467939259e-10 0
0.0825 1.30010148437007e-10 0
0.0828125 1.25841288300592e-10 0
0.083125 7.14808631753737e-11 0
0.0834375 -5.17960148269727e-10 0
0.08375 -4.72551981007886e-10 0
0.0840625 6.41691269154653e-11 0
0.084375 -1.70931944347521e-10 0
0.0846875 -5.6351225282999e-10 0
0.085 -4.14768112296914e-10 0
0.0853125 5.93271181930349e-10 0
0.085625 4.0551592282845e-10 0
0.0859375 -2.47972875144052e-10 0
0.08625 -6.82727166653011e-10 0
0.0865625 1.35360411786521e-10 0
0.086875 5.53302374913041e-11 0
0.0871875 -1.43102093005894e-10 0
0.0875 -1.21397187141161e-10 0
0.0878125 2.11104948318294e-10 0
0.088125 7.76445025500217e-12 0
0.0884375 1.38966576208158e-10 0
0.08875 -5.57499739337013e-10 0
0.0890625 -2.52651067827789e-10 0
0.089375 -1.04473651564642e-10 0
0.0896875 1.20321870933594e-10 0
0.09 -5.04926473259111e-11 0
0.0903125 -1.44407222884303e-10 0
0.090625 2.78583628954177e-10 0
0.0909375 -2.18318780009069e-10 0
0.09125 -1.47893607241113e-11 0
0.0915625 8.75205717571908e-11 0
0.091875 1.70643685696461e-10 0
0.0921875 -1.3946371616232e-10 0
0.0925 8.54551676466766e-11 0
0.0928125 9.44631484144955e-12 0
0.093125 8.11429021410042e-11 0
0.0934375 1.95276359700329e-10 0
0.09375 -1.89456444740071e-10 0
0.0940625 -8.80398941509382e-11 0
0.094375 6.71402680250124e-12 0
0.0946875 -1.41585537879343e-11 0
0.095 -1.310661157672e-10 0
0.0953125 1.3073651421316e-10 0
0.095625 1.21216376100191e-10 0
0.0959375 1.32289081543339e-10 0
0.09625 -5.37214348632797e-11 0
0.0965625 -1.0125499515064e-10 0
0.096875 -8.96581128619792e-11 0
0.0971875 1.93073230445397e-11 0
0.0975 -3.6893565126006e-11 0
0.0978125 6.73635512504642e-11 0
0.098125 -2.887628562882e-11 0
0.0984375 2.49987222394765e-11 0
0.09875 8.55524126812639e-12 0
0.0990625 -2.4298049518249e-11 0
0.099375 3.00530471366535e-12 0
0.0996875 1.21193782161052e-11 0
