0.005 35.3553390593274 35.3553390593274
0.015 58.925565098879 58.925565098879
0.02015625 23.2965091202614 70.1625333270371
0.02046875 22.7636879030925 69.0913496121206
0.02078125 22.2495654902785 68.0523819487814
0.02109375 21.7532507214209 67.0441985125042
0.02140625 21.2739062626099 66.0654510889643
0.02171875 20.8107446680154 65.1148690589076
0.02203125 20.363024779563 64.1912538949505
0.02234375 19.9300484314517 63.2934741201961
0.02265625 19.5111574299368 62.4204606840556
0.02296875 19.1057307820422 61.5712027155658
0.02328125 18.7131821496875 60.7447436187121
0.02359375 18.3329575082261 59.9401774780675
0.02390625 17.9645329905815 59.1566457463291
0.02421875 17.6074129001274 58.393334188313
0.02453125 17.2611278771724 57.6494700585249
0.02484375 16.9252332054452 56.9243194917511
0.02515625 16.5993072463211 56.2171850881265
0.02546875 16.2829499897557 55.5274036760027
0.02578125 15.9757817119472 54.8543442375061
0.02609375 15.6774417307233 54.1974059831644
0.02640625 15.3875872504949 53.5560165632461
0.02671875 15.1058922893874 52.9296304046114
0.02703125 14.8320466818522 52.3177271629395
0.02734375 14.5657551506666 51.7198102810779
0.02765625 14.3067364427914 51.1354056451333
0.02796875 14.0547225240496 50.5640603306629
0.02828125 13.8094578280336 50.0053414319811
0.02859375 13.5706985550593 49.4588349682435
0.02890625 13.3382120173403 48.9241448604786
0.02921875 13.1117760268923 48.4008919742704
0.02953125 12.8911783229698 47.88871322322
0.02984375 12.6762160361091 47.3872607287359
0.03015625 12.4666951860943 46.8962010320658
0.03046875 12.2624302113852 46.4152143548136
0.03078125 12.0632435277486 45.9439939045111
0.03109375 11.8689651140119 45.4822452220536
0.03140625 11.6794321230337 45.0296855681026
0.03171875 11.4944885161266 44.5860433457569
0.03203125 11.3139847193157 44.1510575570171
0.03234375 11.1377772999363 43.7244772907657
0.03265625 10.9657286621911 43.3060612401373
0.03296875 10.7977067603922 42.8955772473395
0.03328125 10.6335848287154 42.4928018741244
0.03359375 10.4732411263692 42.0975199962261
0.03390625 10.3165586971762 41.7095244202243
0.03421875 10.1634251426328 41.328615521409
0.03453125 10.0137324075781 40.9546009013059
0.03484375 9.86737657767165 40.587295063626
0.03515625 9.72425768793315 40.2265191075047
0.03546875 9.58427954165275 39.8721004369538
0.03578125 9.44734953902717 39.5238724855395
0.03609375 9.31337851492335 39.1816744553611
0.03640625 9.18228058521375 38.8453510694785
0.03671875 9.05397300116153 38.5147523369723
0.03703125 8.92837601137622 38.18973332991
0.03734375 8.80541273088475 37.8701539715004
0.03765625 8.68500901690226 37.5558788348078
0.03796875 8.56709335090438 37.2467769513929
0.03828125 8.4515967266408 36.94272162934
0.03859375 8.3384525437415 36.643590280114
0.03890625 8.22759650659979 36.349264253767
0.03921875 8.1189665282305 36.0596286820237
0.03953125 8.01250263882292 35.774572328807
0.03984375 7.90814689872592 35.4939874477972
0.04015625 7.80584331562064 35.2177696466478
0.04046875 7.70553776564702 34.9458177574851
0.04078125 7.60717791827057 34.6780337133662
0.04109375 7.51071316468543 34.4143224303751
0.04140625 7.41609454956187 34.1545916950525
0.04171875 7.32327470596061 33.898752056888
0.04203125 7.2322077932462 33.6467167256103
0.04234375 7.1428494378396 33.3984014730235
0.04265625 7.05515667666141 33.153724539155
0.04296875 6.96908790312811 32.9126065425074
0.04328125 6.88460281556518 32.6749703941863
0.04359375 6.80166236791804 32.4407412157341
0.04390625 6.72022872263902 32.2098462604612
0.04421875 6.64026520564507 31.9822148381264
0.04453125 6.56173626323584 31.7577782427703
0.04484375 6.48460742088206 31.5364696835866
0.04515625 6.40884524378409 31.318224218648
0.04546875 6.33441729911786 31.1029786913717
0.04578125 6.26129211988458 30.8906716695868
0.04609375 6.18943917028592 30.6812433870814
0.04640625 6.11882881254999 30.4746356875048
0.04671875 6.04943227514125 30.270791970531
0.04703125 5.98122162228547 30.0696571401617
0.04734375 5.91416972474876 29.8711775550787
0.04765625 5.84825023181104 29.6753009809474
0.04796875 5.78343754437922 29.4819765445894
0.04828125 5.7197067891857 29.2911546899314
0.04859375 5.65703379402267 29.1027871356557
0.04890625 5.59539506396378 28.9168268344691
0.04921875 5.53476775853037 28.733227933933
0.04953125 5.47512966975594 28.5519457387663
0.04984375 5.41645920111176 28.3729366745737
0.05015625 5.35873534725253 28.1961582529264
0.05046875 5.30193767454614 28.021569037738
0.05078125 5.24604630235466 27.8491286128905
0.05109375 5.19104188502979 27.6787975510377
0.05140625 5.13690559459512 27.5105373835543
0.05171875 5.08361910408262 27.3443105715694
0.05203125 5.03116457149675 27.1800804780469
0.05234375 4.97952462437814 27.0178113408642
0.05265625 4.92868234494219 26.857468246853
0.05296875 4.87862125576664 26.6990171067541
0.05328125 4.82932530600566 26.5424246310545
0.05359375 4.78077885810961 26.3876583066753
0.05390625 4.73296667502634 26.2346863744624
0.05421875 4.68587390786692 26.0834778074624
0.05453125 4.63948608401457 25.9340022899408
0.05484375 4.59378909565955 25.7862301971202
0.05515625 4.54876918874252 25.6401325756072
0.05546875 4.50441295228856 25.495681124477
0.05578125 4.46070730811838 25.352848177001
0.05609375 4.41763950091891 25.2116066829786
0.05640625 4.37519708866052 25.0719301916601
0.05671875 4.33336793334664 24.9337928352328
0.05703125 4.29214019208186 24.7971693128479
0.05734375 4.25150230844782 24.6620348751758
0.05765625 4.21144300417233 24.5283653094568
0.05796875 4.17195127108232 24.39613692504
0.05828125 4.13301636332801 24.2653265393828
0.05859375 4.09462778986982 24.1359114645061
0.05890625 4.05677530721538 24.0078694938722
0.05921875 4.01944891239903 23.8811788896833
0.05953125 3.98263883619379 23.7558183705778
0.05984375 3.94633553654709 23.6317670997136
0.06015625 3.91052969223171 23.5090046732211
0.06046875 3.87521219670459 23.3875111090179
0.06078125 3.84037415216421 23.2672668359636
0.06109375 3.80600686380057 23.1482526833496
0.06140625 3.77210183423045 23.0304498707117
0.06171875 3.73865075811017 22.9138399979487
0.06203125 3.70564551692056 22.7984050357417
0.06234375 3.67307817391755 22.6841273162643
0.06265625 3.64094096924115 22.5709895241629
0.06296875 3.60922631517915 22.458974687814
0.06328125 3.57792679157871 22.3480661708373
0.06359375 3.54703514140007 22.2382476638559
0.06390625 3.51654426640864 22.1295031765012
0.06421875 3.48644722300073 22.021817029657
0.06453125 3.45673721815545 21.9151738479152
0.06484375 3.42740760551208 21.8095585522624
0.06515625 3.39845188156604 21.7049563529706
0.06546875 3.36986368198033 21.6013527426942
0.06578125 3.34163677800765 21.4987334897602
0.06609375 3.31376507302057 21.3970846316523
0.06640625 3.28624259914525 21.2963924686796
0.06671875 3.25906351399503 21.1966435578192
0.06703125 3.23222209750083 21.0978247067339
0.06734375 3.20571274883528 20.9999229679561
0.06765625 3.17952998342674 20.9029256332313
0.06796875 3.15366843006113 20.8068202280205
0.06828125 3.12812282806791 20.7115945061528
0.06859375 3.1028880245874 20.6172364446218
0.06890625 3.07795897191689 20.523734238524
0.06921875 3.05333072493363 20.4310762961379
0.06953125 3.02899843859104 20.3392512341328
0.06984375 3.0049573654864 20.2482478729064
0.07015625 2.98120285349741 20.1580552320469
0.07046875 2.95773034348588 20.0686625259178
0.07078125 2.93453536706569 19.9800591593574
0.07109375 2.91161354443334 19.8922347234919
0.07140625 2.88896058225931 19.8051789916605
0.07171875 2.86657227163749 19.7188819154438
0.07203125 2.84444448609211 19.6333336207999
0.07234375 2.82257317963877 19.548524404295
0.07265625 2.80095438489945 19.4644447294379
0.07296875 2.7795842112684 19.381085223102
0.07328125 2.75845884312855 19.2984366720439
0.07359375 2.73757453811587 19.2164900195087
0.07390625 2.71692762543079 19.1352363619207
0.07421875 2.6965145041951 19.0546669456599
0.07453125 2.67633164185279 18.9747731639173
0.07484375 2.65637557261347 18.8955465536294
0.07515625 2.6366428959375 18.8169787924915
0.07546875 2.61713027506101 18.7390616960423
0.07578125 2.59783443555972 18.6617872148216
0.07609375 2.57875216395078 18.5851474315984
0.07640625 2.55988030633114 18.5091345586677
0.07671875 2.54121576705115 18.4337409352109
0.07703125 2.52275550742302 18.358959024723
0.07734375 2.50449654446254 18.2847814125019
0.07765625 2.48643594966302 18.211200803196
0.07796875 2.46857084780112 18.1382100184137
0.07828125 2.45089841577284 18.0658019943881
0.07859375 2.43341588145951 17.9939697796986
0.07890625 2.41612052262234 17.9227065330462
0.07921875 2.39900966582514 17.8520055210816
0.07953125 2.3820806853839 17.7818601162837
0.07984375 2.36533100234304 17.7122637948891
0.08015625 2.34875808347721 17.6432101348698
0.08046875 2.33235944031789 17.5746928139578
0.08078125 2.31613262820405 17.5067056077142
0.08109375 2.30007524535669 17.4392423876459
0.08140625 2.28418493197584 17.3722971193631
0.08171875 2.26845936935984 17.3058638607804
0.08203125 2.25289627904632 17.2399367603584
0.08234375 2.23749342197388 17.1745100553854
0.08265625 2.2222485976644 17.109578070299
0.08296875 2.20715964342497 17.0451352150436
0.08328125 2.19222443356918 16.9811759834675
0.08359375 2.17744087865706 16.9176949517534
0.08390625 2.16280692475335 16.8546867768864
0.08421875 2.14832055270336 16.792146195154
0.08453125 2.13397977742608 16.7300680206802
0.08484375 2.11978264722408 16.6684471439925
0.08515625 2.1057272431098 16.6072785306199
0.08546875 2.09181167814757 16.546557219722
0.08578125 2.07803409681102 16.4862783227468
0.08609375 2.06439267435574 16.4264370221197
0.08640625 2.05088561620643 16.3670285699599
0.08671875 2.03751115735832 16.308048286825
0.08703125 2.02426756179227 16.2494915604809
0.08734375 2.01115312190366 16.191353844701
0.08765625 1.99816615794424 16.1336306580888
0.08796875 1.98530501747675 16.0763175829269
0.08828125 1.97256807484205 16.0194102640493
0.08859375 1.95995373063843 15.9629044077388
0.08890625 1.94746041121256 15.9067957806464
0.08921875 1.93508656816223 15.8510802087351
0.08953125 1.92283067784994 15.7957535762438
0.08984375 1.91069124092775 15.7408118246743
0.09015625 1.89866678187254 15.6862509517985
0.09046875 1.88675584853175 15.6320670106869
0.09078125 1.87495701167925 15.5782561087569
0.09109375 1.86326886458089 15.52481440684
0.09140625 1.8516900225699 15.4717381182696
0.09171875 1.84021912263142 15.4190235079859
0.09203125 1.82885482299627 15.36666689166
0.09234375 1.81759580274357 15.3146646348354
0.09265625 1.80644076141209 15.2630131520873
0.09296875 1.79538841861995 15.2117089061979
0.09328125 1.78443751369265 15.1607484073497
0.09359375 1.77358680529913 15.1101282123336
0.09390625 1.76283507109555 15.0598449237733
0.09421875 1.75218110737698 15.0098951893661
0.09453125 1.74162372873625 14.9602757011368
0.09484375 1.73116176773027 14.910983194708
0.09515625 1.72079407455339 14.8620144485841
0.09546875 1.71051951671769 14.8133662834497
0.09578125 1.70033697874004 14.7650355614809
0.09609375 1.69024536183573 14.7170191856712
0.09640625 1.68024358361856 14.6693140991698
0.09671875 1.67033057780724 14.6219172846329
0.09703125 1.66050529393786 14.5748257635874
0.09734375 1.65076669708238 14.528036595807
0.09765625 1.64111376757295 14.4815468787004
0.09796875 1.63154550073201 14.435353746711
0.09828125 1.6220609066078 14.3894543707278
0.09859375 1.61265900971548 14.3438459575083
0.09890625 1.60333884878345 14.2985257491118
0.09921875 1.59409947650493 14.2534910223429
0.09953125 1.58493995929453 14.2087390882069
0.09984375 1.57585937704983 14.1642672913737
