0 1.17797549668888
7.8125e-05 1.17797530943654
0.00015625 1.17797462287283
0.000234375 1.17797293777661
0.0003125 1.17796975510719
0.000390625 1.17796457609455
0.00046875 1.17795690232943
0.000546875 1.17794623585346
0.000625 1.17793207924916
0.000703125 1.17791393572991
0.00078125 1.17789130922968
0.000859375 1.17786370449286
0.0009375 1.17783062716374
0.001015625 1.17779158387601
0.00109375 1.177746082342
0.001171875 1.1776936314418
0.00125 1.17763374131215
0.001328125 1.17756592343517
0.00140625 1.17748969072686
0.001484375 1.17740455762534
0.0015625 1.17731004017885
0.001640625 1.17720565613355
0.00171875 1.17709092502099
0.001796875 1.17696536824526
0.001875 1.17682850916994
0.001953125 1.17667987320464
0.00203125 1.17651898789126
0.002109375 1.17634538298986
0.0021875 1.17615859056425
0.002265625 1.17595814506714
0.00234375 1.17574358342488
0.002421875 1.17551444512192
0.0025 1.17527027228475
0.002578125 1.17501060976542
0.00265625 1.17473500522468
0.002734375 1.17444300921462
0.0028125 1.17413417526084
0.002890625 1.17380805994419
0.00296875 1.17346422298193
0.003046875 1.17310222730849
0.003125 1.17272163915562
0.003203125 1.17232202813205
0.00328125 1.17190296730257
0.003359375 1.17146403326665
0.0034375 1.17100480623633
0.003515625 1.17052487011367
0.00359375 1.17002381256752
0.003671875 1.16950122510972
0.00375 1.16895670317068
0.003828125 1.16838984617426
0.00390625 1.16780025761211
0.003984375 1.1671875451173
0.0040625 1.16655132053723
0.004140625 1.16589120000596
0.00421875 1.16520680401576
0.004296875 1.16449775748802
0.004375 1.16376368984339
0.004453125 1.16300423507123
0.00453125 1.1622190317983
0.004609375 1.16140772335669
0.0046875 1.16056995785105
0.004765625 1.15970538822496
0.00484375 1.15881367232656
0.004921875 1.15789447297342
0.005 1.15694745801653
0.005078125 1.15597230040355
0.00515625 1.15496867824117
0.005234375 1.15393627485668
0.0053125 1.15287477885868
0.005390625 1.15178388419694
0.00546875 1.15066329022135
0.005546875 1.14951270174009
0.005625 1.14833182907681
0.005703125 1.14712038812698
0.00578125 1.14587810041334
0.005859375 1.1446046931404
0.0059375 1.14329989924802
0.006015625 1.1419634574641
0.00609375 1.14059511235631
0.006171875 1.13919461438288
0.00625 1.13776171994236
0.006328125 1.13629619142258
0.00640625 1.13479779724846
0.006484375 1.13326631192895
0.0065625 1.13170151610294
0.006640625 1.13010319658419
0.00671875 1.12847114640526
0.006796875 1.12680516486042
0.006875 1.12510505754752
0.006953125 1.12337063640888
0.00703125 1.12160171977113
0.007109375 1.11979813238401
0.0071875 1.11795970545811
0.007265625 1.1160862767016
0.00734375 1.11417769035585
0.007421875 1.11223379723004
0.0075 1.11025445473466
0.007578125 1.10823952691395
0.00765625 1.10618888447728
0.007734375 1.10410240482941
0.0078125 1.10197997209966
0.007890625 1.09982147717005
0.00796875 1.09762681770224
0.008046875 1.09539589816341
0.008125 1.09312862985109
0.008203125 1.09082493091677
0.00828125 1.08848472638844
0.008359375 1.08610794819206
0.0084375 1.08369453517178
0.008515625 1.08124443310918
0.00859375 1.07875759474126
0.008671875 1.07623397977732
0.00875 1.07367355491477
0.008828125 1.07107629385369
0.00890625 1.06844217731034
0.008984375 1.06577119302944
0.0090625 1.06306333579538
0.009140625 1.06031860744224
0.00921875 1.05753701686262
0.009296875 1.05471858001539
0.009375 1.0518633199322
0.009453125 1.04897126672293
0.00953125 1.04604245757988
0.009609375 1.04307693678085
0.0096875 1.04007475569106
0.009765625 1.0370359727639
0.00984375 1.03396065354052
0.009921875 1.0308488706482
0.01 1.02770070379769
0.010078125 1.02451623977923
0.01015625 1.02129557245752
0.010234375 1.01803880276546
0.0103125 1.01474603869678
0.010390625 1.01141739529745
0.01046875 1.00805299465599
0.010546875 1.00465296589256
0.010625 1.00121744514695
0.010703125 0.997746575565342
0.01078125 0.994240507286012
0.010859375 0.990699397423776
0.0109375 0.987123410053357
0.011015625 0.983512716191567
0.01109375 0.979867493778359
0.011171875 0.976187927656722
0.01125 0.97247420955144
0.011328125 0.968726538046715
0.01140625 0.964945118562646
0.011484375 0.961130163330581
0.0115625 0.957281891367341
0.011640625 0.953400528448314
0.01171875 0.949486307079429
0.011796875 0.945539466468012
0.011875 0.941560252492532
0.011953125 0.937548917671231
0.01203125 0.933505721129658
0.012109375 0.929430928567091
0.0121875 0.925324812221878
0.012265625 0.921187650835677
0.01234375 0.917019729616614
0.012421875 0.912821340201364
0.0125 0.908592780616159
0.012578125 0.904334355236719
0.01265625 0.900046374747134
0.012734375 0.895729156097674
0.0128125 0.891383022461566
0.012890625 0.887008303190715
0.01296875 0.882605333770392
0.013046875 0.878174455772889
0.013125 0.873716016810159
0.013203125 0.869230370485429
0.01328125 0.864717876343808
0.013359375 0.860178899821896
0.0134375 0.855613812196397
0.013515625 0.85102299053174
0.01359375 0.846406817626731
0.013671875 0.841765681960227
0.01375 0.83709997763585
0.013828125 0.832410104325744
0.01390625 0.827696467213393
0.013984375 0.822959476935495
0.0140625 0.818199549522909
0.014140625 0.813417106340685
0.01421875 0.808612574027181
0.014296875 0.803786384432281
0.014375 0.79893897455472
0.014453125 0.794070786478522
0.01453125 0.789182267308578
0.014609375 0.784273869105344
0.0146875 0.7793460488187
0.014765625 0.77439926822096
0.01484375 0.769433993839047
0.014921875 0.764450696885851
0.015 0.75944985319077
0.015078125 0.754431943129455
0.01515625 0.749397451552755
0.015234375 0.744346867714893
0.0153125 0.739280685200864
0.015390625 0.734199401853083
0.01546875 0.729103519697277
0.015546875 0.72399354486765
0.015625 0.71886998753132
0.015703125 0.713733361812046
0.01578125 0.708584185713248
0.015859375 0.703422981040345
0.0159375 0.698250273322418
0.016015625 0.693066591733196
0.01609375 0.687872469011402
0.016171875 0.68266844138045
0.01625 0.677455048467519
0.016328125 0.672232833222008
0.01640625 0.667002341833387
0.016484375 0.661764123648461
0.0165625 0.656518731088051
0.016640625 0.651266719563115
0.01671875 0.646008647390311
0.016796875 0.640745075707028
0.016875 0.635476568385881
0.016953125 0.630203691948705
0.01703125 0.624927015480037
0.017109375 0.619647110540122
0.0171875 0.614364551077439
0.017265625 0.609079913340769
0.01734375 0.603793775790823
0.017421875 0.598506719011425
0.0175 0.593219325620293
0.017578125 0.587932180179401
0.01765625 0.582645869104957
0.017734375 0.577360980577004
0.0178125 0.572078104448656
0.017890625 0.566797832154988
0.01796875 0.561520756621588
0.018046875 0.556247472172788
0.018125 0.550978574439596
0.018203125 0.545714660267325
0.01828125 0.540456327622953
0.018359375 0.535204175502216
0.0184375 0.529958803836452
0.018515625 0.524720813399214
0.01859375 0.519490805712653
0.018671875 0.514269382953714
0.01875 0.50905714786012
0.018828125 0.503854703636196
0.01890625 0.498662653858525
0.018984375 0.493481602381454
0.0190625 0.488312153242478
0.019140625 0.483154910567494
0.01921875 0.478010478475963
0.019296875 0.47287946098598
0.019375 0.467762461919269
0.019453125 0.462660084806123
0.01953125 0.4575729327903
0.019609375 0.452501608533892
0.0196875 0.447446714122174
0.019765625 0.442408850968463
0.01984375 0.437388619718989
0.019921875 0.432386620157795
0.02 0.427403451111686
0.03 0.276500039644622
0.04 0.188309734241792
0.05 0.130269960600613
0.06 0.0891144847459589
0.07 0.0583875457594525
0.08 0.0345606913172844
0.09 0.0155392528970662
0.1 0
