0.000625 9.78990743913345e-06 9.80171403295606e-06
0.00125 1.94855327179274e-05 1.95090322016128e-05
0.001875 2.89935016647668e-05 2.90284677254462e-05
0.0025 3.82222473411415e-05 3.8268343236509e-05
0.003125 4.70828918811758e-05 4.71396736825998e-05
0.00375 5.54901024342785e-05 5.55570233019602e-05
0.004375 6.33629129669603e-05 6.34393284163646e-05
0.005 7.06255040101103e-05 7.07106781186548e-05
0.005625 7.72079328417815e-05 7.73010453362737e-05
0.00625 8.3046807074034e-05 8.31469612302545e-05
0.006875 8.80858951561984e-05 8.81921264348355e-05
0.0075 9.22766679153284e-05 9.23879532511287e-05
0.008125 9.55787659188794e-05 9.56940335732209e-05
0.00875 9.79603881579576e-05 9.8078528040323e-05
0.009375 9.93985983084909e-05 9.95184726672197e-05
0.01 9.98795456205298e-05 0.0001
0.010625 9.93985983084909e-05 9.95184726672197e-05
0.01125 9.79603881579746e-05 9.8078528040323e-05
0.011875 9.55787659188709e-05 9.56940335732209e-05
0.0125 9.22766679153199e-05 9.23879532511287e-05
0.013125 8.80858951561899e-05 8.81921264348355e-05
0.01375 8.30468070740424e-05 8.31469612302545e-05
0.014375 7.72079328417818e-05 7.73010453362737e-05
0.015 7.06255040101016e-05 7.07106781186548e-05
0.015625 6.33629129669688e-05 6.34393284163646e-05
0.01625 5.54901024342869e-05 5.55570233019602e-05
0.016875 4.70828918811673e-05 4.71396736825997e-05
0.0175 3.8222247341133e-05 3.82683432365089e-05
0.018125 2.89935016647754e-05 2.90284677254462e-05
0.01875 1.94855327179273e-05 1.95090322016129e-05
0.019375 9.78990743913344e-06 9.80171403295608e-06
0.02046875 9.81353486550792e-07 0
0.0225 -1.10114283143059e-18 0
0.025 2.5410988417629e-19 0
0.0275 -3.38813178901721e-19 0
0.03 -1.43995601033231e-18 0
0.0325 -3.3881317890172e-19 0
0.035 -8.470329472543e-19 0
0.0375 1.27054942088145e-18 0
0.04 1.6940658945086e-19 0
0.0425 8.47032947254302e-20 0
0.045 -9.3173624197973e-19 0
0.0475 1.6940658945086e-19 0
0.05 2.5410988417629e-19 0
0.0525 3.38813178901721e-19 0
0.055 4.2351647362715e-19 0
0.0575 -2.11758236813575e-18 0
0.06 1.6940658945086e-19 0
0.0625 -8.470329472543e-19 0
0.065 -7.6232965252887e-19 0
0.0675 -1.6940658945086e-19 0
0.07 3.3881317890172e-19 0
0.0725 -3.38813178901722e-19 0
0.075 -2.5410988417629e-19 0
0.0775 -2.5410988417629e-19 0
0.08 -2.5410988417629e-19 0
0.0825 8.470329472543e-20 0
0.085 -1.6940658945086e-19 0
0.0875 -1.69406589450861e-19 0
0.09 0 0
0.0925 1.6940658945086e-19 0
0.095 -8.470329472543e-20 0
0.0975 -8.470329472543e-20 0
