0.0025 9.56708580912724 9.56708580912724
0.0075 29.475045518867 29.475045518867
0.0125 54.6402086117717 54.6402086117717
0.0175 65.0936550409514 65.0936550409514
0.02015625 21.5231679551721 64.8217284899909
0.02046875 21.0309053381421 63.8320837802203
0.02078125 20.5559181637376 62.8722028211194
0.02109375 20.0973831071073 61.9407627793267
0.02140625 19.654526572589 61.0365180672197
0.02171875 19.2266210550978 60.158294785677
0.02203125 18.8129818138584 59.3049856397803
0.02234375 18.4129638277769 58.4755452811821
0.02265625 18.0259590051241 57.6689860359244
0.02296875 17.6513936231997 56.8843739810146
0.02328125 17.288725976252 56.1208253369743
0.02359375 16.9374442122493 55.3775031470806
0.02390625 16.5970643411221 54.6536142170544
0.02421875 16.2671283989027 53.9484062916735
0.02453125 15.9472027537795 53.2611654471933
0.02484375 15.6368765414912 52.5912136805623
0.02515625 15.3357602187425 51.9379066783193
0.02546875 15.0434842244401 51.3006317497508
0.02578125 14.7596977395359 50.6788059103597
0.02609375 14.4840675371535 50.0718741030502
0.02640625 14.2162769154638 49.479307545618
0.02671875 13.9560247064852 48.9006021942078
0.02703125 13.7030243546151 48.3352773133495
0.02734375 13.4570030592716 47.7828741440542
0.02765625 13.2177009765282 47.2429546622005
0.02796875 12.9848704750946 46.7151004201647
0.02828125 12.758275442398 46.1989114652457
0.02859375 12.5376906368997 45.6940053290133
0.02890625 12.3229010831167 45.2000160822133
0.02921875 12.113701506118 44.7165934503184
0.02953125 11.909895802545 44.2434019852356
0.02984375 11.7112965454526 43.7801202890551
0.03015625 11.5177245204896 43.3264402860603
0.03046875 11.3290082911469 42.8820665395365
0.03078125 11.1449837909861 42.446715610201
0.03109375 10.9654939409262 42.020115453315
0.03140625 10.7903882898256 41.6020048517886
0.03171875 10.6195226767353 41.1921328828053
0.03203125 10.4527589133212 40.790258415656
0.03234375 10.2899644850801 40.3961496386934
0.03265625 10.1310122700704 40.0095836134423
0.03296875 9.975780273985 39.6303458540732
0.03328125 9.82415138047275 39.258229930561
0.03359375 9.67601311570787 38.8930370939977
0.03390625 9.53125742627234 38.5345759226245
0.03421875 9.38978046948904 38.1826619872582
0.03453125 9.25148241540636 37.8371175348846
0.03484375 9.11626725969201 37.49777118928
0.03515625 8.9840426467469 37.1644576675975
0.03546875 8.85471970239955 36.8370175119356
0.03578125 8.72821287558709 36.5152968349757
0.03609375 8.60443978846801 36.1991470788283
0.03640625 8.48332109445478 35.8884247863067
0.03671875 8.36478034368291 35.5829913838699
0.03703125 8.2487438554752 35.2827129755678
0.03734375 8.13514059737885 34.9874601473208
0.03765625 8.02390207039192 34.6971077809526
0.03796875 7.91496220001404 34.4115348774048
0.03828125 7.8082572327828 34.1306243886092
0.03859375 7.70372563797945 33.8542630575269
0.03890625 7.60130801420891 33.5823412658995
0.03921875 7.50094700057637 33.3147528892787
0.03953125 7.40258719220117 33.0513951589294
0.03984375 7.30617505982556 32.7921685302327
0.04015625 7.21165887329196 32.5369765572352
0.04046875 7.11898862867404 32.28572577301
0.04078125 7.02811597886202 32.0383255755155
0.04109375 6.93899416741592 31.7946881186675
0.04140625 6.85157796550868 31.5547282083388
0.04171875 6.76582361179463 31.3183632030337
0.04203125 6.68168875504884 31.0855129189968
0.04234375 6.59913239942975 30.8560995395211
0.04265625 6.5181148522278 30.6300475282423
0.04296875 6.43859767397208 30.4072835462197
0.04328125 6.36054363077028 30.1877363726011
0.04359375 6.28391664877164 29.9713368287116
0.04390625 6.20868177064073 29.7580177053757
0.04421875 6.13480511394231 29.5477136933237
0.04453125 6.06225383134076 29.3403613165281
0.04484375 5.99099607252374 29.1358988683283
0.04515625 5.92100094776438 28.9342663502079
0.04546875 5.8522384930404 28.7354054130929
0.04578125 5.78467963663556 28.5392593010575
0.04609375 5.71829616715078 28.3457727973217
0.04640625 5.65306070285532 28.1548921724239
0.04671875 5.5889466623162 27.9665651344807
0.04703125 5.5259282362436 27.7807407814278
0.04734375 5.46398036049327 27.5973695551477
0.04765625 5.40307869017465 27.4164031974096
0.04796875 5.34319957480927 27.2377947075238
0.04828125 5.28432003449453 27.0614983016497
0.04859375 5.22641773702217 26.8874693736648
0.04890625 5.16947097591087 26.7156644575394
0.04921875 5.11345864930952 26.546041191142
0.04953125 5.05836023973281 26.3785582814191
0.04984375 5.00415579458959 26.2131754708775
0.05015625 4.95082590747131 26.0498535053276
0.05046875 4.89835170016368 25.8885541028182
0.05078125 4.84671480535201 25.7292399237242
0.05109375 4.79589734998784 25.5718745419274
0.05140625 4.7458819392892 25.4164224170527
0.05171875 4.69665164134527 25.2628488677048
0.05203125 4.6481899723017 25.1111200456767
0.05234375 4.60048088209897 24.961202911076
0.05265625 4.55350874074183 24.8130652083393
0.05296875 4.50725832507728 24.6666754430987
0.05328125 4.46171480605746 24.5220028598549
0.05359375 4.41686373647019 24.379017420439
0.05390625 4.37269103911482 24.2376897832185
0.05421875 4.3291829954069 24.0979912830267
0.05453125 4.286326234392 23.9598939117772
0.05484375 4.24410772215338 23.8233702997438
0.05515625 4.20251475159716 23.6883936974793
0.05546875 4.16153493259817 23.5549379583388
0.05578125 4.12115618249409 23.4229775215973
0.05609375 4.08136671691235 23.2924873961287
0.05640625 4.04215504091647 23.1634431446268
0.05671875 4.0035099404597 23.0358208683482
0.05703125 3.96542047413351 22.9095971923573
0.05734375 3.92787596519941 22.7847492512544
0.05765625 3.89086599389268 22.6612546753671
0.05796875 3.8543803899874 22.5390915773873
0.05828125 3.81840922561296 22.4182385394386
0.05859375 3.78294280831266 22.2986746005617
0.05890625 3.74797167433347 22.1803792445907
0.05921875 3.71348658214021 22.063332388419
0.05953125 3.67947850614398 21.9475143706323
0.05984375 3.64593863063778 21.8329059404989
0.06015625 3.61285834393055 21.7194882473012
0.06046875 3.58022923267347 21.607242830002
0.06078125 3.54804307636991 21.4961516072255
0.06109375 3.51629184206281 21.3861968675461
0.06140625 3.4849676791938 21.2773612600777
0.06171875 3.45406291462576 21.169627785343
0.06203125 3.42357004782516 21.0629797864243
0.06234375 3.39348174619634 20.9574009403766
0.06265625 3.36379084056366 20.8528752499005
0.06296875 3.33449032079516 20.7493870352605
0.06328125 3.30557333156336 20.6469209264446
0.06359375 3.27703316823778 20.5454618555532
0.06390625 3.24886327290486 20.444995049413
0.06421875 3.22105723051123 20.3455060224088
0.06453125 3.19360876512387 20.2469805695158
0.06484375 3.16651173630613 20.1494047595418
0.06515625 3.13976013560335 20.0527649285605
0.06546875 3.11334808313477 19.9570476735319
0.06578125 3.08726982428822 19.8622398461043
0.06609375 3.06151972651447 19.7683285465954
0.06640625 3.03609227621702 19.6753011181407
0.06671875 3.01098207573434 19.5831451410065
0.06703125 2.98618384041172 19.4918484270624
0.06734375 2.96169239575939 19.4013990144082
0.06765625 2.93750267469393 19.311785162148
0.06796875 2.9136097148605 19.2229953453101
0.06828125 2.89000865603328 19.1350182499079
0.06859375 2.86669473759065 19.0478427681316
0.06890625 2.84366329606347 18.9614579936732
0.06921875 2.82090976275402 18.8758532171783
0.06953125 2.79842966142287 18.79101792182
0.06984375 2.77621860604191 18.7069417789934
0.07015625 2.75427229861049 18.6236146441202
0.07046875 2.73258652703416 18.5410265525717
0.07078125 2.71115716306249 18.459167715695
0.07109375 2.68998016028461 18.3780285169445
0.07140625 2.66905155218127 18.2975995081177
0.07171875 2.64836745023027 18.2178714056856
0.07203125 2.62792404206509 18.1388350872227
0.07234375 2.60771758968359 18.0604815879258
0.07265625 2.58774442770635 17.982802097225
0.07296875 2.56800096168239 17.9057879554807
0.07328125 2.54848366644125 17.8294306507667
0.07359375 2.52918908448929 17.7537218157315
0.07390625 2.51011382444999 17.6786532245443
0.07421875 2.49125455954569 17.6042167899146
0.07453125 2.47260802612013 17.5304045601876
0.07484375 2.45417102220054 17.4572087165124
0.07515625 2.43594040609794 17.3846215700818
0.07546875 2.41791309504449 17.3126355594396
0.07578125 2.40008606386664 17.2412432478545
0.07609375 2.38245634369332 17.1704373207585
0.07640625 2.36502102069807 17.1002105832505
0.07671875 2.34777723487354 17.0305559576569
0.07703125 2.33072217883827 16.9614664811551
0.07734375 2.31385309667418 16.8929353034533
0.07765625 2.29716728279394 16.824955684526
0.07796875 2.2806620808375 16.7575209924037
0.07828125 2.26433488259685 16.6906247010166
0.07859375 2.24818312696835 16.6242603880902
0.07890625 2.23220429893125 16.5584217330877
0.07921875 2.21639592855258 16.4931025152057
0.07953125 2.20075559001662 16.4282966114131
0.07984375 2.18528090067913 16.3639979945387
0.08015625 2.16996952014503 16.3002007314019
0.08046875 2.15481914936917 16.2368989809888
0.08078125 2.13982752977928 16.1740869926676
0.08109375 2.12499244242093 16.1117591044493
0.08140625 2.11031170712317 16.0499097412844
0.08171875 2.09578318168504 15.9885334134019
0.08203125 2.08140476108174 15.9276247146841
0.08234375 2.06717437669032 15.86717832108
0.08265625 2.05308999553405 15.8071889890532
0.08296875 2.03914961954524 15.7476515540662
0.08328125 2.02535128484571 15.6885609290978
0.08359375 2.01169306104465 15.6299121031946
0.08390625 1.9981730505533 15.571700140054
0.08421875 1.98478938791598 15.5139201766401
0.08453125 1.97154023915694 15.4565674218281
0.08484375 1.95842380114293 15.3996371550809
0.08515625 1.94543830096057 15.3431247251538
0.08546875 1.93258199530862 15.287025548828
0.08578125 1.91985316990427 15.2313351096702
0.08609375 1.9072501389035 15.176048956822
0.08640625 1.89477124433493 15.1211627038135
0.08671875 1.88241485554673 15.0666720274033
0.08703125 1.8701793686664 15.0125726664432
0.08734375 1.85806320607298 14.9588604207672
0.08765625 1.8460648158814 14.9055311501049
0.08796875 1.83418267143872 14.8525807730175
0.08828125 1.82241527083177 14.8000052658564
0.08859375 1.81076113640598 14.747800661744
0.08890625 1.79921881429531 14.6959630495762
0.08921875 1.78778687396259 14.6444885730451
0.08953125 1.77646390775037 14.5933734296837
0.08984375 1.76524853044174 14.5426138699283
0.09015625 1.75413937883112 14.4922061962024
0.09046875 1.74313511130446 14.4421467620186
0.09078125 1.73223440742898 14.3924319710994
0.09109375 1.72143596755184 14.3430582765159
0.09140625 1.7107385124077 14.294022179844
0.09171875 1.70014078273505 14.2453202303386
0.09203125 1.6896415389008 14.1969490241236
0.09234375 1.6792395605332 14.1489052033989
0.09265625 1.66893364616273 14.101185455664
0.09296875 1.65872261287077 14.0537865129559
0.09328125 1.64860529594598 14.0067051511035
0.09359375 1.63858054854794 13.9599381889963
0.09390625 1.62864724137826 13.9134824878682
0.09421875 1.61880426235856 13.867334950595
0.09453125 1.60905051631541 13.8214925210062
0.09484375 1.59938492467206 13.7759521832105
0.09515625 1.58980642514658 13.7307109609339
0.09546875 1.58031397145658 13.685765916872
0.09578125 1.57090653303 13.6411141520535
0.09609375 1.56158309472216 13.5967528052176
0.09640625 1.5523426565386 13.5526790522023
0.09671875 1.54318423336386 13.5088901053454
0.09703125 1.53410685469583 13.4653832128966
0.09734375 1.52510956438567 13.422155658441
0.09765625 1.51619142038314 13.3792047603341
0.09796875 1.50735149448718 13.3365278711464
0.09828125 1.49858887210165 13.2941223771205
0.09859375 1.48990265199605 13.2519856976367
0.09890625 1.48129194607124 13.21011528469
0.09921875 1.47275587912987 13.168508622376
0.09953125 1.46429358865149 13.1271632263874
0.09984375 1.45590422457233 13.0860766435192
