0.00125 2.4386290252016 2.4386290252016
0.00375 8.57038059621278 8.57038059621278
0.00625 19.7023752591565 19.7023752591565
0.00875 33.7567770142821 33.7567770142821
0.01125 48.0504994645134 48.0504994645134
0.01375 59.7381737197804 59.7381737197804
0.01625 66.2867034980669 66.2867034980669
0.01875 65.905782914572 65.905782914572
0.020625 20.3918058934523 62.1312835816124
0.021875 18.6526326829234 58.5809245198062
0.023125 17.132950897554 55.4143880592761
0.024375 15.7964693540828 52.5726245690568
0.025625 14.6142411097412 50.0081062973956
0.026875 13.562922059366 47.6821478649584
0.028125 12.6234988864228 45.5629412931825
0.029375 11.7803457154471 43.6240927275152
0.030625 11.0205149008454 41.8435175141473
0.031875 10.3331971749244 40.2025952586903
0.033125 9.70930602474029 38.6855161923246
0.034375 9.14115436603031 37.2787701489674
0.035625 8.62220059953778 35.9707431261967
0.036875 8.14684739084657 34.7513959015799
0.038125 7.71028091687911 33.6120058720199
0.039375 7.30834146056059 32.5449580665589
0.040625 6.93741849983429 31.543574741434
0.041875 6.59436508992237 30.601975495421
0.043125 6.27642755652966 29.7149617129451
0.044375 5.98118742533229 28.8779205379325
0.045625 5.70651319523219 28.0867446327834
0.046875 5.45052007993208 27.3377647759093
0.048125 5.21153623751398 26.627692963548
0.049375 4.98807431194603 25.9535741543442
0.050625 4.77880734638423 25.312745162879
0.051875 4.58254831235779 24.7027994963037
0.053125 4.39823264368576 24.1215571552141
0.054375 4.22490327841736 23.5670385999218
0.055625 4.06169780308802 23.0374422268898
0.056875 3.907837366341 22.5311248153099
0.058125 3.76261708743697 22.046584496701
0.059375 3.62539773240403 21.5824458757178
0.060625 3.49559846890871 21.1374469916824
0.061875 3.37269054217401 20.7104278605373
0.063125 3.25619173985368 20.3003203781503
0.064375 3.14566153480436 19.9061393999338
0.065625 3.04069681205802 19.5269748399351
0.066875 2.94092810068275 19.161984656011
0.068125 2.84601624318138 18.8103886072769
0.069375 2.75564944506109 18.4714626864251
0.070625 2.66954065556634 18.1445341433025
0.071875 2.58742523758974 17.8289770277668
0.073125 2.50905889069321 17.5242081896854
0.074375 2.43421579617424 17.2296836822958
0.075625 2.36268695735186 16.9448955222578
0.076875 2.29427871185183 16.6693687657984
0.078125 2.22881139574294 16.4026588655457
0.079375 2.16611814200244 16.1443492771119
0.080625 2.10604379803819 15.8940492883195
0.081875 2.0484439489278 15.6513920472765
0.083125 1.99318403469836 15.4160327683701
0.084375 1.94013855140632 15.1876470977276
0.085625 1.88919032701833 14.9659296218483
0.086875 1.84022986416995 14.7505925049872
0.088125 1.79315474281374 14.5413642425051
0.089375 1.74786907658163 14.3379885188337
0.090625 1.70428301739549 14.1402231599532
0.091875 1.66231230347947 13.9478391713824
0.093125 1.62187784647022 13.7606198536457
0.094375 1.58290535379638 13.5783599880345
0.095625 1.54532498291663 13.4008650862302
0.096875 1.50907102437313 13.2279506980207
0.098125 1.4740816109411 13.0594417719313
0.099375 1.44029845044141 12.8951720641083
