0.000625 1223.14774423359 980.171403295606
0.00125 2068.86540360287 1950.90322016128
0.001875 2977.60822771892 2902.84677254462
0.0025 3878.89050913628 3826.8343236509
0.003125 4751.56301349909 4713.96736825998
0.00375 5583.00881022007 5555.70233019602
0.004375 6363.38402896712 6343.93284163646
0.005 7084.23545429302 7071.06781186548
0.005625 7738.08673032413 7730.10453362737
0.00625 8318.310977034 8314.69612302545
0.006875 8819.10330723691 8819.21264348355
0.0075 9235.49070237773 9238.79532511287
0.008125 9563.35489727444 9569.40335732209
0.00875 9799.45761164905 9807.8528040323
0.009375 9941.46298855667 9951.84726672197
0.01 9987.95456205208 10000
0.010625 9938.44527993197 9951.84726672197
0.01125 9793.37975235594 9807.8528040323
0.011875 9554.12827767636 9569.40335732209
0.0125 9222.97244502457 9238.79532511287
0.013125 8803.08229143746 8819.21264348355
0.01375 8298.48513029977 8314.69612302545
0.014375 7714.02628351226 7730.10453362737
0.015 7055.32204991458 7071.06781186548
0.015625 6328.70533166209 6343.93284163646
0.01625 5541.16442032239 5555.70233019602
0.016875 4700.27551675069 4713.96736825998
0.0175 3814.12962339473 3826.83432365089
0.018125 2891.25450496993 2902.84677254462
0.01875 1940.53246300587 1950.90322016129
0.019375 971.11471164543 980.171403295608
0.019921875 323.269383804149 122.715382857205
0.0203125 1.13226349936322e-09 0
0.020625 1.17550351955959e-09 0
0.0209375 3.83489145889047e-09 0
0.02125 -1.09837275243968e-09 0
0.0215625 3.00275494832092e-09 0
0.021875 -1.86566088784147e-09 0
0.0221875 8.33455635265719e-10 0
0.0225 -7.63460478488569e-10 0
0.0228125 1.90716741678025e-09 0
0.023125 -1.69790353938549e-09 0
0.0234375 3.02630547438801e-09 0
0.02375 3.31277168531591e-09 0
0.0240625 1.23916748403546e-09 0
0.024375 -7.93558445022421e-10 0
0.0246875 1.12833168887762e-09 0
0.025 -1.71146706783319e-09 0
0.0253125 1.24989134042986e-09 0
0.025625 -5.18157371753802e-10 0
0.0259375 9.25545857356082e-10 0
0.02625 1.06876758703965e-09 0
0.0265625 -4.2797560880102e-10 0
0.026875 1.35475312044044e-09 0
0.0271875 -6.9584185157196e-10 0
0.0275 8.63650656894823e-11 0
0.0278125 -3.85287124164665e-10 0
0.028125 7.00914601572972e-10 0
0.0284375 -5.62494178316551e-10 0
0.02875 -3.30546813110331e-10 0
0.0290625 1.0880185398625e-09 0
0.029375 -3.19837171091044e-10 0
0.0296875 -8.0614579761845e-11 0
0.03 1.19407197271377e-09 0
0.0303125 9.01158265606028e-10 0
0.030625 -9.16863207302155e-10 0
0.0309375 1.71080080498701e-09 0
0.03125 -2.28233963512012e-09 0
0.0315625 7.83263122156449e-10 0
0.031875 -2.98588612076421e-09 0
0.0321875 7.73790884261259e-10 0
0.0325 7.41258991930581e-10 0
0.0328125 5.30414923571344e-10 0
0.033125 -2.50583861877052e-10 0
0.0334375 -5.53072488783078e-10 0
0.03375 3.87422968744193e-10 0
0.0340625 1.28007996642793e-11 0
0.034375 -8.06912324483727e-10 0
0.0346875 6.45079242642487e-10 0
0.035 -6.82628556855254e-10 0
0.0353125 -1.07656128271225e-09 0
0.035625 1.28234755370009e-09 0
0.0359375 -1.41075800559879e-09 0
0.03625 1.08355191141562e-09 0
0.0365625 1.05092603801974e-10 0
0.036875 7.606993431876e-10 0
0.0371875 3.02417529487038e-10 0
0.0375 4.5414590073414e-10 0
0.0378125 -1.77484784932925e-09 0
0.038125 -1.67425452831903e-09 0
0.0384375 -2.80580171602658e-09 0
0.03875 -1.26694656983591e-09 0
0.0390625 -4.51512673009681e-10 0
0.039375 3.11382607427895e-09 0
0.0396875 1.00685166664974e-09 0
0.04 1.3595684115036e-09 0
0.0403125 1.51763557330931e-09 0
0.040625 1.34199020103783e-09 0
0.0409375 -9.74885837676074e-10 0
0.04125 2.52146308193205e-09 0
0.0415625 1.77539247929846e-09 0
0.041875 2.16070121611551e-09 0
0.0421875 1.12785422344266e-09 0
0.0425 -4.84618151370839e-10 0
0.0428125 2.48015719883567e-09 0
0.043125 5.91772331055883e-10 0
0.0434375 1.83257533485299e-09 0
0.04375 -9.13533993130654e-10 0
0.0440625 1.02913241466264e-09 0
0.044375 -8.09259551519732e-10 0
0.0446875 -2.11822378929434e-09 0
0.045 -2.92794405864302e-09 0
0.0453125 -6.52364277774794e-10 0
0.045625 -5.84263927626701e-10 0
0.0459375 3.9203280350335e-10 0
0.04625 -1.6278777901234e-09 0
0.0465625 -1.98453783366886e-09 0
0.046875 3.75640317678851e-10 0
0.0471875 1.85743701903952e-09 0
0.0475 1.26556488981434e-09 0
0.0478125 -1.08758810018709e-09 0
0.048125 -1.22547499761318e-09 0
0.0484375 -6.86561775185884e-10 0
0.04875 6.46005988391758e-10 0
0.0490625 2.43984765500706e-10 0
0.049375 1.1121727100846e-09 0
0.0496875 7.65456936309144e-11 0
0.05 3.25686515413988e-09 0
0.0503125 1.02204682207784e-09 0
0.050625 -4.25448428202044e-10 0
0.0509375 -1.9274153008038e-10 0
0.05125 2.97311119169135e-10 0
0.0515625 5.21953423463795e-10 0
0.051875 1.02965213544093e-09 0
0.0521875 -9.76326046302979e-11 0
0.0525 -3.36879483774086e-10 0
0.0528125 -1.41074249628576e-11 0
0.053125 1.44063374637181e-09 0
0.0534375 -3.06726232608456e-10 0
0.05375 -1.30349411812641e-09 0
0.0540625 -8.96695065393115e-10 0
0.054375 -4.06915603145217e-10 0
0.0546875 -8.21869777039808e-10 0
0.055 -1.38599288981272e-10 0
0.0553125 9.03238168478613e-10 0
0.055625 9.44233109876368e-12 0
0.0559375 -4.12950929805007e-10 0
0.05625 4.04637844032132e-10 0
0.0565625 1.41551506914131e-09 0
0.056875 4.05506784212025e-11 0
0.0571875 -2.96033850317958e-10 0
0.0575 1.20585323350125e-09 0
0.0578125 9.95375181171788e-10 0
0.058125 8.26143590309141e-11 0
0.0584375 1.41348608397199e-10 0
0.05875 -4.95653336326083e-10 0
0.0590625 2.02905468658677e-09 0
0.059375 1.01673575892787e-09 0
0.0596875 5.44523323636728e-10 0
0.06 -6.75511215217674e-10 0
0.0603125 -1.35021693016823e-09 0
0.060625 -7.47157129927992e-10 0
0.0609375 -1.0169609313752e-09 0
0.06125 -8.58725452512461e-11 0
0.0615625 3.42162466285186e-10 0
0.061875 -1.27661528557824e-09 0
0.0621875 -1.1309387641502e-09 0
0.0625 -1.05484261779294e-09 0
0.0628125 -2.23752104509432e-09 0
0.063125 1.02916327439007e-09 0
0.0634375 6.60006304233905e-10 0
0.06375 -1.32594870960752e-09 0
0.0640625 3.82033442163674e-10 0
0.064375 -4.28152786057281e-10 0
0.0646875 -7.23684442888526e-10 0
0.065 -1.10131659969462e-09 0
0.0653125 8.66838147019609e-10 0
0.065625 7.45532203212448e-10 0
0.0659375 -6.28449454192827e-10 0
0.06625 -8.78123569665803e-10 0
0.0665625 1.09718216488711e-09 0
0.066875 6.35637545313843e-11 0
0.0671875 6.52028341279636e-10 0
0.0675 9.1924896954523e-10 0
0.0678125 -1.45664279683291e-09 0
0.068125 -7.585476957648e-10 0
0.0684375 5.98156596265219e-10 0
0.06875 3.38707740856539e-10 0
0.0690625 5.04537695839145e-10 0
0.069375 3.4607798922059e-11 0
0.0696875 2.88302395591822e-10 0
0.07 -4.51094767917162e-10 0
0.0703125 -3.27783214708359e-10 0
0.070625 -4.04318455411195e-10 0
0.0709375 -1.76206335989773e-10 0
0.07125 -5.10551016133518e-10 0
0.0715625 -4.81556629744351e-10 0
0.071875 2.66706800782526e-11 0
0.0721875 -7.77766126517011e-10 0
0.0725 -1.23112261406874e-10 0
0.0728125 -3.22224415175943e-10 0
0.073125 7.2117431397432e-10 0
0.0734375 -3.67433630998423e-10 0
0.07375 -6.92699291944612e-10 0
0.0740625 5.39652710703885e-11 0
0.074375 1.17966353145474e-11 0
0.0746875 3.53024240569608e-10 0
0.075 -1.07338677114823e-09 0
0.0753125 1.57457584494761e-10 0
0.075625 6.76528700121975e-10 0
0.0759375 -4.43934991100905e-10 0
0.07625 8.91713249110976e-10 0
0.0765625 1.17756628331278e-10 0
0.076875 -5.62363590633106e-10 0
0.0771875 -2.00048710300923e-10 0
0.0775 -1.74994213903541e-10 0
0.0778125 5.77748750248156e-10 0
0.078125 -3.84912455509624e-10 0
0.0784375 -4.97584927128301e-10 0
0.07875 -2.50866306487228e-11 0
0.0790625 -1.27872275424366e-10 0
0.079375 3.11729550854254e-11 0
0.0796875 -3.66972699030107e-10 0
0.08 -1.91051009515441e-10 0
0.0803125 -1.49674829027413e-11 0
0.080625 -7.02248351371285e-10 0
0.0809375 3.13485968582146e-10 0
0.08125 2.44379764933292e-10 0
0.0815625 -7.29533139194701e-10 0
0.081875 2.45164363788986e-10 0
0.0821875 1.39695956051742e-10 0
0.0825 -2.70438804651935e-10 0
0.0828125 5.14098969334294e-10 0
0.083125 -4.68404913434624e-11 0
0.0834375 -5.7024112706312e-10 0
0.08375 -6.20684703008189e-10 0
0.0840625 1.32335051604626e-10 0
0.084375 9.27236925572269e-11 0
0.0846875 -3.52253070991256e-10 0
0.085 -7.41946863676298e-10 0
0.0853125 4.92544188241213e-10 0
0.085625 3.24372467215948e-10 0
0.0859375 -1.67259580946802e-10 0
0.08625 -4.45331321846687e-10 0
0.0865625 1.08582544960132e-10 0
0.086875 -3.11420463730711e-10 0
0.0871875 1.11469480194667e-10 0
0.0875 1.39749156560242e-10 0
0.0878125 -1.25691495288263e-10 0
0.088125 1.19971528772975e-10 0
0.0884375 4.5242767136918e-12 0
0.08875 -4.52337042010057e-10 0
0.0890625 -8.11318575998177e-12 0
0.089375 -5.95221620094164e-11 0
0.0896875 -2.09944334468494e-10 0
0.09 3.50428006620643e-11 0
0.0903125 4.24374369853536e-11 0
0.090625 4.3395714319602e-11 0
0.0909375 -7.10061087021544e-11 0
0.09125 1.49031948285921e-10 0
0.0915625 -4.7673533110136e-11 0
0.091875 -1.12131441381373e-10 0
0.0921875 1.29490740327448e-10 0
0.0925 -5.07265384801947e-11 0
0.0928125 -8.07003480418718e-11 0
0.093125 2.67093284105082e-10 0
0.0934375 2.14857784228545e-10 0
0.09375 -2.29351531293891e-10 0
0.0940625 -1.26308841931165e-10 0
0.094375 7.97499580314112e-11 0
0.0946875 2.49124247587627e-11 0
0.095 -6.31549747075209e-11 0
0.0953125 3.3841152684653e-12 0
0.095625 4.35161994214468e-11 0
0.0959375 1.47247654207773e-10 0
0.09625 -4.65714560738102e-11 0
0.0965625 -2.95967483481992e-11 0
0.096875 -1.33566030601735e-10 0
0.0971875 5.75749076096007e-11 0
0.0975 -3.98541598583398e-11 0
0.0978125 1.70708366602785e-11 0
0.098125 1.01304865163475e-12 0
0.0984375 -2.03035920789646e-11 0
0.09875 1.36274423924832e-12 0
0.0990625 1.51813519970707e-11 0
0.099375 -1.41412752372469e-11 0
0.0996875 1.93894701222663e-11 0
