0.00125 2422.17793023229 1950.90322016128
0.0025 4034.79714486664 3826.8343236509
0.00375 5664.78056106312 5555.70233019602
0.005 7123.65441838131 7071.06781186548
0.00625 8329.1139940483 8314.69612302545
0.0075 9225.56594681279 9238.79532511287
0.00875 9774.28402307228 9807.8528040323
0.01 9951.84726672188 10000
0.01125 9750.00187009404 9807.8528040323
0.0125 9175.55323255695 9238.79532511287
0.01375 8249.90613151319 8314.69612302545
0.015 7008.14011071537 7071.06781186548
0.01625 5497.60461507559 5555.70233019602
0.0175 3776.06563119315 3826.83432365089
0.01875 1909.46449843261 1950.90322016128
0.0209375 181.404856729353 0
0.025 -4.49598793933279e-12 0
0.03 -1.01900739345895e-11 0
0.035 8.18417262398262e-12 0
0.04 3.94671157959528e-12 0
0.045 -6.84181563101847e-12 0
0.05 3.75393195436819e-12 0
0.055 -1.13329801361994e-12 0
0.06 6.66133814775093e-12 0
0.065 -6.32802332883028e-12 0
0.07 1.56294450780063e-12 0
0.075 5.13891844911049e-12 0
0.08 -1.9814619628124e-12 0
0.085 -1.07854523141453e-12 0
0.09 8.93638525749839e-13 0
0.095 5.43181984985133e-14 0
