0.00125 2422.17793023229 1950.90322016128
0.0025 4034.79714486664 3826.8343236509
0.00375 5664.78056106312 5555.70233019602
0.005 7123.65441838131 7071.06781186548
0.00625 8329.1139940483 8314.69612302545
0.0075 9225.56594681279 9238.79532511287
0.00875 9774.28402307213 9807.8528040323
0.01 9951.84726672193 10000
0.01125 9750.00187009426 9807.8528040323
0.0125 9175.55323255673 9238.79532511287
0.01375 8249.90613151326 8314.69612302545
0.015 7008.14011071537 7071.06781186548
0.01625 5497.60461507559 5555.70233019602
0.0175 3776.06563119315 3826.83432365089
0.01875 1909.46449843261 1950.90322016128
0.019765625 768.640341557174 368.072229413588
0.0203125 -4.18240219748751e-10 0
0.020625 6.14144427949544e-10 0
0.0209375 5.48845650749306e-09 0
0.02125 -5.66868789820324e-10 0
0.0215625 1.15659995548866e-09 0
0.021875 -1.08493448403595e-09 0
0.0221875 -1.34709956909397e-09 0
0.0225 -6.47411856123278e-10 0
0.0228125 2.77367524395446e-09 0
0.023125 -5.42907987584057e-10 0
0.0234375 3.01918233287577e-09 0
0.02375 2.7385071713936e-09 0
0.0240625 9.55694468947833e-10 0
0.024375 -3.05280066147468e-10 0
0.0246875 -4.82701526465299e-10 0
0.025 1.06150894458842e-09 0
0.0253125 -1.33022470307319e-09 0
0.025625 6.64478514550876e-10 0
0.0259375 4.24082958990176e-10 0
0.02625 1.78214658879566e-09 0
0.0265625 1.63354580419155e-11 0
0.026875 -7.02187356425812e-10 0
0.0271875 9.93126398487679e-10 0
0.0275 2.99788059521335e-10 0
0.0278125 6.51949105424251e-10 0
0.028125 -2.20605269307376e-09 0
0.0284375 7.60902282751491e-10 0
0.02875 7.91047292763543e-11 0
0.0290625 1.9075786947352e-10 0
0.029375 1.73864978426219e-10 0
0.0296875 -5.9181266608646e-11 0
0.03 8.32515507670111e-11 0
0.0303125 2.6287256941442e-09 0
0.030625 -9.28814096960066e-10 0
0.0309375 -2.86413522002805e-10 0
0.03125 -3.97697561397961e-11 0
0.0315625 -1.03345597718744e-09 0
0.031875 -1.20090467393531e-09 0
0.0321875 3.19064502154728e-10 0
0.0325 9.37686445587362e-10 0
0.0328125 -3.05106495230053e-10 0
0.033125 6.54184338098949e-10 0
0.0334375 -2.96455941258784e-10 0
0.03375 -6.23868328134825e-10 0
0.0340625 7.38753515574576e-10 0
0.034375 -7.57202469722519e-10 0
0.0346875 1.0105429447363e-09 0
0.035 -1.75605561837857e-09 0
0.0353125 -3.67348430152242e-10 0
0.035625 -2.00465735523661e-10 0
0.0359375 -6.45988435622411e-10 0
0.03625 1.8485900598646e-09 0
0.0365625 -1.37771502375014e-09 0
0.036875 1.40178348910012e-09 0
0.0371875 2.13075169417126e-09 0
0.0375 -8.1785070573217e-11 0
0.0378125 -1.97329826208205e-09 0
0.038125 -2.908026927049e-09 0
0.0384375 -1.6915911542019e-09 0
0.03875 -2.57057534357657e-09 0
0.0390625 1.38983961313951e-09 0
0.039375 1.92996136344331e-09 0
0.0396875 2.68549972288813e-10 0
0.04 3.17928194835414e-09 0
0.0403125 6.00114411822365e-10 0
0.040625 3.70857076107832e-10 0
0.0409375 4.63247793358413e-10 0
0.04125 2.99129852756207e-09 0
0.0415625 1.08497685946661e-09 0
0.041875 1.16392225788689e-09 0
0.0421875 1.13964244205401e-09 0
0.0425 6.39771095213427e-10 0
0.0428125 2.759187849813e-09 0
0.043125 -1.68098077494282e-10 0
0.0434375 1.46137698235388e-09 0
0.04375 -3.54801657346619e-10 0
0.0440625 5.69590441495683e-10 0
0.044375 -1.38471289989467e-09 0
0.0446875 -1.8538381806089e-09 0
0.045 -1.53939774031291e-09 0
0.0453125 -1.88801729900615e-09 0
0.045625 -9.32654455374043e-10 0
0.0459375 -2.50058362777909e-11 0
0.04625 2.65075973769724e-10 0
0.0465625 -2.14079248426554e-09 0
0.046875 -7.76621104743268e-10 0
0.0471875 1.24594590289187e-09 0
0.0475 1.28407037070634e-09 0
0.0478125 9.43886319816348e-10 0
0.048125 -2.59009086093344e-09 0
0.0484375 1.16665413296458e-09 0
0.04875 -6.8460714165588e-10 0
0.0490625 1.13725202172035e-11 0
0.049375 1.21812229408092e-09 0
0.0496875 1.7344193623867e-09 0
0.05 2.37661400392507e-10 0
0.0503125 2.12408060773984e-09 0
0.050625 3.86851045024952e-10 0
0.0509375 -8.66304976858869e-10 0
0.05125 8.08868264035757e-10 0
0.0515625 9.37473267818573e-11 0
0.051875 1.235078054819e-09 0
0.0521875 -4.00580574556943e-10 0
0.0525 -8.26237455267955e-10 0
0.0528125 1.24013887843833e-09 0
0.053125 1.0574795220372e-09 0
0.0534375 -2.16316253056151e-10 0
0.05375 -1.72452729085632e-09 0
0.0540625 -6.03350111592383e-10 0
0.054375 -8.41402880853334e-10 0
0.0546875 -1.02657650764155e-09 0
0.055 1.24974291843172e-09 0
0.0553125 -5.20247496342585e-11 0
0.055625 -2.51995713421011e-11 0
0.0559375 -3.1914688922481e-10 0
0.05625 6.45743513650051e-12 0
0.0565625 1.2070133694927e-09 0
0.056875 -1.19976718361577e-10 0
0.0571875 2.43883778734571e-10 0
0.0575 1.15834860366655e-09 0
0.0578125 1.2718177396432e-09 0
0.058125 4.73865663954458e-10 0
0.0584375 -8.12374528906485e-10 0
0.05875 8.92091751175862e-11 0
0.0590625 1.02819023244547e-09 0
0.059375 1.12032125948231e-09 0
0.0596875 2.3176823885443e-09 0
0.06 -2.01089502935854e-09 0
0.0603125 -1.24047448933874e-09 0
0.060625 -3.22332490492094e-10 0
0.0609375 -1.44672339660018e-09 0
0.06125 7.71694572345672e-11 0
0.0615625 -1.96115150400696e-10 0
0.061875 -8.71740092387333e-10 0
0.0621875 -7.92416271390633e-10 0
0.0625 -1.38354386823484e-09 0
0.0628125 -1.75010510925494e-09 0
0.063125 8.46968452667558e-10 0
0.0634375 1.27772886813634e-09 0
0.06375 -1.34776923040994e-09 0
0.0640625 -9.26058535106106e-11 0
0.064375 -4.47194542569366e-10 0
0.0646875 -3.8193090962865e-10 0
0.065 -7.31835665708925e-10 0
0.0653125 7.62161300515256e-11 0
0.065625 8.57810857504702e-10 0
0.0659375 -7.75669089424227e-10 0
0.06625 -8.79464216337048e-10 0
0.0665625 4.43608909899068e-10 0
0.066875 9.13453162259186e-10 0
0.0671875 8.87077711690925e-10 0
0.0675 -2.00196757415237e-10 0
0.0678125 -6.20369386630918e-10 0
0.068125 -1.05598303635481e-09 0
0.0684375 8.03217498958449e-10 0
0.06875 2.76233959982066e-10 0
0.0690625 -2.54673746020138e-10 0
0.069375 3.47377456819817e-10 0
0.0696875 7.01587083387061e-10 0
0.07 8.14857229234512e-11 0
0.0703125 -1.41789171033475e-09 0
0.070625 1.56121232472885e-10 0
0.0709375 -5.81862204256305e-10 0
0.07125 1.75712900705603e-10 0
0.0715625 -4.07389264917202e-10 0
0.071875 -2.53733764132619e-11 0
0.0721875 -6.91862769710787e-10 0
0.0725 1.70053051017395e-10 0
0.0728125 -1.00417569446917e-09 0
0.073125 6.23343061979117e-10 0
0.0734375 -4.50232017920238e-10 0
0.07375 -8.14786203953084e-10 0
0.0740625 6.16403318448438e-10 0
0.074375 -6.06345626244312e-10 0
0.0746875 9.90131331453103e-11 0
0.075 1.51714106481209e-10 0
0.0753125 -2.1751536853698e-11 0
0.075625 -3.22571208225125e-11 0
0.0759375 6.32348607400233e-10 0
0.07625 -2.96446490007139e-10 0
0.0765625 -1.38918551323794e-10 0
0.076875 3.61754379383926e-11 0
0.0771875 -3.70806816801457e-10 0
0.0775 -1.39344312226691e-10 0
0.0778125 4.7693998795103e-10 0
0.078125 -7.68198937302232e-10 0
0.0784375 1.84448610548138e-10 0
0.07875 -9.3989214845692e-11 0
0.0790625 -3.58702499662144e-10 0
0.079375 2.89831161183976e-10 0
0.0796875 -5.4438718062073e-10 0
0.08 -1.51950231187639e-10 0
0.0803125 -4.30506346912e-10 0
0.080625 4.70036163033136e-10 0
0.0809375 -6.79600716019626e-10 0
0.08125 5.51071459987825e-10 0
0.0815625 -4.56505583153306e-10 0
0.081875 2.08552428931118e-10 0
0.0821875 -1.40084409175929e-10 0
0.0825 9.46836694951785e-11 0
0.0828125 2.83985209554366e-10 0
0.083125 -3.59286179383894e-10 0
0.0834375 -2.70007468337031e-10 0
0.08375 -5.44475178380766e-10 0
0.0840625 -2.24672894761286e-11 0
0.084375 1.01893855834556e-10 0
0.0846875 -6.92771261108732e-10 0
0.085 -3.37533035084451e-11 0
0.0853125 2.95108536375484e-10 0
0.085625 3.67411802987331e-10 0
0.0859375 -3.2958592775832e-10 0
0.08625 -5.8945565924189e-10 0
0.0865625 1.65997564018865e-10 0
0.086875 -1.20552506952373e-10 0
0.0871875 8.25166138554793e-11 0
0.0875 7.39854804305557e-12 0
0.0878125 8.88069905911734e-12 0
0.088125 -2.12921794432169e-10 0
0.0884375 2.06337803134981e-10 0
0.08875 -4.93693469294298e-10 0
0.0890625 -4.8272905966161e-11 0
0.089375 -1.64608831129397e-10 0
0.0896875 7.92242771579223e-11 0
0.09 1.18290688976395e-10 0
0.0903125 4.88990384678342e-11 0
0.090625 -1.793572399971e-10 0
0.0909375 6.33871401678773e-12 0
0.09125 4.69733262756363e-11 0
0.0915625 9.53478115810185e-11 0
0.091875 -5.73419828204379e-11 0
0.0921875 -2.30313951401156e-11 0
0.0925 -6.87707640072773e-12 0
0.0928125 1.1724839126372e-10 0
0.093125 9.51666712432916e-11 0
0.0934375 4.87590040227552e-11 0
0.09375 8.38538469147052e-11 0
0.0940625 -2.62598697913408e-10 0
0.094375 4.6958175522583e-11 0
0.0946875 5.87324825163651e-12 0
0.095 -3.55478571487862e-11 0
0.0953125 -6.45084562601748e-11 0
0.095625 1.33376223417613e-10 0
0.0959375 1.24429925592641e-10 0
0.09625 -5.12044137434668e-11 0
0.0965625 -5.8905552779903e-11 0
0.096875 -1.20840729705199e-10 0
0.0971875 1.59399837600707e-12 0
0.0975 4.25870165343402e-11 0
0.0978125 4.6742226703686e-11 0
0.098125 -2.32175334122663e-11 0
0.0984375 2.055542359713e-11 0
0.09875 -1.01133113090856e-11 0
0.0990625 -3.2910524580183e-12 0
0.099375 -1.1987383899154e-12 0
0.0996875 -3.26332427039955e-12 0
