7.8125e-05 153.390185878379 122.715382857199
0.00015625 260.742756991021 245.412285229123
0.000234375 378.284845379918 368.072229413588
0.0003125 498.328123567262 490.67674327418
0.000390625 619.320157209586 613.207363022086
0.00046875 740.731170341557 735.645635996674
0.000546875 862.323586160138 857.973123444399
0.000625 983.969413505294 980.171403295606
0.000703125 1105.5893785912 1102.22207293883
0.00078125 1227.12857852639 1224.10675199216
0.000859375 1348.5454161789 1345.80708507126
0.0009375 1469.80606997658 1467.30474455362
0.001015625 1590.88151628216 1588.58143333861
0.00109375 1711.74582953946 1709.61888760301
0.001171875 1832.3751634404 1830.39887955141
0.00125 1952.74711539241 1950.90322016128
0.001328125 2072.84031571844 2071.11376192219
0.00140625 2192.63415518981 2191.0124015687
0.001484375 2312.10859921702 2310.58108280671
0.0015625 2431.24405868457 2429.80179903264
0.001640625 2550.02129829206 2548.65659604515
0.00171875 2668.4213711087 2667.12757474898
0.001796875 2786.42556997907 2785.19689385053
0.001875 2904.01539297666 2902.84677254462
0.001953125 3021.17251663148 3020.05949319228
0.00203125 3137.87877646344 3136.81740398891
0.002109375 3254.1161527883 3253.10292162263
0.0021875 3369.86675927554 3368.8985339222
0.002265625 3485.11283503506 3484.18680249435
0.00234375 3599.83673878984 3598.95036534988
0.002421875 3714.02094434914 3713.17193951838
0.0025 3827.64803741281 3826.8343236509
0.002578125 3940.70071406146 3939.92040061048
0.00265625 4053.16177885652 4052.4131400499
0.002734375 4165.01414497389 4164.29560097637
0.0028125 4276.24083355314 4275.55093430282
0.002890625 4386.82497426664 4386.16238538528
0.00296875 4496.74980601948 4496.11329654607
0.003046875 4605.99867786023 4605.3871095824
0.003125 4714.55505001359 4713.96736825998
0.003203125 4822.40249558234 4821.83772079123
0.00328125 4929.52470149813 4928.98192229784
0.003359375 5035.90547055103 5035.38383725718
0.0034375 5141.5287231004 5141.02744193222
0.003515625 5246.37849836492 5245.89682678469
0.00359375 5350.43895710655 5349.97619887097
0.003671875 5453.69438259825 5453.24988422046
0.00375 5556.12918332068 5555.70233019602
0.003828125 5657.72789462151 5657.31810783613
0.00390625 5758.47518051959 5758.08191417845
0.003984375 5858.35583624002 5857.97857456439
0.0040625 5957.35478972424 5956.99304492433
0.004140625 6055.45710411155 6055.11041404326
0.00421875 6152.64797933344 6152.31590580627
0.004296875 6248.91275463696 6248.59488142386
0.004375 6344.2369102524 6343.93284163646
0.004453125 6438.60606958254 6438.31542889791
0.00453125 6532.0060014798 6531.72842953777
0.004609375 6624.42262158484 6624.15777590172
0.0046875 6715.84199527599 6715.58954847018
0.004765625 6806.25033888168 6806.00997795453
0.00484375 6895.63402202316 6895.40544737067
0.004921875 6983.97956974856 6983.76249408973
0.005 7071.27366397714 7071.06781186548
0.005078125 7157.50314592935 7157.30825283819
0.00515625 7242.65501790769 7242.47082951467
0.005234375 7326.71644504108 7326.54271672413
0.0053125 7409.67475754187 7409.51125354959
0.005390625 7491.51745187034 7491.36394523459
0.00546875 7572.23219361235 7572.08846506484
0.005546875 7651.80681817407 7651.67265622459
0.005625 7730.22933354871 7730.10453362737
0.005703125 7807.48792137609 7807.37228572094
0.00578125 7883.57093919944 7883.46427626606
0.005859375 7958.46692177704 7958.36904608883
0.0059375 8032.16458311956 8032.07531480645
0.006015625 8104.65281805473 8104.57198252595
0.00609375 8175.92070378921 8175.84813151584
0.006171875 8245.95750157768 8245.89302785025
0.00625 8314.75265839095 8314.69612302545
0.006328125 8382.29580850979 8382.24705554838
0.00640625 8448.57677482449 8448.53565249707
0.006484375 8513.58557075134 8513.55193105265
0.0065625 8577.31240141955 8577.28610000272
0.006640625 8639.74766507303 8639.72856121587
0.00671875 8700.88195494306 8700.86991108711
0.006796875 8760.70606010038 8760.70094195407
0.006875 8819.21096724909 8819.21264348355
0.006953125 8876.3878618642 8876.39620402854
0.00703125 8932.22812965339 8932.24301195515
0.007109375 8986.72335754192 8986.74465693954
0.0071875 9039.86533545619 9039.89293123443
0.007265625 9091.6460569761 9091.67983090522
0.00734375 9142.05772103898 9142.09755703531
0.007421875 9191.09273262172 9191.13851690058
0.0075 9238.74370436564 9238.79532511287
0.007578125 9285.00345728887 9285.06080473216
0.00765625 9329.86502211359 9329.92798834739
0.007734375 9373.32164029933 9373.39011912575
0.0078125 9415.3667646348 9415.44065183021
0.007890625 9455.99406110108 9456.07325380521
0.00796875 9495.19740869471 9495.28180593037
0.008046875 9532.97090138915 9533.06040354194
0.008125 9569.30884839123 9569.40335732209
0.008203125 9604.20577511127 9604.30519415566
0.00828125 9637.65642410263 9637.7606579544
0.008359375 9669.65575584425 9669.76471044852
0.0084375 9700.19894941838 9700.31253194544
0.008515625 9729.28140310215 9729.3995220556
0.00859375 9756.89873543834 9757.02130038529
0.008671875 9783.04678549314 9783.17370719628
0.00875 9807.72161377311 9807.8528040323
0.008828125 9830.9195026939 9831.05487431216
0.00890625 9852.63695708931 9852.77642388941
0.008984375 9872.87070463461 9873.01418157858
0.0090625 9891.61769693071 9891.76509964781
0.009140625 9908.87510901286 9909.0263542778
0.00921875 9924.64034067628 9924.7953459871
0.009296875 9938.91101627335 9939.06970002356
0.009375 9951.68498526333 9951.84726672197
0.009453125 9962.96032258524 9963.12612182778
0.00953125 9972.73532901839 9972.9045667869
0.009609375 9981.00853107372 9981.18112900149
0.0096875 9987.77868170944 9987.95456205172
0.009765625 9993.04476006941 9993.2238458835
0.00984375 9996.80597200903 9996.98818696204
0.009921875 9999.06174978788 9999.24701839144
0.01 9999.81175280713 10000
0.010078125 9999.05586689397 9999.24701839144
0.01015625 9996.79420488398 9996.98818696204
0.010234375 9993.0271062251 9993.2238458835
0.0103125 9987.75513737019 9987.95456205172
0.010390625 9980.97909111855 9981.18112900149
0.01046875 9972.69998703555 9972.9045667869
0.010546875 9962.91907096855 9963.12612182778
0.010625 9951.63781494885 9951.84726672197
0.010703125 9938.85791698977 9939.06970002356
0.01078125 9924.58130090832 9924.7953459871
0.010859375 9908.81011565947 9909.0263542778
0.0109375 9891.5467356406 9891.76509964781
0.011015625 9872.79375978127 9873.01418157858
0.01109375 9852.5540114591 9852.77642388941
0.011171875 9830.83053777666 9831.05487431216
0.01125 9807.62660965564 9807.8528040323
0.011328125 9782.94572061186 9783.17370719628
0.01140625 9756.79158676817 9757.02130038529
0.011484375 9729.16814620401 9729.3995220556
0.0115625 9700.07955803244 9700.31253194544
0.011640625 9669.53020244955 9669.76471044852
0.01171875 9637.52467918637 9637.7606579544
0.011796875 9604.0678076208 9604.30519415566
0.011875 9569.16462540369 9569.40335732209
0.011953125 9532.82038843618 9533.06040354194
0.01203125 9495.04056917721 9495.28180593037
0.012109375 9455.83085668527 9456.07325380521
0.0121875 9415.19715504467 9415.44065183021
0.012265625 9373.14558312711 9373.39011912575
0.01234375 9329.68247300905 9329.92798834739
0.012421875 9284.81436957896 9285.06080473216
0.0125 9238.54802921985 9238.79532511287
0.012578125 9190.89041902665 9191.13851690058
0.01265625 9141.84871537058 9142.09755703531
0.012734375 9091.43030339932 9091.67983090522
0.0128125 9039.64277523016 9039.89293123444
0.012890625 8986.49392951336 8986.74465693954
0.01296875 8931.99176972789 8932.24301195515
0.013046875 8876.14450320846 8876.39620402854
0.013125 8818.96053986813 8819.21264348355
0.013203125 8760.44849098462 8760.70094195407
0.01328125 8700.61716772825 8700.86991108711
0.013359375 8639.47558001585 8639.72856121587
0.0134375 8577.03293512074 8577.28610000272
0.013515625 8513.29863628297 8513.55193105265
0.01359375 8448.28228120104 8448.53565249707
0.013671875 8381.99366057979 8382.24705554838
0.01375 8314.44275703334 8314.69612302545
0.013828125 8245.639742897 8245.89302785025
0.01390625 8175.59497932193 8175.84813151584
0.013984375 8104.3190143343 8104.57198252595
0.0140625 8031.82258154047 8032.07531480645
0.014140625 7958.11659817807 7958.36904608884
0.01421875 7883.21216375871 7883.46427626606
0.014296875 7807.12055825734 7807.37228572095
0.014375 7729.85324040129 7730.10453362737
0.014453125 7651.42184605184 7651.67265622459
0.01453125 7571.83818628625 7572.08846506484
0.014609375 7491.11424578953 7491.36394523459
0.0146875 7409.26218094716 7409.51125354959
0.014765625 7326.29431806606 7326.54271672413
0.01484375 7242.22315147772 7242.47082951467
0.014921875 7157.06134167906 7157.30825283819
0.015 7070.82171331908 7071.06781186548
0.015078125 6983.51725360462 6983.76249408973
0.01515625 6895.16110988212 6895.40544737067
0.015234375 6805.76658795975 6806.00997795453
0.0153125 6715.34715003013 6715.58954847019
0.015390625 6623.91641265724 6624.15777590172
0.01546875 6531.48814463747 6531.72842953777
0.015546875 6438.07626514322 6438.31542889791
0.015625 6343.69484128642 6343.93284163646
0.015703125 6248.35808638175 6248.59488142387
0.01578125 6152.08035746726 6152.31590580627
0.015859375 6054.87615336168 6055.11041404326
0.0159375 5956.76011235726 5956.99304492433
0.016015625 5857.74701020136 5857.97857456439
0.01609375 5757.85175763558 5758.08191417846
0.016171875 5657.08939820626 5657.31810783613
0.01625 5555.47510621594 5555.70233019602
0.016328125 5453.02418405475 5453.24988422047
0.01640625 5349.75206030958 5349.97619887098
0.016484375 5245.6742871429 5245.89682678469
0.0165625 5140.80653799564 5141.02744193222
0.016640625 5035.16460535994 5035.38383725718
0.01671875 4928.76439836706 4928.98192229785
0.016796875 4821.62194026297 4821.83772079123
0.016875 4713.75336602632 4713.96736825998
0.016953125 4605.17492011083 4605.3871095824
0.01703125 4495.90295387571 4496.11329654607
0.017109375 4385.95392299532 4386.16238538528
0.0171875 4275.3443852281 4275.55093430282
0.017265625 4164.09099773007 4164.29560097638
0.01734375 4052.21051474674 4052.4131400499
0.017421875 3939.71978482822 3939.92040061048
0.0175 3826.63574846187 3826.83432365089
0.017578125 3712.97543551813 3713.17193951838
0.01765625 3598.75596266016 3598.95036534989
0.017734375 3483.99453076593 3484.18680249434
0.0178125 3368.70842225888 3368.8985339222
0.017890625 3252.91499865405 3253.10292162263
0.01796875 3136.63169786396 3136.81740398892
0.018046875 3019.87603155822 3020.05949319228
0.018125 2902.66558253785 2902.84677254462
0.018203125 2785.01800214352 2785.19689385053
0.01828125 2666.95100742596 2667.12757474899
0.018359375 2548.48237882208 2548.65659604515
0.0184375 2429.62995701093 2429.80179903264
0.018515625 2310.41164062247 2310.58108280671
0.01859375 2190.84538336158 2191.0124015687
0.018671875 2070.94919129387 2071.11376192219
0.01875 1950.74112027476 1950.90322016128
0.018828125 1830.23927299463 1830.39887955141
0.01890625 1709.46179644016 1709.61888760302
0.018984375 1588.42687919877 1588.58143333862
0.0190625 1467.1527485252 1467.30474455361
0.019140625 1345.65766768719 1345.80708507126
0.01921875 1223.9599333202 1224.10675199216
0.019296875 1102.07787252274 1102.22207293883
0.019375 980.029840188701 980.171403295604
0.019453125 857.834216146172 857.973123444397
0.01953125 735.509402485748 735.645635996677
0.019609375 613.073820794919 613.207363022094
0.0196875 490.545909329043 490.676743274175
0.019765625 367.944120197528 368.072229413588
0.01984375 245.286916658464 245.412285229123
0.019921875 122.592770374569 122.715382857205
0.02005859375 12.2120235852279 0
0.0203125 -1.70921105900447e-09 0
0.020625 2.20901605283675e-09 0
0.0209375 3.1366455944485e-09 0
0.02125 4.20006434106078e-11 0
0.0215625 7.76133880135295e-10 0
0.021875 1.86667057144307e-09 0
0.0221875 -2.10062235470107e-09 0
0.0225 -1.14557237886958e-09 0
0.0228125 1.5355840465248e-09 0
0.023125 -1.35469177885229e-09 0
0.0234375 3.19516791967857e-09 0
0.02375 -6.3769751897319e-10 0
0.0240625 2.00322970230704e-09 0
0.024375 -1.2064774872247e-09 0
0.0246875 1.12314774188896e-09 0
0.025 -1.76874072308718e-09 0
0.0253125 1.95474522557467e-09 0
0.025625 6.86640746479211e-10 0
0.0259375 -1.66993570214927e-09 0
0.02625 2.46840753997911e-10 0
0.0265625 -1.13529930417314e-10 0
0.026875 -1.12996216586722e-10 0
0.0271875 1.07153111415776e-09 0
0.0275 -1.80303325146391e-09 0
0.0278125 1.42527042032505e-09 0
0.028125 8.82559217904598e-10 0
0.0284375 -1.90849856449263e-09 0
0.02875 1.68430254976247e-09 0
0.0290625 2.07492485463587e-10 0
0.029375 -2.22082983838894e-09 0
0.0296875 9.69488751904242e-10 0
0.03 -4.60602187390438e-11 0
0.0303125 -1.79451496926121e-10 0
0.030625 7.15355674405295e-10 0
0.0309375 -6.74325850942979e-10 0
0.03125 -2.0239239853553e-09 0
0.0315625 2.43188108853249e-10 0
0.031875 -6.84768611447046e-11 0
0.0321875 -3.37457143397638e-09 0
0.0325 3.99327335357967e-10 0
0.0328125 4.18019923288689e-10 0
0.033125 3.15493222357785e-10 0
0.0334375 2.5494609210702e-10 0
0.03375 -6.87863474928082e-10 0
0.0340625 4.11739289753352e-10 0
0.034375 7.51734974136634e-10 0
0.0346875 -5.06136894676861e-10 0
0.035 -9.21167903860435e-10 0
0.0353125 -5.96067612525932e-10 0
0.035625 -4.83987595049181e-10 0
0.0359375 -7.32592338307802e-10 0
0.03625 7.19337121073165e-11 0
0.0365625 9.38855176447047e-12 0
0.036875 1.66539134053337e-10 0
0.0371875 8.69997697844684e-10 0
0.0375 -7.46899061421155e-11 0
0.0378125 -7.62936053958895e-10 0
0.038125 -2.51293098533846e-09 0
0.0384375 -1.83881237686759e-09 0
0.03875 -1.90799720126605e-09 0
0.0390625 1.21108693990997e-10 0
0.039375 7.32985078423933e-10 0
0.0396875 2.39817549874934e-09 0
0.04 1.38354477442427e-09 0
0.0403125 2.00574206906923e-09 0
0.040625 -6.35247393973511e-10 0
0.0409375 -1.72090279139524e-10 0
0.04125 2.02278603472777e-09 0
0.0415625 2.15620167785125e-09 0
0.041875 1.67027266724661e-09 0
0.0421875 1.32819619590694e-09 0
0.0425 1.7373266565949e-09 0
0.0428125 3.17306602728495e-09 0
0.043125 -4.21158907651172e-10 0
0.0434375 3.02796333500662e-09 0
0.04375 -2.05631114497086e-10 0
0.0440625 7.4652698156383e-10 0
0.044375 -1.35867469025834e-09 0
0.0446875 -2.59733962296574e-09 0
0.045 -7.11915203003716e-10 0
0.0453125 -1.01298850386988e-09 0
0.045625 -2.83393613825169e-09 0
0.0459375 -2.14832876558429e-09 0
0.04625 -4.94540005816536e-10 0
0.0465625 -1.40267733104781e-09 0
0.046875 3.99971735042839e-10 0
0.0471875 1.2398361174673e-09 0
0.0475 7.018072999358e-10 0
0.0478125 3.24651942098866e-10 0
0.048125 -1.1821764902127e-09 0
0.0484375 -8.81849843598746e-10 0
0.04875 -3.76992235286704e-10 0
0.0490625 -1.83532947650593e-09 0
0.049375 -2.54443083098373e-10 0
0.0496875 1.05678681671049e-09 0
0.05 1.75143861651536e-09 0
0.0503125 5.97411664596436e-10 0
0.050625 2.60532336445376e-10 0
0.0509375 7.9228419221278e-10 0
0.05125 -7.82783499900527e-10 0
0.0515625 1.47612580225843e-09 0
0.051875 1.20411967700924e-09 0
0.0521875 -3.69082184146089e-10 0
0.0525 2.19436272178317e-11 0
0.0528125 7.84730480801748e-10 0
0.053125 -5.5787237654838e-11 0
0.0534375 3.75796193198096e-10 0
0.05375 3.83795472203596e-10 0
0.0540625 4.04462785397113e-10 0
0.054375 -5.02179142440216e-10 0
0.0546875 3.22731094302765e-10 0
0.055 8.08164545286236e-10 0
0.0553125 -2.32344154190307e-10 0
0.055625 -3.51611488107323e-10 0
0.0559375 -3.87676642871771e-11 0
0.05625 2.19357341306288e-10 0
0.0565625 1.32704744639692e-09 0
0.056875 -3.46112257692341e-10 0
0.0571875 7.99864324001562e-10 0
0.0575 4.66947607127529e-10 0
0.0578125 1.13782198308852e-09 0
0.058125 4.84701976897211e-10 0
0.0584375 -1.51987750964731e-12 0
0.05875 9.83753751648641e-10 0
0.0590625 2.38178438664687e-09 0
0.059375 7.67040019823099e-10 0
0.0596875 2.07584286164031e-09 0
0.06 -1.52297897946146e-09 0
0.0603125 -1.05975663124671e-09 0
0.060625 -1.35288896515987e-09 0
0.0609375 -8.57654567139523e-10 0
0.06125 5.73687026325325e-10 0
0.0615625 -1.08113609792037e-10 0
0.061875 -2.06131121391463e-09 0
0.0621875 -3.50271486210964e-10 0
0.0625 -1.16790280759245e-09 0
0.0628125 -1.27132590885221e-09 0
0.063125 7.66567545357553e-12 0
0.0634375 1.33607719323532e-09 0
0.06375 -2.24056958673431e-09 0
0.0640625 4.43788283299846e-10 0
0.064375 6.97154396011534e-10 0
0.0646875 -1.38685979511671e-09 0
0.065 -7.69820662544286e-10 0
0.0653125 1.01196857913727e-09 0
0.065625 4.78557819806757e-10 0
0.0659375 -4.76752726503762e-10 0
0.06625 -1.18110971736729e-09 0
0.0665625 1.35127199515888e-09 0
0.066875 -3.48444982341945e-10 0
0.0671875 1.03626064668255e-09 0
0.0675 7.98193148809472e-10 0
0.0678125 -1.74007209700588e-09 0
0.068125 -7.2840561559288e-10 0
0.0684375 8.33625463924345e-10 0
0.06875 1.84609644742926e-10 0
0.0690625 5.79078662167542e-10 0
0.069375 -5.61224820415356e-10 0
0.0696875 1.16473284173693e-09 0
0.07 -3.39007744049401e-10 0
0.0703125 -1.43008971023934e-09 0
0.070625 2.68998134205412e-10 0
0.0709375 -3.92565450607968e-10 0
0.07125 -2.21074818766618e-10 0
0.0715625 -3.5664934593643e-10 0
0.071875 6.73492416208193e-11 0
0.0721875 -9.28782089604459e-10 0
0.0725 5.63593351943179e-11 0
0.0728125 -2.93192461150801e-10 0
0.073125 -2.0792174309653e-10 0
0.0734375 1.31530808638556e-10 0
0.07375 -5.98620585517392e-10 0
0.0740625 -1.0133478678773e-10 0
0.074375 5.45027869353314e-11 0
0.0746875 -3.12757435816071e-10 0
0.075 3.54115048411147e-10 0
0.0753125 -8.82517844077695e-10 0
0.075625 1.01782566402839e-09 0
0.0759375 8.10825251884181e-11 0
0.07625 5.49112711853346e-10 0
0.0765625 -1.04698960329882e-10 0
0.076875 -1.07612521774424e-09 0
0.0771875 2.18106378988714e-10 0
0.0775 6.74127877558594e-11 0
0.0778125 2.01302895065745e-10 0
0.078125 5.83534022059606e-11 0
0.0784375 -6.63383022148739e-10 0
0.07875 -2.7163656010248e-10 0
0.0790625 3.48083493335996e-10 0
0.079375 -3.05433510927078e-10 0
0.0796875 -2.65580908958159e-10 0
0.08 -4.1041955853604e-10 0
0.0803125 4.4915785562675e-11 0
0.080625 -5.77721331227306e-10 0
0.0809375 1.16251801134212e-11 0
0.08125 1.59180360419632e-10 0
0.0815625 -9.46366278173159e-12 0
0.081875 4.93583121787561e-11 0
0.0821875 -1.44119703272136e-10 0
0.0825 -4.38374446057726e-12 0
0.0828125 2.32303941864959e-10 0
0.083125 1.15248472851825e-10 0
0.0834375 -5.06636955715249e-10 0
0.08375 -5.31262751274298e-10 0
0.0840625 -7.18912155967886e-11 0
0.084375 2.76211641745608e-10 0
0.0846875 -6.35829418858204e-10 0
0.085 -4.03812732517683e-10 0
0.0853125 5.23555999601242e-10 0
0.085625 2.85151852192626e-10 0
0.0859375 -2.72243482711383e-10 0
0.08625 -5.16221671943838e-10 0
0.0865625 -2.68077281405054e-11 0
0.086875 8.15138346529167e-11 0
0.0871875 -1.53275472661073e-11 0
0.0875 -6.69284735092705e-11 0
0.0878125 2.38642800586156e-10 0
0.088125 -3.51003550499386e-10 0
0.0884375 1.43208386823405e-10 0
0.08875 -3.80060248977685e-10 0
0.0890625 -1.65409782976029e-10 0
0.089375 3.11151471723851e-13 0
0.0896875 5.86754802700862e-11 0
0.09 -8.90837451307929e-11 0
0.0903125 4.30077286113535e-11 0
0.090625 6.85621061104369e-11 0
0.0909375 4.33739637324799e-11 0
0.09125 -1.10899085723205e-10 0
0.0915625 -2.10660884486077e-11 0
0.091875 6.56862278813995e-11 0
0.0921875 -1.16285207898889e-10 0
0.0925 5.37912919873333e-11 0
0.0928125 8.08818150986678e-11 0
0.093125 1.87663244269186e-10 0
0.0934375 1.22215705693269e-10 0
0.09375 -2.93792410940355e-10 0
0.0940625 -5.60389963221946e-11 0
0.094375 -2.36807180263196e-11 0
0.0946875 4.83431231468047e-11 0
0.095 -2.69636456740193e-11 0
0.0953125 7.50204889175623e-12 0
0.095625 9.58434338316962e-11 0
0.0959375 1.20398815234744e-10 0
0.09625 4.6454468113491e-11 0
0.0965625 -1.06655951886555e-10 0
0.096875 -1.31347208461581e-10 0
0.0971875 2.73882727819741e-11 0
0.0975 2.34570198023371e-11 0
0.0978125 -3.80915848195954e-11 0
0.098125 1.41557336490894e-11 0
0.0984375 -1.04881139935993e-11 0
0.09875 2.6240551062947e-11 0
0.0990625 -9.07033239249215e-12 0
0.099375 3.46375188958759e-13 0
0.0996875 -2.47619170941214e-12 0
