0.005 7885.80507474737 7071.06781186548
0.01 9238.79532511287 10000
0.015 6081.81807426005 7071.06781186548
0.018828125 3347.66273272274 1830.39887955141
0.0203125 6.20708107193836e-10 0
0.020625 5.90116026025939e-10 0
0.0209375 5.39374915815e-09 0
0.02125 -2.95493026819975e-10 0
0.0215625 1.62008194984302e-10 0
0.021875 -1.67012299060461e-09 0
0.0221875 1.43122745490488e-10 0
0.0225 1.40364856919232e-10 0
0.0228125 2.27259495854941e-09 0
0.023125 6.71825438277455e-10 0
0.0234375 5.42547222560013e-11 0
0.02375 3.05361277022475e-09 0
0.0240625 1.6135731971385e-09 0
0.024375 -9.8782150490177e-10 0
0.0246875 1.21330696237666e-09 0
0.025 2.70595452438285e-11 0
0.0253125 -5.12662580257084e-10 0
0.025625 -6.33593000917509e-10 0
0.0259375 5.03362599382474e-10 0
0.02625 1.26583398416707e-09 0
0.0265625 1.5190634229816e-09 0
0.026875 -1.14890911138714e-09 0
0.0271875 4.4429338879712e-10 0
0.0275 3.96367530203631e-11 0
0.0278125 -1.64353158870796e-10 0
0.028125 -1.18025988488053e-10 0
0.0284375 -6.98400231242129e-10 0
0.02875 4.94475960248333e-10 0
0.0290625 1.16694953432019e-09 0
0.029375 -5.38892599152624e-11 0
0.0296875 8.92265049588239e-12 0
0.03 1.86542211186116e-09 0
0.0303125 -5.27624281331584e-10 0
0.030625 -3.87917763534245e-10 0
0.0309375 1.46320098856729e-09 0
0.03125 -2.7544963375653e-09 0
0.0315625 -5.93065684103467e-10 0
0.031875 1.09255674720733e-11 0
0.0321875 9.76557198528294e-10 0
0.0325 -1.474104986286e-09 0
0.0328125 2.55669415130588e-10 0
0.033125 6.10059943738784e-10 0
0.0334375 5.51928544322938e-11 0
0.03375 3.10687750655604e-10 0
0.0340625 2.98193758402513e-10 0
0.034375 -5.35043181898754e-10 0
0.0346875 -7.30567327735968e-10 0
0.035 -4.56777472988646e-11 0
0.0353125 -8.12464433138969e-10 0
0.035625 5.97479943880741e-10 0
0.0359375 -1.30669186148095e-09 0
0.03625 1.76409516754817e-09 0
0.0365625 -6.90663567731927e-10 0
0.036875 1.96215042774219e-09 0
0.0371875 1.35120689461226e-09 0
0.0375 -1.28083435739633e-09 0
0.0378125 -2.6622118326958e-09 0
0.038125 -1.46438649927129e-09 0
0.0384375 -1.43490257424852e-09 0
0.03875 -2.10249622798105e-09 0
0.0390625 -4.2873073277114e-10 0
0.039375 2.62532501912917e-09 0
0.0396875 2.32726978970411e-09 0
0.04 1.43175674926864e-09 0
0.0403125 1.73680250488254e-09 0
0.040625 -4.90937153814199e-10 0
0.0409375 2.45667430840334e-12 0
0.04125 2.85812789331549e-09 0
0.0415625 2.66122779586482e-09 0
0.041875 1.46061882396256e-09 0
0.0421875 1.18853878813201e-09 0
0.0425 -8.36159980143179e-10 0
0.0428125 3.02369645947553e-09 0
0.043125 1.07357613727239e-09 0
0.0434375 2.80003783904539e-10 0
0.04375 4.28747050370526e-10 0
0.0440625 4.11292186976506e-10 0
0.044375 -1.07956074830318e-09 0
0.0446875 -3.19084737337468e-09 0
0.045 -1.46689212469308e-09 0
0.0453125 -7.43984635562246e-10 0
0.045625 -2.10979854637777e-09 0
0.0459375 5.54773549726542e-10 0
0.04625 2.31326434468289e-10 0
0.0465625 -2.07227454524332e-09 0
0.046875 5.68332459932198e-10 0
0.0471875 -3.21892551430024e-10 0
0.0475 2.06087004244235e-09 0
0.0478125 -1.36197937408022e-09 0
0.048125 -4.66088203279427e-10 0
0.0484375 6.5974570528842e-11 0
0.04875 6.64370320822619e-10 0
0.0490625 -9.94562130394415e-10 0
0.049375 1.32661900848002e-09 0
0.0496875 6.59967999485013e-10 0
0.05 2.21021246270311e-09 0
0.0503125 1.34795385870549e-09 0
0.050625 7.00016176711817e-10 0
0.0509375 -1.03735980971218e-09 0
0.05125 8.4268345744992e-10 0
0.0515625 -3.12890985802008e-10 0
0.051875 5.06804356642516e-10 0
0.0521875 1.07646417668554e-09 0
0.0525 -1.29987232167476e-09 0
0.0528125 1.185336638807e-09 0
0.053125 4.78357031231657e-10 0
0.0534375 5.26980638765559e-10 0
0.05375 -1.82390740199325e-09 0
0.0540625 -1.03499990856269e-09 0
0.054375 -2.49008170781666e-10 0
0.0546875 -1.55695554186161e-09 0
0.055 1.29505517440076e-09 0
0.0553125 7.34700395865128e-10 0
0.055625 -5.13686189968589e-10 0
0.0559375 -2.85206930337623e-10 0
0.05625 7.79622363334469e-10 0
0.0565625 1.05159987403996e-09 0
0.056875 -3.07923932002774e-11 0
0.0571875 -2.9992108270111e-10 0
0.0575 8.92635493681231e-10 0
0.0578125 1.75131380779463e-09 0
0.058125 -6.12074688568155e-10 0
0.0584375 4.64322579197252e-10 0
0.05875 2.5217751080309e-10 0
0.0590625 9.96175301342437e-10 0
0.059375 8.44192539440865e-10 0
0.0596875 1.44899129900516e-09 0
0.06 -8.93276412319989e-10 0
0.0603125 -1.60991101135371e-09 0
0.060625 -4.11542407632616e-10 0
0.0609375 -1.65234942929416e-09 0
0.06125 2.33689707510134e-10 0
0.0615625 -5.1041211600579e-10 0
0.061875 -1.88916543438778e-10 0
0.0621875 -1.6526083050498e-09 0
0.0625 -1.22105681303709e-09 0
0.0628125 -1.00810118665549e-09 0
0.063125 6.17481009683824e-10 0
0.0634375 8.62378051386562e-10 0
0.06375 -2.04878115289262e-09 0
0.0640625 8.3106386892374e-10 0
0.064375 -1.78185062257819e-11 0
0.0646875 -1.40168472897421e-09 0
0.065 -8.44455596863882e-10 0
0.0653125 9.99454207979588e-10 0
0.065625 3.94280509468877e-10 0
0.0659375 -3.45149469269024e-10 0
0.06625 -2.98964207687747e-10 0
0.0665625 -2.41411004058656e-10 0
0.066875 -6.74552923178942e-11 0
0.0671875 1.07377534399624e-09 0
0.0675 1.08622572192085e-09 0
0.0678125 -1.32592461005439e-09 0
0.068125 -1.07761549999203e-09 0
0.0684375 2.66405260508033e-10 0
0.06875 8.20789147051677e-10 0
0.0690625 6.03183089459993e-10 0
0.069375 -5.09057010464801e-10 0
0.0696875 9.58989896732664e-10 0
0.07 -5.35375129933658e-10 0
0.0703125 -1.03458170591381e-09 0
0.070625 2.34723433270796e-10 0
0.0709375 -7.86228106016314e-10 0
0.07125 2.87392866209986e-10 0
0.0715625 -6.94181548761928e-10 0
0.071875 -9.53424898411795e-11 0
0.0721875 -1.54589035162039e-10 0
0.0725 -1.28759457754073e-10 0
0.0728125 -7.95486115075103e-10 0
0.073125 4.99891421756195e-10 0
0.0734375 -3.83795969264015e-10 0
0.07375 -5.98634811899715e-10 0
0.0740625 1.0553208564876e-10 0
0.074375 2.86334037450606e-10 0
0.0746875 -3.5986267007376e-10 0
0.075 -7.53805676794602e-10 0
0.0753125 1.37641863734827e-10 0
0.075625 4.50462662330773e-10 0
0.0759375 -2.21864511594531e-10 0
0.07625 6.57999926180447e-10 0
0.0765625 2.97699940825895e-10 0
0.076875 -4.30939934446535e-10 0
0.0771875 -5.49345278471421e-10 0
0.0775 1.76807081143814e-10 0
0.0778125 2.5210958285256e-10 0
0.078125 -6.64866632819365e-10 0
0.0784375 1.67911605347254e-10 0
0.07875 -5.4810661130822e-10 0
0.0790625 2.36629150525338e-10 0
0.079375 -1.38320026974668e-10 0
0.0796875 -2.55766941275006e-10 0
0.08 -3.67148547168895e-10 0
0.0803125 1.77549843516737e-10 0
0.080625 -4.17564444050287e-10 0
0.0809375 1.25833231039591e-10 0
0.08125 2.32828477101654e-11 0
0.0815625 5.5707909519588e-11 0
0.081875 -2.39740373439672e-10 0
0.0821875 -2.14709510671336e-11 0
0.0825 -5.48666633690878e-11 0
0.0828125 1.03615194677504e-10 0
0.083125 -5.57455048541745e-11 0
0.0834375 -3.08089182545648e-10 0
0.08375 -4.96251210463811e-10 0
0.0840625 3.2948531721524e-11 0
0.084375 -1.81018366959322e-10 0
0.0846875 -3.10167837039038e-10 0
0.085 -5.14480680309079e-10 0
0.0853125 3.77751929348489e-10 0
0.085625 2.74184189604676e-10 0
0.0859375 -1.19599716893577e-10 0
0.08625 -4.61289531245477e-10 0
0.0865625 -1.66973245674938e-11 0
0.086875 2.6471051475567e-11 0
0.0871875 1.33045476422373e-10 0
0.0875 -2.2443710828158e-10 0
0.0878125 -5.01791397704858e-11 0
0.088125 2.7263676056565e-10 0
0.0884375 -1.20134359777628e-10 0
0.08875 -1.52431301663119e-10 0
0.0890625 -2.93354813273412e-10 0
0.089375 -1.03885909728884e-10 0
0.0896875 -4.45636559013313e-11 0
0.09 1.07915523937125e-10 0
0.0903125 -7.82940113579242e-12 0
0.090625 -7.33281270045883e-11 0
0.0909375 5.13873514826597e-11 0
0.09125 -7.79736014553498e-11 0
0.0915625 7.80597121783742e-13 0
0.091875 1.13950776494402e-10 0
0.0921875 -1.55980352631963e-10 0
0.0925 1.02873244597678e-11 0
0.0928125 -8.89458004170035e-12 0
0.093125 2.57428597255988e-10 0
0.0934375 1.79800035921426e-11 0
0.09375 -7.13002330585234e-11 0
0.0940625 -1.55881019254272e-11 0
0.094375 -7.62976112232555e-11 0
0.0946875 -2.09324929907916e-11 0
0.095 4.35408837622048e-11 0
0.0953125 6.86998730888681e-11 0
0.095625 6.83626543104373e-11 0
0.0959375 8.7643803700687e-11 0
0.09625 -6.65991772318471e-11 0
0.0965625 -3.09902310313201e-11 0
0.096875 -4.79495395433808e-11 0
0.0971875 -7.85925906574811e-11 0
0.0975 6.46776079986772e-11 0
0.0978125 -2.97753879500666e-11 0
0.098125 2.86804759226105e-11 0
0.0984375 3.41110679317061e-12 0
0.09875 -5.8476726256076e-12 0
0.0990625 -8.72708019227958e-12 0
0.099375 9.06065309139066e-12 0
0.0996875 8.84507165746911e-12 0
