0.00125 2.4386290252016 2.4386290252016
0.00375 8.57038059621278 8.57038059621278
0.00625 19.7023752591565 19.7023752591565
0.00875 33.7567770142821 33.7567770142821
0.01125 48.0504994645135 48.0504994645135
0.01375 59.7381737197804 59.7381737197804
0.01625 66.2867034980669 66.2867034980669
0.01875 65.905782914572 65.905782914572
0.02015625 21.1096063180792 63.5761971532775
0.02046875 20.6268023892033 62.6055681891053
0.02078125 20.1609419601674 61.6641310734807
0.02109375 19.7112175260752 60.7505883909116
0.02140625 19.2768703556894 59.8637184873947
0.02171875 18.8571869227307 59.0023700199502
0.02203125 18.451495643526 58.1654569700214
0.02234375 18.0591638908806 57.3519540753358
0.02265625 17.6795952573778 56.5608926398142
0.02296875 17.3122270442375 55.7913566855311
0.02328125 16.9565279544328 55.0424794145845
0.02359375 16.6119959710251 54.3134399521406
0.02390625 16.2781564036779 53.6034603449237
0.02421875 15.9545600880733 52.9118027920869
0.02453125 15.6407817245128 52.2377670877284
0.02484375 15.3364183433771 51.5806882564363
0.02515625 15.041087886336 50.9399343650519
0.02546875 14.7544278933092 50.3149044955426
0.02578125 14.4760942861378 49.7050268652935
0.02609375 14.2057602408064 49.1097570824753
0.02640625 13.9431151408232 48.5285765252869
0.02671875 13.6878636050644 47.9609908349328
0.02703125 13.4397245840137 47.4065285131422
0.02734375 13.1984305188748 46.8647396158485
0.02765625 12.9637265585503 46.3351945354433
0.02796875 12.7353698299155 45.8174828646569
0.02828125 12.5131287572341 45.3112123357656
0.02859375 12.2967824269207 44.8160078293632
0.02890625 12.086119994186 44.3315104474245
0.02921875 11.880940128399 43.8573766458478
0.02953125 11.6810504942723 43.393277422082
0.02984375 11.4862672662172 42.9388975537884
0.03015625 11.2964146734356 42.4939348848378
0.03046875 11.1113245735231 42.0580996552495
0.03078125 10.9308360525317 41.6311138719468
0.03109375 10.7547950496112 41.2127107174555
0.03140625 10.5830540044964 40.8026339938984
0.03171875 10.4154715262503 40.4006375998693
0.03203125 10.251912081789 40.0064850379188
0.03234375 10.0922457028384 39.619948950596
0.03265625 9.9363477100697 39.2408106831268
0.03296875 9.78409845326151 38.8688598709647
0.03328125 9.63538306642082 38.5038940505801
0.03359375 9.49009123687494 38.14571829197
0.03390625 9.34811698742184 37.7941448514906
0.03421875 9.20935847069257 37.4489928437147
0.03453125 9.0737177749399 37.1100879311019
0.03484375 8.94110074052783 36.7772620303742
0.03515625 8.81141678644433 36.450353034549
0.03546875 8.68457874621003 36.1292045496628
0.03578125 8.56050271260171 35.8136656452986
0.03609375 8.4391078906453 35.5035906180664
0.03640625 8.32031645837548 35.1988387672681
0.03671875 8.20405343489048 34.8992741820146
0.03703125 8.09024655526667 34.6047655391289
0.03734375 7.97882615191989 34.3151859111867
0.03765625 7.86972504203742 34.0304125841228
0.03796875 7.76287842072181 33.7503268838413
0.03828125 7.65822375951553 33.4748140113198
0.03859375 7.55570070999525 33.2037628857213
0.03890625 7.45525101214728 32.9370659950726
0.03921875 7.3568184072502 32.6746192540761
0.03953125 7.26034855501236 32.4163218686685
0.03984375 7.16578895472608 32.1620762069542
0.04015625 7.07308887021405 31.911787676161
0.04046875 6.98219925836145 31.6653646053033
0.04078125 6.89307270103461 31.422718133232
0.04109375 6.80566334020547 31.1837621018008
0.04140625 6.71992681610609 30.9484129538636
0.04171875 6.63582020825277 30.7165896358576
0.04203125 6.55330197918769 30.4882135047365
0.04234375 6.47233192079275 30.2632082390192
0.04265625 6.39287110304281 30.0414997537519
0.04296875 6.31488182507018 29.8230161191791
0.04328125 6.238327568422 29.6076874829403
0.04359375 6.16317295239615 29.3954459956082
0.04390625 6.08938369135226 29.186225739411
0.04421875 6.01692655389705 28.9799626599807
0.04453125 5.94576932384703 28.7765945009628
0.04484375 5.87588076288492 28.5760607413739
0.04515625 5.80723057482091 28.3783025355506
0.04546875 5.73978937138317 28.1832626555807
0.04578125 5.67352863946047 27.9908854360882
0.04609375 5.60842070972773 27.8011167212676
0.04640625 5.54443872658643 27.6139038140535
0.04671875 5.4815566193585 27.4291954273369
0.04703125 5.41974907467226 27.2469416371219
0.04734375 5.35899150998418 27.0670938375373
0.04765625 5.29926004818364 26.8896046976193
0.04796875 5.24053149322974 26.7144281197844
0.04828125 5.18278330677218 26.5415191999153
0.04859375 5.12599358570967 26.3708341889829
0.04890625 5.07014104064503 26.202330456146
0.04921875 5.01520497519339 26.0359664532501
0.04953125 4.96116526610688 25.8717016806746
0.04984375 4.90800234417801 25.7094966544637
0.05015625 4.85569717588685 25.5493128746859
0.05046875 4.80423124575866 25.3911127949667
0.05078125 4.75358653940168 25.2348597931519
0.05109375 4.7037455271929 25.0805181430403
0.05140625 4.65469114858634 24.9280529871558
0.05171875 4.60640679701312 24.7774303104963
0.05203125 4.55887630535146 24.6286169152385
0.05234375 4.51208393193911 24.4815803963415
0.05265625 4.46601434710705 24.3362891180247
0.05296875 4.42065262021072 24.1927121910751
0.05328125 4.37598420713834 24.0508194509517
0.05359375 4.33199493827674 23.9105814366603
0.05390625 4.28867100691495 23.7719693703606
0.05421875 4.24599895806708 23.6349551376781
0.05453125 4.20396567769785 23.4995112686939
0.05484375 4.16255838233375 23.3656109195844
0.05515625 4.12176460904394 23.2332278548844
0.05546875 4.0815722057761 23.1023364303499
0.05578125 4.04196932203296 22.9729115763982
0.05609375 4.0029443998753 22.8449287821008
0.05640625 3.96448616523855 22.7183640797068
0.05671875 3.92658361955087 22.5931940296814
0.05703125 3.8892260316397 22.4693957062309
0.05734375 3.85240292991722 22.3469466833089
0.05765625 3.81610409483142 22.2258250210689
0.05796875 3.78031955157452 22.1060092527619
0.05828125 3.74503956303713 21.98747837205
0.05859375 3.7102546230003 21.8702118207322
0.05890625 3.6759554495545 21.7541894768557
0.05921875 3.64213297873803 21.6393916432053
0.05953125 3.60877835838611 21.5257990361547
0.05984375 3.57588294218307 21.4133927748697
0.06015625 3.54343828390906 21.3021543708439
0.06046875 3.5114361318755 21.1920657177643
0.06078125 3.47986842354016 21.0831090816827
0.06109375 3.44872728029717 20.9752670914949
0.06140625 3.4180050024343 20.8685227297063
0.06171875 3.38769406425166 20.7628593234799
0.06203125 3.3577871093363 20.6582605359557
0.06234375 3.32827694598645 20.5547103578304
0.06265625 3.29915654278006 20.4521930991873
0.06296875 3.27041902428293 20.3506933815731
0.06328125 3.24205766689083 20.2501961303064
0.06359375 3.21406589480078 20.1506865670127
0.06390625 3.18643727610777 20.0521502023813
0.06421875 3.15916551902178 19.9545728291336
0.06453125 3.13224446820017 19.8579405151909
0.06484375 3.10566810119313 19.7622395970453
0.06515625 3.07943052499664 19.6674566733184
0.06546875 3.05352597271016 19.5735785985053
0.06578125 3.02794880029493 19.4805924768975
0.06609375 3.00269348342952 19.3884856566758
0.06640625 2.97775461445955 19.2972457241734
0.06671875 2.95312689943823 19.2068604982994
0.06703125 2.9288051552538 19.1173180251137
0.06734375 2.904784306843 19.0286065725614
0.06765625 2.88105938448489 18.940714625344
0.06796875 2.85762552117501 18.8536308799398
0.06828125 2.83447795007539 18.767344239757
0.06859375 2.81161200203834 18.6818438104188
0.06890625 2.78902310320199 18.5971188951789
0.06921875 2.76670677265489 18.5131589904603
0.06953125 2.74465862016737 18.4299537815145
0.06984375 2.72287434398748 18.3474931381969
0.07015625 2.70134972869958 18.2657671108553
0.07046875 2.68008064314331 18.1847659263279
0.07078125 2.65906303839147 18.1044799840482
0.07109375 2.63829294578388 18.02489985225
0.07140625 2.61776647501677 17.9460162642751
0.07171875 2.59747981228489 17.8678201149753
0.07203125 2.57742921847519 17.7903024572096
0.07234375 2.55761102741026 17.7134544984312
0.07265625 2.53802164413988 17.6372675973627
0.07296875 2.51865754327945 17.5617332607571
0.07328125 2.4995152673936 17.486843140242
0.07359375 2.48059142542361 17.412589029243
0.07390625 2.46188269115724 17.3389628599863
0.07421875 2.44338580173984 17.2659567005757
0.07453125 2.42509755622549 17.1935627521455
0.07484375 2.40701481416643 17.1217733460823
0.07515625 2.38913449424034 17.0505809413168
0.07546875 2.37145357291384 16.9799781216839
0.07578125 2.35396908314134 16.9099575933473
0.07609375 2.33667811309772 16.8405121822863
0.07640625 2.31957780494489 16.7716348318477
0.07671875 2.30266535362975 16.7033186003533
0.07703125 2.28593800571391 16.6355566587696
0.07734375 2.26939305823346 16.568342288431
0.07765625 2.25302785758816 16.5016688788196
0.07796875 2.23683979845921 16.4355299253976
0.07828125 2.22082632275458 16.3699190274917
0.07859375 2.20498491858148 16.3048298862294
0.07890625 2.1893131192446 16.2402563025214
0.07921875 2.17380850227002 16.1761921750953
0.07953125 2.15846868845344 16.1126314985724
0.07984375 2.14329134093243 16.0495683615917
0.08015625 2.12827416428192 15.9869969449771
0.08046875 2.1134149036323 15.9249115199481
0.08078125 2.09871134380915 15.8633064463699
0.08109375 2.08416130849454 15.8021761710465
0.08140625 2.06976265940901 15.7415152260521
0.08171875 2.05551329551332 15.6813182270997
0.08203125 2.04141115223017 15.6215798719488
0.08234375 2.02745420068458 15.5622949388484
0.08265625 2.01364044696294 15.5034582850154
0.08296875 1.99996793138982 15.4450648451472
0.08328125 1.98643472782245 15.3871096299684
0.08359375 1.97303894296191 15.3295877248096
0.08390625 1.95977871568109 15.2724942882179
0.08421875 1.94665221636853 15.2158245505993
0.08453125 1.9336576462878 15.1595738128891
0.08484375 1.92079323695233 15.1037374452541
0.08515625 1.90805724951481 15.0483108858218
0.08546875 1.89544797417101 14.9932896394386
0.08578125 1.8829637295776 14.9386692764536
0.08609375 1.87060286228358 14.8844454315299
0.08640625 1.85836374617501 14.8306138024826
0.08671875 1.84624478193262 14.7771701491403
0.08703125 1.83424439650182 14.7241102922314
0.08734375 1.8223610425752 14.6714301122949
0.08765625 1.81059319808679 14.6191255486148
0.08796875 1.79893936571779 14.5671925981757
0.08828125 1.78739807241387 14.5156273146423
0.08859375 1.77596786891322 14.4644258073596
0.08890625 1.7646473292854 14.4135842403741
0.08921875 1.75343505048061 14.3630988314759
0.08953125 1.74232965188917 14.3129658512615
0.08984375 1.73132977491071 14.2631816222136
0.09015625 1.72043408253323 14.2137425178038
0.09046875 1.70964125892146 14.164644961611
0.09078125 1.69895000901437 14.1158854264592
0.09109375 1.68835905813153 14.0674604335725
0.09140625 1.67786715158839 14.0193665517483
0.09171875 1.66747305431976 13.9716003965464
0.09203125 1.65717555051177 13.9241586294954
0.09234375 1.64697344324176 13.8770379573144
0.09265625 1.6368655541261 13.8302351311514
0.09296875 1.62685072297564 13.7837469458366
0.09328125 1.61692780745862 13.7375702391504
0.09359375 1.60709568277088 13.6917018911066
0.09390625 1.59735324131313 13.6461388232493
0.09421875 1.58769939237528 13.6008779979648
0.09453125 1.57813306182737 13.5559164178062
0.09484375 1.56865319181719 13.5112511248316
0.09515625 1.55925874047425 13.4668791999553
0.09546875 1.54994868162018 13.4227977623123
0.09578125 1.5407220044851 13.3790039686343
0.09609375 1.53157771343002 13.3354950126387
0.09640625 1.52251482767511 13.2922681244292
0.09671875 1.51353238103362 13.2493205699076
0.09703125 1.50462942165137 13.2066496501978
0.09734375 1.49580501175165 13.1642527010799
0.09765625 1.48705822738545 13.1221270924365
0.09796875 1.47838815818684 13.0802702277078
0.09828125 1.46979390713338 13.038679543359
0.09859375 1.46127459031146 12.9973525083563
0.09890625 1.45282933668653 12.9562866236537
0.09921875 1.44445728787789 12.9154794216894
0.09953125 1.43615759793821 12.8749284658914
0.09984375 1.42792943313742 12.8346313501922
