0 1.19751785321339
0.0025 1.19142128065039
0.005 1.16999532915986
0.0075 1.12073939101197
0.01 1.03634744847626
0.0125 0.916221199814977
0.015 0.766875765515526
0.0175 0.601159006770359
0.02 0.436394549483929
0.0203125 0.429797797509529
0.020625 0.423351921762903
0.0209375 0.417051627400351
0.02125 0.410891871923452
0.0215625 0.404867849937299
0.021875 0.398974979023946
0.0221875 0.393208886635344
0.0225 0.387565397919444
0.0228125 0.382040524401513
0.023125 0.376630453450189
0.0234375 0.371331538464429
0.02375 0.366140289723484
0.0240625 0.361053365847334
0.024375 0.356067565819811
0.0246875 0.351179821530901
0.025 0.346387190798596
0.0253125 0.341686850834116
0.025625 0.337076092117457
0.0259375 0.332552312653039
0.02625 0.328113012577787
0.0265625 0.323755789096279
0.026875 0.319478331719697
0.0271875 0.315278417787192
0.0275 0.311153908250044
0.0278125 0.307102743700497
0.028125 0.303122940628648
0.0284375 0.299212587892013
0.02875 0.2953698433836
0.0290625 0.291592930885417
0.029375 0.287880137095292
0.0296875 0.284229808815832
0.03 0.280640350295139
0.0303125 0.277110220709691
0.030625 0.273637931780465
0.0309375 0.270222045514049
0.03125 0.266861172061045
0.0315625 0.26355396768464
0.031875 0.260299132832687
0.0321875 0.257095410307128
0.0325 0.253941583524991
0.0328125 0.250836474865594
0.033125 0.24777894409895
0.0334375 0.244767886890693
0.03375 0.24180223337917
0.0340625 0.2388809468206
0.034375 0.236003022298509
0.0346875 0.23316748549384
0.035 0.230373391512425
0.0353125 0.227619823766661
0.035625 0.224905892908471
0.0359375 0.222230735810783
0.03625 0.219593514594956
0.0365625 0.216993415701714
0.036875 0.21442964900331
0.0371875 0.21190144695479
0.0375 0.209408063782315
0.0378125 0.206948774706678
0.038125 0.204522875200202
0.0384375 0.202129680275354
0.03875 0.19976852380348
0.0390625 0.197438757862184
0.039375 0.195139752109919
0.0396875 0.192870893186477
0.04 0.190631584138125
0.0403125 0.188421243866183
0.040625 0.186239306597945
0.0409375 0.184085221378872
0.04125 0.181958451585058
0.0415625 0.179858474455025
0.041875 0.177784780639946
0.0421875 0.17573687377145
0.0425 0.173714270046202
0.0428125 0.171716497826501
0.043125 0.169743097256167
0.0434375 0.167793619891035
0.04375 0.165867628343411
0.0440625 0.163964695939863
0.044375 0.162084406391771
0.0446875 0.160226353478068
0.045 0.158390140739667
0.0453125 0.156575381185035
0.045625 0.154781697006478
0.0459375 0.153008719306647
0.04625 0.151256087834857
0.0465625 0.149523450732798
0.046875 0.147810464289249
0.0471875 0.146116792703414
0.0475 0.144442107856544
0.0478125 0.142786089091486
0.048125 0.141148422999852
0.0484375 0.139528803216486
0.04875 0.137926930220952
0.0490625 0.13634251114575
0.049375 0.134775259591002
0.0496875 0.133224895445344
0.05 0.131691144712788
0.0503125 0.130173739345323
0.050625 0.128672417081024
0.0509375 0.127186921287461
0.05125 0.125717000810213
0.0515625 0.12426240982628
0.051875 0.122822907702213
0.0521875 0.121398258856791
0.0525 0.11998823262806
0.0528125 0.118592603144589
0.053125 0.117211149200773
0.0534375 0.115843654136042
0.05375 0.114489905717831
0.0540625 0.11314969602817
0.054375 0.111822821353774
0.0546875 0.110509082079493
0.055 0.109208282585014
0.0553125 0.107920231144688
0.055625 0.106644739830383
0.0559375 0.105381624417248
0.05625 0.104130704292286
0.0565625 0.102891802365649
0.056875 0.10166474498454
0.0571875 0.100449361849652
0.0575 0.0992454859340532
0.0578125 0.0980529534044184
0.058125 0.0968716035445514
0.0584375 0.0957012786811023
0.05875 0.0945418241114147
0.0590625 0.0933930880334289
0.059375 0.0922549214775733
0.0596875 0.0911271782405776
0.06 0.0900097148211454
0.0603125 0.0889023903574238
0.060625 0.0878050665662127
0.0609375 0.0867176076838564
0.06125 0.0856398804087636
0.0615625 0.0845717538455028
0.061875 0.0835130994504242
0.0621875 0.0824637909787566
0.0625 0.0814237044331358
0.0628125 0.0803927180135171
0.063125 0.0793707120684287
0.0634375 0.0783575690475253
0.06375 0.0773531734554
0.0640625 0.0763574118066164
0.064375 0.0753701725819221
0.0646875 0.0743913461856095
0.065 0.0734208249039866
0.0653125 0.0724585028649252
0.065625 0.0715042759984533
0.0659375 0.0705580419983611
0.06625 0.0696197002847894
0.0665625 0.0686891519677708
0.066875 0.0677662998116963
0.0671875 0.0668510482006795
0.0675 0.0659433031047911
0.0678125 0.0650429720471395
0.068125 0.0641499640717724
0.0684375 0.0632641897123738
0.06875 0.0623855609617368
0.0690625 0.0615139912419862
0.069375 0.0606493953755315
0.0696875 0.0597916895567292
0.07 0.0589407913242331
0.0703125 0.0580966195340145
0.070625 0.0572590943330322
0.0709375 0.0564281371335349
0.07125 0.0556036705879774
0.0715625 0.0547856185645347
0.071875 0.0539739061231957
0.0721875 0.0531684594924222
0.0725 0.0523692060463565
0.0728125 0.0515760742825628
0.073125 0.0507889938002879
0.0734375 0.0500078952792274
0.07375 0.0492327104587826
0.0740625 0.0484633721177959
0.074375 0.0476998140547522
0.0746875 0.0469419710684318
0.075 0.0461897789390047
0.0753125 0.0454431744095546
0.075625 0.0447020951680191
0.0759375 0.0439664798295374
0.07625 0.0432362679191944
0.0765625 0.0425113998551491
0.076875 0.0417918169321398
0.0771875 0.0410774613053542
0.0775 0.0403682759746562
0.0778125 0.0396642047691599
0.078125 0.0389651923321414
0.0784375 0.0382711841062806
0.07875 0.0375821263192239
0.0790625 0.03689796596946
0.079375 0.0362186508125006
0.0796875 0.0355441293473589
0.08 0.0348743508033175
0.0803125 0.0342092651269794
0.080625 0.0335488229695943
0.0809375 0.032892975674654
0.08125 0.0322416752657494
0.0815625 0.0315948744346841
0.081875 0.0309525265298362
0.0821875 0.0303145855447643
0.0825 0.0296810061070503
0.0828125 0.0290517434673744
0.083125 0.0284267534888151
0.0834375 0.0278059926363706
0.08375 0.027189417966695
0.0840625 0.0265769871180446
0.084375 0.0259686583004295
0.0846875 0.0253643902859645
0.085 0.0247641423994169
0.0853125 0.0241678745089435
0.085625 0.0235755470170151
0.0859375 0.0229871208515221
0.08625 0.0224025574570585
0.0865625 0.0218218187863788
0.086875 0.0212448672920249
0.0871875 0.020671665918118
0.0875 0.0201021780923133
0.0878125 0.0195363677179112
0.088125 0.0189741991661244
0.0884375 0.018415637268495
0.08875 0.0178606473094596
0.0890625 0.017309195019058
0.089375 0.0167612465657828
0.0896875 0.0162167685495674
0.09 0.0156757279949078
0.0903125 0.0151380923441162
0.090625 0.0146038294507032
0.0909375 0.0140729075728862
0.09125 0.0135452953672201
0.0915625 0.0130209618823487
0.091875 0.0124998765528738
0.0921875 0.0119820091933389
0.0925 0.0114673299923258
0.0928125 0.0109558095066614
0.093125 0.0104474186557315
0.0934375 0.00994212871590073
0.09375 0.00943991131503483
0.0940625 0.00894073842712448
0.094375 0.0084445823670072
0.0946875 0.00795141578518615
0.095 0.00746121166274328
0.0953125 0.00697394330634507
0.095625 0.00648958434333877
0.0959375 0.00600810871693717
0.09625 0.00552949068149029
0.0965625 0.00505370479784182
0.096875 0.00458072592876881
0.0971875 0.00411052923450276
0.0975 0.00364309016833037
0.0978125 0.00317838447227242
0.098125 0.00271638817283903
0.0984375 0.00225707757685985
0.09875 0.00180042926738752
0.0990625 0.00134642009967297
0.099375 0.000895027197211133
0.0996875 0.000446227947855443
0.1 0
