0 1.11839911102816
7.8125e-05 1.11839892377582
0.00015625 1.11839823721211
0.000234375 1.11839655211589
0.0003125 1.11839336944648
0.000390625 1.11838819043384
0.00046875 1.11838051666871
0.000546875 1.11836985019274
0.000625 1.11835569358845
0.000703125 1.11833755006919
0.00078125 1.11831492356897
0.000859375 1.11828731883215
0.0009375 1.11825424150303
0.001015625 1.1182151982153
0.00109375 1.11816969668129
0.001171875 1.11811724578108
0.00125 1.11805735565143
0.001328125 1.11798953777446
0.00140625 1.11791330506615
0.001484375 1.11782817196462
0.0015625 1.11773365451813
0.001640625 1.11762927047284
0.00171875 1.11751453936027
0.001796875 1.11738898258455
0.001875 1.11725212350923
0.001953125 1.11710348754393
0.00203125 1.11694260223055
0.002109375 1.11676899732915
0.0021875 1.11658220490354
0.002265625 1.11638175940642
0.00234375 1.11616719776417
0.002421875 1.11593805946121
0.0025 1.11569388662404
0.002578125 1.11543422410471
0.00265625 1.11515861956397
0.002734375 1.11486662355391
0.0028125 1.11455778960013
0.002890625 1.11423167428347
0.00296875 1.11388783732122
0.003046875 1.11352584164778
0.003125 1.11314525349491
0.003203125 1.11274564247133
0.00328125 1.11232658164186
0.003359375 1.11188764760594
0.0034375 1.11142842057562
0.003515625 1.11094848445295
0.00359375 1.11044742690681
0.003671875 1.10992483944901
0.00375 1.10938031750997
0.003828125 1.10881346051355
0.00390625 1.1082238719514
0.003984375 1.10761115945659
0.0040625 1.10697493487652
0.004140625 1.10631481434524
0.00421875 1.10563041835504
0.004296875 1.1049213718273
0.004375 1.10418730418268
0.004453125 1.10342784941052
0.00453125 1.10264264613758
0.004609375 1.10183133769598
0.0046875 1.10099357219034
0.004765625 1.10012900256425
0.00484375 1.09923728666585
0.004921875 1.09831808731271
0.005 1.09737107235582
0.005078125 1.09639591474284
0.00515625 1.09539229258046
0.005234375 1.09435988919597
0.0053125 1.09329839319797
0.005390625 1.09220749853622
0.00546875 1.09108690456064
0.005546875 1.08993631607937
0.005625 1.08875544341609
0.005703125 1.08754400246627
0.00578125 1.08630171475263
0.005859375 1.08502830747969
0.0059375 1.0837235135873
0.006015625 1.08238707180339
0.00609375 1.0810187266956
0.006171875 1.07961822872216
0.00625 1.07818533428165
0.006328125 1.07671980576187
0.00640625 1.07522141158775
0.006484375 1.07368992626824
0.0065625 1.07212513044222
0.006640625 1.07052681092348
0.00671875 1.06889476074455
0.006796875 1.06722877919971
0.006875 1.06552867188681
0.006953125 1.06379425074817
0.00703125 1.06202533411042
0.007109375 1.0602217467233
0.0071875 1.0583833197974
0.007265625 1.05650989104089
0.00734375 1.05460130469514
0.007421875 1.05265741156933
0.0075 1.05067806907395
0.007578125 1.04866314125324
0.00765625 1.04661249881657
0.007734375 1.0445260191687
0.0078125 1.04240358643895
0.007890625 1.04024509150934
0.00796875 1.03805043204153
0.008046875 1.0358195125027
0.008125 1.03355224419038
0.008203125 1.03124854525606
0.00828125 1.02890834072773
0.008359375 1.02653156253134
0.0084375 1.02411814951107
0.008515625 1.02166804744847
0.00859375 1.01918120908055
0.008671875 1.01665759411661
0.00875 1.01409716925406
0.008828125 1.01149990819298
0.00890625 1.00886579164963
0.008984375 1.00619480736873
0.0090625 1.00348695013467
0.009140625 1.00074222178153
0.00921875 0.997960631201914
0.009296875 0.995142194354678
0.009375 0.992286934271492
0.009453125 0.989394881062222
0.00953125 0.986466071919168
0.009609375 0.983500551120136
0.0096875 0.980498370030349
0.009765625 0.977459587103194
0.00984375 0.974384267879806
0.009921875 0.971272484987492
0.01 0.96812431813698
0.010078125 0.96493985411852
0.01015625 0.961719186796806
0.010234375 0.958462417104747
0.0103125 0.955169653036065
0.010390625 0.951841009636738
0.01046875 0.948476608995277
0.010546875 0.945076580231849
0.010625 0.941641059486235
0.010703125 0.938170189904631
0.01078125 0.934664121625301
0.010859375 0.931123011763066
0.0109375 0.927547024392646
0.011015625 0.923936330530857
0.01109375 0.920291108117649
0.011171875 0.916611541996012
0.01125 0.91289782389073
0.011328125 0.909150152386005
0.01140625 0.905368732901936
0.011484375 0.901553777669871
0.0115625 0.897705505706632
0.011640625 0.893824142787605
0.01171875 0.889909921418719
0.011796875 0.885963080807303
0.011875 0.881983866831822
0.011953125 0.877972532010522
0.01203125 0.873929335468949
0.012109375 0.869854542906382
0.0121875 0.865748426561169
0.012265625 0.861611265174968
0.01234375 0.857443343955905
0.012421875 0.853244954540655
0.0125 0.84901639495545
0.012578125 0.844757969576011
0.01265625 0.840469989086425
0.012734375 0.836152770436965
0.0128125 0.831806636800857
0.012890625 0.827431917530007
0.01296875 0.823028948109683
0.013046875 0.818598070112181
0.013125 0.814139631149451
0.013203125 0.809653984824721
0.01328125 0.8051414906831
0.013359375 0.800602514161188
0.0134375 0.796037426535689
0.013515625 0.791446604871032
0.01359375 0.786830431966023
0.013671875 0.782189296299519
0.01375 0.777523591975142
0.013828125 0.772833718665036
0.01390625 0.768120081552686
0.013984375 0.763383091274787
0.0140625 0.758623163862201
0.014140625 0.753840720679977
0.01421875 0.749036188366473
0.014296875 0.744209998771574
0.014375 0.739362588894012
0.014453125 0.734494400817815
0.01453125 0.72960588164787
0.014609375 0.724697483444636
0.0146875 0.719769663157993
0.014765625 0.714822882560252
0.01484375 0.709857608178339
0.014921875 0.704874311225143
0.015 0.699873467530063
0.015078125 0.694855557468748
0.01515625 0.689821065892048
0.015234375 0.684770482054186
0.0153125 0.679704299540157
0.015390625 0.674623016192376
0.01546875 0.669527134036569
0.015546875 0.664417159206942
0.015625 0.659293601870613
0.015703125 0.654156976151338
0.01578125 0.64900780005254
0.015859375 0.643846595379638
0.0159375 0.638673887661711
0.016015625 0.633490206072489
0.01609375 0.628296083350694
0.016171875 0.623092055719742
0.01625 0.617878662806811
0.016328125 0.6126564475613
0.01640625 0.607425956172679
0.016484375 0.602187737987753
0.0165625 0.596942345427343
0.016640625 0.591690333902407
0.01671875 0.586432261729603
0.016796875 0.581168690046319
0.016875 0.575900182725173
0.016953125 0.570627306287996
0.01703125 0.565350629819328
0.017109375 0.560070724879414
0.0171875 0.55478816541673
0.017265625 0.549503527680061
0.01734375 0.544217390130114
0.017421875 0.538930333350716
0.0175 0.533642939959584
0.017578125 0.528355794518692
0.01765625 0.523069483444247
0.017734375 0.517784594916294
0.0178125 0.512501718787947
0.017890625 0.507221446494279
0.01796875 0.501944370960878
0.018046875 0.496671086512078
0.018125 0.491402188778886
0.018203125 0.486138274606615
0.01828125 0.480879941962243
0.018359375 0.475627789841506
0.0184375 0.470382418175742
0.018515625 0.465144427738503
0.01859375 0.459914420051943
0.018671875 0.454692997293003
0.01875 0.44948076219941
0.018828125 0.444278317975486
0.01890625 0.439086268197814
0.018984375 0.433905216720744
0.0190625 0.428735767581767
0.019140625 0.423578524906783
0.01921875 0.418434092815252
0.019296875 0.413303075325269
0.019375 0.408186076258557
0.019453125 0.403083699145411
0.01953125 0.397996547129589
0.019609375 0.39292522287318
0.0196875 0.387870328461462
0.019765625 0.382832465307752
0.01984375 0.377812234058277
0.019921875 0.372810234497083
0.02 0.367827065450975
0.06 0.084883168950225
0.1 0
