0 1.16212680412373
7.8125e-05 1.16212661687139
0.00015625 1.16212593030768
0.000234375 1.16212424521146
0.0003125 1.16212106254205
0.000390625 1.1621158835294
0.00046875 1.16210820976428
0.000546875 1.16209754328831
0.000625 1.16208338668402
0.000703125 1.16206524316476
0.00078125 1.16204261666453
0.000859375 1.16201501192771
0.0009375 1.16198193459859
0.001015625 1.16194289131086
0.00109375 1.16189738977685
0.001171875 1.16184493887665
0.00125 1.161785048747
0.001328125 1.16171723087003
0.00140625 1.16164099816172
0.001484375 1.16155586506019
0.0015625 1.1614613476137
0.001640625 1.1613569635684
0.00171875 1.16124223245584
0.001796875 1.16111667568011
0.001875 1.16097981660479
0.001953125 1.1608311806395
0.00203125 1.16067029532611
0.002109375 1.16049669042471
0.0021875 1.16030989799911
0.002265625 1.16010945250199
0.00234375 1.15989489085973
0.002421875 1.15966575255678
0.0025 1.15942157971961
0.002578125 1.15916191720028
0.00265625 1.15888631265954
0.002734375 1.15859431664947
0.0028125 1.15828548269569
0.002890625 1.15795936737904
0.00296875 1.15761553041678
0.003046875 1.15725353474335
0.003125 1.15687294659048
0.003203125 1.1564733355669
0.00328125 1.15605427473743
0.003359375 1.1556153407015
0.0034375 1.15515611367118
0.003515625 1.15467617754852
0.00359375 1.15417512000237
0.003671875 1.15365253254458
0.00375 1.15310801060553
0.003828125 1.15254115360911
0.00390625 1.15195156504697
0.003984375 1.15133885255215
0.0040625 1.15070262797208
0.004140625 1.15004250744081
0.00421875 1.14935811145061
0.004296875 1.14864906492287
0.004375 1.14791499727824
0.004453125 1.14715554250608
0.00453125 1.14637033923315
0.004609375 1.14555903079154
0.0046875 1.1447212652859
0.004765625 1.14385669565981
0.00484375 1.14296497976141
0.004921875 1.14204578040827
0.005 1.14109876545138
0.005078125 1.1401236078384
0.00515625 1.13911998567602
0.005234375 1.13808758229153
0.0053125 1.13702608629353
0.005390625 1.13593519163179
0.00546875 1.1348145976562
0.005546875 1.13366400917494
0.005625 1.13248313651166
0.005703125 1.13127169556183
0.00578125 1.1300294078482
0.005859375 1.12875600057525
0.0059375 1.12745120668287
0.006015625 1.12611476489895
0.00609375 1.12474641979117
0.006171875 1.12334592181773
0.00625 1.12191302737722
0.006328125 1.12044749885744
0.00640625 1.11894910468332
0.006484375 1.1174176193638
0.0065625 1.11585282353779
0.006640625 1.11425450401904
0.00671875 1.11262245384012
0.006796875 1.11095647229527
0.006875 1.10925636498237
0.006953125 1.10752194384373
0.00703125 1.10575302720598
0.007109375 1.10394943981886
0.0071875 1.10211101289296
0.007265625 1.10023758413645
0.00734375 1.0983289977907
0.007421875 1.09638510466489
0.0075 1.09440576216951
0.007578125 1.0923908343488
0.00765625 1.09034019191213
0.007734375 1.08825371226426
0.0078125 1.08613127953452
0.007890625 1.08397278460491
0.00796875 1.08177812513709
0.008046875 1.07954720559827
0.008125 1.07727993728595
0.008203125 1.07497623835162
0.00828125 1.0726360338233
0.008359375 1.07025925562691
0.0084375 1.06784584260663
0.008515625 1.06539574054404
0.00859375 1.06290890217611
0.008671875 1.06038528721218
0.00875 1.05782486234963
0.008828125 1.05522760128855
0.00890625 1.05259348474519
0.008984375 1.04992250046429
0.0090625 1.04721464323024
0.009140625 1.0444699148771
0.00921875 1.04168832429748
0.009296875 1.03886988745024
0.009375 1.03601462736706
0.009453125 1.03312257415779
0.00953125 1.03019376501473
0.009609375 1.0272282442157
0.0096875 1.02422606312591
0.009765625 1.02118728019876
0.00984375 1.01811196097537
0.009921875 1.01500017808306
0.01 1.01185201123254
0.010078125 1.00866754721408
0.01015625 1.00544687989237
0.010234375 1.00219011020031
0.0103125 0.99889734613163
0.010390625 0.995568702732302
0.01046875 0.992204302090841
0.010546875 0.988804273327413
0.010625 0.985368752581799
0.010703125 0.981897883000195
0.01078125 0.978391814720865
0.010859375 0.97485070485863
0.0109375 0.97127471748821
0.011015625 0.967664023626421
0.01109375 0.964018801213213
0.011171875 0.960339235091576
0.01125 0.956625516986294
0.011328125 0.952877845481569
0.01140625 0.9490964259975
0.011484375 0.945281470765435
0.0115625 0.941433198802196
0.011640625 0.937551835883169
0.01171875 0.933637614514284
0.011796875 0.929690773902867
0.011875 0.925711559927386
0.011953125 0.921700225106086
0.01203125 0.917657028564513
0.012109375 0.913582236001946
0.0121875 0.909476119656733
0.012265625 0.905338958270532
0.01234375 0.901171037051469
0.012421875 0.896972647636219
0.0125 0.892744088051014
0.012578125 0.888485662671575
0.01265625 0.884197682181989
0.012734375 0.879880463532529
0.0128125 0.875534329896421
0.012890625 0.871159610625571
0.01296875 0.866756641205247
0.013046875 0.862325763207745
0.013125 0.857867324245015
0.013203125 0.853381677920285
0.01328125 0.848869183778663
0.013359375 0.844330207256752
0.0134375 0.839765119631253
0.013515625 0.835174297966596
0.01359375 0.830558125061587
0.013671875 0.825916989395083
0.01375 0.821251285070706
0.013828125 0.8165614117606
0.01390625 0.811847774648249
0.013984375 0.807110784370351
0.0140625 0.802350856957765
0.014140625 0.797568413775541
0.01421875 0.792763881462037
0.014296875 0.787937691867137
0.014375 0.783090281989576
0.014453125 0.778222093913378
0.01453125 0.773333574743434
0.014609375 0.7684251765402
0.0146875 0.763497356253556
0.014765625 0.758550575655816
0.01484375 0.753585301273903
0.014921875 0.748602004320707
0.015 0.743601160625627
0.015078125 0.738583250564311
0.01515625 0.733548758987612
0.015234375 0.728498175149749
0.0153125 0.723431992635721
0.015390625 0.718350709287939
0.01546875 0.713254827132133
0.015546875 0.708144852302506
0.015625 0.703021294966177
0.015703125 0.697884669246902
0.01578125 0.692735493148104
0.015859375 0.687574288475202
0.0159375 0.682401580757274
0.016015625 0.677217899168052
0.01609375 0.672023776446258
0.016171875 0.666819748815306
0.01625 0.661606355902375
0.016328125 0.656384140656864
0.01640625 0.651153649268243
0.016484375 0.645915431083317
0.0165625 0.640670038522907
0.016640625 0.635418026997971
0.01671875 0.630159954825167
0.016796875 0.624896383141884
0.016875 0.619627875820737
0.016953125 0.61435499938356
0.01703125 0.609078322914893
0.017109375 0.603798417974978
0.0171875 0.598515858512295
0.017265625 0.593231220775625
0.01734375 0.587945083225679
0.017421875 0.582658026446281
0.0175 0.577370633055149
0.017578125 0.572083487614257
0.01765625 0.566797176539812
0.017734375 0.561512288011859
0.0178125 0.556229411883512
0.017890625 0.550949139589844
0.01796875 0.545672064056443
0.018046875 0.540398779607644
0.018125 0.535129881874451
0.018203125 0.52986596770218
0.01828125 0.524607635057808
0.018359375 0.519355482937071
0.0184375 0.514110111271308
0.018515625 0.508872120834069
0.01859375 0.503642113147509
0.018671875 0.498420690388569
0.01875 0.493208455294975
0.018828125 0.488006011071052
0.01890625 0.48281396129338
0.018984375 0.47763290981631
0.0190625 0.472463460677333
0.019140625 0.467306218002349
0.01921875 0.462161785910818
0.019296875 0.457030768420835
0.019375 0.451913769354124
0.019453125 0.446811392240978
0.01953125 0.441724240225155
0.019609375 0.436652915968747
0.0196875 0.431598021557029
0.019765625 0.426560158403318
0.01984375 0.421539927153844
0.019921875 0.41653792759265
0.02 0.411554758546542
0.04 0.185199641345944
0.06 0.0881903054028303
0.08 0.0342962298788785
0.1 0
