7.8125e-05 0.00958713928582711 0.00958713928582711
0.000234375 0.0351470691143163 0.0351470691143163
0.000390625 0.0862484524574825 0.0862484524574825
0.000546875 0.162854348623398 0.162854348623398
0.000703125 0.264909376365097 0.264909376365097
0.000859375 0.392339749640769 0.392339749640769
0.001015625 0.545053325231493 0.545053325231493
0.001171875 0.722939662216504 0.722939662216504
0.001328125 0.925870093252001 0.925870093252001
0.001484375 1.15369780763501 1.15369780763501
0.001640625 1.40625794608411 1.40625794608411
0.001796875 1.68336770714177 1.68336770714177
0.001953125 1.98482646522109 1.98482646522109
0.002109375 2.31041590012779 2.31041590012779
0.002265625 2.65990013804043 2.65990013804043
0.002421875 3.03302590382657 3.03302590382657
0.002578125 3.42952268462113 3.42952268462113
0.002734375 3.84910290455025 3.84910290455025
0.002890625 4.29146211049698 4.29146211049698
0.003046875 4.75627916879802 4.75627916879802
0.003203125 5.24321647273354 5.24321647273354
0.003359375 5.75192016069224 5.75192016069224
0.003515625 6.28202034488226 6.28202034488226
0.003671875 6.83313135042454 6.83313135042454
0.003828125 7.40485196469507 7.40485196469507
0.003984375 7.99676569675825 7.99676569675825
0.004140625 8.60844104671372 8.60844104671372
0.004296875 9.23943178481892 9.23943178481892
0.004453125 9.88927724018538 9.88927724018538
0.004609375 10.5575025988685 10.5575025988685
0.004765625 11.24361921119 11.24361921119
0.004921875 11.947124908086 11.947124908086
0.005078125 12.6675043262537 12.6675043262537
0.005234375 13.4042292419522 13.4042292419522
0.005390625 14.1567589132009 14.1567589132009
0.005546875 14.9245404301851 14.9245404301851
0.005703125 15.7070090736326 15.7070090736326
0.005859375 16.5035886809548 16.5035886809548
0.006015625 17.3136920199141 17.3136920199141
0.006171875 18.1367211695829 18.1367211695829
0.006328125 18.972067908355 18.972067908355
0.006484375 19.8191141087719 19.8191141087719
0.006640625 20.6772321389153 20.6772321389153
0.006796875 21.5457852701078 21.5457852701078
0.006953125 22.4241280906796 22.4241280906796
0.007109375 23.3116069255161 23.3116069255161
0.007265625 24.2075602611706 24.2075602611706
0.007421875 25.1113191762144 25.1113191762144
0.007578125 26.0222077766116 26.0222077766116
0.007734375 26.9395436358053 26.9395436358053
0.007890625 27.8626382392645 27.8626382392645
0.008046875 28.7907974331915 28.7907974331915
0.008203125 29.7233218771368 29.7233218771368
0.008359375 30.6595075002022 30.6595075002022
0.008515625 31.5986459605782 31.5986459605782
0.008671875 32.5400251081092 32.5400251081092
0.008828125 33.4829294495975 33.4829294495975
0.008984375 34.4266406165602 34.4266406165602
0.009140625 35.3704378351424 35.3704378351424
0.009296875 36.3135983978879 36.3135983978879
0.009453125 37.2553981370785 37.2553981370785
0.009609375 38.1951118993356 38.1951118993356
0.009765625 39.1320140211988 39.1320140211988
0.009921875 40.065378805356 40.065378805356
0.010078125 40.9944809972728 40.9944809972728
0.010234375 41.9185962618556 41.9185962618556
0.010390625 42.8370016599203 42.8370016599203
0.010546875 43.7489761241054 43.7489761241054
0.010703125 44.6538009339662 44.6538009339662
0.010859375 45.5507601899455 45.5507601899455
0.011015625 46.439141285903 46.439141285903
0.011171875 47.3182353799317 47.3182353799317
0.011328125 48.1873378631441 48.1873378631441
0.011484375 49.0457488261491 49.0457488261491
0.011640625 49.8927735229039 49.8927735229039
0.011796875 50.7277228316717 50.7277228316717
0.011953125 51.549913712784 51.549913712784
0.012109375 52.3586696629017 52.3586696629017
0.012265625 53.1533211655244 53.1533211655244
0.012421875 53.9332061374282 53.9332061374282
0.012578125 54.6976703707628 54.6976703707628
0.012734375 55.4460679705365 55.4460679705365
0.012890625 56.1777617871961 56.1777617871961
0.013046875 56.8921238440439 56.8921238440439
0.013203125 57.5885357591943 57.5885357591943
0.013359375 58.2663891618459 58.2663891618459
0.013515625 58.9250861025505 58.9250861025505
0.013671875 59.5640394572683 59.5640394572683
0.013828125 60.1826733249169 60.1826733249169
0.013984375 60.7804234181799 60.7804234181799
0.014140625 61.3567374473185 61.3567374473185
0.014296875 61.9110754967451 61.9110754967451
0.014453125 62.4429103941154 62.4429103941154
0.014609375 62.951728071701 62.951728071701
0.014765625 63.4370279198265 63.4370279198265
0.014921875 63.8983231321163 63.8983231321163
0.015078125 64.335141042362 64.335141042362
0.015234375 64.7470234527681 64.7470234527681
0.015390625 65.1335269533881 65.1335269533881
0.015546875 65.4942232325162 65.4942232325162
0.015703125 65.8286993778695 65.8286993778695
0.015859375 66.1365581683334 66.1365581683334
0.016015625 66.4174183561116 66.4174183561116
0.016171875 66.6709149390634 66.6709149390634
0.016328125 66.8966994230964 66.8966994230964
0.016484375 67.0944400743934 67.0944400743934
0.016640625 67.2638221613518 67.2638221613518
0.016796875 67.4045481860517 67.4045481860517
0.016953125 67.5163381051142 67.5163381051142
0.017109375 67.5989295397926 67.5989295397926
0.017265625 67.6520779751705 67.6520779751705
0.017421875 67.6755569483319 67.6755569483319
0.017578125 67.6691582253632 67.6691582253632
0.017734375 67.6326919670991 67.6326919670991
0.017890625 67.5659868834686 67.5659868834686
0.018046875 67.4688903763524 67.4688903763524
0.018203125 67.341268670868 67.341268670868
0.018359375 67.1830069349504 67.1830069349504
0.018515625 66.994009387205 66.994009387205
0.018671875 66.7741993928971 66.7741993928971
0.018828125 66.5235195480491 66.5235195480491
0.018984375 66.2419317515738 66.2419317515738
0.019140625 65.9294172653826 65.9294172653826
0.019296875 65.5859767624296 65.5859767624296
0.019453125 65.2116303626542 65.2116303626542
0.019609375 64.8064176567818 64.8064176567818
0.019765625 64.3703977179683 64.3703977179683
0.019921875 63.9036491012678 63.9036491012678
0.02015625 20.9747537265775 63.1700590749659
0.02046875 20.4950340504356 62.2056306921423
0.02078125 20.0321496355034 61.2702076742155
0.02109375 19.585298135396 60.3625008938573
0.02140625 19.15372566581 59.4812965012457
0.02171875 18.7367232586221 58.6254505084229
0.02203125 18.3336236203758 57.7938838345439
0.02234375 17.9437981652319 56.9855777669277
0.02265625 17.5666542957492 56.1995697977289
0.02296875 17.2016329077856 55.4349498004809
0.02328125 16.8482060983509 54.6908565145687
0.02359375 16.5058750574959 53.9664743090783
0.02390625 16.1741681273057 53.2610302004636
0.02421875 15.8526390128181 52.5737911011036
0.02453125 15.5408651312383 51.9040612781592
0.02484375 15.2384460872014 51.2511800042203
0.02515625 14.9450022630459 50.61451938305
0.02546875 14.6601735141624 49.9934823354055
0.02578125 14.3836179604357 49.3875007313396
0.02609375 14.1150108656705 48.7960336567123
0.02640625 13.8540435976585 48.2185658027881
0.02671875 13.6004226622322 47.6546059688372
0.02703125 13.3538688052786 47.1036856686194
0.02734375 13.1141161772234 46.5653578324066
0.02765625 12.880911555011 46.0391955970121
0.02796875 12.6540136170414 45.5247911769341
0.02828125 12.4331922669326 45.0217548103378
0.02859375 12.2182280023416 44.5297137741592
0.02890625 12.0089113253998 44.0483114630877
0.02921875 11.8050421916182 43.5772065276532
0.02953125 11.6064294943881 43.1160720670431
0.02984375 11.4128905824366 42.6645948726242
0.03015625 11.2242508078266 42.2224747185039
0.03046875 11.0403431022828 41.7894236957501
0.03078125 10.861007579809 41.3651655871632
0.03109375 10.6860911637281 40.9494352797548
0.03140625 10.5154472364207 40.5419782122939
0.03171875 10.3489353101851 40.1425498555229
0.03203125 10.1864207177508 39.7509152227853
0.03234375 10.0277743211084 39.3668484090388
0.03265625 9.87287223740676 38.9901321563212
0.03296875 9.72159558077523 38.6205574439391
0.03328125 9.57383021900888 38.2579231017425
0.03359375 9.42946654413541 37.9020354449818
0.03390625 9.28839925595772 37.5527079293603
0.03421875 9.15052715772866 37.2097608249826
0.03453125 9.01575296318207 36.8730209080142
0.03484375 8.88398311419349 36.5423211689287
0.03515625 8.7551276084012 36.2175005363159
0.03546875 8.62909983616387 35.8984036152911
0.03578125 8.50581642627501 35.5848804396115
0.03609375 8.38519709989578 35.2767862366709
0.03640625 8.26716453220389 34.9739812045969
0.03671875 8.1516442212914 34.6763303007279
0.03703125 8.03856436387802 34.3837030408064
0.03734375 7.92785573743089 34.0959733082477
0.03765625 7.81945158831512 33.8130191729095
0.03796875 7.7132875256205 33.534722718811
0.03828125 7.60930142033427 33.2609698802892
0.03859375 7.5074333095519 32.9916502861168
0.03890625 7.40762530543639 32.7266571111272
0.03921875 7.30982150865902 32.4658869349426
0.03953125 7.21396792606557 32.2092396073943
0.03984375 7.12001239233349 31.956618120278
0.04015625 7.0279044953991 31.7079284851014
0.04046875 6.93759550544506 31.4630796164911
0.04078125 6.84903830725485 31.2219832209625
0.04109375 6.76218733575098 30.9845536907652
0.04140625 6.67699851454513 30.750708002534
0.04171875 6.59342919733854 30.5203656204929
0.04203125 6.51143811202344 30.293448403984
0.04234375 6.43098530733965 30.0698805190842
0.04265625 6.3520321019551 29.8495883541093
0.04296875 6.2745410358434 29.6325004388073
0.04328125 6.19847582383874 29.4185473670472
0.04359375 6.12380131125878 29.2076617228397
0.04390625 6.05048343148686 28.9997780095093
0.04421875 5.97848916541883 28.7948325818805
0.04453125 5.90778650267492 28.5927635813056
0.04484375 5.83834440449458 28.3935108734209
0.04515625 5.77013276822687 28.1970159884836
0.04546875 5.70312239333806 28.0032220641638
0.04578125 5.63728494886462 27.8120737906875
0.04609375 5.57259294223913 27.6235173582088
0.04640625 5.50901968942208 27.4375004063014
0.04671875 5.44653928628049 27.2539719754895
0.04703125 5.38512658114971 27.0728824607019
0.04734375 5.32475714852474 26.8941835665722
0.04765625 5.26540726382692 26.7178282644967
0.04796875 5.20705387919653 26.5437707513729
0.04828125 5.14967460026288 26.37196640994
0.04859375 5.09324766384651 26.2023717706479
0.04890625 5.03775191655107 26.0349444749885
0.04921875 4.98316679420467 25.8696432402266
0.04953125 4.92947230211112 25.7064278254623
0.04984375 4.87664899607489 25.5452589989704
0.05015625 4.8246779641663 25.3860985067657
0.05046875 4.77354080919143 25.2289090423282
0.05078125 4.72321963183786 25.0736542174518
0.05109375 4.67369701446598 24.9202985341643
0.05140625 4.62495600551591 24.7688073576653
0.05171875 4.57698010450502 24.6191468902477
0.05203125 4.52975324759044 24.4712841461624
0.05234375 4.48325979367108 24.3251869273794
0.05265625 4.4374845110069 24.1808238002134
0.05296875 4.39241256433363 24.0381640727789
0.05328125 4.34802950245019 23.8971777732321
0.05359375 4.30432124626199 23.757835628782
0.05390625 4.26127407725798 23.6201090454261
0.05421875 4.2188746264058 23.4839700883917
0.05453125 4.17710986344528 23.349391463243
0.05484375 4.13596708656638 23.2163464976402
0.05515625 4.09543391245415 23.0848091237162
0.05546875 4.0554982666861 22.9547538610475
0.05578125 4.01614837446842 22.8261558002014
0.05609375 3.97737275169634 22.6989905868295
0.05640625 3.93916019632656 22.5732344062932
0.05671875 3.90149978004826 22.4488639687933
0.05703125 3.86438084024197 22.3258564949917
0.05734375 3.82779297221449 22.2041897021036
0.05765625 3.7917260216985 22.0838417904393
0.05796875 3.75617007760729 21.9647914303833
0.05828125 3.72111546503433 21.8470177497914
0.05859375 3.68655273848835 21.7305003217926
0.05890625 3.65247267535449 21.6152191529768
0.05921875 3.61886626957362 21.5011546719589
0.05953125 3.58572472553043 21.3882877183006
0.05984375 3.55303945214374 21.2765995317826
0.06015625 3.52080205714991 21.1660717420067
0.06046875 3.48900434157384 21.0566863583265
0.06078125 3.4576382943786 20.9484257600828
0.06109375 3.42669608728845 20.8412726871411
0.06140625 3.39617006977848 20.7352102307178
0.06171875 3.3660527642247 20.6302218244866
0.06203125 3.33633686120836 20.5262912359498
0.06234375 3.30701521496977 20.423402558075
0.06265625 3.27808083900516 20.3215402011765
0.06296875 3.24952690180198 20.2206888850412
0.06328125 3.2213467227078 20.1208336312882
0.06359375 3.19353376792728 20.0219597559503
0.06390625 3.16608164664376 19.9240528622777
0.06421875 3.13898410726048 19.8270988337507
0.06453125 3.11223503375646 19.7310838272919
0.06484375 3.08582844215444 19.635994266678
0.06515625 3.05975847709625 19.5418168361421
0.06546875 3.03401940852162 19.4485384741561
0.06578125 3.00860562844689 19.3561463673907
0.06609375 2.98351164784121 19.2646279448497
0.06640625 2.95873209359554 19.173970872168
0.06671875 2.93426170558178 19.084163046069
0.06703125 2.91009533379913 18.9951925889779
0.06734375 2.88622793560469 18.9070478437854
0.06765625 2.86265457302535 18.8197173687565
0.06796875 2.83937041014801 18.7331899325781
0.06828125 2.8163707105862 18.6474545095454
0.06859375 2.79365083501986 18.562500274878
0.06890625 2.77120623880582 18.4783166001623
0.06921875 2.74903246965763 18.39489304892
0.06953125 2.72712516539131 18.3122193722955
0.06984375 2.70548005173548 18.2302855048582
0.07015625 2.68409294020338 18.1490815605158
0.07046875 2.66295972602546 18.0685978285399
0.07078125 2.64207638613982 17.9888247696942
0.07109375 2.62143897723894 17.9097530124645
0.07140625 2.60104363387117 17.8313733493902
0.07171875 2.58088656659461 17.7536767334887
0.07203125 2.56096406018247 17.6766542747751
0.07234375 2.54127247187756 17.6002972368708
0.07265625 2.52180822969512 17.5245970337016
0.07296875 2.50256783077132 17.4495452262766
0.07328125 2.48354783975768 17.3751335195547
0.07359375 2.46474488725823 17.3013537593869
0.07390625 2.44615566830921 17.2281979295372
0.07421875 2.42777694089993 17.1556581487811
0.07453125 2.40960552453267 17.0837266680734
0.07484375 2.39163829882156 17.0123958677893
0.07515625 2.37387220212837 16.9416582550333
0.07546875 2.35630423023472 16.8715064610166
0.07578125 2.33893143504906 16.801933238497
0.07609375 2.32175092334774 16.7329314592835
0.07640625 2.30475985554903 16.6644941118018
0.07671875 2.28795544451919 16.5966142987192
0.07703125 2.27133495440928 16.5292852346269
0.07734375 2.25489569952255 16.4625002437799
0.07765625 2.23863504321049 16.3962527578893
0.07796875 2.22255039679762 16.33053631397
0.07828125 2.20663921853357 16.2653445522377
0.07859375 2.19089901257199 16.2006712140577
0.07890625 2.17532732797538 16.1365101399424
0.07921875 2.15992175774513 16.0728552675956
0.07953125 2.14467993787573 16.009700630002
0.07984375 2.12959954643308 15.9470403535633
0.08015625 2.1146783026559 15.8848686562785
0.08046875 2.09991396607903 15.8231798459627
0.08078125 2.08530433567915 15.7619683185123
0.08109375 2.07084724904105 15.7012285562058
0.08140625 2.05654058154503 15.6409551260476
0.08171875 2.04238224557376 15.5811426781467
0.08203125 2.0283701897389 15.5217859441348
0.08234375 2.01450239812634 15.4628797356182
0.08265625 2.00077688955997 15.4044189426668
0.08296875 1.98719171688326 15.3463985323368
0.08328125 1.97374496625796 15.2888135472248
0.08359375 1.96043475647999 15.2316591040574
0.08390625 1.94725923831151 15.1749303923104
0.08421875 1.93421659382895 15.1186226728583
0.08453125 1.92130503578666 15.0627312766556
0.08484375 1.90852280699548 15.0072516034449
0.08515625 1.89586817971623 14.9521791204964
0.08546875 1.88333945506729 14.8975093613721
0.08578125 1.87093496244609 14.8432379247188
0.08609375 1.85865305896421 14.7893604730863
0.08640625 1.84649212889569 14.7358727317731
0.08671875 1.83445058313803 14.6827704876946
0.08703125 1.82252685868565 14.6300495882774
0.08734375 1.81071941811567 14.5777059403765
0.08765625 1.79902674908536 14.5257355092166
0.08796875 1.78744736384115 14.4741343173544
0.08828125 1.77597979873888 14.4228984436646
0.08859375 1.76462261377492 14.3720240223466
0.08890625 1.75337439212798 14.3215072419516
0.08921875 1.74223373971124 14.2713443444315
0.08953125 1.73119928473462 14.2215316242067
0.08984375 1.72026967727679 14.1720654272529
0.09015625 1.70944358886686 14.1229421502086
0.09046875 1.69871971207542 14.0741582394999
0.09078125 1.6880967601145 14.0257101904826
0.09109375 1.67757346644667 13.9775945466045
0.09140625 1.66714858440251 13.9298078985819
0.09171875 1.6568208868067 13.8823468835952
0.09203125 1.64658916561226 13.8352081844998
0.09234375 1.6364522315427 13.7883885290531
0.09265625 1.62640891374217 13.7418846891575
0.09296875 1.61645805943305 13.6956934801183
0.09328125 1.60659853358103 13.649811759917
0.09359375 1.59682921856743 13.6042364284983
0.09390625 1.58714901386854 13.5589644270723
0.09421875 1.57755683574197 13.5139927374302
0.09453125 1.5680516169195 13.4693183812734
0.09484375 1.55863230630671 13.4249384195559
0.09515625 1.54929786868882 13.3808499518398
0.09546875 1.54004728444288 13.3370501156635
0.09578125 1.53087954925602 13.2935360859224
0.09609375 1.52179367384961 13.2503050742609
0.09640625 1.51278868370925 13.2073543284773
0.09671875 1.50386361882038 13.1646811319393
0.09703125 1.49501753340946 13.122282803012
0.09734375 1.48624949569052 13.0801566944951
0.09765625 1.47755858761691 13.0383001930727
0.09796875 1.46894390463832 12.9967107187726
0.09828125 1.46040455546266 12.9553857244363
0.09859375 1.45193966182296 12.9143226951988
0.09890625 1.44354835824902 12.8735191479786
0.09921875 1.43522979184365 12.8329726309771
0.09953125 1.42698312206361 12.7926807231875
0.09984375 1.41880752050488 12.752641033913
