0.0025 9.56708580912724 9.56708580912724
0.0075 29.475045518867 29.475045518867
0.0125 54.6402086117717 54.6402086117717
0.0175 65.0936550409514 65.0936550409514
0.020625 20.7913049888642 63.3485073879455
0.021875 19.0180593608161 59.728592680063
0.023125 17.4686052491631 56.500020102762
0.024375 16.1059404843314 53.6025831744154
0.025625 14.9005510194165 50.9878230195658
0.026875 13.8286354111981 48.6162963674932
0.028125 12.8708078502493 46.4555720844934
0.029375 12.0111363321071 44.478739229834
0.030625 11.2364195518048 42.663280485759
0.031875 10.535636475576 40.990210662788
0.033125 9.89952257516389 39.4434102604186
0.034375 9.32024016742179 38.009104432767
0.035625 8.79111949558711 36.6754516456525
0.036875 8.30645356697959 35.4322159966473
0.038125 7.86133425015219 34.2705039967572
0.039375 7.45152033435477 33.1825514889236
0.040625 7.07333056322179 32.1615499046491
0.041875 6.7235563396824 31.2015036388386
0.043125 6.39939004177261 30.2971122290172
0.044375 6.09836581445551 29.443672447918
0.045625 5.8183103980578 28.6369964904407
0.046875 5.55730208113558 27.8733432506957
0.048125 5.31363626845145 27.1493603091191
0.049375 5.08579646494618 26.4620347316731
0.050625 4.87242971715429 25.8086511580516
0.051875 4.67232574134241 25.1867559494239
0.053125 4.48439911524516 24.5941263976727
0.054375 4.30767402695964 24.0287441816342
0.055625 4.14127116734265 23.4887724022716
0.056875 3.98439642643734 22.9725356461778
0.058125 3.83633111407425 22.4785026215288
0.059375 3.69642347294762 22.0052709873913
0.060625 3.56408129154583 21.5515540598162
0.061875 3.43876545617341 21.1161691293148
0.063125 3.31998430738576 20.6980271663581
0.064375 3.20728868760251 20.2961237262346
0.065625 3.10026758436655 19.9095308933539
0.066875 2.9985442883825 19.5373901289922
0.068125 2.90177299766496 19.1789059064419
0.069375 2.80963580930593 18.8333400342538
0.070625 2.72184004889308 18.5000065823201
0.071875 2.63811589477154 18.1782673374102
0.073125 2.55821426037475 17.8675277248049
0.074375 2.48190490295025 17.5672331411948
0.075625 2.40897473133005 17.2768656512577
0.076875 2.33922628906968 16.9959410065219
0.078125 2.27247639241343 16.7240059504175
0.079375 2.20855490522031 16.4606357779701
0.080625 2.1473036352792 16.2054321224977
0.081875 2.08857533841211 15.958020945055
0.083125 2.03223281846041 15.7180507052798
0.084375 1.97814811271297 15.4851906948312
0.085625 1.92620175360056 15.2591295168044
0.086875 1.87628209857856 15.0395736964188
0.088125 1.82828472107218 14.8262464099447
0.089375 1.78211185618836 14.6188863202952
0.090625 1.73767189562103 14.4172465089807
0.091875 1.69487892680856 14.2210934952531
0.093125 1.65365231195497 14.0302063342429
0.094375 1.61391630301138 13.8443757867695
0.095625 1.57559968914021 13.6634035542627
0.096875 1.53863547355921 13.4871015729174
0.098125 1.50296057699301 13.3152913617975
0.099375 1.4685155652512 13.1478034201396
