0 1.18458677323849
0.000625 1.18449093793707
0.00125 1.1841404647782
0.001875 1.18328366044425
0.0025 1.18167469030804
0.003125 1.17907643210866
0.00375 1.17526323967084
0.004375 1.17002358808516
0.005 1.16316257295034
0.005625 1.15450423773789
0.00625 1.14389370505714
0.006875 1.13119908955989
0.0075 1.1163131724082
0.008125 1.09915481961525
0.00875 1.0796701291338
0.009375 1.05783329428461
0.01 1.03364717396127
0.010625 1.00714356299008
0.01125 0.978383159035121
0.011875 0.94745522548942
0.0125 0.914476952853198
0.013125 0.879592524139388
0.01375 0.842971892834503
0.014375 0.804809284850345
0.015 0.765321438699941
0.015625 0.724745600791678
0.01625 0.683337295232583
0.016875 0.641367889840098
0.0175 0.599121982158586
0.018125 0.556894631141131
0.01875 0.5149884617704
0.019375 0.473710671238026
0.02 0.433369966366637
0.0225 0.384932613432363
0.025 0.34407042546826
0.0275 0.309098282616101
0.03 0.278804687302692
0.0325 0.252294097062567
0.035 0.228888967866936
0.0375 0.208066473617029
0.04 0.189416264285438
0.0425 0.172611468369465
0.045 0.157388300304408
0.0475 0.143531413513929
0.05 0.130863182746504
0.0525 0.1192357308868
0.055 0.108524909051511
0.0575 0.0986256904736861
0.06 0.0894486033422683
0.0625 0.0809169377233898
0.065 0.0729645364953745
0.0675 0.0655340319845383
0.07 0.058575426351727
0.0725 0.0520449396907974
0.075 0.0459040685052317
0.0775 0.0401188108948148
0.08 0.0346590248799207
0.0825 0.029497893826525
0.085 0.0246114786141301
0.0875 0.0199783405073734
0.09 0.015579222003872
0.0925 0.0113967754906923
0.095 0.0074153315352157
0.0975 0.00362070019935085
0.1 0
