0 1.42441298288237
0.01 1.07085959228909
0.02 0.481603941300302
0.0203125 0.47432378220022
0.020625 0.467210129730504
0.0209375 0.460257140514792
0.02125 0.453459249664348
0.0215625 0.446811153957282
0.021875 0.440307796248528
0.0221875 0.433944351004914
0.0225 0.427716210870085
0.0228125 0.42161897417323
0.023125 0.415648433303842
0.0234375 0.409800563882065
0.02375 0.404071514660744
0.0240625 0.398457598101187
0.024375 0.392955281569897
0.0246875 0.387561179108281
0.025 0.382272043731579
0.0253125 0.377084760217104
0.025625 0.371996338345305
0.0259375 0.367003906560322
0.02625 0.362104706019471
0.0265625 0.357296085003691
0.026875 0.352575493663258
0.0271875 0.347940479075179
0.0275 0.343388680590596
0.0278125 0.338917825452223
0.028125 0.334525724663458
0.0284375 0.330210269092197
0.02875 0.325969425793741
0.0290625 0.321801234538322
0.029375 0.317703804529919
0.0296875 0.313675311303991
0.03 0.309713993792706
0.0303125 0.305818151547052
0.030625 0.301986142105994
0.0309375 0.298216378503573
0.03125 0.294507326905444
0.0315625 0.290857504366996
0.031875 0.287265476705706
0.0321875 0.28372985648092
0.0325 0.28024930107469
0.0328125 0.276822510867755
0.033125 0.273448227505133
0.0334375 0.270125232246159
0.03375 0.266852344394169
0.0340625 0.263628419801301
0.034375 0.260452349444229
0.0346875 0.25732305806686
0.035 0.254239502886338
0.0353125 0.251200672358859
0.035625 0.248205585002092
0.0359375 0.245253288271146
0.03625 0.242342857485233
0.0365625 0.239473394802354
0.036875 0.236644028239491
0.0371875 0.233853910735935
0.0375 0.231102219257534
0.0378125 0.228388153939752
0.038125 0.225710937267594
0.0384375 0.223069813290519
0.03875 0.2204640468706
0.0390625 0.217892922962288
0.039375 0.215355745922215
0.0396875 0.212851838847583
0.04 0.210380542941731
0.0403125 0.2079412169056
0.040625 0.205533236353835
0.0409375 0.203155993254376
0.04125 0.200808895390412
0.0415625 0.198491365843673
0.041875 0.196202842498061
0.0421875 0.193942777562671
0.0425 0.191710637113346
0.0428125 0.18950590065189
0.043125 0.187328060682162
0.0434375 0.185176622302298
0.04375 0.183051102812324
0.0440625 0.180951031336499
0.044375 0.178875948459735
0.0446875 0.176825405877474
0.045 0.174798966058448
0.0453125 0.172796201919766
0.045625 0.170816696513791
0.0459375 0.168860042726327
0.04625 0.166925842985613
0.0465625 0.165013708981691
0.046875 0.163123261395709
0.0471875 0.161254129638745
0.0475 0.159405951599761
0.0478125 0.15757837340232
0.048125 0.155771049169702
0.0484375 0.153983640798081
0.04875 0.152215817737449
0.0490625 0.150467256779961
0.049375 0.14873764185542
0.0496875 0.147026663833621
0.05 0.145334020333274
0.0503125 0.143659415537257
0.050625 0.142002560013962
0.0509375 0.140363170544476
0.05125 0.138740969955404
0.0515625 0.137135686957093
0.051875 0.135547055987067
0.0521875 0.133974817058474
0.0525 0.132418715613356
0.0528125 0.130878502380562
0.053125 0.129353933238135
0.0534375 0.127844769080008
0.05375 0.126350775686849
0.0540625 0.124871723600903
0.054375 0.123407388004695
0.0546875 0.12195754860344
0.055 0.120521989511046
0.0553125 0.119100499139564
0.055625 0.117692870091974
0.0559375 0.116298899058187
0.05625 0.11491838671415
0.0565625 0.113551137623944
0.056875 0.112196960144773
0.0571875 0.110855666334747
0.0575 0.109527071863357
0.0578125 0.108210995924553
0.058125 0.10690726115234
0.0584375 0.1056156935388
0.05875 0.104336122354466
0.0590625 0.103068380070961
0.059375 0.101812302285836
0.0596875 0.100567727649526
0.06 0.0993344977943548
0.0603125 0.0981124572655324
0.060625 0.0969014534540622
0.0609375 0.0957013365315109
0.06125 0.0945119593865732
0.0615625 0.0933331775633762
0.061875 0.0921648492014668
0.0621875 0.0910068349774291
0.0625 0.0898589980480799
0.0628125 0.088721203995192
0.063125 0.0875933207716985
0.0634375 0.0864752186493302
0.06375 0.0853667701676427
0.0640625 0.08426785008439
0.064375 0.0831783353272022
0.0646875 0.0820981049465287
0.065 0.0810270400698061
0.0653125 0.0799650238568168
0.065625 0.0789119414561979
0.0659375 0.0778676799630705
0.06625 0.0768321283777516
0.0665625 0.0758051775655187
0.066875 0.0747867202173952
0.0671875 0.0737766508119262
0.0675 0.0727748655779152
0.0678125 0.0717812624580944
0.068125 0.0707957410737002
0.0684375 0.069818202689929
0.06875 0.0688485501822455
0.0690625 0.0678866880035214
0.069375 0.0669325221519797
0.0696875 0.06598596013992
0.07 0.0650469109632055
0.0703125 0.0641152850714875
0.070625 0.0631909943391482
0.0709375 0.0622739520369402
0.07125 0.0613640728043047
0.0715625 0.0604612726223487
0.071875 0.059565468787462
0.0721875 0.0586765798855582
0.0725 0.0577945257669211
0.0728125 0.05691922752164
0.073125 0.0560506074556186
0.0734375 0.055188589067141
0.07375 0.0543330970239798
0.0740625 0.0534840571410326
0.074375 0.0526413963584717
0.0746875 0.0518050427203927
0.075 0.050974925353951
0.0753125 0.0501509744489705
0.075625 0.0493331212380139
0.0759375 0.0485212979769015
0.07625 0.0477154379256669
0.0765625 0.0469154753299384
0.076875 0.0461213454027349
0.0771875 0.0453329843066652
0.0775 0.0445503291365207
0.0778125 0.043773317902251
0.078125 0.0430018895123131
0.0784375 0.0422359837573841
0.07875 0.041475541294428
0.0790625 0.0407205036311086
0.079375 0.0399708131105382
0.0796875 0.0392264128963557
0.08 0.0384872469581235
0.0803125 0.0377532600570369
0.080625 0.0370243977319376
0.0809375 0.0363006062856238
0.08125 0.0355818327714498
0.0815625 0.0348680249802074
0.081875 0.0341591314272824
0.0821875 0.0334551013400805
0.0825 0.0327558846457136
0.0828125 0.0320614319589435
0.083125 0.0313716945703732
0.0834375 0.0306866244348828
0.08375 0.0300061741603025
0.0840625 0.0293302969963171
0.084375 0.0286589468235973
0.0846875 0.0279920781431516
0.085 0.0273296460658941
0.0853125 0.0266716063024223
0.085625 0.0260179151530012
0.0859375 0.0253685294977477
0.08625 0.0247234067870115
0.0865625 0.024082505031947
0.086875 0.0234457827952726
0.0871875 0.0228131991822125
0.0875 0.0221847138316176
0.0878125 0.02156028690726
0.088125 0.0209398790892985
0.0884375 0.0203234515659104
0.08875 0.0197109660250859
0.0890625 0.019102384646582
0.089375 0.0184976700940313
0.0896875 0.0178967855072031
0.09 0.0172996944944132
0.0903125 0.0167063611250781
0.090625 0.0161167499224119
0.0909375 0.0155308258562621
0.09125 0.0149485543360806
0.0915625 0.0143699012040275
0.091875 0.0137948327282052
0.0921875 0.0132233155960188
0.0925 0.0126553169076615
0.0928125 0.0120908041697202
0.093125 0.0115297452889015
0.0934375 0.0109721085658725
0.09375 0.0104178626892165
0.0940625 0.00986697672949918
0.094375 0.00931942013344387
0.0946875 0.00877516271821379
0.095 0.00823417466579808
0.0953125 0.00769642651750015
0.095625 0.00716188916852587
0.0959375 0.00663053386266961
0.09625 0.00610233218709594
0.0965625 0.00557725606721514
0.096875 0.00505527776165038
0.0971875 0.0045363698572948
0.0975 0.00402050526445656
0.0978125 0.00350765721209001
0.098125 0.00299779924311126
0.0984375 0.00249090520979632
0.09875 0.00198694926926023
0.0990625 0.0014859058790154
0.099375 0.000987749792607613
0.0996875 0.000492456055328071
0.1 0
