0 1.1843649226025
0.0003125 1.18435293958076
0.000625 1.18430903070253
0.0009375 1.18420136241985
0.00125 1.18399828556355
0.0015625 1.18366842693753
0.001875 1.18318078020066
0.0021875 1.18250479580141
0.0025 1.18161046973308
0.0028125 1.18046843088011
0.003125 1.17905002672955
0.0034375 1.17732740722604
0.00375 1.17527360655304
0.0040625 1.17286262262835
0.004375 1.17006949410775
0.0046875 1.16687037469662
0.005 1.1632426045763
0.0053125 1.15916477875919
0.005625 1.15461681219407
0.0059375 1.14958000145137
0.00625 1.14403708282691
0.0065625 1.13797228671099
0.006875 1.13137138807983
0.0071875 1.12422175297539
0.0075 1.11651238085004
0.0078125 1.10823394266287
0.008125 1.09937881462488
0.0084375 1.08994110750142
0.00875 1.07991669139126
0.0090625 1.06930321591311
0.009375 1.05810012574185
0.0096875 1.04630867144839
0.01 1.03393191560911
0.0103125 1.02097473416228
0.010625 1.00744381300138
0.0109375 0.993347639806614
0.01125 0.978696491128441
0.0115625 0.963502414748557
0.011875 0.947779207355812
0.0121875 0.931542387586345
0.0125 0.914809164488914
0.0128125 0.897598401487976
0.013125 0.879930575928449
0.0134375 0.861827734297278
0.01375 0.843313443227913
0.0140625 0.824412736404472
0.014375 0.805152057492819
0.0146875 0.785559199235899
0.015 0.765663238860429
0.0153125 0.745494469951504
0.015625 0.725084330960701
0.0159375 0.704465330521904
0.01625 0.683670969757298
0.0165625 0.662735661763747
0.016875 0.641694648477066
0.0171875 0.620583915118538
0.0175 0.599440102434321
0.0178125 0.578300416944221
0.018125 0.557202539421568
0.0184375 0.536184531830649
0.01875 0.515284742952347
0.0190625 0.494541712932221
0.019375 0.473994076988302
0.0196875 0.453680468518315
0.02 0.433639421847898
0.0203125 0.427084317721058
0.020625 0.42067913728199
0.0209375 0.414418619115392
0.02125 0.408297752558086
0.0215625 0.402311762553482
0.021875 0.396456095614212
0.0221875 0.390726406797814
0.0225 0.385118547609696
0.0228125 0.37962855475591
0.023125 0.374252639675708
0.0234375 0.368987178790453
0.02375 0.363828704411352
0.0240625 0.358773896253811
0.024375 0.353819573510915
0.0246875 0.348962687442814
0.025 0.344200314442636
0.0253125 0.339529649542957
0.025625 0.334948000330022
0.0259375 0.330452781235655
0.02625 0.326041508179385
0.0265625 0.321711793535567
0.026875 0.317461341402391
0.0271875 0.313287943151529
0.0275 0.3091894732389
0.0278125 0.305163885258588
0.028125 0.301209208223355
0.0284375 0.297323543056498
0.02875 0.29350505928096
0.0290625 0.289751991892701
0.029375 0.286062638406288
0.0296875 0.282435356061603
0.03 0.278868559181346
0.0303125 0.275360716669811
0.030625 0.271910349644056
0.0309375 0.268516029189278
0.03125 0.265176374230737
0.0315625 0.261890049515148
0.031875 0.258655763694941
0.0321875 0.255472267509236
0.0325 0.25233835205582
0.0328125 0.249252847148786
0.033125 0.246214619756859
0.0334375 0.243222572517764
0.03375 0.240275642324298
0.0340625 0.237372798978046
0.034375 0.234513043906959
0.0346875 0.231695408943234
0.035 0.228918955158184
0.0353125 0.226182771750981
0.035625 0.223485974988343
0.0359375 0.220827707192456
0.03625 0.218207135774531
0.0365625 0.215623452311604
0.036875 0.213075871664313
0.0371875 0.21056363113351
0.0375 0.208085989653716
0.0378125 0.205642227021536
0.038125 0.203231643157248
0.0384375 0.200853557397909
0.03875 0.198507307820396
0.0390625 0.196192250592896
0.039375 0.193907759353451
0.0396875 0.191653224614236
0.04 0.189428053190316
0.0403125 0.187231667651712
0.040625 0.185063505797661
0.0409375 0.182923020152011
0.04125 0.180809677478772
0.0415625 0.178722958316862
0.041875 0.176662356533169
0.0421875 0.174627378893088
0.0425 0.172617544647722
0.0428125 0.170632385137001
0.043125 0.168671443407994
0.0434375 0.16673427384774
0.04375 0.16482044182994
0.0440625 0.162929523374919
0.044375 0.161061104822245
0.0446875 0.159214782515485
0.045 0.157390162498549
0.0453125 0.155586860223133
0.045625 0.153804500266788
0.0459375 0.152042716061157
0.04625 0.150301149629958
0.0465625 0.148579451336299
0.046875 0.146877279638938
0.0471875 0.145194300857122
0.0475 0.143530188943641
0.0478125 0.141884625265777
0.048125 0.140257298393807
0.0484375 0.138647903896779
0.04875 0.137056144145246
0.0490625 0.135481728120692
0.049375 0.133924371231394
0.0496875 0.132383795134437
0.05 0.130859727563679
0.0503125 0.129351902163397
0.050625 0.127860058327428
0.0509375 0.126383941043562
0.05125 0.124923300743013
0.0515625 0.123477893154756
0.051875 0.122047479164556
0.0521875 0.120631824678505
0.0525 0.119230700490908
0.0528125 0.117843882156348
0.053125 0.116471149865777
0.0534375 0.115112288326487
0.05375 0.113767086645817
0.0540625 0.112435338218467
0.054375 0.111116840617271
0.0546875 0.109811395487327
0.055 0.108518808443347
0.0553125 0.107238888970123
0.055625 0.105971450325985
0.0559375 0.104716309449164
0.05625 0.103473286866944
0.0565625 0.102242206607513
0.056875 0.10102289611441
0.0571875 0.0998151861634966
0.0575 0.0986189107823435
0.0578125 0.0974339071719703
0.058125 0.0962600156308439
0.0584375 0.0950970794810674
0.05875 0.0939449449966821
0.0590625 0.0928034613340134
0.059375 0.0916724804639922
0.0596875 0.0905518571063861
0.06 0.0894414486658778
0.0603125 0.0883411151699299
0.060625 0.0872507192083776
0.0609375 0.0861701258746936
0.06125 0.0850992027088712
0.0615625 0.0840378196418725
0.061875 0.0829858489415933
0.0621875 0.0819431651602946
0.0625 0.0809096450834556
0.0628125 0.0798851676800022
0.063125 0.0788696140538688
0.0634375 0.0778628673968509
0.06375 0.0768648129427088
0.0640625 0.0758753379224834
0.064375 0.0748943315209867
0.0646875 0.0739216848344311
0.065 0.0729572908291629
0.0653125 0.0720010443014655
0.065625 0.0710528418384009
0.0659375 0.0701125817796581
0.06625 0.0691801641803774
0.0665625 0.068255490774922
0.066875 0.067338464941569
0.0671875 0.0664289916680919
0.0675 0.0655269775182089
0.0678125 0.0646323305988708
0.068125 0.0637449605283653
0.0684375 0.062864778405212
0.06875 0.0619916967778275
0.0690625 0.0611256296149361
0.069375 0.0602664922767067
0.0696875 0.0594142014865929
0.07 0.058568675303859
0.0703125 0.05772983309677
0.070625 0.0568975955164279
0.0709375 0.0560718844712361
0.07125 0.0552526231019746
0.0715625 0.0544397357574678
0.071875 0.0536331479708301
0.0721875 0.0528327864362715
0.0725 0.0520385789864495
0.0728125 0.0512504545703507
0.073125 0.0504683432316893
0.0734375 0.0496921760878066
0.07375 0.0489218853090595
0.0740625 0.0481574040986837
0.074375 0.0473986666731197
0.0746875 0.0466456082427885
0.075 0.0458981649933047
0.0753125 0.0451562740671173
0.075625 0.0444198735455641
0.0759375 0.0436889024313307
0.07625 0.0429633006313035
0.0765625 0.0422430089398047
0.076875 0.0415279690222018
0.0771875 0.0408181233988789
0.0775 0.0401134154295641
0.0778125 0.0394137892979999
0.078125 0.0387191899969507
0.0784375 0.0380295633135381
0.07875 0.0373448558148939
0.0790625 0.0366650148341261
0.079375 0.035989988456586
0.0796875 0.0353197255064324
0.08 0.0346541755334832
0.0803125 0.0339932888003477
0.080625 0.0333370162698334
0.0809375 0.0326853095926195
0.08125 0.0320381210951906
0.0815625 0.0313954037680251
0.081875 0.0307571112540309
0.0821875 0.0301231978372231
0.0825 0.0294936184316372
0.0828125 0.0288683285704732
0.083125 0.028247284395463
0.0834375 0.0276304426464582
0.08375 0.0270177606512307
0.0840625 0.0264091963154831
0.084375 0.0258047081130617
0.0846875 0.025204255076369
0.085 0.0246077967869707
0.0853125 0.0240152933663916
0.085625 0.0234267054670967
0.0859375 0.0228419942636541
0.08625 0.0222611214440728
0.0865625 0.0216840492013143
0.086875 0.0211107402249722
0.0871875 0.0205411576931158
0.0875 0.0199752652642955
0.0878125 0.0194130270697043
0.088125 0.0188544077054932
0.0884375 0.0182993722252365
0.08875 0.0177478861325433
0.0890625 0.017199915373813
0.089375 0.0166554263311297
0.0896875 0.0161143858152943
0.09 0.01557676105899
0.0903125 0.0150425197100781
0.090625 0.0145116298250225
0.0909375 0.0139840598624388
0.09125 0.0134597786767652
0.0915625 0.0129387555120534
0.091875 0.0124209599958762
0.0921875 0.0119063621333498
0.0925 0.0113949323012669
0.0928125 0.0108866412423406
0.093125 0.0103814600595538
0.0934375 0.00987936021061453
0.09375 0.00938031350251291
0.0940625 0.0088842920861786
0.094375 0.00839126845123627
0.0946875 0.00790121542085702
0.095 0.0074141061467037
0.0953125 0.00692991410396813
0.095625 0.0064486130864983
0.0959375 0.00597017720201361
0.09625 0.00549458086740631
0.0965625 0.00502179880412732
0.096875 0.00455180603365473
0.0971875 0.00408457787304308
0.0975 0.00362008993055199
0.0978125 0.00315831810135224
0.098125 0.00269923856330787
0.0984375 0.00224282777283268
0.09875 0.00178906246081955
0.0990625 0.00133791962864119
0.099375 0.000889376544220733
0.0996875 0.000443410738170859
0.1 0
