0 1.2388239990477
0.005 1.19098857000207
0.01 1.04361334240773
0.015 0.770412299348873
0.02 0.444944024144116
0.0203125 0.438218034158125
0.020625 0.431645876239955
0.0209375 0.425222151813787
0.02125 0.418941719592816
0.0215625 0.412799680038882
0.021875 0.406791360959164
0.0221875 0.400912304142333
0.0225 0.395158252946153
0.0228125 0.389525140757052
0.023125 0.384009080249802
0.0234375 0.378606353382223
0.02375 0.373313402065895
0.0240625 0.368126819459295
0.024375 0.363043341834638
0.0246875 0.358059840974081
0.025 0.353173317054865
0.0253125 0.348380891986508
0.025625 0.343679803166371
0.0259375 0.339067397622766
0.02625 0.334541126517405
0.0265625 0.330098539981323
0.026875 0.325737282260546
0.0271875 0.321455087149729
0.0275 0.317249773693707
0.0278125 0.313119242138542
0.028125 0.309061470115075
0.0284375 0.305074509039325
0.02875 0.301156480715294
0.0290625 0.29730557412682
0.029375 0.293520042406158
0.0296875 0.289798199967863
0.03 0.286138419797409
0.0303125 0.282539130884756
0.030625 0.278998815793773
0.0309375 0.275516008359089
0.03125 0.27208929150255
0.0315625 0.26871729516198
0.031875 0.2653986943255
0.0321875 0.262132207165087
0.0325 0.258916593263499
0.0328125 0.255750651929102
0.033125 0.252633220593482
0.0334375 0.249563173287084
0.03375 0.246539419188426
0.0340625 0.243560901242715
0.034375 0.240626594846
0.0346875 0.237735506591186
0.035 0.234886673072532
0.0353125 0.232079159745423
0.035625 0.229312059838424
0.0359375 0.226584493314803
0.03625 0.223895605880906
0.0365625 0.221244568038889
0.036875 0.218630574181488
0.0371875 0.216052841726652
0.0375 0.213510610289971
0.0378125 0.211003140892974
0.038125 0.20852971520547
0.0384375 0.206089634820225
0.03875 0.203682220558356
0.0390625 0.201306811803916
0.039375 0.198962765866236
0.0396875 0.196649457368673
0.04 0.194366277662478
0.0403125 0.192112634264574
0.040625 0.189887950318113
0.0409375 0.187691664074719
0.04125 0.185523228397401
0.0415625 0.18338211028318
0.041875 0.181267790404494
0.0421875 0.179179762668541
0.0425 0.17711753379372
0.0428125 0.175080622902398
0.043125 0.173068561129282
0.0434375 0.171080891244666
0.04375 0.169117167291925
0.0440625 0.1671769542386
0.044375 0.165259827640493
0.0446875 0.163365373318199
0.045 0.161493187045535
0.0453125 0.159642874249359
0.045625 0.157814049720284
0.0459375 0.156006337333835
0.04625 0.154219369781601
0.0465625 0.152452788311958
0.046875 0.150706242479985
0.0471875 0.148979389906158
0.0475 0.147271896043504
0.0478125 0.145583433952825
0.048125 0.143913684085697
0.0484375 0.142262334074917
0.04875 0.140629078532098
0.0490625 0.139013618852126
0.049375 0.137415663024216
0.0496875 0.1358349254493
0.05 0.134271126763491
0.0503125 0.132723993667406
0.050625 0.131193258761105
0.0509375 0.129678660384432
0.05125 0.128179942462561
0.0515625 0.126696854356533
0.051875 0.125229150718613
0.0521875 0.123776591352269
0.0525 0.122338941076613
0.0528125 0.120915969595131
0.053125 0.119507451368544
0.0534375 0.118113165491651
0.05375 0.116732895574004
0.0540625 0.115366429624281
0.054375 0.114013559938216
0.0546875 0.112674082989969
0.055 0.111347799326796
0.0553125 0.110034513466922
0.055625 0.108734033800485
0.0559375 0.107446172493455
0.05625 0.10617074539442
0.0565625 0.104907571944134
0.056875 0.10365647508774
0.0571875 0.102417281189573
0.0575 0.101189819950449
0.0578125 0.0999739243273572
0.058125 0.0987694304554861
0.0584375 0.0975761775724821
0.05875 0.0963940079448844
0.0590625 0.0952227667966551
0.059375 0.0940623022397363
0.0596875 0.0929124652065663
0.06 0.091773109384492
0.0603125 0.0906440911520137
0.060625 0.0895252695168033
0.0609375 0.0884165060554377
0.06125 0.087317664854793
0.0615625 0.086228612455045
0.061875 0.0851492177942244
0.0621875 0.0840793521542791
0.0625 0.0830188891085927
0.0628125 0.0819677044709166
0.063125 0.0809256762456681
0.0634375 0.0798926845795545
0.06375 0.0788686117144802
0.0640625 0.0778533419416975
0.064375 0.0768467615571627
0.0646875 0.0758487588180615
0.065 0.0748592239004658
0.0653125 0.0738780488580898
0.065625 0.0729051275821102
0.0659375 0.0719403557620201
0.06625 0.0709836308474843
0.0665625 0.0700348520111665
0.066875 0.0690939201124995
0.0671875 0.0681607376623709
0.0675 0.0672352087886961
0.0678125 0.0663172392028542
0.068125 0.0654067361669603
0.0684375 0.0645036084619499
0.06875 0.0636077663564528
0.0690625 0.062719121576433
0.069375 0.0618375872755724
0.0696875 0.0609630780063777
0.07 0.0600955096919896
0.0703125 0.0592347995986738
0.070625 0.0583808663089757
0.0709375 0.0575336296955186
0.07125 0.0566930108954297
0.0715625 0.055858932285373
0.071875 0.0550313174571761
0.0721875 0.0542100911940307
0.0725 0.0533951794472546
0.0728125 0.0525865093135964
0.073125 0.0517840090130706
0.0734375 0.0509876078673077
0.07375 0.0501972362784048
0.0740625 0.0494128257082642
0.074375 0.0486343086584062
0.0746875 0.0478616186502437
0.075 0.047094690205806
0.0753125 0.0463334588289004
0.075625 0.045577860986699
0.0759375 0.0448278340917407
0.07625 0.0440833164843365
0.0765625 0.0433442474153683
0.076875 0.0426105670294704
0.0771875 0.0418822163485834
0.0775 0.0411591372558727
0.0778125 0.0404412724799996
0.078125 0.0397285655797379
0.0784375 0.0390209609289264
0.07875 0.0383184037017488
0.0790625 0.0376208398583328
0.079375 0.0369282161306601
0.0796875 0.0362404800087799
0.08 0.0355575797273176
0.0803125 0.0348794642522723
0.080625 0.0342060832680945
0.0809375 0.0335373871650384
0.08125 0.0328733270267819
0.0815625 0.0322138546183059
0.081875 0.0315589223740293
0.0821875 0.0309084833861913
0.0825 0.0302624913934756
0.0828125 0.0296209007698712
0.083125 0.0289836665137633
0.0834375 0.028350744237249
0.08375 0.0277220901556725
0.0840625 0.0270976610773746
0.084375 0.0264774143936509
0.0846875 0.0258613080689144
0.085 0.0252493006310572
0.0853125 0.024641351162007
0.085625 0.0240374192884731
0.0859375 0.023437465172878
0.08625 0.0228414495044706
0.0865625 0.022249333490616
0.086875 0.0216610788482576
0.0871875 0.0210766477955494
0.0875 0.0204960030436516
0.0878125 0.0199191077886886
0.088125 0.019345925703864
0.0884375 0.0187764209317291
0.08875 0.0182105580766022
0.0890625 0.0176483021971349
0.089375 0.0170896187990216
0.0896875 0.0165344738278496
0.09 0.0159828336620866
0.0903125 0.0154346651062019
0.090625 0.0148899353839192
0.0909375 0.0143486121315977
0.09125 0.0138106633917377
0.0915625 0.0132760576066103
0.091875 0.0127447636120056
0.0921875 0.0122167506310991
0.0925 0.0116919882684325
0.0928125 0.0111704465040066
0.093125 0.0106520956874845
0.0934375 0.0101369065325014
0.09375 0.00962485011108017
0.0940625 0.00911589784814946
0.094375 0.00861002151616241
0.0946875 0.00810719322981384
0.095 0.00760738544085383
0.0953125 0.00711057093299552
0.095625 0.00661672281691534
0.0959375 0.00612581452534346
0.09625 0.00563781980824279
0.0965625 0.00515271272807447
0.096875 0.00467046765514827
0.0971875 0.00419105926305582
0.0975 0.0037144625241853
0.0978125 0.00324065270531557
0.098125 0.00276960536328832
0.0984375 0.00230129634075656
0.09875 0.00183570176200779
0.0990625 0.00137279802886053
0.099375 0.000912561816632444
0.0996875 0.000454970070178852
0.1 0
