0 1.18417065264916
7.8125e-05 1.18417046539683
0.00015625 1.18416977883311
0.000234375 1.1841680937369
0.0003125 1.18416491106748
0.000390625 1.18415973205484
0.00046875 1.18415205828972
0.000546875 1.18414139181375
0.000625 1.18412723520945
0.000703125 1.18410909169019
0.00078125 1.18408646518997
0.000859375 1.18405886045315
0.0009375 1.18402578312403
0.001015625 1.1839867398363
0.00109375 1.18394123830229
0.001171875 1.18388878740208
0.00125 1.18382889727243
0.001328125 1.18376107939546
0.00140625 1.18368484668715
0.001484375 1.18359971358563
0.0015625 1.18350519613914
0.001640625 1.18340081209384
0.00171875 1.18328608098128
0.001796875 1.18316052420555
0.001875 1.18302366513023
0.001953125 1.18287502916493
0.00203125 1.18271414385155
0.002109375 1.18254053895015
0.0021875 1.18235374652454
0.002265625 1.18215330102742
0.00234375 1.18193873938517
0.002421875 1.18170960108221
0.0025 1.18146542824504
0.002578125 1.18120576572571
0.00265625 1.18093016118497
0.002734375 1.18063816517491
0.0028125 1.18032933122113
0.002890625 1.18000321590447
0.00296875 1.17965937894222
0.003046875 1.17929738326878
0.003125 1.17891679511591
0.003203125 1.17851718409234
0.00328125 1.17809812326286
0.003359375 1.17765918922694
0.0034375 1.17719996219662
0.003515625 1.17672002607395
0.00359375 1.17621896852781
0.003671875 1.17569638107001
0.00375 1.17515185913097
0.003828125 1.17458500213455
0.00390625 1.1739954135724
0.003984375 1.17338270107759
0.0040625 1.17274647649752
0.004140625 1.17208635596624
0.00421875 1.17140195997604
0.004296875 1.17069291344831
0.004375 1.16995884580368
0.004453125 1.16919939103152
0.00453125 1.16841418775858
0.004609375 1.16760287931698
0.0046875 1.16676511381134
0.004765625 1.16590054418525
0.00484375 1.16500882828685
0.004921875 1.16408962893371
0.005 1.16314261397682
0.005078125 1.16216745636384
0.00515625 1.16116383420146
0.005234375 1.16013143081697
0.0053125 1.15906993481897
0.005390625 1.15797904015723
0.00546875 1.15685844618164
0.005546875 1.15570785770038
0.005625 1.15452698503709
0.005703125 1.15331554408727
0.00578125 1.15207325637363
0.005859375 1.15079984910069
0.0059375 1.1494950552083
0.006015625 1.14815861342439
0.00609375 1.1467902683166
0.006171875 1.14538977034316
0.00625 1.14395687590265
0.006328125 1.14249134738287
0.00640625 1.14099295320875
0.006484375 1.13946146788924
0.0065625 1.13789667206322
0.006640625 1.13629835254448
0.00671875 1.13466630236555
0.006796875 1.13300032082071
0.006875 1.13130021350781
0.006953125 1.12956579236917
0.00703125 1.12779687573142
0.007109375 1.1259932883443
0.0071875 1.1241548614184
0.007265625 1.12228143266189
0.00734375 1.12037284631614
0.007421875 1.11842895319033
0.0075 1.11644961069495
0.007578125 1.11443468287424
0.00765625 1.11238404043757
0.007734375 1.1102975607897
0.0078125 1.10817512805995
0.007890625 1.10601663313034
0.00796875 1.10382197366253
0.008046875 1.1015910541237
0.008125 1.09932378581138
0.008203125 1.09702008687706
0.00828125 1.09467988234873
0.008359375 1.09230310415234
0.0084375 1.08988969113207
0.008515625 1.08743958906947
0.00859375 1.08495275070155
0.008671875 1.08242913573761
0.00875 1.07986871087506
0.008828125 1.07727144981398
0.00890625 1.07463733327063
0.008984375 1.07196634898973
0.0090625 1.06925849175567
0.009140625 1.06651376340253
0.00921875 1.06373217282291
0.009296875 1.06091373597568
0.009375 1.05805847589249
0.009453125 1.05516642268322
0.00953125 1.05223761354017
0.009609375 1.04927209274114
0.0096875 1.04626991165135
0.009765625 1.04323112872419
0.00984375 1.04015580950081
0.009921875 1.03704402660849
0.01 1.03389585975798
0.010078125 1.03071139573952
0.01015625 1.02749072841781
0.010234375 1.02423395872575
0.0103125 1.02094119465707
0.010390625 1.01761255125774
0.01046875 1.01424815061628
0.010546875 1.01084812185285
0.010625 1.00741260110723
0.010703125 1.00394173152563
0.01078125 1.0004356632463
0.010859375 0.996894553384065
0.0109375 0.993318566013646
0.011015625 0.989707872151856
0.01109375 0.986062649738649
0.011171875 0.982383083617011
0.01125 0.97866936551173
0.011328125 0.974921694007005
0.01140625 0.971140274522935
0.011484375 0.967325319290871
0.0115625 0.963477047327631
0.011640625 0.959595684408604
0.01171875 0.955681463039719
0.011796875 0.951734622428302
0.011875 0.947755408452822
0.011953125 0.943744073631521
0.01203125 0.939700877089948
0.012109375 0.935626084527381
0.0121875 0.931519968182169
0.012265625 0.927382806795967
0.01234375 0.923214885576904
0.012421875 0.919016496161654
0.0125 0.914787936576449
0.012578125 0.91052951119701
0.01265625 0.906241530707424
0.012734375 0.901924312057964
0.0128125 0.897578178421856
0.012890625 0.893203459151005
0.01296875 0.888800489730682
0.013046875 0.884369611733179
0.013125 0.879911172770449
0.013203125 0.875425526445719
0.01328125 0.870913032304098
0.013359375 0.866374055782186
0.0134375 0.861808968156687
0.013515625 0.85721814649203
0.01359375 0.852601973587021
0.013671875 0.847960837920517
0.01375 0.84329513359614
0.013828125 0.838605260286034
0.01390625 0.833891623173683
0.013984375 0.829154632895785
0.0140625 0.824394705483199
0.014140625 0.819612262300975
0.01421875 0.814807729987471
0.014296875 0.809981540392572
0.014375 0.80513413051501
0.014453125 0.800265942438813
0.01453125 0.795377423268868
0.014609375 0.790469025065634
0.0146875 0.78554120477899
0.014765625 0.78059442418125
0.01484375 0.775629149799337
0.014921875 0.770645852846141
0.015 0.765645009151061
0.015078125 0.760627099089746
0.01515625 0.755592607513046
0.015234375 0.750542023675184
0.0153125 0.745475841161155
0.015390625 0.740394557813374
0.01546875 0.735298675657567
0.015546875 0.73018870082794
0.015625 0.725065143491611
0.015703125 0.719928517772337
0.01578125 0.714779341673538
0.015859375 0.709618137000636
0.0159375 0.704445429282709
0.016015625 0.699261747693487
0.01609375 0.694067624971693
0.016171875 0.688863597340741
0.01625 0.68365020442781
0.016328125 0.678427989182299
0.01640625 0.673197497793679
0.016484375 0.667959279608753
0.0165625 0.662713887048343
0.016640625 0.657461875523406
0.01671875 0.652203803350602
0.016796875 0.646940231667319
0.016875 0.641671724346172
0.016953125 0.636398847908996
0.01703125 0.631122171440328
0.017109375 0.625842266500413
0.0171875 0.62055970703773
0.017265625 0.61527506930106
0.01734375 0.609988931751114
0.017421875 0.604701874971716
0.0175 0.599414481580584
0.017578125 0.594127336139692
0.01765625 0.588841025065248
0.017734375 0.583556136537295
0.0178125 0.578273260408947
0.017890625 0.572992988115279
0.01796875 0.567715912581879
0.018046875 0.562442628133079
0.018125 0.557173730399887
0.018203125 0.551909816227616
0.01828125 0.546651483583244
0.018359375 0.541399331462507
0.0184375 0.536153959796744
0.018515625 0.530915969359505
0.01859375 0.525685961672944
0.018671875 0.520464538914005
0.01875 0.515252303820411
0.018828125 0.510049859596488
0.01890625 0.504857809818816
0.018984375 0.499676758341746
0.0190625 0.494507309202769
0.019140625 0.489350066527785
0.01921875 0.484205634436254
0.019296875 0.479074616946271
0.019375 0.47395761787956
0.019453125 0.468855240766414
0.01953125 0.463768088750591
0.019609375 0.458696764494183
0.0196875 0.453641870082465
0.019765625 0.448604006928754
0.01984375 0.44358377567928
0.019921875 0.438581776118086
0.02 0.433598607071978
0.0203125 0.427044119921114
0.020625 0.420639542346987
0.0209375 0.414379613429504
0.02125 0.408259322977101
0.0215625 0.402273896382621
0.021875 0.396418780587278
0.0221875 0.390689631057562
0.0225 0.385082299689344
0.0228125 0.379592823561705
0.023125 0.374217414470485
0.0234375 0.368952449178101
0.02375 0.363794460322144
0.0240625 0.358740127930532
0.024375 0.35378627149573
0.0246875 0.348929842564842
0.025 0.344167917806168
0.0253125 0.339497692516293
0.025625 0.334916474534876
0.0259375 0.330421678537098
0.02625 0.326010820676292
0.0265625 0.321681513551542
0.026875 0.317431461477131
0.0271875 0.313258456032609
0.0275 0.309160371873956
0.0278125 0.305135162787866
0.028125 0.301180857972613
0.0284375 0.297295558530238
0.02875 0.293477434155972
0.0290625 0.289724720011899
0.029375 0.286035713772826
0.0296875 0.282408772833254
0.03 0.278842311665131
0.0303125 0.275334799316857
0.030625 0.271884757044688
0.0309375 0.26849075606831
0.03125 0.265151415442973
0.0315625 0.261865400041068
0.031875 0.258631418636568
0.0321875 0.255448222086175
0.0325 0.252314601601459
0.0328125 0.249229387106655
0.033125 0.246191445677129
0.0334375 0.243199680053892
0.03375 0.240253027229801
0.0340625 0.237350457103406
0.034375 0.234490971196644
0.0346875 0.231673601432838
0.035 0.228897408971675
0.0353125 0.226161483098051
0.035625 0.223464940161865
0.0359375 0.220806922566027
0.03625 0.218186597800112
0.0365625 0.215603157517247
0.036875 0.213055816651969
0.0371875 0.210543812576915
0.0375 0.208066404296357
0.0378125 0.205622871674686
0.038125 0.203212514698073
0.0384375 0.200834652767641
0.03875 0.198488624022566
0.0390625 0.196173784691634
0.039375 0.193889508471842
0.0396875 0.191635185932731
0.04 0.189410223945197
0.0403125 0.187214045133609
0.040625 0.185046087350118
0.0409375 0.182905803170105
0.04125 0.180792659407766
0.0415625 0.178706136650912
0.041875 0.17664572881407
0.0421875 0.174610942709058
0.0425 0.172601297632227
0.0428125 0.17061632496762
0.043125 0.168655567805313
0.0434375 0.166718580574288
0.04375 0.164804928689154
0.0440625 0.16291418821014
0.044375 0.16104594551575
0.0446875 0.159199796987543
0.045 0.157375348706509
0.0453125 0.155572216160538
0.045625 0.153790023962516
0.0459375 0.152028405578589
0.04625 0.150287003066167
0.0465625 0.148565466821266
0.046875 0.146863455334792
0.0471875 0.145180634957398
0.0475 0.143516679672562
0.0478125 0.141871270877555
0.048125 0.140244097171968
0.0484375 0.138634854153502
0.04875 0.137043244220721
0.0490625 0.135468976382505
0.049375 0.133911766073912
0.0496875 0.132371334978228
0.05 0.130847410854937
0.0503125 0.129339727373385
0.050625 0.127848023951937
0.0509375 0.126372045602386
0.05125 0.124911542779437
0.0515625 0.123466271235054
0.051875 0.122035991877508
0.0521875 0.120620470634925
0.0525 0.119219478323184
0.0528125 0.117832790517993
0.053125 0.11646018743099
0.0534375 0.115101453789733
0.05375 0.113756378721411
0.0540625 0.112424755640169
0.054375 0.111106382137893
0.0546875 0.109801059878352
0.055 0.108508594494554
0.0553125 0.10722879548922
0.055625 0.105961476138259
0.0559375 0.104706453397131
0.05625 0.103463547810013
0.0565625 0.102232583421654
0.056875 0.101013387691837
0.0571875 0.099805791412348
0.0575 0.0986096286263815
0.0578125 0.0974247365502794
0.058125 0.0962509554975399
0.0584375 0.0950881288050129
0.05875 0.0939361027612085
0.0590625 0.0927947265366498
0.059375 0.0916638521162004
0.0596875 0.090543334233302
0.06 0.0894330303060584
0.0603125 0.0883328003751067
0.060625 0.0872425070432153
0.0609375 0.0861620154165546
0.06125 0.0850911930475851
0.0615625 0.0840299098795113
0.061875 0.0829780381922513
0.0621875 0.0819354525498735
0.0625 0.080902029749454
0.0628125 0.0798776487713105
0.063125 0.0788621907305681
0.0634375 0.0778555388300164
0.06375 0.0768575783142177
0.0640625 0.0758681964248268
0.064375 0.0748872823570858
0.0646875 0.0739147272174574
0.065 0.0729504239823619
0.0653125 0.0719942674579847
0.065625 0.0710461542411212
0.0659375 0.0701059826810289
0.06625 0.0691736528422548
0.0665625 0.0682490664684112
0.066875 0.0673321269468694
0.0671875 0.0664227392743456
0.0675 0.0655208100233521
0.0678125 0.0646262473094892
0.068125 0.0637389607595511
0.0684375 0.0628588614804251
0.06875 0.0619858620287589
0.0690625 0.0611198763813743
0.069375 0.0602608199064062
0.0696875 0.0594086093351468
0.07 0.0585631627345725
0.0703125 0.0577243994805376
0.070625 0.0568922402316124
0.0709375 0.0560666069035505
0.07125 0.055247422644366
0.0715625 0.0544346118100037
0.071875 0.0536280999405868
0.0721875 0.0528278137372252
0.0725 0.0520336810393686
0.0728125 0.0512456308026913
0.073125 0.0504635930774918
0.0734375 0.0496874989875946
0.07375 0.0489172807097409
0.0740625 0.0481528714534535
0.074375 0.0473942054413646
0.0746875 0.046641217889993
0.075 0.0458938449909598
0.0753125 0.0451520238926303
0.075625 0.04441569268217
0.0759375 0.0436847903680058
0.07625 0.0429592568626801
0.0765625 0.0422390329660877
0.076875 0.0415240603490864
0.0771875 0.0408142815374707
0.0775 0.0401096398962995
0.0778125 0.0394100796145689
0.078125 0.0387155456902207
0.0784375 0.038025983915479
0.07875 0.037341340862505
0.0790625 0.0366615638693635
0.079375 0.0359866010262923
0.0796875 0.0353164011622668
0.08 0.0346509138318533
0.0803125 0.0339900893023427
0.080625 0.0333338785411578
0.0809375 0.0326822332035285
0.08125 0.0320351056204265
0.0815625 0.0313924487867548
0.081875 0.0307542163497845
0.0821875 0.0301203625978336
0.0825 0.0294908424491812
0.0828125 0.0288656114412125
0.083125 0.0282446257197873
0.0834375 0.0276278420288291
0.08375 0.0270152177001262
0.0840625 0.026406710643343
0.084375 0.0258022793362343
0.0846875 0.0252018828150587
0.085 0.024605480665186
0.0853125 0.0240130330118944
0.085625 0.0234245005113525
0.0859375 0.0228398443417826
0.08625 0.0222590261947997
0.0865625 0.0216820082669238
0.086875 0.0211087532512601
0.0871875 0.0205392243293438
0.0875 0.0199733851631456
0.0878125 0.0194111998872347
0.088125 0.0188526331010943
0.0884375 0.0182976498615878
0.08875 0.0177462156755714
0.0890625 0.0171982964926495
0.089375 0.0166538586980704
0.0896875 0.0161128691057588
0.09 0.015575294951482
0.0903125 0.0150411038861463
0.090625 0.0145102639692224
0.0909375 0.0139827436622943
0.09125 0.0134585118227319
0.0915625 0.0129375376974815
0.091875 0.0124197909169748
0.0921875 0.011905241489151
0.0925 0.0113938597935911
0.0928125 0.0108856165757618
0.093125 0.010380482941366
0.0934375 0.00987843035079808
0.09375 0.00937943061370172
0.0940625 0.00888345588362779
0.094375 0.00839047865279027
0.0946875 0.00790047174691819
0.095 0.00741340832020141
0.0953125 0.00692926185032829
0.095625 0.00644800613361339
0.0959375 0.00596961528021313
0.09625 0.00549406370942766
0.0965625 0.00502132614508719
0.096875 0.0045513776110208
0.0971875 0.00408419342660624
0.0975 0.00361974920239889
0.0978125 0.00315802083583834
0.098125 0.00269898450703079
0.0984375 0.002242616674606
0.09875 0.00178889407164698
0.0990625 0.00133779370169109
0.099375 0.000889292834801041
0.0996875 0.000443369003704373
0.1 0
