0.005 35.3553390593274 35.3553390593274
0.015 58.925565098879 58.925565098879
0.020625 22.5043463538469 68.5679302968772
0.021875 20.584999116845 64.6497628513414
0.023125 18.907882071681 61.1551810755932
0.024375 17.4329443586138 58.0190179435115
0.025625 16.1282402034753 55.1888219462672
0.026875 14.968007109768 52.621899995278
0.028125 13.9312620285719 50.2831488843767
0.029375 13.0007602825213 48.1434404212118
0.030625 12.1622128820865 46.1784020366723
0.031875 11.4036907462796 44.3674843097439
0.033125 10.7151660219759 42.6932396188102
0.034375 10.0881552620693 41.1407581781262
0.035625 9.51543917386188 39.697222803455
0.036875 8.99084055298964 38.3515542338464
0.038125 8.50904687625618 37.0941262261793
0.039375 8.06546749022579 35.9165349174117
0.040625 7.65611783172107 34.8114107661067
0.041875 7.27752494029872 33.7722641760737
0.043125 6.9266498678435 32.7933579680716
0.044375 6.60082359209642 31.8696014055905
0.045625 6.2976937937379 30.9964616410537
0.046875 6.01518042728986 30.1698893306257
0.048125 5.75143845216264 29.3862558415185
0.049375 5.50482642593237 28.6422999974294
0.050625 5.27387992232069 27.9350827135424
0.051875 5.0572889396544 27.2619481903245
0.053125 4.85387862533948 26.6204905858462
0.054375 4.66259276818326 26.0085252850222
0.055625 4.48247961082747 25.4240640426621
0.056875 4.31267961484867 24.8652934043619
0.058125 4.152414875613 24.3305559117949
0.059375 4.00097993609623 23.8183336820729
0.060625 3.85773379117725 23.327234018525
0.061875 3.72209290839702 22.8559767656255
0.063125 3.59352511940749 22.4033831663061
0.064375 3.47154425954699 21.9683660174458
0.065625 3.35570545213769 21.5499209504467
0.066875 3.24560094997651 21.1471186896907
0.068125 3.14085645969164 20.7590981632745
0.069375 3.04112788565495 20.3850603585308
0.070625 2.94609843936533 20.0242628300612
0.071875 2.85547606796812 19.6760147808428
0.073125 2.76899116210641 19.339672647837
0.074375 2.68639450882081 19.0146361327473
0.075625 2.60745545989312 18.7003446264209
0.076875 2.53196029000794 18.396273982089
0.078125 2.45971072249689 18.1019335983756
0.079375 2.39052260332797 17.8168637779287
0.080625 2.32422470648571 17.5406333317594
0.081875 2.26065765602031 17.2728374030302
0.083125 2.19967295187978 17.0130954871952
0.084375 2.14113208822363 16.7610496281256
0.085625 2.08490575428678 16.5163627722406
0.086875 2.03087310904968 16.2787172647263
0.088125 1.97892112200229 16.0478134737373
0.089375 1.92894397318689 15.8233685300487
0.090625 1.8808425064875 15.6051151710135
0.091875 1.83452373081753 15.3928006788908
0.093125 1.78990036445555 15.1861859046775
0.094375 1.74689041830426 14.9850443695162
0.095625 1.70541681430848 14.7891614365814
0.096875 1.66540703567368 14.5983335470771
0.098125 1.62679280588419 14.4123675146303
0.099375 1.58950979383587 14.2310798729368
