7.8125e-05 153.390185878379 122.715382857199
0.00015625 260.742756991021 245.412285229123
0.000234375 378.284845379918 368.072229413588
0.0003125 498.328123567262 490.67674327418
0.000390625 619.320157209586 613.207363022086
0.00046875 740.731170341557 735.645635996674
0.000546875 862.323586121159 857.973123444399
0.000625 983.969413500746 980.171403295606
0.000703125 1105.58937862556 1102.22207293883
0.00078125 1227.12857852639 1224.10675199216
0.000859375 1348.5454161789 1345.80708507126
0.0009375 1469.80606997658 1467.30474455362
0.001015625 1590.88151628216 1588.58143333861
0.00109375 1711.74582953946 1709.61888760301
0.001171875 1832.3751634404 1830.39887955141
0.00125 1952.74711539241 1950.90322016128
0.001328125 2072.84031571844 2071.11376192219
0.00140625 2192.63415518981 2191.0124015687
0.001484375 2312.10859921702 2310.58108280671
0.0015625 2431.24405868457 2429.80179903264
0.001640625 2550.02129829206 2548.65659604515
0.00171875 2668.4213711087 2667.12757474898
0.001796875 2786.42557001624 2785.19689385053
0.001875 2904.01539294104 2902.84677254462
0.001953125 3021.17251659438 3020.05949319228
0.00203125 3137.87877649912 3136.81740398891
0.002109375 3254.1161527883 3253.10292162263
0.0021875 3369.86675923851 3368.8985339222
0.002265625 3485.11283507081 3484.18680249435
0.00234375 3599.83673882682 3598.95036534988
0.002421875 3714.02094431335 3713.17193951838
0.0025 3827.64803741281 3826.8343236509
0.002578125 3940.70071402452 3939.92040061048
0.00265625 4053.16177889236 4052.4131400499
0.002734375 4165.01414497389 4164.29560097637
0.0028125 4276.24083351626 4275.55093430282
0.002890625 4386.82497430253 4386.16238538528
0.00296875 4496.74980601948 4496.11329654607
0.003046875 4605.99867786023 4605.3871095824
0.003125 4714.55505001359 4713.96736825998
0.003203125 4822.40249558234 4821.83772079123
0.00328125 4929.52470149813 4928.98192229784
0.003359375 5035.90547058783 5035.38383725718
0.0034375 5141.52872306443 5141.02744193222
0.003515625 5246.3784984017 5245.89682678469
0.00359375 5350.43895707057 5349.97619887097
0.003671875 5453.69438259825 5453.24988422046
0.00375 5556.12918335744 5555.70233019602
0.003828125 5657.72789454875 5657.31810783613
0.00390625 5758.47518055561 5758.08191417845
0.003984375 5858.35583624002 5857.97857456439
0.0040625 5957.35478972424 5956.99304492433
0.004140625 6055.45710411155 6055.11041404326
0.00421875 6152.64797933344 6152.31590580627
0.004296875 6248.91275463696 6248.59488142386
0.004375 6344.2369102524 6343.93284163646
0.004453125 6438.60606961923 6438.31542889791
0.00453125 6532.00600140705 6531.72842953777
0.004609375 6624.42262162091 6624.15777590172
0.0046875 6715.84199527599 6715.58954847018
0.004765625 6806.250338845 6806.00997795453
0.00484375 6895.63402205925 6895.40544737067
0.004921875 6983.97956974856 6983.76249408973
0.005 7071.27366397714 7071.06781186548
0.005078125 7157.50314592935 7157.30825283819
0.00515625 7242.65501790769 7242.47082951467
0.005234375 7326.71644507773 7326.54271672413
0.0053125 7409.67475746911 7409.51125354959
0.005390625 7491.5174519431 7491.36394523459
0.00546875 7572.23219353959 7572.08846506484
0.005546875 7651.8068182102 7651.67265622459
0.005625 7730.22933354871 7730.10453362737
0.005703125 7807.48792137609 7807.37228572094
0.00578125 7883.57093916282 7883.46427626606
0.005859375 7958.46692177656 7958.36904608883
0.0059375 8032.1645831557 8032.07531480645
0.006015625 8104.65281805473 8104.57198252595
0.00609375 8175.92070378921 8175.84813151584
0.006171875 8245.95750157768 8245.89302785025
0.00625 8314.75265839095 8314.69612302545
0.006328125 8382.29580847319 8382.24705554838
0.00640625 8448.57677486065 8448.53565249707
0.006484375 8513.58557078794 8513.55193105265
0.0065625 8577.31240138338 8577.28610000272
0.006640625 8639.74766507303 8639.72856121587
0.00671875 8700.88195494306 8700.86991108711
0.006796875 8760.70606006379 8760.70094195407
0.006875 8819.21096728526 8819.21264348355
0.006953125 8876.3878618642 8876.39620402854
0.00703125 8932.22812965339 8932.24301195515
0.007109375 8986.72335754192 8986.74465693954
0.0071875 9039.86533545619 9039.89293123443
0.007265625 9091.6460569761 9091.67983090522
0.00734375 9142.05772103898 9142.09755703531
0.007421875 9191.09273262172 9191.13851690058
0.0075 9238.74370436564 9238.79532511287
0.007578125 9285.00345728887 9285.06080473216
0.00765625 9329.86502211359 9329.92798834739
0.007734375 9373.32164029933 9373.39011912575
0.0078125 9415.3667646348 9415.44065183021
0.007890625 9455.99406106452 9456.07325380521
0.00796875 9495.19740873091 9495.28180593037
0.008046875 9532.97090138915 9533.06040354194
0.008125 9569.30884839123 9569.40335732209
0.008203125 9604.20577511127 9604.30519415566
0.00828125 9637.65642410263 9637.7606579544
0.008359375 9669.65575584425 9669.76471044852
0.0084375 9700.19894941838 9700.31253194544
0.008515625 9729.28140310215 9729.3995220556
0.00859375 9756.89873543834 9757.02130038529
0.008671875 9783.04678549314 9783.17370719628
0.00875 9807.72161377311 9807.8528040323
0.008828125 9830.91950273044 9831.05487431216
0.00890625 9852.63695705308 9852.77642388941
0.008984375 9872.87070463461 9873.01418157858
0.0090625 9891.61769693071 9891.76509964781
0.009140625 9908.87510901286 9909.0263542778
0.00921875 9924.64034067628 9924.7953459871
0.009296875 9938.91101627335 9939.06970002356
0.009375 9951.6849852268 9951.84726672197
0.009453125 9962.96032262147 9963.12612182778
0.00953125 9972.73532901839 9972.9045667869
0.009609375 9981.00853111025 9981.18112900149
0.0096875 9987.77868170973 9987.95456205172
0.009765625 9993.0447600697 9993.2238458835
0.00984375 9996.80597193627 9996.98818696204
0.009921875 9999.06174982411 9999.24701839144
0.01 9999.81175280713 10000
0.010078125 9999.05586693049 9999.24701839144
0.01015625 9996.79420484774 9996.98818696204
0.010234375 9993.0271062251 9993.2238458835
0.0103125 9987.75513737019 9987.95456205172
0.010390625 9980.97909111855 9981.18112900149
0.01046875 9972.69998703555 9972.9045667869
0.010546875 9962.91907096855 9963.12612182778
0.010625 9951.63781494885 9951.84726672197
0.010703125 9938.85791700803 9939.06970002356
0.01078125 9924.58130090845 9924.7953459871
0.010859375 9908.81011564135 9909.0263542778
0.0109375 9891.54673565886 9891.76509964781
0.011015625 9872.79375978146 9873.01418157858
0.01109375 9852.55401142279 9852.77642388941
0.011171875 9830.83053783136 9831.05487431216
0.01125 9807.62660961938 9807.8528040323
0.011328125 9782.94572061186 9783.17370719628
0.01140625 9756.79158676817 9757.02130038529
0.011484375 9729.16814618576 9729.3995220556
0.0115625 9700.07955805063 9700.31253194544
0.011640625 9669.53020244955 9669.76471044852
0.01171875 9637.52467920462 9637.7606579544
0.011796875 9604.06780758436 9604.30519415566
0.011875 9569.16462544013 9569.40335732209
0.011953125 9532.82038841811 9533.06040354194
0.01203125 9495.04056917721 9495.28180593037
0.012109375 9455.83085664877 9456.07325380521
0.0121875 9415.19715506269 9415.44065183021
0.012265625 9373.14558312694 9373.39011912575
0.01234375 9329.68247300888 9329.92798834739
0.012421875 9284.81436957879 9285.06080473216
0.0125 9238.54802923792 9238.79532511287
0.012578125 9190.89041902665 9191.13851690058
0.01265625 9141.84871537058 9142.09755703531
0.012734375 9091.43030339932 9091.67983090522
0.0128125 9039.64277523016 9039.89293123444
0.012890625 8986.49392949511 8986.74465693954
0.01296875 8931.99176974597 8932.24301195515
0.013046875 8876.14450319021 8876.39620402854
0.013125 8818.96053988621 8819.21264348355
0.013203125 8760.44849098462 8760.70094195407
0.01328125 8700.61716772825 8700.86991108711
0.013359375 8639.47557999761 8639.72856121587
0.0134375 8577.03293513893 8577.28610000272
0.013515625 8513.29863626472 8513.55193105265
0.01359375 8448.28228118264 8448.53565249707
0.013671875 8381.99366061607 8382.24705554838
0.01375 8314.44275703334 8314.69612302545
0.013828125 8245.63974291524 8245.89302785025
0.01390625 8175.5949792856 8175.84813151584
0.013984375 8104.31901437073 8104.57198252595
0.0140625 8031.82258152228 8032.07531480645
0.014140625 7958.11659817807 7958.36904608884
0.01421875 7883.21216375871 7883.46427626606
0.014296875 7807.12055825734 7807.37228572095
0.014375 7729.85324040129 7730.10453362737
0.014453125 7651.42184605184 7651.67265622459
0.01453125 7571.83818628625 7572.08846506484
0.014609375 7491.11424578953 7491.36394523459
0.0146875 7409.26218094716 7409.51125354959
0.014765625 7326.29431806606 7326.54271672413
0.01484375 7242.22315147772 7242.47082951467
0.014921875 7157.06134167906 7157.30825283819
0.015 7070.82171331908 7071.06781186548
0.015078125 6983.51725360462 6983.76249408973
0.01515625 6895.16110988212 6895.40544737067
0.015234375 6805.76658795975 6806.00997795453
0.0153125 6715.34715003013 6715.58954847019
0.015390625 6623.91641265724 6624.15777590172
0.01546875 6531.48814463747 6531.72842953777
0.015546875 6438.07626514322 6438.31542889791
0.015625 6343.69484128642 6343.93284163646
0.015703125 6248.35808638175 6248.59488142387
0.01578125 6152.08035746726 6152.31590580627
0.015859375 6054.87615336168 6055.11041404326
0.0159375 5956.76011235726 5956.99304492433
0.016015625 5857.7470102196 5857.97857456439
0.01609375 5757.85175761757 5758.08191417846
0.016171875 5657.08939820626 5657.31810783613
0.01625 5555.47510621594 5555.70233019602
0.016328125 5453.02418405475 5453.24988422047
0.01640625 5349.75206030958 5349.97619887098
0.016484375 5245.67428712467 5245.89682678469
0.0165625 5140.80653801383 5141.02744193222
0.016640625 5035.16460534171 5035.38383725718
0.01671875 4928.76439836702 4928.98192229785
0.016796875 4821.62194026284 4821.83772079123
0.016875 4713.75336604451 4713.96736825998
0.016953125 4605.17492012906 4605.3871095824
0.01703125 4495.90295383946 4496.11329654607
0.017109375 4385.95392301343 4386.16238538528
0.0171875 4275.34438520987 4275.55093430282
0.017265625 4164.09099774834 4164.29560097638
0.01734375 4052.21051474674 4052.4131400499
0.017421875 3939.71978482822 3939.92040061048
0.0175 3826.63574846187 3826.83432365089
0.017578125 3712.97543551813 3713.17193951838
0.01765625 3598.75596266016 3598.95036534989
0.017734375 3483.99453076593 3484.18680249434
0.0178125 3368.70842227711 3368.8985339222
0.017890625 3252.91499863594 3253.10292162263
0.01796875 3136.63169786396 3136.81740398892
0.018046875 3019.87603155822 3020.05949319228
0.018125 2902.66558255608 2902.84677254462
0.018203125 2785.01800210718 2785.19689385053
0.01828125 2666.95100746238 2667.12757474899
0.018359375 2548.48237880397 2548.65659604515
0.0184375 2429.62995701093 2429.80179903264
0.018515625 2310.41164062247 2310.58108280671
0.01859375 2190.84538336158 2191.0124015687
0.018671875 2070.94919129387 2071.11376192219
0.01875 1950.74112027476 1950.90322016128
0.018828125 1830.23927299463 1830.39887955141
0.01890625 1709.46179644016 1709.61888760302
0.018984375 1588.42687919877 1588.58143333862
0.0190625 1467.1527485252 1467.30474455361
0.019140625 1345.65766768719 1345.80708507126
0.01921875 1223.9599333202 1224.10675199216
0.019296875 1102.07787252274 1102.22207293883
0.019375 980.029840188701 980.171403295604
0.019453125 857.834216146172 857.973123444397
0.01953125 735.509402485748 735.645635996677
0.019609375 613.073820794919 613.207363022094
0.0196875 490.545909329043 490.676743274175
0.019765625 367.944120197528 368.072229413588
0.01984375 245.286916658464 245.412285229123
0.019921875 122.592770374569 122.715382857205
0.02123046875 0.887534372758195 0
0.025 -2.32813867810393e-13 0
0.03 -4.21013707446519e-12 0
0.035 -1.91806330180914e-13 0
0.04 2.97064773174009e-12 0
0.045 -5.53925988720335e-12 0
0.05 7.0571792984353e-12 0
0.055 3.51809998703605e-12 0
0.06 1.48029736616687e-12 0
0.065 -1.05402283231831e-12 0
0.07 3.28783438456167e-12 0
0.075 4.02005835373045e-13 0
0.08 -1.83737313680589e-12 0
0.085 2.05650659388684e-12 0
0.09 1.63412892580201e-13 0
0.095 6.15126305933371e-13 0
