0 1.18256807579059
7.8125e-05 1.18256788853825
0.00015625 1.18256720197454
0.000234375 1.18256551687832
0.0003125 1.18256233420891
0.000390625 1.18255715519626
0.00046875 1.18254948143114
0.000546875 1.18253881495517
0.000625 1.18252465835088
0.000703125 1.18250651483162
0.00078125 1.1824838883314
0.000859375 1.18245628359457
0.0009375 1.18242320626545
0.001015625 1.18238416297772
0.00109375 1.18233866144371
0.001171875 1.18228621054351
0.00125 1.18222632041386
0.001328125 1.18215850253689
0.00140625 1.18208226982858
0.001484375 1.18199713672705
0.0015625 1.18190261928056
0.001640625 1.18179823523527
0.00171875 1.1816835041227
0.001796875 1.18155794734697
0.001875 1.18142108827165
0.001953125 1.18127245230636
0.00203125 1.18111156699297
0.002109375 1.18093796209157
0.0021875 1.18075116966597
0.002265625 1.18055072416885
0.00234375 1.18033616252659
0.002421875 1.18010702422364
0.0025 1.17986285138647
0.002578125 1.17960318886714
0.00265625 1.1793275843264
0.002734375 1.17903558831633
0.0028125 1.17872675436255
0.002890625 1.1784006390459
0.00296875 1.17805680208364
0.003046875 1.17769480641021
0.003125 1.17731421825734
0.003203125 1.17691460723376
0.00328125 1.17649554640429
0.003359375 1.17605661236836
0.0034375 1.17559738533804
0.003515625 1.17511744921538
0.00359375 1.17461639166923
0.003671875 1.17409380421144
0.00375 1.17354928227239
0.003828125 1.17298242527597
0.00390625 1.17239283671383
0.003984375 1.17178012421901
0.0040625 1.17114389963894
0.004140625 1.17048377910767
0.00421875 1.16979938311747
0.004296875 1.16909033658973
0.004375 1.1683562689451
0.004453125 1.16759681417294
0.00453125 1.16681161090001
0.004609375 1.16600030245841
0.0046875 1.16516253695277
0.004765625 1.16429796732667
0.00484375 1.16340625142827
0.004921875 1.16248705207513
0.005 1.16154003711824
0.005078125 1.16056487950526
0.00515625 1.15956125734288
0.005234375 1.15852885395839
0.0053125 1.1574673579604
0.005390625 1.15637646329865
0.00546875 1.15525586932306
0.005546875 1.1541052808418
0.005625 1.15292440817852
0.005703125 1.15171296722869
0.00578125 1.15047067951506
0.005859375 1.14919727224211
0.0059375 1.14789247834973
0.006015625 1.14655603656581
0.00609375 1.14518769145803
0.006171875 1.14378719348459
0.00625 1.14235429904408
0.006328125 1.1408887705243
0.00640625 1.13939037635018
0.006484375 1.13785889103066
0.0065625 1.13629409520465
0.006640625 1.1346957756859
0.00671875 1.13306372550698
0.006796875 1.13139774396214
0.006875 1.12969763664923
0.006953125 1.12796321551059
0.00703125 1.12619429887284
0.007109375 1.12439071148572
0.0071875 1.12255228455983
0.007265625 1.12067885580331
0.00734375 1.11877026945757
0.007421875 1.11682637633176
0.0075 1.11484703383637
0.007578125 1.11283210601566
0.00765625 1.110781463579
0.007734375 1.10869498393112
0.0078125 1.10657255120138
0.007890625 1.10441405627177
0.00796875 1.10221939680395
0.008046875 1.09998847726513
0.008125 1.09772120895281
0.008203125 1.09541751001848
0.00828125 1.09307730549016
0.008359375 1.09070052729377
0.0084375 1.0882871142735
0.008515625 1.0858370122109
0.00859375 1.08335017384297
0.008671875 1.08082655887904
0.00875 1.07826613401649
0.008828125 1.07566887295541
0.00890625 1.07303475641205
0.008984375 1.07036377213115
0.0090625 1.0676559148971
0.009140625 1.06491118654396
0.00921875 1.06212959596434
0.009296875 1.0593111591171
0.009375 1.05645589903392
0.009453125 1.05356384582465
0.00953125 1.05063503668159
0.009609375 1.04766951588256
0.0096875 1.04466733479278
0.009765625 1.04162855186562
0.00984375 1.03855323264223
0.009921875 1.03544144974992
0.01 1.03229328289941
0.010078125 1.02910881888095
0.01015625 1.02588815155923
0.010234375 1.02263138186717
0.0103125 1.01933861779849
0.010390625 1.01600997439916
0.01046875 1.0126455737577
0.010546875 1.00924554499427
0.010625 1.00581002424866
0.010703125 1.00233915466706
0.01078125 0.998833086387726
0.010859375 0.995291976525491
0.0109375 0.991715989155071
0.011015625 0.988105295293282
0.01109375 0.984460072880074
0.011171875 0.980780506758436
0.01125 0.977066788653155
0.011328125 0.97331911714843
0.01140625 0.96953769766436
0.011484375 0.965722742432296
0.0115625 0.961874470469056
0.011640625 0.957993107550029
0.01171875 0.954078886181144
0.011796875 0.950132045569727
0.011875 0.946152831594247
0.011953125 0.942141496772946
0.01203125 0.938098300231373
0.012109375 0.934023507668806
0.0121875 0.929917391323594
0.012265625 0.925780229937393
0.01234375 0.921612308718329
0.012421875 0.91741391930308
0.0125 0.913185359717875
0.012578125 0.908926934338435
0.01265625 0.904638953848849
0.012734375 0.90032173519939
0.0128125 0.895975601563282
0.012890625 0.891600882292431
0.01296875 0.887197912872108
0.013046875 0.882767034874605
0.013125 0.878308595911875
0.013203125 0.873822949587145
0.01328125 0.869310455445524
0.013359375 0.864771478923612
0.0134375 0.860206391298113
0.013515625 0.855615569633456
0.01359375 0.850999396728447
0.013671875 0.846358261061944
0.01375 0.841692556737566
0.013828125 0.83700268342746
0.01390625 0.83228904631511
0.013984375 0.827552056037212
0.0140625 0.822792128624625
0.014140625 0.818009685442401
0.01421875 0.813205153128897
0.014296875 0.808378963533998
0.014375 0.803531553656436
0.014453125 0.798663365580239
0.01453125 0.793774846410294
0.014609375 0.78886644820706
0.0146875 0.783938627920416
0.014765625 0.778991847322676
0.01484375 0.774026572940763
0.014921875 0.769043275987567
0.015 0.764042432292487
0.015078125 0.759024522231172
0.01515625 0.753990030654472
0.015234375 0.74893944681661
0.0153125 0.743873264302581
0.015390625 0.7387919809548
0.01546875 0.733696098798994
0.015546875 0.728586123969367
0.015625 0.723462566633037
0.015703125 0.718325940913763
0.01578125 0.713176764814965
0.015859375 0.708015560142063
0.0159375 0.702842852424135
0.016015625 0.697659170834913
0.01609375 0.692465048113119
0.016171875 0.687261020482167
0.01625 0.682047627569236
0.016328125 0.676825412323725
0.01640625 0.671594920935105
0.016484375 0.666356702750179
0.0165625 0.661111310189769
0.016640625 0.655859298664833
0.01671875 0.650601226492029
0.016796875 0.645337654808745
0.016875 0.640069147487599
0.016953125 0.634796271050422
0.01703125 0.629519594581755
0.017109375 0.62423968964184
0.0171875 0.618957130179157
0.017265625 0.613672492442487
0.01734375 0.60838635489254
0.017421875 0.603099298113143
0.0175 0.597811904722011
0.017578125 0.592524759281119
0.01765625 0.587238448206674
0.017734375 0.581953559678721
0.0178125 0.576670683550374
0.017890625 0.571390411256706
0.01796875 0.566113335723305
0.018046875 0.560840051274506
0.018125 0.555571153541314
0.018203125 0.550307239369042
0.01828125 0.54504890672467
0.018359375 0.539796754603934
0.0184375 0.53455138293817
0.018515625 0.529313392500931
0.01859375 0.524083384814371
0.018671875 0.518861962055432
0.01875 0.513649726961838
0.018828125 0.508447282737914
0.01890625 0.503255232960243
0.018984375 0.498074181483172
0.0190625 0.492904732344196
0.019140625 0.487747489669211
0.01921875 0.482603057577681
0.019296875 0.477472040087697
0.019375 0.472355041020986
0.019453125 0.46725266390784
0.01953125 0.462165511892018
0.019609375 0.457094187635609
0.0196875 0.452039293223891
0.019765625 0.447001430070181
0.01984375 0.441981198820707
0.019921875 0.436979199259513
0.02 0.431996030213404
0.025 0.343229317585719
0.03 0.278246987288897
0.035 0.228498609882172
0.04 0.189132502542938
0.045 0.157176485996972
0.05 0.130702203283451
0.055 0.10840120651492
0.06 0.0893530900604515
0.065 0.0728908997185898
0.07 0.0585191462455361
0.075 0.0458618237552883
0.08 0.0346283191795763
0.085 0.0245903982394167
0.09 0.0155662739656388
0.095 0.00740933280525688
0.1 0
