0.00015625 306.73301778279 245.412285229123
0.0003125 521.281687911141 490.67674327418
0.00046875 755.987389937521 735.645635996674
0.000625 995.363157545626 980.171403295606
0.00078125 1236.19382960806 1224.10675199216
0.0009375 1477.30985705569 1467.30474455362
0.00109375 1718.12649382446 1709.61888760301
0.00125 1958.2786607964 1950.90322016128
0.00140625 2197.49929238484 2191.0124015687
0.0015625 2435.57072725571 2429.80179903264
0.00171875 2672.30266079837 2667.12757474898
0.001875 2907.52116433775 2902.84677254462
0.00203125 3141.06281179647 3136.81740398891
0.0021875 3372.77135994587 3368.8985339222
0.00234375 3602.49578995415 3598.95036534988
0.0025 3830.08911477475 3826.8343236509
0.00265625 4055.4076360869 4052.4131400499
0.0028125 4278.31047629853 4275.55093430282
0.00296875 4498.65928332369 4496.11329654607
0.003125 4716.31804783237 4713.96736825998
0.00328125 4931.15299469581 4928.98192229784
0.0034375 5143.0325250815 5141.02744193222
0.00359375 5351.82719307851 5349.97619887097
0.00375 5557.40970668068 5555.70233019602
0.00390625 5759.65494587035 5758.08191417845
0.0040625 5958.43999275775 5956.99304492433
0.00421875 6153.64417058269 6152.31590580627
0.004375 6345.14908862262 6343.93284163646
0.00453125 6532.83869160549 6531.72842953777
0.0046875 6716.59931194001 6715.58954847018
0.00484375 6896.31972405036 6895.40544737067
0.005 7071.89119970749 7071.06781186548
0.00515625 7243.20756404488 7242.47082951467
0.0053125 7410.16525177964 7409.51125354959
0.00546875 7572.66336295135 7572.08846506484
0.005625 7730.60371840326 7730.10453362737
0.00578125 7883.89091428585 7883.46427626606
0.0059375 8032.43237572862 8032.07531480645
0.00609375 8176.13840932585 8175.84813151584
0.00625 8314.92225436728 8314.69612302545
0.00640625 8448.70013278522 8448.53565249707
0.0065625 8577.3912975123 8577.28610000272
0.00671875 8700.91807937379 8700.86991108711
0.006875 8819.20593244361 8819.21264348355
0.00703125 8932.18347743853 8932.24301195515
0.0071875 9039.78254377554 9039.89293123443
0.00734375 9141.93820947298 9142.09755703531
0.0075 9238.58883939705 9238.79532511287
0.00765625 9329.67612170066 9329.92798834739
0.0078125 9415.14510213409 9415.44065183021
0.00796875 9494.944216669 9495.28180593037
0.008125 9569.02532187603 9569.40335732209
0.00828125 9637.34372360919 9637.7606579544
0.0084375 9699.85820334117 9700.31253194544
0.00859375 9756.53104274055 9757.02130038529
0.00875 9807.32804596561 9807.8528040323
0.00890625 9852.21856000364 9852.77642388941
0.0090625 9891.17549280393 9891.76509964781
0.00921875 9924.17532946437 9924.7953459871
0.009375 9951.19814600941 9951.84726672197
0.00953125 9972.2276213483 9972.9045667869
0.0096875 9987.25104678141 9987.95456205172
0.00984375 9996.25933361484 9996.98818696204
0.01 9999.24701839895 10000
0.01015625 9996.21226609606 9996.98818696204
0.0103125 9987.15687108506 9987.95456205172
0.01046875 9972.08625598236 9972.9045667869
0.010625 9951.00946820402 9951.84726672197
0.01078125 9923.93917444019 9924.7953459871
0.0109375 9890.89165302782 9891.76509964781
0.01109375 9851.88678390571 9852.77642388941
0.01125 9806.94803670554 9807.8528040323
0.01140625 9756.10245645209 9757.02130038529
0.0115625 9699.38064729763 9700.31253194544
0.01171875 9636.81675391835 9637.7606579544
0.011875 9568.44844098148 9569.40335732209
0.01203125 9494.31687039705 9495.28180593037
0.0121875 9414.46667641729 9415.44065183021
0.01234375 9328.9459387801 9329.92798834739
0.0125 9237.80615366483 9238.79532511287
0.01265625 9141.10220265203 9142.09755703531
0.0128125 9038.89231961085 9039.89293123444
0.01296875 8931.23805562341 8932.24301195515
0.013125 8818.20424186183 8819.21264348355
0.01328125 8699.85895045919 8700.86991108711
0.0134375 8576.2734536076 8577.28610000272
0.01359375 8447.52218043582 8448.53565249707
0.01375 8313.68267230291 8314.69612302545
0.01390625 8174.83553596544 8175.84813151584
0.0140625 8031.06439503783 8032.07531480645
0.01421875 7882.45583963835 7883.46427626606
0.014375 7729.09937415137 7730.10453362737
0.01453125 7571.08736333366 7572.08846506484
0.0146875 7408.51497665531 7409.51125354959
0.01484375 7241.48013092597 7242.47082951467
0.015 7070.08343138373 7071.06781186548
0.01515625 6894.42811097932 6895.40544737067
0.0153125 6714.61996825063 6715.58954847019
0.01546875 6530.7673035399 6531.72842953777
0.015625 6342.98085378916 6343.93284163646
0.01578125 6151.37372578385 6152.31590580627
0.0159375 5956.06132803264 5956.99304492433
0.01609375 5757.16130123178 5758.08191417845
0.01625 5554.79344741577 5555.70233019602
0.01640625 5349.07965774873 5349.97619887097
0.0165625 5140.14383911732 5141.02744193222
0.01671875 4928.11183949723 4928.98192229784
0.016875 4713.11137211305 4713.96736825998
0.01703125 4495.27193848942 4496.11329654606
0.0171875 4274.72475049473 4275.55093430282
0.01734375 4051.60265124842 4052.4131400499
0.0175 3826.04003510112 3826.83432365089
0.01765625 3598.17276672412 3598.95036534988
0.0178125 3368.1380991662 3368.8985339222
0.01796875 3136.07459125177 3136.81740398892
0.018125 2902.12202412885 2902.84677254462
0.01828125 2666.42131695756 2667.12757474899
0.0184375 2429.11444215371 2429.80179903264
0.01859375 2190.34433975501 2191.0124015687
0.01875 1950.25483139854 1950.90322016129
0.01890625 1708.99053362221 1709.61888760302
0.0190625 1466.69677078629 1467.30474455362
0.01921875 1223.51948751747 1224.10675199216
0.019375 979.605160794488 980.171403295608
0.01953125 735.100711711801 735.645635996677
0.0196875 490.153416986672 490.676743274184
0.01984375 244.910820217946 245.412285229123
0.0201171875 24.3047942729985 0
0.020625 5.74498743051797e-10 0
0.02125 -4.37029199297667e-10 0
0.021875 4.04612520481498e-10 0
0.0225 -1.37048481846491e-10 0
0.023125 1.38267775607371e-10 0
0.02375 -2.95850729015331e-10 0
0.024375 -6.07089494923578e-10 0
0.025 3.37326833212424e-10 0
0.025625 2.30271283508226e-11 0
0.02625 8.79747099643016e-11 0
0.026875 4.58809591883261e-11 0
0.0275 -1.07022741010449e-10 0
0.028125 -1.41402578118916e-10 0
0.02875 4.41169237709088e-10 0
0.029375 -4.16263838178745e-10 0
0.03 -2.9460899644712e-10 0
0.030625 1.37451501419071e-10 0
0.03125 4.89540373043693e-10 0
0.031875 -3.74962125330308e-10 0
0.0325 5.00031091053374e-10 0
0.033125 2.91544452771722e-10 0
0.03375 1.90325767067044e-10 0
0.034375 -1.87224442806067e-10 0
0.035 7.49784287982625e-10 0
0.035625 -1.81429005285874e-10 0
0.03625 2.04359488314377e-10 0
0.036875 1.8173713649973e-10 0
0.0375 -4.33131375906876e-10 0
0.038125 -2.10533247961532e-10 0
0.03875 6.64701268936867e-11 0
0.039375 8.56278982890123e-11 0
0.04 6.22872877514827e-11 0
0.040625 1.32473772309608e-10 0
0.04125 -9.31771203687754e-11 0
0.041875 -4.24012400172569e-11 0
0.0425 -8.71367001663898e-11 0
0.043125 1.0216407754931e-09 0
0.04375 -3.22115910369888e-10 0
0.044375 1.79822859354236e-10 0
0.045 2.73159283592561e-10 0
0.045625 1.78091673040256e-10 0
0.04625 3.22323833178268e-10 0
0.046875 -4.63056122752859e-10 0
0.0475 9.72220241436518e-12 0
0.048125 -8.19952957246309e-12 0
0.04875 1.62018903952084e-10 0
0.049375 -3.07005700972115e-11 0
0.05 1.54137856759167e-10 0
0.050625 1.30362290050813e-10 0
0.05125 2.43061126828714e-10 0
0.051875 2.45934752327383e-11 0
0.0525 4.81404074720815e-10 0
0.053125 -1.12410445600732e-10 0
0.05375 -1.25180310030231e-10 0
0.054375 9.31055998582199e-11 0
0.055 6.87776235608098e-11 0
0.055625 -1.31034861703923e-10 0
0.05625 -2.55553384720898e-11 0
0.056875 1.16483087732909e-10 0
0.0575 -1.26643309766392e-11 0
0.058125 8.68960396239126e-11 0
0.05875 -1.39434090717214e-10 0
0.059375 6.19691751217406e-11 0
0.06 -3.56572391328397e-10 0
0.060625 -1.14600548742916e-11 0
0.06125 -4.0873642972454e-10 0
0.061875 1.48945032189444e-12 0
0.0625 1.26014488547277e-11 0
0.063125 -1.61680160495141e-10 0
0.06375 2.30054988411644e-11 0
0.064375 1.75131244682694e-12 0
0.065 -3.31139704082924e-10 0
0.065625 -1.66692175176772e-10 0
0.06625 -6.73376493423826e-11 0
0.066875 4.11703340720248e-10 0
0.0675 1.65989290910022e-10 0
0.068125 7.81637082522017e-11 0
0.06875 -5.46307914827498e-12 0
0.069375 2.97596787368692e-11 0
0.07 5.07530525542939e-12 0
0.070625 -9.52670642849138e-11 0
0.07125 1.62251172240625e-11 0
0.071875 -4.9121176405905e-11 0
0.0725 9.79317526678293e-11 0
0.073125 -3.55485539186513e-11 0
0.07375 -9.51025188950533e-11 0
0.074375 2.85305433689877e-10 0
0.075 1.15019351280856e-11 0
0.075625 3.79784765560873e-11 0
0.07625 5.98289196621556e-11 0
0.076875 -1.31351525740763e-10 0
0.0775 6.4296782294536e-11 0
0.078125 6.03359317027576e-11 0
0.07875 -3.04353122344564e-11 0
0.079375 -1.55701544011095e-10 0
0.08 -1.06840821980555e-11 0
0.080625 7.76986488272451e-11 0
0.08125 -2.36119051942657e-11 0
0.081875 7.22372061559553e-11 0
0.0825 5.0680075140169e-11 0
0.083125 1.08792739762738e-10 0
0.08375 -7.12427484043889e-11 0
0.084375 8.92644851281566e-11 0
0.085 -9.1313152487709e-11 0
0.085625 1.27067861504546e-11 0
0.08625 9.54129257742651e-11 0
0.086875 -5.80624221721879e-13 0
0.0875 4.17951353984516e-11 0
0.088125 2.75205766088469e-11 0
0.08875 1.64032529825101e-11 0
0.089375 3.54096789322387e-11 0
0.09 -5.01699733006653e-11 0
0.090625 3.07249742657241e-11 0
0.09125 3.13661149137867e-11 0
0.091875 -1.23922753306699e-11 0
0.0925 -6.31044766264502e-11 0
0.093125 -4.20362439505046e-11 0
0.09375 -2.36604790374813e-11 0
0.094375 5.09638827442375e-11 0
0.095 -3.63086322768888e-11 0
0.095625 2.26384503916697e-11 0
0.09625 -1.96597750202e-11 0
0.096875 2.43126760501706e-11 0
0.0975 1.12128669114376e-11 0
0.098125 -2.4450848752094e-11 0
0.09875 8.10906577306259e-12 0
0.099375 3.82529261031234e-12 0
