0.00015625 306.73301778279 245.412285229123
0.0003125 521.281687911141 490.67674327418
0.00046875 755.987389948132 735.645635996674
0.000625 995.363157537668 980.171403295606
0.00078125 1236.19382960806 1224.10675199216
0.0009375 1477.30985704584 1467.30474455362
0.00109375 1718.12649382316 1709.61888760301
0.00125 1958.27866081459 1950.90322016128
0.00140625 2197.49929236665 2191.0124015687
0.0015625 2435.57072726435 2429.80179903264
0.00171875 2672.30266079837 2667.12757474898
0.001875 2907.52116433775 2902.84677254462
0.00203125 3141.06281179647 3136.81740398891
0.0021875 3372.77135993645 3368.8985339222
0.00234375 3602.49578996294 3598.95036534988
0.0025 3830.08911477475 3826.8343236509
0.00265625 4055.40763609626 4052.4131400499
0.0028125 4278.31047628968 4275.55093430282
0.00296875 4498.65928332369 4496.11329654607
0.003125 4716.31804783237 4713.96736825998
0.00328125 4931.15299469581 4928.98192229784
0.0034375 5143.0325250815 5141.02744193222
0.00359375 5351.82719307851 5349.97619887097
0.00375 5557.40970668068 5555.70233019602
0.00390625 5759.65494587035 5758.08191417845
0.0040625 5958.43999275775 5956.99304492433
0.00421875 6153.64417057343 6152.31590580627
0.004375 6345.14908863155 6343.93284163646
0.00453125 6532.83869160549 6531.72842953777
0.0046875 6716.59931193077 6715.58954847018
0.00484375 6896.31972405931 6895.40544737067
0.005 7071.89119970749 7071.06781186548
0.00515625 7243.20756405411 7242.47082951467
0.0053125 7410.16525177068 7409.51125354959
0.00546875 7572.66336295135 7572.08846506484
0.005625 7730.60371840326 7730.10453362737
0.00578125 7883.89091428585 7883.46427626606
0.0059375 8032.43237572862 8032.07531480645
0.00609375 8176.13840932585 8175.84813151584
0.00625 8314.92225437648 8314.69612302545
0.00640625 8448.70013278545 8448.53565249707
0.0065625 8577.39129750331 8577.28610000272
0.00671875 8700.91807937379 8700.86991108711
0.006875 8819.20593244361 8819.21264348355
0.00703125 8932.18347743853 8932.24301195515
0.0071875 9039.78254378474 9039.89293123443
0.00734375 9141.93820946399 9142.09755703531
0.0075 9238.58883939705 9238.79532511287
0.00765625 9329.67612169147 9329.92798834739
0.0078125 9415.1451021431 9415.44065183021
0.00796875 9494.94421665982 9495.28180593037
0.008125 9569.02532188503 9569.40335732209
0.00828125 9637.34372360919 9637.7606579544
0.0084375 9699.85820334117 9700.31253194544
0.00859375 9756.53104274055 9757.02130038529
0.00875 9807.32804596561 9807.8528040323
0.00890625 9852.21855999446 9852.77642388941
0.0090625 9891.17549281294 9891.76509964781
0.00921875 9924.17532946437 9924.7953459871
0.009375 9951.19814601858 9951.84726672197
0.00953125 9972.22762133928 9972.9045667869
0.0096875 9987.25104679057 9987.95456205172
0.00984375 9996.25933360581 9996.98818696204
0.01 9999.24701839895 10000
0.01015625 9996.21226608689 9996.98818696204
0.0103125 9987.15687109408 9987.95456205172
0.01046875 9972.08625599153 9972.9045667869
0.010625 9951.00946819499 9951.84726672197
0.01078125 9923.93917444935 9924.7953459871
0.0109375 9890.89165302337 9891.76509964781
0.01109375 9851.88678390581 9852.77642388941
0.01125 9806.94803669642 9807.8528040323
0.01140625 9756.10245646121 9757.02130038529
0.0115625 9699.38064729772 9700.31253194544
0.01171875 9636.81675390928 9637.7606579544
0.011875 9568.44844099054 9569.40335732209
0.01203125 9494.3168703925 9495.28180593037
0.0121875 9414.46667641271 9415.44065183021
0.01234375 9328.94593878465 9329.92798834739
0.0125 9237.80615366941 9238.79532511287
0.01265625 9141.10220265211 9142.09755703531
0.0128125 9038.8923196063 9039.89293123444
0.01296875 8931.23805563256 8932.24301195515
0.013125 8818.20424184821 8819.21264348355
0.01328125 8699.85895046825 8700.86991108711
0.0134375 8576.2734536031 8577.28610000272
0.01359375 8447.52218044039 8448.53565249707
0.01375 8313.68267230294 8314.69612302545
0.01390625 8174.83553596094 8175.84813151584
0.0140625 8031.06439503783 8032.07531480645
0.01421875 7882.45583963835 7883.46427626606
0.014375 7729.09937415594 7730.10453362737
0.01453125 7571.08736332916 7572.08846506484
0.0146875 7408.51497665074 7409.51125354959
0.01484375 7241.48013093047 7242.47082951467
0.015 7070.0834313883 7071.06781186548
0.01515625 6894.42811097477 6895.40544737067
0.0153125 6714.61996825063 6715.58954847019
0.01546875 6530.7673035399 6531.72842953777
0.015625 6342.98085379373 6343.93284163646
0.01578125 6151.37372577935 6152.31590580627
0.0159375 5956.06132803721 5956.99304492433
0.01609375 5757.16130122728 5758.08191417845
0.01625 5554.79344741577 5555.70233019602
0.01640625 5349.07965774873 5349.97619887097
0.0165625 5140.14383912189 5141.02744193222
0.01671875 4928.1118394973 4928.98192229784
0.016875 4713.11137210859 4713.96736825998
0.01703125 4495.27193848942 4496.11329654606
0.0171875 4274.72475049016 4275.55093430282
0.01734375 4051.60265125293 4052.4131400499
0.0175 3826.04003510569 3826.83432365089
0.01765625 3598.17276671962 3598.95036534988
0.0178125 3368.1380991662 3368.8985339222
0.01796875 3136.07459125177 3136.81740398892
0.018125 2902.12202413342 2902.84677254462
0.01828125 2666.42131695305 2667.12757474899
0.0184375 2429.11444214914 2429.80179903264
0.01859375 2190.34433975952 2191.0124015687
0.01875 1950.25483139854 1950.90322016129
0.01890625 1708.99053362221 1709.61888760302
0.0190625 1466.69677078858 1467.30474455362
0.01921875 1223.51948751518 1224.10675199216
0.019375 979.605160794488 980.171403295608
0.01953125 735.100711714084 735.645635996677
0.0196875 490.153416984435 490.676743274184
0.01984375 244.910820215663 245.412285229123
0.0200390625 40.6659163470278 0
0.0203125 1.07681623009304e-09 0
0.020625 5.94146397511914e-10 0
0.0209375 1.60611557240367e-09 0
0.02125 -1.5156759390988e-09 0
0.0215625 2.75708615476121e-09 0
0.021875 -2.19292364043909e-09 0
0.0221875 -5.24218396028236e-10 0
0.0225 3.9709474525397e-10 0
0.0228125 3.46062568672263e-11 0
0.023125 1.11584608975672e-09 0
0.0234375 1.86821516904102e-09 0
0.02375 2.2337927174065e-09 0
0.0240625 2.72964439310162e-09 0
0.024375 -1.39391489249915e-09 0
0.0246875 7.1963157786728e-10 0
0.025 4.71316491847303e-10 0
0.0253125 8.89036602169809e-10 0
0.025625 -1.23563706672994e-09 0
0.0259375 -1.46557346425631e-09 0
0.02625 4.35594313812976e-09 0
0.0265625 -5.3270004855013e-10 0
0.026875 1.2588051591905e-11 0
0.0271875 -1.2414079981096e-10 0
0.0275 -2.84151233594119e-10 0
0.0278125 1.06849818544623e-09 0
0.028125 -9.64472858652526e-10 0
0.0284375 -1.86829986535885e-10 0
0.02875 1.4155321647532e-09 0
0.0290625 -1.17716415000082e-09 0
0.029375 1.01405409027747e-10 0
0.0296875 1.24867988350367e-09 0
0.03 4.42674677314081e-10 0
0.0303125 2.21382450611374e-10 0
0.030625 -1.81150833829847e-09 0
0.0309375 6.49034863147223e-10 0
0.03125 -2.02926752702263e-09 0
0.0315625 1.12634378157474e-09 0
0.031875 -2.31713584517729e-09 0
0.0321875 6.84932004434055e-10 0
0.0325 1.52526412540157e-09 0
0.0328125 2.59941436492234e-10 0
0.033125 5.80889456154703e-11 0
0.0334375 -1.07317079195387e-09 0
0.03375 1.5656622117173e-09 0
0.0340625 -1.31245333361088e-10 0
0.034375 -7.90685394603209e-10 0
0.0346875 -3.35708635938976e-10 0
0.035 -3.47658409996914e-10 0
0.0353125 -2.02886110602691e-11 0
0.035625 -6.89421671916313e-10 0
0.0359375 -6.55878388138706e-10 0
0.03625 1.31288441390017e-09 0
0.0365625 -4.64792763739369e-10 0
0.036875 9.00108365231621e-10 0
0.0371875 1.13529855497905e-09 0
0.0375 -2.81729211010101e-11 0
0.0378125 -1.52905403896365e-09 0
0.038125 -2.79388642613705e-09 0
0.0384375 -3.51086285123238e-10 0
0.03875 -2.14334712248718e-09 0
0.0390625 -1.02021637401822e-09 0
0.039375 2.13755908165678e-09 0
0.0396875 1.71045951310049e-09 0
0.04 2.00802323337433e-09 0
0.0403125 1.6098650072745e-09 0
0.040625 4.65460055001884e-10 0
0.0409375 3.72695235617227e-10 0
0.04125 3.15362581377036e-09 0
0.0415625 9.22443002984852e-10 0
0.041875 1.3895343169134e-09 0
0.0421875 1.43013536989612e-09 0
0.0425 1.33339407395168e-10 0
0.0428125 1.9003128349088e-09 0
0.043125 7.30991583791629e-10 0
0.0434375 2.51735405684685e-09 0
0.04375 -1.95425645273359e-09 0
0.0440625 9.16573508074014e-10 0
0.044375 -1.28081543411455e-09 0
0.0446875 -3.19065765007624e-09 0
0.045 -3.20445818774673e-10 0
0.0453125 -1.07532017016507e-09 0
0.045625 -2.3979550654309e-09 0
0.0459375 1.6203513364351e-09 0
0.04625 -1.02425935611852e-09 0
0.0465625 -1.53803322040192e-09 0
0.046875 -1.03737107015016e-09 0
0.0471875 1.24431596401923e-09 0
0.0475 1.25977023839284e-09 0
0.0478125 -6.08057333607238e-11 0
0.048125 -4.95330889379291e-10 0
0.0484375 4.32993607214028e-10 0
0.04875 -8.1687289943071e-10 0
0.0490625 -2.92591671104643e-10 0
0.049375 1.5535373703296e-09 0
0.0496875 3.73200205796933e-10 0
0.05 2.03277799576165e-09 0
0.0503125 2.20735165254158e-09 0
0.050625 -1.71407469836453e-09 0
0.0509375 -8.79853687723175e-10 0
0.05125 1.43428315493838e-09 0
0.0515625 1.1362712821094e-09 0
0.051875 8.40493042966233e-10 0
0.0521875 1.45571847519193e-10 0
0.0525 -1.9055219211154e-09 0
0.0528125 1.5023028278288e-09 0
0.053125 8.25486438687046e-10 0
0.0534375 6.86074712653105e-10 0
0.05375 -2.08806696228432e-09 0
0.0540625 -8.62948412072835e-10 0
0.054375 -9.74012101460301e-10 0
0.0546875 -7.84221488791522e-10 0
0.055 8.62327378436634e-10 0
0.0553125 4.24887735172117e-10 0
0.055625 3.39834523452944e-10 0
0.0559375 -9.0961524673255e-10 0
0.05625 6.15492932185544e-10 0
0.0565625 9.18842567713065e-10 0
0.056875 -2.36350386603735e-11 0
0.0571875 5.62923533515256e-10 0
0.0575 8.14588505161425e-10 0
0.0578125 6.14585981313176e-10 0
0.058125 4.40433876379686e-11 0
0.0584375 3.79209438657003e-10 0
0.05875 3.25941932239964e-11 0
0.0590625 1.45099597188667e-09 0
0.059375 1.05903585587383e-09 0
0.0596875 1.65981453351428e-09 0
0.06 -1.42187478731577e-09 0
0.0603125 -1.71952313814054e-09 0
0.060625 -1.18889287566551e-09 0
0.0609375 -4.29084293653709e-10 0
0.06125 -4.51611731067408e-10 0
0.0615625 6.75142590895581e-10 0
0.061875 -8.35876274357603e-10 0
0.0621875 -1.29084433300638e-09 0
0.0625 -1.15116248597383e-09 0
0.0628125 -1.33082760130072e-09 0
0.063125 7.05967591117649e-10 0
0.0634375 6.62272751535884e-10 0
0.06375 -1.58795702405824e-09 0
0.0640625 -2.26825582362618e-10 0
0.064375 8.04308645166611e-11 0
0.0646875 -1.40539559106544e-09 0
0.065 -1.06827596023697e-09 0
0.0653125 1.32270339690231e-09 0
0.065625 6.30654557838475e-10 0
0.0659375 -6.62746430979124e-10 0
0.06625 -2.12492497392412e-10 0
0.0665625 4.64861477545509e-10 0
0.066875 6.69025662419374e-10 0
0.0671875 -1.75482278891725e-10 0
0.0675 3.20655816229962e-10 0
0.0678125 -6.3909113190763e-10 0
0.068125 -1.07215182246456e-09 0
0.0684375 9.71217829764231e-10 0
0.06875 7.48160502863307e-10 0
0.0690625 1.51970200160366e-11 0
0.069375 -3.09014111516738e-10 0
0.0696875 6.79856087281846e-10 0
0.07 -1.55307018309589e-10 0
0.0703125 -5.7652898418412e-10 0
0.070625 -2.86457585873366e-10 0
0.0709375 -8.52821686454203e-10 0
0.07125 -5.71014334627395e-11 0
0.0715625 -2.12406100953865e-10 0
0.071875 3.34904096193536e-11 0
0.0721875 -9.81565288719882e-10 0
0.0725 6.3471670145866e-10 0
0.0728125 -7.33253245166013e-10 0
0.073125 2.99459907456201e-11 0
0.0734375 3.53703908095152e-10 0
0.07375 -9.55120255575046e-10 0
0.0740625 -2.57234458768852e-10 0
0.074375 -2.2431666312715e-10 0
0.0746875 5.41249534576939e-10 0
0.075 -3.95223214971195e-10 0
0.0753125 -1.99429757050729e-10 0
0.075625 2.49499874471347e-10 0
0.0759375 3.19754729448747e-10 0
0.07625 -4.27809183450274e-11 0
0.0765625 4.82737200149468e-10 0
0.076875 -6.41665941353121e-10 0
0.0771875 -6.38093266653184e-11 0
0.0775 -2.5207918792594e-10 0
0.0778125 1.63704097469078e-10 0
0.078125 2.70470262255158e-10 0
0.0784375 -2.40295821946519e-10 0
0.07875 -7.33263632183951e-10 0
0.0790625 3.47229773049361e-10 0
0.079375 2.82604916419843e-10 0
0.0796875 -9.41549410901808e-10 0
0.08 8.88921246396113e-11 0
0.0803125 -7.05218214961268e-10 0
0.080625 6.34233223409458e-10 0
0.0809375 -4.1592959905465e-10 0
0.08125 -1.87269352547504e-10 0
0.0815625 -3.41289766111201e-10 0
0.081875 3.56084966432455e-10 0
0.0821875 3.01604143816223e-11 0
0.0825 -1.68680597162741e-10 0
0.0828125 4.11103393871176e-10 0
0.083125 -1.43602767727516e-10 0
0.0834375 -4.76831478780027e-10 0
0.08375 -3.18354435140307e-10 0
0.0840625 -1.22215506738558e-10 0
0.084375 7.37438288892306e-11 0
0.0846875 -2.98806723626979e-10 0
0.085 -4.87771686662738e-10 0
0.0853125 1.58810833684864e-10 0
0.085625 4.04336354621238e-10 0
0.0859375 -3.62200811378792e-10 0
0.08625 -3.32355826922873e-10 0
0.0865625 -2.72693392217605e-11 0
0.086875 -3.31339798478594e-11 0
0.0871875 -2.39763263709711e-11 0
0.0875 1.27080195145782e-10 0
0.0878125 -5.61540640128499e-11 0
0.088125 -6.44179256811678e-11 0
0.0884375 4.3842866024e-11 0
0.08875 -1.83930514164798e-10 0
0.0890625 -3.23544190593264e-10 0
0.089375 6.27097864816648e-11 0
0.0896875 2.37672831473767e-11 0
0.09 -2.25744860943713e-10 0
0.0903125 2.28034045664579e-10 0
0.090625 -7.91229039894153e-11 0
0.0909375 1.64796204815833e-10 0
0.09125 -2.14414506562191e-10 0
0.0915625 2.98795984091961e-11 0
0.091875 6.2331773357585e-11 0
0.0921875 -4.78537662575099e-12 0
0.0925 -9.20236394475982e-11 0
0.0928125 1.60956536280711e-11 0
0.093125 2.18135601497567e-10 0
0.0934375 2.48354893481119e-10 0
0.09375 -2.12136868764648e-10 0
0.0940625 -1.56355321824852e-10 0
0.094375 -9.50642868242271e-11 0
0.0946875 5.52093958290203e-11 0
0.095 7.83275498298944e-11 0
0.0953125 4.21262758494282e-12 0
0.095625 3.37244535301379e-11 0
0.0959375 1.19010178548043e-10 0
0.09625 6.17449694968751e-11 0
0.0965625 -1.12919829342972e-10 0
0.096875 -7.92162969197665e-11 0
0.0971875 1.40730757783526e-11 0
0.0975 -5.30629671256753e-11 0
0.0978125 3.81747955697469e-11 0
0.098125 2.92445882616816e-11 0
0.0984375 -3.87834432971252e-11 0
0.09875 1.51596907884695e-11 0
0.0990625 -2.25633811916949e-12 0
0.099375 3.42987544692955e-12 0
0.0996875 -1.11295036753897e-12 0
