0 3.13855539876702e-08
0.0003125 3.13854341574528e-08
0.000625 3.13848352950473e-08
0.0009375 3.13832795222961e-08
0.00125 3.13802912663225e-08
0.0015625 3.13753984052272e-08
0.001875 3.13681334054715e-08
0.0021875 3.13580344482067e-08
0.0025 3.13446465418358e-08
0.0028125 3.13275226181283e-08
0.003125 3.13062246092467e-08
0.0034375 3.12803245030902e-08
0.00375 3.12494053744136e-08
0.0040625 3.12130623892366e-08
0.004375 3.11709037801239e-08
0.0046875 3.11225517899882e-08
0.005 3.10676435821391e-08
0.0053125 3.10058321143892e-08
0.005625 3.09367869751088e-08
0.0059375 3.08601951792163e-08
0.00625 3.07757619221873e-08
0.0065625 3.06832112902637e-08
0.006875 3.05822869251548e-08
0.0071875 3.04727526416264e-08
0.0075 3.03543929964921e-08
0.0078125 3.02270138076344e-08
0.008125 3.00904426218069e-08
0.0084375 2.99445291300888e-08
0.00875 2.97891455299926e-08
0.0090625 2.96241868333514e-08
0.009375 2.94495711192444e-08
0.0096875 2.92652397313518e-08
0.01 2.90711574192631e-08
0.0103125 2.88673124233981e-08
0.010625 2.86537165033369e-08
0.0109375 2.84304049094902e-08
0.01125 2.81974362981777e-08
0.0115625 2.79548925903201e-08
0.011875 2.77028787740845e-08
0.0121875 2.74415226519583e-08
0.0125 2.71709745328622e-08
0.0128125 2.68914068700428e-08
0.013125 2.66030138456174e-08
0.0134375 2.63060109027726e-08
0.01375 2.60006342267424e-08
0.0140625 2.56871401758177e-08
0.014375 2.53658046637564e-08
0.0146875 2.50369224950831e-08
0.015 2.47008066548793e-08
0.0153125 2.43577875547746e-08
0.015625 2.40082122369566e-08
0.0159375 2.36524435381155e-08
0.01625 2.32908592153388e-08
0.0165625 2.29238510360617e-08
0.016875 2.25518238342644e-08
0.0171875 2.21751945351923e-08
0.0175 2.17943911509461e-08
0.0178125 2.14098517493633e-08
0.018125 2.10220233986743e-08
0.0184375 2.06313610904762e-08
0.01875 2.02383266436178e-08
0.0190625 1.98433875916377e-08
0.019375 1.94470160564351e-08
0.0196875 1.90496876108869e-08
0.02 1.86518801331505e-08
0.02125 1.81294730006574e-08
0.0225 1.76226601109253e-08
0.02375 1.71305374498811e-08
0.025 1.66522773990071e-08
0.02625 1.61871203632256e-08
0.0275 1.57343675150649e-08
0.02875 1.52933744811421e-08
0.03 1.4863545827825e-08
0.03125 1.44443302276762e-08
0.0325 1.40352162082539e-08
0.03375 1.36357284010532e-08
0.035 1.32454242216044e-08
0.03625 1.28638909225925e-08
0.0375 1.24907429708117e-08
0.03875 1.2125619706166e-08
0.04 1.17681832470918e-08
0.04125 1.1418116611916e-08
0.0425 1.10751220299761e-08
0.04375 1.07389194199557e-08
0.045 1.04092450159552e-08
0.04625 1.00858501244119e-08
0.0475 9.76849999719644e-09
0.04875 9.45697280809504e-09
0.05 9.15105872149998e-09
0.05125 8.85055904351721e-09
0.0525 8.55528544689067e-09
0.05375 8.26505926217227e-09
0.055 7.97971082845755e-09
0.05625 7.69907889777943e-09
0.0575 7.42301008792534e-09
0.05875 7.15135837902892e-09
0.06 6.88398464980017e-09
0.06125 6.62075624970674e-09
0.0625 6.36154660381321e-09
0.06375 6.10623484733162e-09
0.065 5.85470548724234e-09
0.06625 5.60684808861422e-09
0.0675 5.36255698349155e-09
0.06875 5.12173100042735e-09
0.07 4.88427321293048e-09
0.07125 4.65009070526116e-09
0.0725 4.41909435415876e-09
0.07375 4.19119862521881e-09
0.075 3.96632138275489e-09
0.07625 3.74438371208789e-09
0.0775 3.52530975330046e-09
0.07875 3.30902654558038e-09
0.08 3.09546388135364e-09
0.08125 2.88455416947754e-09
0.0825 2.67623230682691e-09
0.08375 2.47043555766296e-09
0.085 2.26710344022553e-09
0.08625 2.06617762003587e-09
0.0875 1.86760180943908e-09
0.08875 1.67132167295323e-09
0.09 1.47728473802722e-09
0.09125 1.28544031084048e-09
0.0925 1.09573939680667e-09
0.09375 9.0813462546937e-10
0.095 7.22580179501873e-10
0.09625 5.39031727544836e-10
0.0975 3.57446360635467e-10
0.09875 1.77782532000272e-10
0.1 0
