0 3.14236762155456e-08
0.00125 3.14160186264574e-08
0.0025 3.13780249578704e-08
0.00375 3.12805249288083e-08
0.005 3.10966350543565e-08
0.00625 3.08027917629104e-08
0.0075 3.03796569310181e-08
0.00875 2.98128610366195e-08
0.01 2.90935553717206e-08
0.01125 2.82187520932792e-08
0.0125 2.71914390443374e-08
0.01375 2.60204649328893e-08
0.015 2.4720199280995e-08
0.01625 2.33099802121065e-08
0.0175 2.18133712978282e-08
0.01875 2.02572560230748e-08
0.02 1.86708046688227e-08
0.025 1.66703542301211e-08
0.03 1.48804775218091e-08
0.035 1.32610652619078e-08
0.04 1.17824714593892e-08
0.045 1.04221651610721e-08
0.05 9.16262229225992e-09
0.055 7.9899444488831e-09
0.06 6.89292324056285e-09
0.065 5.86238816608019e-09
0.07 4.8907408101394e-09
0.075 3.97161493289811e-09
0.08 3.09962371602817e-09
0.085 2.27016865607872e-09
0.09 1.47929290124319e-09
0.095 7.23567179955908e-10
0.1 0
