0 1.18411403133036
0.00015625 1.18411253333985
0.0003125 1.1841070416103
0.00046875 1.1840935652896
0.000625 1.18406811929763
0.00078125 1.18402672720757
0.0009375 1.18396542412169
0.00109375 1.18388025953962
0.00125 1.1837673002174
0.00140625 1.18362263301533
0.0015625 1.18344236773289
0.00171875 1.18322263992881
0.001875 1.18295961372457
0.00203125 1.18264948458938
0.0021875 1.18228848210499
0.00234375 1.18187287270842
0.0025 1.18139896241094
0.00265625 1.18086309949147
0.0028125 1.18026167716264
0.00296875 1.17959113620787
0.003125 1.17884796758775
0.00328125 1.17802871501388
0.0034375 1.17712997748877
0.00359375 1.17614841180989
0.00375 1.17508073503638
0.00390625 1.1739237269169
0.0040625 1.17267423227678
0.00421875 1.17132916336323
0.004375 1.16988550214685
0.00453125 1.16834030257807
0.0046875 1.166690692797
0.00484375 1.16493387729525
0.005 1.16306713902836
0.00515625 1.16108784147739
0.0053125 1.15899343065833
0.00546875 1.15678143707814
0.005625 1.15444947763593
0.00578125 1.15199525746817
0.0059375 1.14941657173677
0.00609375 1.14671130735866
0.00625 1.14387744467591
0.00640625 1.14091305906523
0.0065625 1.13781632248574
0.00671875 1.13458550496403
0.006875 1.13121897601558
0.00703125 1.12771520600141
0.0071875 1.1240727674193
0.00734375 1.12029033612849
0.0075 1.11636669250721
0.00765625 1.11230072254211
0.0078125 1.10809141884902
0.00796875 1.10373788162413
0.008125 1.09923931952519
0.00828125 1.09459505048189
0.0084375 1.08980450243499
0.00859375 1.08486721400365
0.00875 1.0797828350805
0.00890625 1.074551127354
0.0090625 1.06917196475767
0.00921875 1.06364533384592
0.009375 1.05797133409625
0.00953125 1.05215017813734
0.0096875 1.04618219190307
0.00984375 1.04006781471225
0.01 1.03380759927392
0.01015625 1.02740221161809
0.0103125 1.02085243095218
0.01046875 1.01415914944281
0.010625 1.00732337192342
0.01078125 1.00034621552749
0.0109375 0.993228909247813
0.01109375 0.98597279342189
0.01125 0.978579319143776
0.01140625 0.97105004760266
0.0115625 0.963386649348574
0.01171875 0.95559090348562
0.011875 0.947664696793171
0.01203125 0.939610022775549
0.0121875 0.931428980640721
0.01234375 0.923123774208607
0.0125 0.914696710749634
0.01265625 0.906150199754202
0.0128125 0.897486751633806
0.01296875 0.888708976354557
0.013125 0.879819582003925
0.01328125 0.870821373291551
0.0134375 0.861717249985012
0.01359375 0.852510205281489
0.01375 0.843203324116291
0.01390625 0.833799781409273
0.0140625 0.824302840250182
0.01421875 0.814715850024039
0.014375 0.805042244477672
0.01453125 0.795285539728592
0.0146875 0.785449332217388
0.01484375 0.775537296604915
0.015 0.765553183615522
0.01515625 0.755500817827653
0.0153125 0.745384095413158
0.01546875 0.735206981826691
0.015625 0.724973509446611
0.01578125 0.714687775168819
0.0159375 0.704353937955016
0.01609375 0.693976216336874
0.01625 0.683558885877645
0.01640625 0.673106276592787
0.0165625 0.662622770331163
0.01671875 0.652112798118452
0.016875 0.641580837464381
0.01703125 0.631031409635457
0.0171875 0.620469076894865
0.01734375 0.609898439711244
0.0175 0.599324133938067
0.01765625 0.588750827965354
0.0178125 0.578183219845495
0.01796875 0.567626034394953
0.018125 0.557084020273648
0.01828125 0.546561947043825
0.0184375 0.536064602210239
0.01859375 0.525596788243488
0.01875 0.515163319588348
0.01890625 0.504769019658965
0.0190625 0.494418717822782
0.01921875 0.484117246375066
0.019375 0.473869437505936
0.01953125 0.463680120261771
0.0196875 0.453554117502899
0.01984375 0.443496242859467
0.02 0.433511297687393
0.02125 0.408184374235426
0.0225 0.385017529542688
0.02375 0.36373815202429
0.025 0.344118704279808
0.02625 0.325967601438355
0.0275 0.309122252351697
0.02875 0.293443680690955
0.03 0.278812317694869
0.03125 0.265124675768824
0.0325 0.25229069258799
0.03375 0.240231591410528
0.035 0.228878142966542
0.03625 0.218169242748827
0.0375 0.208050738222012
0.03875 0.198474455689935
0.04 0.189397387886348
0.04125 0.180781011866607
0.0425 0.172590713237861
0.04375 0.164795297711319
0.045 0.157366574778943
0.04625 0.15027900128847
0.0475 0.143509375020001
0.04875 0.137036570205933
0.05 0.130841308396779
0.05125 0.124905959243008
0.0525 0.119214366701942
0.05375 0.113751696937793
0.055 0.108504304799816
0.05625 0.103459616267504
0.0575 0.0986060246652107
0.05875 0.0939327987895574
0.06 0.0894300013751795
0.06125 0.0850884165590307
0.0625 0.0808994851992906
0.06375 0.0768552470689795
0.065 0.0729482890823223
0.06625 0.0691716988282751
0.0675 0.0655190227841368
0.06875 0.0619842286658161
0.07 0.0585616714425774
0.07125 0.0552460626049534
0.0725 0.0520324423266647
0.07375 0.0489161542061766
0.075 0.0458928223121107
0.07625 0.0429583302900468
0.0775 0.0401088023170875
0.07875 0.0373405857155858
0.08 0.0346502350591965
0.08125 0.0320344976233801
0.0825 0.0294903000490594
0.08375 0.0270147361026265
0.085 0.024605055428221
0.08625 0.0222586531993751
0.0875 0.019973060586961
0.08875 0.0177459359690596
0.09 0.0155750568160338
0.09125 0.013458312190884
0.0925 0.0113936958109778
0.09375 0.00937929962259597
0.095 0.00741330784448755
0.09625 0.00549399144086734
0.0975 0.0036197029880652
0.09875 0.00178887190241595
0.1 0
