0.00015625 0.0383456695672635 0.0383456695672635
0.00046875 0.191635969758863 0.191635969758863
0.00078125 0.497847280381336 0.497847280381336
0.00109375 0.956241911569577 0.956241911569577
0.00140625 1.56571555050249 1.56571555050249
0.00171875 2.32479992180146 2.32479992180146
0.00203125 3.23166632472862 3.23166632472862
0.00234375 4.28413003868826 4.28413003868826
0.00265625 5.47965558640726 5.47965558640726
0.00296875 6.81536284212569 6.81536284212569
0.00328125 8.28803397006936 8.28803397006936
0.00359375 9.89412117650232 9.89412117650232
0.00390625 11.629755256665 11.629755256665
0.00421875 13.4907549160374 13.4907549160374
0.00453125 15.4726368434368 15.4726368434368
0.00484375 17.5706265117029 17.5706265117029
0.00515625 19.7796696799657 19.7796696799657
0.00546875 22.0944445697455 22.0944445697455
0.00578125 24.5093746855773 24.5093746855773
0.00609375 27.0186422492941 27.0186422492941
0.00640625 29.6162022155457 29.6162022155457
0.00671875 32.2957968348547 32.2957968348547
0.00703125 35.0509707290811 35.0509707290811
0.00734375 37.8750864429861 37.8750864429861
0.00765625 40.7613404344517 40.7613404344517
0.00796875 43.7027794648088 43.7027794648088
0.00828125 46.6923173497889 46.6923173497889
0.00859375 49.7227520307803 49.7227520307803
0.00890625 52.7867829251974 52.7867829251974
0.00921875 55.8770285142401 55.8770285142401
0.00953125 58.9860441256107 58.9860441256107
0.00984375 62.1063398683859 62.1063398683859
0.01015625 65.2303986768104 65.2303986768104
0.01046875 68.3506944195841 68.3506944195841
0.01078125 71.4597100309547 71.4597100309547
0.01109375 74.5499556199988 74.5499556199988
0.01140625 77.613986514416 77.613986514416
0.01171875 80.6444211954073 80.6444211954073
0.01203125 83.6339590803902 83.6339590803902
0.01234375 86.5753981107446 86.5753981107446
0.01265625 89.4616521022101 89.4616521022101
0.01296875 92.2857678161151 92.2857678161151
0.01328125 95.0409417103401 95.0409417103401
0.01359375 97.7205363296505 97.7205363296505
0.01390625 100.318096295902 100.318096295902
0.01421875 102.827363859619 102.827363859619
0.01453125 105.242293975452 105.242293975452
0.01484375 107.557068865231 107.557068865231
0.01515625 109.766112033493 109.766112033493
0.01546875 111.864101701759 111.864101701759
0.01578125 113.845983629159 113.845983629159
0.01609375 115.70698328853 115.70698328853
0.01640625 117.442617368694 117.442617368694
0.01671875 119.048704575127 119.048704575127
0.01703125 120.521375703072 120.521375703072
0.01734375 121.857082958789 121.857082958789
0.01765625 123.052608506508 123.052608506508
0.01796875 124.105072220468 124.105072220468
0.01828125 125.011938623396 125.011938623396
0.01859375 125.771022994695 125.771022994695
0.01890625 126.380496633628 126.380496633628
0.01921875 126.838891264815 126.838891264815
0.01953125 127.145102575437 127.145102575437
0.01984375 127.29839287563 127.29839287563
0.020625 41.7925705994492 127.336738545197
0.021875 40.5450311785701 127.336738545197
0.023125 39.3698128835389 127.336738545196
0.024375 38.260804069918 127.336738545196
0.025625 37.2125628625232 127.336738545197
0.026875 36.2202278528558 127.336738545196
0.028125 35.2794427138207 127.336738545197
0.029375 34.3862922653694 127.336738545196
0.030625 33.5372480119037 127.336738545197
0.031875 32.7291215537855 127.336738545197
0.033125 31.9590245760493 127.336738545196
0.034375 31.2243343559103 127.336738545197
0.035625 30.522663920946 127.336738545197
0.036875 29.8518361424637 127.336738545197
0.038125 29.2098611716581 127.336738545197
0.039375 28.5949167259389 127.336738545197
0.040625 28.0053308140637 127.336738545196
0.041875 27.4395665551939 127.336738545197
0.043125 26.8962088016256 127.336738545196
0.044375 26.3739523200407 127.336738545196
0.045625 25.8715913234685 127.336738545196
0.046875 25.3880101772354 127.336738545196
0.048125 24.9221751281119 127.336738545197
0.049375 24.4731269276054 127.336738545197
0.050625 24.0399742386211 127.336738545196
0.051875 23.6218877301233 127.336738545196
0.053125 23.2180947774717 127.336738545196
0.054375 22.8278746971781 127.336738545197
0.055625 22.4505544542495 127.336738545197
0.056875 22.0855047883267 127.336738545196
0.058125 21.7321367117136 127.336738545197
0.059375 21.3898983383007 127.336738545196
0.060625 21.0582720074743 127.336738545196
0.061875 20.7367716714822 127.336738545196
0.063125 20.4249405185276 127.336738545196
0.064375 20.1223488071419 127.336738545195
0.065625 19.8285918902494 127.336738545195
0.066875 19.5432884098142 127.336738545195
0.068125 19.2660786451359 127.336738545195
0.069375 18.9966229997494 127.336738545195
0.070625 18.734600613546 127.336738545195
0.071875 18.4797080881915 127.336738545195
0.073125 18.2316583151957 127.336738545195
0.074375 17.9901793971136 127.336738545195
0.075625 17.7550136533605 127.336738545195
0.076875 17.5259167029945 127.336738545195
0.078125 17.3026566176061 127.336738545195
0.079375 17.0850131381393 127.336738545195
0.080625 16.8727769500879 127.336738545195
0.081875 16.66574901205 127.336738545195
0.083125 16.4637399331161 127.336738545195
0.084375 16.2665693949949 127.336738545195
0.085625 16.0740656151725 127.336738545195
0.086875 15.8860648477436 127.336738545195
0.088125 15.7024109188679 127.336738545195
0.089375 15.5229547940809 127.336738545195
0.090625 15.3475541749387 127.336738545195
0.091875 15.1760731227048 127.336738545195
0.093125 15.0083817069843 127.336738545195
0.094375 14.8443556773997 127.336738545195
0.095625 14.683876156563 127.336738545195
0.096875 14.5268293527495 127.336738545195
0.098125 14.3731062908156 127.336738545195
0.099375 14.2226025600217 127.336738545195
