0.000625 0.612607127059839 0.612607127059839
0.001875 2.22268398421352 2.22268398421352
0.003125 5.36840753539476 5.36840753539476
0.004375 9.90398455499246 9.90398455499246
0.005625 15.6182706743067 15.6182706743067
0.006875 22.243487363124 22.243487363124
0.008125 29.4662961689658 29.4662961689658
0.009375 36.9407880400212 36.9407880400212
0.010625 44.3028685843974 44.3028685843974
0.011875 51.1854635795725 51.1854635795725
0.013125 57.2339351821808 57.2339351821808
0.014375 62.1210894540178 62.1210894540178
0.015625 65.5611704305549 65.5611704305549
0.016875 67.322274472364 67.322274472364
0.018125 67.2366795808824 67.2366795808824
0.019375 65.2086653721552 65.2086653721552
0.02015625 21.0079577938155 63.2700603868426
0.02046875 20.5274786978208 62.3041052664327
0.02078125 20.063861514083 61.3672014278399
0.02109375 19.6163026260635 60.4580577029847
0.02140625 19.1840469560221 59.5754583204592
0.02171875 18.7663844135043 58.7182574813163
0.02203125 18.3626466486958 57.8853743964746
0.02234375 17.9722040806745 57.0757887405794
0.02265625 17.5944631738885 56.2885364820885
0.02296875 17.2288639391066 55.5227060537616
0.02328125 16.8748776376416 54.7774348315633
0.02359375 16.5320046699042 54.0519058933978
0.02390625 16.1997726313215 53.3453450320471
0.02421875 15.8777345204243 52.6570179993758
0.02453125 15.5654670854489 51.9862279611671
0.02484375 15.2625692971842 51.3323131440453
0.02515625 14.9686609370159 50.6946446577842
0.02546875 14.6833812902074 50.0726244779337
0.02578125 14.4063879354309 49.4656835751711
0.02609375 14.1373556224178 48.8732801790614
0.02640625 13.8759752303791 48.2948981651085
0.02671875 13.6219528005324 47.7300455549903
0.02703125 13.3750086366911 47.1782531208284
0.02734375 13.1348764684285 46.6390730851621
0.02765625 12.9013026718241 46.1120779090586
0.02796875 12.6740455432538 45.5968591614716
0.02828125 12.4528746220818 45.0930264635541
0.02859375 12.2375700584826 44.600206502204
0.02890625 12.0279220229413 44.1180421075856
0.02921875 11.8237301542894 43.6461913898575
0.02953125 11.6248030433866 43.1843269307056
0.02984375 11.430957749814 42.732135025672
0.03015625 11.2420193491586 42.2893149735926
0.03046875 11.0578205086677 41.8555784097617
0.03078125 10.8782010892375 41.430648679713
0.03109375 10.7030077718628 41.0142602507711
0.03140625 10.5320937068219 40.6061581587236
0.03171875 10.3653181840135 40.2060974872088
0.03203125 10.2025463229827 39.8138428775771
0.03234375 10.043648781288 39.4291680671658
0.03265625 9.88850147996567 39.0518554540832
0.03296875 9.73698534494289 38.6816956867458
0.03328125 9.58898606333793 38.3184872765418
0.03359375 9.4443938536636 37.9620362321088
0.03390625 9.30310324902717 37.6121557138403
0.03421875 9.1650128924825 37.2686657073214
0.03453125 9.03002534375421 36.9313927144948
0.03484375 8.89804689661089 36.6001694614503
0.03515625 8.76898740621233 36.2748346217924
0.03546875 8.64276012581016 35.9552325546399
0.03578125 8.51928155221717 35.6412130563461
0.03609375 8.39847127950906 35.3326311251221
0.03640625 8.2802518604546 35.0293467377826
0.03671875 8.16454867520555 34.7312246378861
0.03703125 8.05128980681369 34.4381341346132
0.03734375 7.94040592316341 34.1499489117301
0.03765625 7.83183016494542 33.8665468460726
0.03796875 7.72549803931559 33.5878098349932
0.03828125 7.62134731890791 33.3136236322576
0.03859375 7.51931794589353 33.0438776919149
0.03890625 7.4193519407963 32.7784650196899
0.03921875 7.32139331579624 32.5172820314857
0.03953125 7.22538799226493 32.2602284185891
0.03984375 7.13128372229965 32.0072070192277
0.04015625 7.03903001403221 31.7581236961219
0.04046875 6.94857806050324 31.5128872197042
0.04078125 6.85988067191072 31.271409156718
0.04109375 6.77289221104536 31.0336037638914
0.04140625 6.6875685317437 30.799387886429
0.04171875 6.60386692019586 30.5686808610628
0.04203125 6.52174603895821 30.3414044234345
0.04234375 6.44116587352581 30.1174826195719
0.04265625 6.36208768133217 29.8968417212602
0.04296875 6.28447394304983 29.6794101451064
0.04328125 6.20828831607163 29.4651183751056
0.04359375 6.13349559006373 29.2538988885462
0.04390625 6.06006164448054 29.0456860850688
0.04421875 5.98795340794673 28.8404162187434
0.04453125 5.91713881940867 28.6380273329974
0.04484375 5.84758679097002 28.4384591982721
0.04515625 5.77926717232558 28.2416532522629
0.04546875 5.71215071671594 28.0475525426247
0.04578125 5.64620904832838 27.8561016720263
0.04609375 5.58141463107305 27.6672467454363
0.04640625 5.51774073866866 27.4809353195412
0.04671875 5.45516142597444 27.2971163541924
0.04703125 5.39365150150957 27.1157401657922
0.04734375 5.33318650110219 26.9367583825201
0.04765625 5.27374266261651 26.7601239013236
0.04796875 5.21529690170697 26.5857908465922
0.04828125 5.15782678855121 26.4137145304322
0.04859375 5.10131052551799 26.2438514144812
0.04890625 5.04572692572385 26.0761590731744
0.04921875 4.99105539244287 25.9105961584241
0.04953125 4.9372758993262 25.7471223656269
0.04984375 4.88436897139737 25.5856984009526
0.05015625 4.83231566678786 25.4262859498564
0.05046875 4.78109755918039 25.268847646762
0.05078125 4.73069672092707 25.113347045859
0.05109375 4.68109570681507 24.9597485929788
0.05140625 4.63227753844944 24.8080175984929
0.05171875 4.58422568922647 24.6581202111908
0.05203125 4.53692406987356 24.510023393106
0.05234375 4.49035701452885 24.3636948952366
0.05265625 4.44450926733984 24.219103234137
0.05296875 4.39936596955715 24.0762176693342
0.05328125 4.35491264710284 23.9350081815379
0.05359375 4.31113519859432 23.7954454516163
0.05390625 4.26801988380361 23.657500840302
0.05421875 4.22555331253442 23.5211463685998
0.05453125 4.18372243389906 23.3863546988655
0.05484375 4.14251452597987 23.2530991165354
0.05515625 4.10191718585855 23.1213535124761
0.05546875 4.06191831999814 22.9910923659269
0.05578125 4.0225061349648 22.8622907280226
0.05609375 3.9836691284739 22.7349242058608
0.05640625 3.94539608074864 22.6089689471026
0.05671875 3.90767604617825 22.4844016250803
0.05703125 3.87049834526376 22.3611994243949
0.05734375 3.83385255684083 22.2393400269869
0.05765625 3.79772851056748 22.1188015986567
0.05796875 3.76211627966723 21.9995627760228
0.05828125 3.72700617391768 21.8816026538995
0.05859375 3.69238873287481 21.7649007730785
0.05890625 3.65825471932406 21.6494371084998
0.05921875 3.62459511294917 21.5351920577957
0.05953125 3.59140110421099 21.422146430196
0.05984375 3.55866408842824 21.3102814357832
0.06015625 3.52637566005183 21.1995786750772
0.06046875 3.49452760712738 21.0900201289524
0.06078125 3.46311190593607 20.9815881488548
0.06109375 3.43212071580949 20.8742654473257
0.06140625 3.40154637411176 20.7680350888152
0.06171875 3.37138139138129 20.6628804807705
0.06203125 3.34161844662826 20.5587853649981
0.06234375 3.31225038278089 20.4557338092835
0.06265625 3.28327020227537 20.3537101992618
0.06296875 3.25467106278454 20.2526992305304
0.06328125 3.22644627308022 20.1526859009972
0.06359375 3.19858928902375 20.0536555034497
0.06390625 3.17109370968143 19.9555936183468
0.06421875 3.14395327355994 19.858486106822
0.06453125 3.11716185495632 19.7623191038832
0.06484375 3.09071346042047 19.6670790118162
0.06515625 3.06460222532481 19.5727524937737
0.06546875 3.03882241053803 19.4793264675504
0.06578125 3.01336839919895 19.3867880995338
0.06609375 2.98823469358718 19.2951247988266
0.06640625 2.9634159120878 19.2043242115377
0.06671875 2.93890678624571 19.1143742152309
0.06703125 2.91470215790741 19.0252629135285
0.06734375 2.89079697644725 18.9369786308673
0.06765625 2.86718629607496 18.8495099073991
0.06796875 2.84386527322207 18.7628454940315
0.06828125 2.82082916400412 18.6769743476054
0.06859375 2.79807332175679 18.5918856262043
0.06890625 2.77559319464251 18.5075686845889
0.06921875 2.75338432332666 18.42401306976
0.06953125 2.73144233871974 18.3412085166376
0.06984375 2.70976295978391 18.2591449438564
0.07015625 2.68834199140189 18.1778124496745
0.07046875 2.667175322306 18.0972013079903
0.07078125 2.64625892306576 18.0173019644673
0.07109375 2.62558884413111 17.9381050327551
0.07140625 2.60516121393122 17.8596012908175
0.07171875 2.5849722370253 17.7817816773498
0.07203125 2.56501819230519 17.704637288294
0.07234375 2.54529543124706 17.6281593734416
0.07265625 2.52580037621146 17.5523393331257
0.07296875 2.5065295187894 17.4771687149964
0.07328125 2.48747941819412 17.4026392108815
0.07359375 2.4686466996956 17.3287426537226
0.07390625 2.45002805309829 17.2554710145946
0.07421875 2.4316202312592 17.1828163997965
0.07453125 2.41342004864566 17.1107710480152
0.07484375 2.39542437993214 17.0393273275642
0.07515625 2.3776301586337 16.9684777336866
0.07546875 2.3600343757761 16.8982148859281
0.07578125 2.3426340786008 16.8285315255737
0.07609375 2.32542636930408 16.7594205131486
0.07640625 2.30840840380897 16.6908748259781
0.07671875 2.29157739056955 16.6228875558112
0.07703125 2.274930589406 16.5554519064976
0.07734375 2.25846531036986 16.4885611917237
0.07765625 2.24217891263874 16.4222088328033
0.07796875 2.22606880343914 16.3563883565196
0.07828125 2.21013243699693 16.2910933930203
0.07859375 2.19436731351481 16.2263176737638
0.07890625 2.17877097817529 16.1620550295113
0.07921875 2.16334102016928 16.0982993883691
0.07953125 2.14807507174903 16.0350447738766
0.07984375 2.1329708073047 15.9722853031372
0.08015625 2.1180259424644 15.9100151849962
0.08046875 2.10323823321623 15.8482287182582
0.08078125 2.08860547505254 15.7869202899479
0.08109375 2.0741255021349 15.7260843736088
0.08140625 2.05979618648029 15.665715527645
0.08171875 2.04561543716649 15.6058083936959
0.08203125 2.03158119955776 15.5463576950534
0.08234375 2.01769145454869 15.48735823511
0.08265625 2.00394421782689 15.4288048958469
0.08296875 1.99033753915335 15.3706926363523
0.08328125 1.97686950166014 15.3130164913752
0.08359375 1.96353822116515 15.255771569912
0.08390625 1.95034184550308 15.1989530538228
0.08421875 1.93727855387253 15.1425561964802
0.08453125 1.92434655619853 15.0865763214471
0.08484375 1.9115440925102 15.0310088211837
0.08515625 1.89886943233329 14.9758491557849
0.08546875 1.88632087409675 14.9210928517419
0.08578125 1.87389674455335 14.8667355007338
0.08609375 1.86159539821391 14.8127727584443
0.08640625 1.84941521679469 14.7592003434045
0.08671875 1.83735460867758 14.7060140358608
0.08703125 1.82541200838267 14.6532096766655
0.08734375 1.81358587605327 14.6007831661945
0.08765625 1.80187469695253 14.5487304632847
0.08796875 1.79027698097171 14.4970475841967
0.08828125 1.77879126214959 14.4457306015977
0.08859375 1.767416098203 14.3947756435674
0.08890625 1.7561500700677 14.3441788926233
0.08921875 1.74499178145 14.2939365847682
0.08953125 1.73393985838818 14.244045008556
0.08984375 1.72299294882394 14.1945005041784
0.09015625 1.71214972218336 14.1452994625696
0.09046875 1.70140886896727 14.0964383245296
0.09078125 1.69076910035068 14.0479135798668
0.09109375 1.68022914779116 13.9997217665568
0.09140625 1.66978776264575 13.951859469919
0.09171875 1.65944371579647 13.9043233218103
0.09203125 1.6491957972839 13.8571099998347
0.09234375 1.63904281594892 13.8102162265696
0.09265625 1.62898359908212 13.7636387688071
0.09296875 1.61901699208098 13.7173744368112
0.09328125 1.60914185811439 13.671420083589
0.09359375 1.5993570777944 13.6257726041781
0.09390625 1.58966154885516 13.5804289349462
0.09421875 1.58005418583861 13.5353860529065
0.09453125 1.57053391978704 13.4906409750457
0.09484375 1.56109969794206 13.446190757665
0.09515625 1.5517504834501 13.402032495735
0.09546875 1.54248525507411 13.3581633222629
0.09578125 1.53330300691134 13.3145804076715
0.09609375 1.52420274811708 13.2712809591913
0.09640625 1.51518350263422 13.2282622202636
0.09671875 1.50624430892846 13.1855214699558
0.09703125 1.49738421972906 13.1430560223875
0.09734375 1.48860230177496 13.1008632261679
0.09765625 1.47989763556623 13.0589404638442
0.09796875 1.47126931512059 13.0172851513599
0.09828125 1.46271644773499 12.9758947375241
0.09859375 1.45423815375214 12.9347667034907
0.09890625 1.44583356633173 12.8938985622475
0.09921875 1.43750183122642 12.8532878581144
0.09953125 1.42924210656234 12.8129321662522
0.09984375 1.42105356262405 12.7728290921794
