0.00125 2422.17793023229 1950.90322016128
0.0025 4034.79714486664 3826.8343236509
0.00375 5664.78056106296 5555.70233019602
0.005 7123.65441838159 7071.06781186548
0.00625 8329.11399404817 8314.69612302545
0.0075 9225.56594681279 9238.79532511287
0.00875 9774.28402307213 9807.8528040323
0.01 9951.84726672201 10000
0.01125 9750.00187009411 9807.8528040323
0.0125 9175.55323255681 9238.79532511287
0.01375 8249.90613151326 8314.69612302545
0.015 7008.14011071537 7071.06781186548
0.01625 5497.60461507552 5555.70233019602
0.0175 3776.06563119321 3826.83432365089
0.01875 1909.46449843261 1950.90322016128
0.02 474.770523471459 1.22464679914735e-12
0.02125 1.29867419231224e-10 0
0.0225 -9.9546519695343e-11 0
0.02375 1.26971728280348e-10 0
0.025 -4.06752753685178e-11 0
0.02625 -1.95498966681723e-11 0
0.0275 2.93370084443035e-11 0
0.02875 -2.72206155956492e-11 0
0.03 -1.44975025015097e-10 0
0.03125 -7.04857113650229e-11 0
0.0325 -8.25937922557716e-11 0
0.03375 1.05601076043717e-10 0
0.035 2.24656197031245e-11 0
0.03625 1.5553020387442e-12 0
0.0375 6.21230446958168e-11 0
0.03875 -5.04033663438497e-12 0
0.04 -2.45937482025954e-12 0
0.04125 -1.66111349991137e-11 0
0.0425 -2.35710306768116e-11 0
0.04375 -3.73436439798284e-11 0
0.045 -6.76585010097693e-11 0
0.04625 -3.84077154464919e-11 0
0.0475 1.86704354590724e-11 0
0.04875 -2.38367556812825e-11 0
0.05 5.98201057067755e-11 0
0.05125 1.23466945416531e-10 0
0.0525 -8.39118278621268e-11 0
0.05375 -1.9595502716556e-11 0
0.055 -5.63073647024231e-11 0
0.05625 8.27325133303572e-14 0
0.0575 -4.25806379207226e-12 0
0.05875 -7.39825608057196e-11 0
0.06 -4.60898504045211e-11 0
0.06125 7.62991614452255e-11 0
0.0625 -8.27057351046754e-11 0
0.06375 3.54395788197634e-11 0
0.065 -4.49748632483562e-11 0
0.06625 2.3122723031796e-11 0
0.0675 6.00834825711593e-11 0
0.06875 -5.03955168150254e-11 0
0.07 2.84898652115876e-11 0
0.07125 -1.46934706510471e-11 0
0.0725 3.36924750493103e-11 0
0.07375 3.11020192905583e-11 0
0.075 3.03907820102057e-11 0
0.07625 7.52640750312163e-11 0
0.0775 -1.03143300352273e-11 0
0.07875 4.24528601035972e-11 0
0.08 1.0964951504471e-11 0
0.08125 2.04387954514536e-11 0
0.0825 1.82304509689237e-11 0
0.08375 -1.74377185721865e-12 0
0.085 1.5186421401258e-11 0
0.08625 -2.70050570666982e-12 0
0.0875 -1.04980583079397e-11 0
0.08875 6.83580826224559e-12 0
0.09 -4.20422248649495e-11 0
0.09125 -1.67008788754721e-11 0
0.0925 9.03688243175922e-12 0
0.09375 -4.15187658369902e-12 0
0.095 3.27227839573037e-12 0
0.09625 -1.4495935880262e-12 0
0.0975 3.17735532791992e-14 0
0.09875 5.82364894194496e-13 0
