0.000625 6.12607127059956e-09 6.12607127059956e-09
0.001875 3.0394934869599e-08 3.0394934869599e-08
0.003125 7.80000232496288e-08 7.80000232496288e-08
0.004375 1.47111899561481e-07 1.47111899561481e-07
0.005625 2.35074633156879e-07 2.35074633156879e-07
0.006875 3.38507865513823e-07 3.38507865513823e-07
0.008125 4.53436715518857e-07 4.53436715518857e-07
0.009375 5.7544453191913e-07 5.7544453191913e-07
0.010625 6.99842622753158e-07 6.99842622753158e-07
0.011875 8.21850439153434e-07 8.21850439153434e-07
0.013125 9.3677928915847e-07 9.3677928915847e-07
0.014375 1.04021252151541e-06 1.04021252151541e-06
0.015625 1.12817525511081e-06 1.12817525511081e-06
0.016875 1.19728713142266e-06 1.19728713142266e-06
0.018125 1.24489221980269e-06 1.24489221980269e-06
0.019375 1.26916108340169e-06 1.26916108340169e-06
0.0225 4.00090087740327e-07 1.27528715467229e-06
0.0275 3.57975341662398e-07 1.27528715467229e-06
0.0325 3.23882451980265e-07 1.27528715467229e-06
0.0375 2.9571876050372e-07 1.27528715467229e-06
0.0425 2.72061259663422e-07 1.27528715467229e-06
0.0475 2.51908573762428e-07 1.27528715467229e-06
0.0525 2.34535568675364e-07 1.27528715467229e-06
0.0575 2.1940424166405e-07 1.27528715467229e-06
0.0625 2.06107014896532e-07 1.27528715467229e-06
0.0675 1.94329471188158e-07 1.27528715467229e-06
0.0725 1.83825175448258e-07 1.27528715467229e-06
0.0775 1.74398243373988e-07 1.27528715467229e-06
0.0825 1.65891011989891e-07 1.27528715467229e-06
0.0875 1.58175150967105e-07 1.27528715467229e-06
0.0925 1.51145144257456e-07 1.27528715467229e-06
0.0975 1.44713435991181e-07 1.27528715467229e-06
