0 1.19742176748806
0.0025 1.19132519492506
0.005 1.16989924343452
0.0075 1.12064330528663
0.01 1.03625136275093
0.0125 0.916125114089644
0.015 0.766779679790193
0.0175 0.601062921045026
0.02 0.436298463758596
0.02125 0.410808706391781
0.0225 0.387492915538126
0.02375 0.366076726916184
0.025 0.34633114022358
0.02625 0.328063338836404
0.0275 0.311109686262196
0.02875 0.295330312654168
0.03 0.280604880509859
0.03125 0.266829236883802
0.0325 0.253912740415147
0.03375 0.241776107884221
0.035 0.230349664926684
0.03625 0.219571914177261
0.0375 0.209388354938703
0.03875 0.199750503792604
0.04 0.190615076966903
0.04125 0.181943303842111
0.0425 0.173700347479708
0.04375 0.165854813034046
0.045 0.15837832875238
0.04625 0.15124518725834
0.0475 0.144432037158425
0.04875 0.137917616861532
0.05 0.1316825239716
0.05125 0.12570901478862
0.0525 0.119980829398172
0.05375 0.114483038593565
0.055 0.109201909495543
0.05625 0.104124787241683
0.0575 0.0992399905337571
0.05875 0.0945367191744609
0.06 0.0900049720089559
0.06125 0.08563547392282
0.0625 0.0814196107451025
0.06375 0.0773493710702854
0.065 0.07341729415178
0.06625 0.0696164231367074
0.0675 0.065940263010854
0.06875 0.0623827427068773
0.07 0.0589381809005509
0.07125 0.055601255081093
0.0725 0.0523669735341058
0.07375 0.0492306499207393
0.075 0.0461878801755215
0.07625 0.0432345214788317
0.0775 0.0403666730890169
0.07875 0.0375806588443382
0.08 0.0348730111668352
0.08125 0.0322404564192874
0.0825 0.0296799014831277
0.08375 0.0271884214397547
0.085 0.0247632482504968
0.08625 0.0224017603417239
0.0875 0.0201014730115115
0.08875 0.0178600295829943
0.09 0.0156751932372673
0.09125 0.0135448394655229
0.0925 0.0114669490861736
0.09375 0.00943960177808582
0.095 0.00746097008584035
0.09625 0.00552931385719456
0.0975 0.00364297507672814
0.09875 0.00180037306305177
0.1 0
