0 1.18426944350353
0.0003125 1.18425746048179
0.000625 1.18421355160356
0.0009375 1.18410588332088
0.00125 1.18390280646457
0.0015625 1.18357294783856
0.001875 1.18308530110168
0.0021875 1.18240931670243
0.0025 1.1815149906341
0.0028125 1.18037295178113
0.003125 1.17895454763057
0.0034375 1.17723192812707
0.00375 1.17517812745406
0.0040625 1.17276714352938
0.004375 1.16997401500878
0.0046875 1.16677489559764
0.005 1.16314712547732
0.0053125 1.15906929966022
0.005625 1.15452133309509
0.0059375 1.1494845223524
0.00625 1.14394160372793
0.0065625 1.13787680761202
0.006875 1.13127590898086
0.0071875 1.12412627387641
0.0075 1.11641690175106
0.0078125 1.10813846356389
0.008125 1.09928333552591
0.0084375 1.08984562840244
0.00875 1.07982121229228
0.0090625 1.06920773681414
0.009375 1.05800464664287
0.0096875 1.04621319234942
0.01 1.03383643651013
0.0103125 1.02087925506331
0.010625 1.00734833390241
0.0109375 0.993252160707639
0.01125 0.978601012029466
0.0115625 0.963406935649582
0.011875 0.947683728256837
0.0121875 0.93144690848737
0.0125 0.914713685389938
0.0128125 0.897502922389001
0.013125 0.879835096829474
0.0134375 0.861732255198303
0.01375 0.843217964128938
0.0140625 0.824317257305496
0.014375 0.805056578393844
0.0146875 0.785463720136924
0.015 0.765567759761453
0.0153125 0.745398990852528
0.015625 0.724988851861725
0.0159375 0.704369851422928
0.01625 0.683575490658322
0.0165625 0.662640182664771
0.016875 0.641599169378091
0.0171875 0.620488436019563
0.0175 0.599344623335345
0.0178125 0.578204937845246
0.018125 0.557107060322593
0.0184375 0.536089052731674
0.01875 0.515189263853372
0.0190625 0.494446233833245
0.019375 0.473898597889326
0.0196875 0.45358498941934
0.02 0.433543942748923
0.02125 0.40821511208259
0.0225 0.385046522837693
0.02375 0.363765542900645
0.025 0.344144617736585
0.02625 0.325992148047549
0.0275 0.30914553044157
0.02875 0.293465778124316
0.03 0.278833313330542
0.03125 0.265144640672622
0.0325 0.252309691043687
0.03375 0.240249681769706
0.035 0.228895378367557
0.03625 0.218185671728629
0.0375 0.208066405239658
0.03875 0.198489401576819
0.04 0.189411650235251
0.04125 0.180794625369386
0.0425 0.172603709979776
0.04375 0.16480770742858
0.045 0.157378425084907
0.04625 0.150290317872998
0.0475 0.143520181825735
0.04875 0.137046889584667
0.05 0.130851161248564
0.05125 0.124915365140263
0.0525 0.119223344000474
0.05375 0.113760262876363
0.055 0.108512475589656
0.05625 0.103467407172971
0.0575 0.0986134500766351
0.05875 0.0939398722891699
0.06 0.0894367357968961
0.06125 0.0850948240427778
0.0625 0.0809055772404582
0.06375 0.0768610345635221
0.065 0.0729537823679606
0.06625 0.0691769077221989
0.0675 0.0655239566175607
0.06875 0.061988896315701
0.07 0.0585660813607912
0.07125 0.0552502228451194
0.0725 0.0520363605689122
0.07375 0.0489198377799898
0.075 0.0458962782174497
0.07625 0.0429615652168943
0.0775 0.0401118226635618
0.07875 0.0373433976047448
0.08 0.0346528443546441
0.08125 0.0320369099437777
0.0825 0.0294925207816326
0.08375 0.0270167704157505
0.085 0.0246069082831586
0.08625 0.0222603293612356
0.0875 0.0199745646349415
0.08875 0.0177472723060241
0.09 0.0155762296774812
0.09125 0.0134593256533517
0.0925 0.0113945537999225
0.09375 0.00938000591979036
0.095 0.00741386609496918
0.09625 0.00549440515947073
0.0975 0.00361997556556756
0.09875 0.00178900661132351
0.1 0
