0 1.1848913642894
0.000625 1.18479552898798
0.00125 1.18444505582911
0.001875 1.18358825149516
0.0025 1.18197928135896
0.003125 1.17938102315957
0.00375 1.17556783072175
0.004375 1.17032817913607
0.005 1.16346716400125
0.005625 1.1548088287888
0.00625 1.14419829610805
0.006875 1.1315036806108
0.0075 1.11661776345911
0.008125 1.09945941066616
0.00875 1.07997472018471
0.009375 1.05813788533552
0.01 1.03395176501218
0.010625 1.00744815404099
0.01125 0.978687750086033
0.011875 0.947759816540333
0.0125 0.91478154390411
0.013125 0.879897115190301
0.01375 0.843276483885415
0.014375 0.805113875901257
0.015 0.765626029750854
0.015625 0.725050191842591
0.01625 0.683641886283495
0.016875 0.64167248089101
0.0175 0.599426573209499
0.018125 0.557199222192044
0.01875 0.515293052821313
0.019375 0.474015262288938
0.02 0.43367455741755
0.02125 0.408338095882698
0.0225 0.385162526589625
0.02375 0.363875135288311
0.025 0.344248298888074
0.02625 0.32609036036744
0.0275 0.309238667346585
0.02875 0.293554191158344
0.03 0.278917318012032
0.03125 0.265224521339758
0.0325 0.252385704899348
0.03375 0.240322062281755
0.035 0.228964338145443
0.03625 0.218251404971333
0.0375 0.208129089830291
0.03875 0.198549200884009
0.04 0.189468714669764
0.04125 0.180849093735227
0.0425 0.172655710651818
0.04375 0.164857359383019
0.045 0.157425838804289
0.04625 0.150335596143851
0.0475 0.143563420443882
0.04875 0.137088177980846
0.05 0.130890583045021
0.05125 0.124952998647309
0.0525 0.119259262660692
0.05375 0.113794535662979
0.055 0.108545167364684
0.05625 0.103498579009938
0.0575 0.0986431595520397
0.05875 0.0939681737462542
0.06 0.0894636805848572
0.06125 0.0851204607341215
0.0625 0.0809299518288662
0.06375 0.0768841906443017
0.065 0.0729757613028954
0.06625 0.0691977487903993
0.0675 0.0655436971537252
0.06875 0.0620075718370321
0.07 0.0585837256836739
0.07125 0.0552668681925384
0.0725 0.0520520376694827
0.07375 0.048934575959378
0.075 0.0459101054828765
0.07625 0.0429745083353447
0.0775 0.040123907234256
0.07875 0.0373546481263704
0.08 0.0346632842877998
0.08125 0.0320465617690335
0.0825 0.0295014060535717
0.08375 0.0270249098133231
0.085 0.0246143216566473
0.08625 0.0222670357761023
0.0875 0.0199805824128032
0.08875 0.0177526190629793
0.09 0.015580922359992
0.09125 0.0134633805718659
0.0925 0.0113979866604055
0.09375 0.00938283185332126
0.095 0.00741609968554156
0.09625 0.00549606047012887
0.0975 0.00362106616299566
0.09875 0.00178954558899721
0.1 0
