0.000625 0.612607127059839 0.612607127059839
0.001875 2.22268398421352 2.22268398421352
0.003125 5.36840753539476 5.36840753539476
0.004375 9.90398455499228 9.90398455499228
0.005625 15.6182706743069 15.6182706743069
0.006875 22.243487363124 22.243487363124
0.008125 29.4662961689658 29.4662961689658
0.009375 36.9407880400212 36.9407880400212
0.010625 44.3028685843975 44.3028685843975
0.011875 51.1854635795724 51.1854635795724
0.013125 57.2339351821808 57.2339351821808
0.014375 62.1210894540178 62.1210894540178
0.015625 65.5611704305549 65.5611704305549
0.016875 67.3222744723639 67.3222744723639
0.018125 67.2366795808824 67.2366795808824
0.019375 65.2086653721552 65.2086653721552
0.020625 20.2936137744278 61.8321044689597
0.021875 18.562815158272 58.2988413564479
0.023125 17.0504510560704 55.1475526344776
0.024375 15.7204050365286 52.3194730121968
0.025625 14.5438695443193 49.7673035969677
0.026875 13.4976128825264 47.452545290132
0.028125 12.5627132889315 45.3435432772372
0.029375 11.7236201309312 43.4140307973548
0.030625 10.9674481093846 41.6420295403197
0.031875 10.283440006177 40.0090087740326
0.033125 9.66255306240784 38.4992348580312
0.034375 9.09713720922622 37.0992626813757
0.035625 8.58068234696383 35.7975341662397
0.036875 8.1076180938997 34.5840584317909
0.038125 7.67315380683018 33.4501548766503
0.039375 7.27314979885507 32.3882451980265
0.040625 6.90401293356822 31.391683807318
0.041875 6.56261141959107 30.4546186190398
0.043125 6.24620484232279 29.571876050372
0.044375 5.95238637305449 28.7388654574037
0.045625 5.67903477444844 27.9514992804884
0.046875 5.4242743359685 27.206125966342
0.048125 5.18644126607259 26.4994733438397
0.049375 4.96405537075462 25.8286006009576
0.050625 4.75579608283048 25.1908573762427
0.051875 4.56048208969593 24.5838487647671
0.053125 4.37705395134715 24.0054052644195
0.054375 4.20455921434825 23.4535568675363
0.055625 4.0421396179912 22.9265106457939
0.056875 3.88902006130146 22.4226312909412
0.058125 3.7444990577331 21.9404241664049
0.059375 3.6079404514005 21.4785204997436
0.060625 3.47876620683665 21.0356644069653
0.061875 3.35645011536334 20.610701489653
0.063125 3.24051228661855 20.2025687868875
0.064375 3.13051431471751 19.8102858978218
0.065625 3.02605502580097 19.4329471188156
0.066875 2.92676672804054 19.0697144623892
0.068125 2.8323118970751 18.7198114447307
0.069375 2.7423802397875 18.3825175448256
0.070625 2.65668608765011 18.0571632519969
0.071875 2.57496607785549 17.743125630223
0.073125 2.49697708633896 17.4398243373987
0.074375 2.4224943817768 17.1467180460139
0.075625 2.35130997386417 16.8633012188071
0.076875 2.2832311327641 16.5891011989892
0.078125 2.21807905967631 16.3236755798053
0.079375 2.15568769108838 16.0666098226431
0.080625 2.09590262151031 15.8175150967107
0.081875 2.03858013141703 15.5760263166082
0.083125 1.98358630877867 15.34180035696
0.084375 1.93079625398749 15.1145144257458
0.085625 1.8800933592255 14.8938645801145
0.086875 1.83136865438798 14.6795643703287
0.088125 1.78452021260804 14.4713435991183
0.089375 1.73945260923668 14.2689471851446
0.090625 1.6960764288388 14.0721341205219
0.091875 1.65430781538204 13.8806765134399
0.093125 1.61406806133515 13.6943587078904
0.094375 1.5752832318658 13.5129764733488
0.095625 1.5378838207436 13.3363362580109
0.096875 1.50180443491971 13.1642544998431
0.098125 1.46698350507693 12.9965569902909
0.099375 1.43336301972892 12.8330782860105
