0 3.13831754682284
7.8125e-05 3.1383173595705
0.00015625 3.138316423337
0.000234375 3.13831398925399
0.0003125 3.13830930867866
0.000390625 3.13830163330653
0.00046875 3.13829021528415
0.000546875 3.13827430732165
0.000625 3.13825316280537
0.000703125 3.13822603591022
0.00078125 3.13819218171208
0.000859375 3.1381508562999
0.0009375 3.13810131688777
0.001015625 3.1380428219268
0.00109375 3.13797463121675
0.001171875 3.13789600601753
0.00125 3.13780620916047
0.001328125 3.13770450515926
0.00140625 3.13759016032082
0.001484375 3.13746244285569
0.0015625 3.13732062298829
0.001640625 3.13716397306683
0.00171875 3.13699176767284
0.001796875 3.13680328373048
0.001875 3.13659780061536
0.001953125 3.13637460026313
0.00203125 3.1361329672776
0.002109375 3.13587218903844
0.0021875 3.13559155580854
0.002265625 3.13529036084088
0.00234375 3.13496790048494
0.002421875 3.13462347429273
0.0025 3.1342563851242
0.002578125 3.13386593925227
0.00265625 3.1334514464673
0.002734375 3.13301222018103
0.0028125 3.13254757752994
0.002890625 3.13205683947818
0.00296875 3.13153933091971
0.003046875 3.13099438078008
0.003125 3.13042132211742
0.003203125 3.12981949222288
0.00328125 3.12918823272049
0.003359375 3.12852688966625
0.0034375 3.12783481364662
0.003515625 3.12711135987637
0.00359375 3.1263558882956
0.003671875 3.12556776366621
0.00375 3.1247463556675
0.003828125 3.12389103899115
0.00390625 3.12300119343534
0.003984375 3.12207620399818
0.0040625 3.12111546097032
0.004140625 3.12011836002678
0.00421875 3.11908430231792
0.004296875 3.11801269455969
0.004375 3.11690294912291
0.004453125 3.11575448412181
0.00453125 3.11456672350163
0.004609375 3.11333909712539
0.0046875 3.11207104085977
0.004765625 3.11076199666
0.00484375 3.10941141265399
0.004921875 3.10801874322534
0.005 3.1065834490956
0.005078125 3.10510499740544
0.00515625 3.10358286179487
0.005234375 3.10201652248256
0.0053125 3.10040546634411
0.005390625 3.09874918698927
0.00546875 3.09704718483828
0.005546875 3.09529896719704
0.005625 3.09350404833134
0.005703125 3.09166194954
0.00578125 3.08977219922697
0.005859375 3.08783433297233
0.0059375 3.08584789360226
0.006015625 3.08381243125787
0.00609375 3.08172750346294
0.006171875 3.07959267519057
0.00625 3.0774075189287
0.006328125 3.07517161474445
0.00640625 3.07288455034742
0.006484375 3.07054592115174
0.0065625 3.068155330337
0.006640625 3.06571238890804
0.00671875 3.06321671575348
0.006796875 3.06066793770318
0.006875 3.05806568958437
0.006953125 3.05540961427669
0.00703125 3.05269936276595
0.007109375 3.04993459419672
0.0071875 3.0471149759236
0.007265625 3.04424018356138
0.00734375 3.04130990103387
0.007421875 3.03832382062147
0.0075 3.03528164300755
0.007578125 3.03218307732352
0.00765625 3.02902784119261
0.007734375 3.02581566077243
0.0078125 3.02254627079617
0.007890625 3.01921941461258
0.00796875 3.01583484422461
0.008046875 3.01239232032675
0.008125 3.00889161234109
0.008203125 3.005332498452
0.00828125 3.00171476563961
0.008359375 2.99803820971179
0.0084375 2.99430263533501
0.008515625 2.99050785606365
0.00859375 2.98665369436816
0.008671875 2.98273998166177
0.00875 2.97876655832585
0.008828125 2.97473327373399
0.00890625 2.97063998627465
0.008984375 2.96648656337251
0.0090625 2.96227288150842
0.009140625 2.95799882623803
0.00921875 2.95366429220897
0.009296875 2.94926918317677
0.009375 2.94481341201933
0.009453125 2.94029690075003
0.00953125 2.93571958052951
0.009609375 2.93108139167599
0.0096875 2.92638228367431
0.009765625 2.92162221518348
0.00984375 2.91680115404295
0.009921875 2.91191907727744
0.01 2.90697597110041
0.010078125 2.90197183091609
0.01015625 2.89690666132024
0.010234375 2.89178047609941
0.0103125 2.88659329822888
0.010390625 2.88134515986921
0.01046875 2.87603610236137
0.010546875 2.87066617622054
0.010625 2.86523544112848
0.010703125 2.85974396592457
0.01078125 2.85419182859541
0.010859375 2.84857911626312
0.0109375 2.84290592517215
0.011015625 2.83717236067488
0.01109375 2.83137853721567
0.011171875 2.82552457831365
0.01125 2.81961061654416
0.011328125 2.81363679351873
0.01140625 2.80760325986376
0.011484375 2.80151017519789
0.0115625 2.79535770810789
0.011640625 2.78914603612332
0.01171875 2.78287534568978
0.011796875 2.77654583214083
0.011875 2.77015769966855
0.011953125 2.76371116129286
0.01203125 2.75720643882936
0.012109375 2.75064376285598
0.0121875 2.74402337267821
0.012265625 2.73734551629312
0.01234375 2.73061045035194
0.012421875 2.72381844012149
0.0125 2.71696975944417
0.012578125 2.71006469069673
0.01265625 2.70310352474777
0.012734375 2.69608656091393
0.0128125 2.6890141069148
0.012890625 2.68188647882656
0.01296875 2.67470400103444
0.013046875 2.66746700618382
0.013125 2.66017583513014
0.013203125 2.6528308368876
0.01328125 2.64543236857655
0.013359375 2.63798079536974
0.0134375 2.63047649043735
0.013515625 2.62291983489073
0.01359375 2.61531121772506
0.013671875 2.60765103576073
0.01375 2.59993969358363
0.013828125 2.59217760348415
0.01390625 2.58436518539516
0.013984375 2.57650286682873
0.0140625 2.56859108281177
0.014140625 2.56063027582048
0.01421875 2.55262089571376
0.014296875 2.54456339966544
0.014375 2.53645825209542
0.014453125 2.52830592459977
0.01453125 2.52010689587966
0.014609375 2.51186165166929
0.0146875 2.50357068466277
0.014765625 2.49523449443987
0.01484375 2.48685358739082
0.014921875 2.47842847664003
0.015 2.46995968196884
0.015078125 2.46144772973722
0.01515625 2.45289315280451
0.015234375 2.44429649044918
0.0153125 2.43565828828759
0.015390625 2.42697909819186
0.01546875 2.41825947820673
0.015546875 2.40949999246556
0.015625 2.40070121110531
0.015703125 2.39186371018073
0.01578125 2.38298807157761
0.015859375 2.3740748829251
0.0159375 2.36512473750729
0.016015625 2.35613823417379
0.01609375 2.3471159772496
0.016171875 2.33805857644405
0.01625 2.32896664675905
0.016328125 2.3198408083964
0.01640625 2.31068168666444
0.016484375 2.30148991188385
0.0165625 2.29226611929275
0.016640625 2.28301094895102
0.01671875 2.2737250456439
0.016796875 2.26440905878494
0.016875 2.25506364231812
0.016953125 2.24568945461943
0.01703125 2.23628715839771
0.017109375 2.22685742059481
0.0171875 2.21740091228523
0.017265625 2.20791830857495
0.01734375 2.19841028849987
0.017421875 2.18887753492349
0.0175 2.17932073443406
0.017578125 2.16974057724124
0.01765625 2.16013775707209
0.017734375 2.15051297106667
0.0178125 2.14086691967298
0.017890625 2.13120030654152
0.01796875 2.12151383841933
0.018046875 2.1118082250435
0.018125 2.10208417903437
0.018203125 2.09234241578813
0.01828125 2.08258365336915
0.018359375 2.07280861240178
0.0184375 2.06301801596189
0.018515625 2.05321258946792
0.01859375 2.0433930605717
0.018671875 2.03356015904879
0.01875 2.02371461668864
0.018828125 2.01385716718435
0.01890625 2.0039885460222
0.018984375 1.9941094903709
0.0190625 1.98422073897052
0.019140625 1.97432303202129
0.01921875 1.96441711107212
0.019296875 1.9545037189089
0.019375 1.94458359944269
0.019453125 1.93465749759762
0.01953125 1.92472615919876
0.019609375 1.91479033085979
0.0196875 1.90485075987056
0.019765625 1.89490819408453
0.01984375 1.88496338180619
0.019921875 1.87501707167833
0.02 1.86507001256932
0.0203125 1.85185862440586
0.020625 1.83874925468381
0.0209375 1.82574033990217
0.02125 1.81283035222913
0.0215625 1.80001779842532
0.021875 1.78730121880731
0.0221875 1.77467918624965
0.0225 1.76215030522378
0.0228125 1.7497132108721
0.023125 1.7373665681157
0.0234375 1.72510907079437
0.02375 1.71293944083735
0.0240625 1.70085642746365
0.024375 1.68885880641061
0.0246875 1.67694537918953
0.025 1.66511497236719
0.0253125 1.65336643687235
0.025625 1.64169864732593
0.0259375 1.63011050139416
0.02625 1.61860091916361
0.0265625 1.60716884253732
0.026875 1.595813234651
0.0271875 1.58453307930878
0.0275 1.57332738043746
0.0278125 1.56219516155874
0.028125 1.55113546527858
0.0284375 1.54014735279311
0.02875 1.52922990341044
0.0290625 1.51838221408773
0.029375 1.50760339898294
0.0296875 1.49689258902076
0.03 1.48624893147215
0.0303125 1.47567158954688
0.030625 1.46515974199887
0.0309375 1.45471258274345
0.03125 1.44432932048654
0.0315625 1.43400917836493
0.031875 1.42375139359753
0.0321875 1.41355521714706
0.0325 1.4034199133918
0.0328125 1.39334475980721
0.033125 1.38332904665674
0.0334375 1.3733720766919
0.03375 1.36347316486097
0.0340625 1.35363163802616
0.034375 1.34384683468896
0.0346875 1.33411810472331
0.035 1.32444480911645
0.0353125 1.31482631971699
0.035625 1.3052620189902
0.0359375 1.29575129978009
0.03625 1.28629356507811
0.0365625 1.27688822779831
0.036875 1.26753471055861
0.0371875 1.25823244546817
0.0375 1.24898087392046
0.0378125 1.23977944639198
0.038125 1.23062762224641
0.0384375 1.22152486954397
0.03875 1.21247066485594
0.0390625 1.20346449308403
0.039375 1.19450584728454
0.0396875 1.18559422849711
0.04 1.17672914557802
0.0403125 1.16791011503774
0.040625 1.15913666088267
0.0409375 1.15040831446106
0.04125 1.14172461431269
0.0415625 1.13308510602259
0.041875 1.12448934207826
0.0421875 1.11593688173063
0.0425 1.10742729085843
0.0428125 1.09896014183596
0.043125 1.09053501340417
0.0434375 1.08215149054489
0.04375 1.07380916435814
0.0440625 1.06550763194246
0.044375 1.05724649627821
0.0446875 1.04902536611354
0.045 1.04084385585327
0.0453125 1.03270158545037
0.045625 1.02459818029999
0.0459375 1.01653327113607
0.04625 1.00850649393037
0.0465625 1.00051748979388
0.046875 0.992565904880509
0.0471875 0.984651390293074
0.0475 0.976773601991428
0.0478125 0.968932200702722
0.048125 0.961126851833734
0.0484375 0.953357225385199
0.04875 0.945622995868093
0.0490625 0.937923842221813
0.049375 0.930259447734206
0.0496875 0.922629499963398
0.05 0.915033690661363
0.0503125 0.907471715699203
0.050625 0.899943274994082
0.0509375 0.89244807243777
0.05125 0.88498581582676
0.0515625 0.877556216793916
0.051875 0.870158990741607
0.0521875 0.862793856776293
0.0525 0.855460537644523
0.0528125 0.848158759670309
0.053125 0.840888252693843
0.0534375 0.833648750011521
0.05375 0.826439988317234
0.0540625 0.81926170764491
0.054375 0.812113651312259
0.0546875 0.804995565865699
0.055 0.797907201026432
0.0553125 0.790848309637641
0.055625 0.783818647612778
0.0559375 0.776817973884925
0.05625 0.769846050357186
0.0565625 0.762902641854101
0.056875 0.755987516074043
0.0571875 0.749100443542586
0.0575 0.742241197566811
0.0578125 0.735409554190536
0.058125 0.728605292150439
0.0584375 0.721828192833057
0.05875 0.715078040232642
0.0590625 0.708354620909853
0.059375 0.701657723951256
0.0596875 0.694987140929628
0.06 0.688342665865032
0.0603125 0.681724095186653
0.060625 0.675131227695375
0.0609375 0.66856386452708
0.06125 0.66202180911666
0.0615625 0.655504867162709
0.061875 0.649012846592904
0.0621875 0.642545557530031
0.0625 0.636102812258669
0.0628125 0.629684425192491
0.063125 0.623290212842194
0.0634375 0.616919993784017
0.06375 0.610573588628862
0.0640625 0.604250819991976
0.064375 0.597951512463204
0.0646875 0.591675492577792
0.065 0.585422588787722
0.0653125 0.579192631433579
0.065625 0.572985452716928
0.0659375 0.566800886673198
0.06625 0.560638769145053
0.0665625 0.55449893775625
0.066875 0.548381231885966
0.0671875 0.542285492643582
0.0675 0.536211562843926
0.0678125 0.530159286982949
0.068125 0.524128511213841
0.0684375 0.518119083323562
0.06875 0.512130852709792
0.0690625 0.506163670358285
0.069375 0.500217388820618
0.0696875 0.494291862192332
0.07 0.48838694609145
0.0703125 0.482502497637363
0.070625 0.476638375430096
0.0709375 0.470794439529911
0.07125 0.464970551437274
0.0715625 0.459166574073158
0.071875 0.453382371759687
0.0721875 0.4476178102011
0.0725 0.441872756465046
0.0728125 0.436147078964191
0.073125 0.430440647438128
0.0734375 0.424753332935603
0.07375 0.419085007797026
0.0740625 0.41343554563728
0.074375 0.40780482132881
0.0746875 0.402192710984996
0.075 0.396599091943798
0.0753125 0.391023842751667
0.075625 0.385466843147727
0.0759375 0.379927974048205
0.07625 0.37440711753112
0.0765625 0.368904156821221
0.076875 0.363418976275168
0.0771875 0.357951461366943
0.0775 0.352501498673513
0.0778125 0.347068975860701
0.078125 0.341653781669302
0.0784375 0.336255805901405
0.07875 0.33087493940694
0.0790625 0.325511074070436
0.079375 0.320164102797984
0.0796875 0.314833919504409
0.08 0.309520419100642
0.0803125 0.304223497481286
0.080625 0.298943051512379
0.0809375 0.293678979019344
0.08125 0.288431178775129
0.0815625 0.283199550488524
0.081875 0.27798399479266
0.0821875 0.272784413233691
0.0825 0.267600708259634
0.0828125 0.262432783209395
0.083125 0.257280542301949
0.0834375 0.25214389062569
0.08375 0.247022734127942
0.0840625 0.241916979604623
0.084375 0.23682653469007
0.0846875 0.23175130784701
0.085 0.226691208356687
0.0853125 0.221646146309128
0.085625 0.216616032593562
0.0859375 0.211600778888973
0.08625 0.206600297654795
0.0865625 0.201614502121745
0.086875 0.196643306282789
0.0871875 0.191686624884239
0.0875 0.18674437341698
0.0878125 0.181816468107826
0.088125 0.176902825911
0.0884375 0.172003364499734
0.08875 0.167118002257998
0.0890625 0.162246658272335
0.089375 0.157389252323827
0.0896875 0.152545704880165
0.09 0.147715937087837
0.0903125 0.142899870764423
0.090625 0.138097428391004
0.0909375 0.133308533104675
0.09125 0.128533108691164
0.0915625 0.123771079577549
0.091875 0.119022370825092
0.0921875 0.114286908122153
0.0925 0.10956461777722
0.0928125 0.104855426712023
0.093125 0.100159262454752
0.0934375 0.0954760531333635
0.09375 0.0908057274689798
0.0940625 0.0861482147693818
0.094375 0.0815034449225871
0.0946875 0.0768713483905176
0.095 0.072251856202753
0.0953125 0.0676448999503691
0.095625 0.063050411779859
0.0959375 0.0584683243871371
0.09625 0.053898571011623
0.0965625 0.0493410854304056
0.096875 0.0447958019524847
0.0971875 0.0402626554130896
0.0975 0.0357415811680737
0.0978125 0.0312325150883832
0.098125 0.0267353935545991
0.0984375 0.0222501534515516
0.09875 0.0177767321630049
0.0990625 0.0133150675664124
0.099375 0.0088650980277401
0.0996875 0.00442676239635847
0.1 0
