0 1.18407518253685
7.8125e-05 1.18407499528451
0.00015625 1.1840743087208
0.000234375 1.18407262362458
0.0003125 1.18406944095517
0.000390625 1.18406426194252
0.00046875 1.1840565881774
0.000546875 1.18404592170143
0.000625 1.18403176509714
0.000703125 1.18401362157788
0.00078125 1.18399099507765
0.000859375 1.18396339034083
0.0009375 1.18393031301171
0.001015625 1.18389126972398
0.00109375 1.18384576818997
0.001171875 1.18379331728977
0.00125 1.18373342716012
0.001328125 1.18366560928314
0.00140625 1.18358937657484
0.001484375 1.18350424347331
0.0015625 1.18340972602682
0.001640625 1.18330534198152
0.00171875 1.18319061086896
0.001796875 1.18306505409323
0.001875 1.18292819501791
0.001953125 1.18277955905261
0.00203125 1.18261867373923
0.002109375 1.18244506883783
0.0021875 1.18225827641223
0.002265625 1.18205783091511
0.00234375 1.18184326927285
0.002421875 1.1816141309699
0.0025 1.18136995813272
0.002578125 1.1811102956134
0.00265625 1.18083469107266
0.002734375 1.18054269506259
0.0028125 1.18023386110881
0.002890625 1.17990774579216
0.00296875 1.1795639088299
0.003046875 1.17920191315647
0.003125 1.1788213250036
0.003203125 1.17842171398002
0.00328125 1.17800265315055
0.003359375 1.17756371911462
0.0034375 1.1771044920843
0.003515625 1.17662455596164
0.00359375 1.17612349841549
0.003671875 1.1756009109577
0.00375 1.17505638901865
0.003828125 1.17448953202223
0.00390625 1.17389994346009
0.003984375 1.17328723096527
0.0040625 1.1726510063852
0.004140625 1.17199088585393
0.00421875 1.17130648986373
0.004296875 1.17059744333599
0.004375 1.16986337569136
0.004453125 1.1691039209192
0.00453125 1.16831871764627
0.004609375 1.16750740920466
0.0046875 1.16666964369902
0.004765625 1.16580507407293
0.00484375 1.16491335817453
0.004921875 1.16399415882139
0.005 1.1630471438645
0.005078125 1.16207198625152
0.00515625 1.16106836408914
0.005234375 1.16003596070465
0.0053125 1.15897446470665
0.005390625 1.15788357004491
0.00546875 1.15676297606932
0.005546875 1.15561238758806
0.005625 1.15443151492478
0.005703125 1.15322007397495
0.00578125 1.15197778626132
0.005859375 1.15070437898837
0.0059375 1.14939958509599
0.006015625 1.14806314331207
0.00609375 1.14669479820428
0.006171875 1.14529430023085
0.00625 1.14386140579033
0.006328125 1.14239587727056
0.00640625 1.14089748309643
0.006484375 1.13936599777692
0.0065625 1.13780120195091
0.006640625 1.13620288243216
0.00671875 1.13457083225324
0.006796875 1.13290485070839
0.006875 1.13120474339549
0.006953125 1.12947032225685
0.00703125 1.1277014056191
0.007109375 1.12589781823198
0.0071875 1.12405939130608
0.007265625 1.12218596254957
0.00734375 1.12027737620382
0.007421875 1.11833348307801
0.0075 1.11635414058263
0.007578125 1.11433921276192
0.00765625 1.11228857032525
0.007734375 1.11020209067738
0.0078125 1.10807965794764
0.007890625 1.10592116301803
0.00796875 1.10372650355021
0.008046875 1.10149558401138
0.008125 1.09922831569907
0.008203125 1.09692461676474
0.00828125 1.09458441223641
0.008359375 1.09220763404003
0.0084375 1.08979422101975
0.008515625 1.08734411895715
0.00859375 1.08485728058923
0.008671875 1.0823336656253
0.00875 1.07977324076274
0.008828125 1.07717597970167
0.00890625 1.07454186315831
0.008984375 1.07187087887741
0.0090625 1.06916302164335
0.009140625 1.06641829329021
0.00921875 1.0636367027106
0.009296875 1.06081826586336
0.009375 1.05796300578017
0.009453125 1.0550709525709
0.00953125 1.05214214342785
0.009609375 1.04917662262882
0.0096875 1.04617444153903
0.009765625 1.04313565861188
0.00984375 1.04006033938849
0.009921875 1.03694855649617
0.01 1.03380038964566
0.010078125 1.0306159256272
0.01015625 1.02739525830549
0.010234375 1.02413848861343
0.0103125 1.02084572454475
0.010390625 1.01751708114542
0.01046875 1.01415268050396
0.010546875 1.01075265174053
0.010625 1.00731713099492
0.010703125 1.00384626141331
0.01078125 1.00034019313398
0.010859375 0.996799083271748
0.0109375 0.993223095901328
0.011015625 0.989612402039538
0.01109375 0.98596717962633
0.011171875 0.982287613504693
0.01125 0.978573895399411
0.011328125 0.974826223894686
0.01140625 0.971044804410617
0.011484375 0.967229849178552
0.0115625 0.963381577215313
0.011640625 0.959500214296286
0.01171875 0.9555859929274
0.011796875 0.951639152315983
0.011875 0.947659938340503
0.011953125 0.943648603519203
0.01203125 0.939605406977629
0.012109375 0.935530614415063
0.0121875 0.93142449806985
0.012265625 0.927287336683649
0.01234375 0.923119415464585
0.012421875 0.918921026049336
0.0125 0.914692466464131
0.012578125 0.910434041084691
0.01265625 0.906146060595105
0.012734375 0.901828841945646
0.0128125 0.897482708309538
0.012890625 0.893107989038687
0.01296875 0.888705019618363
0.013046875 0.884274141620861
0.013125 0.879815702658131
0.013203125 0.875330056333401
0.01328125 0.87081756219178
0.013359375 0.866278585669868
0.0134375 0.861713498044369
0.013515625 0.857122676379712
0.01359375 0.852506503474703
0.013671875 0.847865367808199
0.01375 0.843199663483822
0.013828125 0.838509790173716
0.01390625 0.833796153061365
0.013984375 0.829059162783467
0.0140625 0.824299235370881
0.014140625 0.819516792188657
0.01421875 0.814712259875153
0.014296875 0.809886070280254
0.014375 0.805038660402692
0.014453125 0.800170472326495
0.01453125 0.79528195315655
0.014609375 0.790373554953316
0.0146875 0.785445734666672
0.014765625 0.780498954068932
0.01484375 0.775533679687019
0.014921875 0.770550382733823
0.015 0.765549539038743
0.015078125 0.760531628977428
0.01515625 0.755497137400728
0.015234375 0.750446553562866
0.0153125 0.745380371048837
0.015390625 0.740299087701056
0.01546875 0.73520320554525
0.015546875 0.730093230715623
0.015625 0.724969673379293
0.015703125 0.719833047660019
0.01578125 0.71468387156122
0.015859375 0.709522666888318
0.0159375 0.704349959170391
0.016015625 0.699166277581169
0.01609375 0.693972154859375
0.016171875 0.688768127228423
0.01625 0.683554734315492
0.016328125 0.678332519069981
0.01640625 0.67310202768136
0.016484375 0.667863809496434
0.0165625 0.662618416936025
0.016640625 0.657366405411088
0.01671875 0.652108333238284
0.016796875 0.646844761555001
0.016875 0.641576254233854
0.016953125 0.636303377796678
0.01703125 0.63102670132801
0.017109375 0.625746796388095
0.0171875 0.620464236925412
0.017265625 0.615179599188743
0.01734375 0.609893461638796
0.017421875 0.604606404859398
0.0175 0.599319011468266
0.017578125 0.594031866027374
0.01765625 0.58874555495293
0.017734375 0.583460666424977
0.0178125 0.578177790296629
0.017890625 0.572897518002961
0.01796875 0.567620442469561
0.018046875 0.562347158020761
0.018125 0.557078260287569
0.018203125 0.551814346115298
0.01828125 0.546556013470926
0.018359375 0.541303861350189
0.0184375 0.536058489684425
0.018515625 0.530820499247186
0.01859375 0.525590491560626
0.018671875 0.520369068801687
0.01875 0.515156833708093
0.018828125 0.509954389484169
0.01890625 0.504762339706498
0.018984375 0.499581288229427
0.0190625 0.494411839090451
0.019140625 0.489254596415466
0.01921875 0.484110164323936
0.019296875 0.478979146833953
0.019375 0.473862147767241
0.019453125 0.468759770654095
0.01953125 0.463672618638273
0.019609375 0.458601294381864
0.0196875 0.453546399970146
0.019765625 0.448508536816436
0.01984375 0.443488305566962
0.019921875 0.438486306005768
0.02 0.433503136959659
0.02125 0.408176690279872
0.0225 0.385010281696442
0.02375 0.363731304756316
0.025 0.344112226342396
0.02625 0.325961465190327
0.0275 0.309116433212608
0.02875 0.293438156696549
0.03 0.278807069131738
0.03125 0.265119684871687
0.0325 0.252285943286962
0.03375 0.240227069118673
0.035 0.228873834400147
0.03625 0.218165135774454
0.0375 0.208046821725629
0.03875 0.198470719464366
0.04 0.189393822534016
0.04125 0.18077760871512
0.0425 0.172587464266432
0.04375 0.164792195486386
0.045 0.15736361239762
0.04625 0.150276172328717
0.0475 0.14350667349655
0.04875 0.137033990531205
0.05 0.130838845346105
0.05125 0.124903607923605
0.0525 0.119212122525161
0.05375 0.113749555594227
0.055 0.108502262236925
0.05625 0.10345766866945
0.0575 0.0986041684346474
0.05875 0.0939310305311513
0.06 0.0894283178806629
0.06125 0.085086814793622
0.0625 0.0808979622893316
0.06375 0.076853800290661
0.065 0.0729469158513843
0.06625 0.069170396690582
0.0675 0.0655177894070385
0.06875 0.0619830618302188
0.07 0.058560569035653
0.07125 0.0552450226134289
0.0725 0.0520314628306343
0.07375 0.0489152333733898
0.075 0.045891958392693
0.07625 0.0429575216116125
0.0775 0.0401080472802124
0.07875 0.0373398827896064
0.08 0.0346495827783083
0.08125 0.0320338945830103
0.0825 0.0294897449024903
0.08375 0.0270142275578495
0.085 0.0246045922450022
0.08625 0.0222582341865155
0.0875 0.0199726845997368
0.08875 0.0177456019068272
0.09 0.0155747636199883
0.09125 0.0134580588419582
0.0925 0.0113934813278723
0.09375 0.00937912305992972
0.095 0.00741316829106123
0.09625 0.00549388801803022
0.0975 0.00361963484817882
0.09875 0.00178883822740765
0.1 0
