0.00015625 0.0383456695672635 0.0383456695672635
0.00046875 0.140508410336082 0.140508410336082
0.00078125 0.344538504575098 0.344538504575098
0.00109375 0.649845940169769 0.649845940169769
0.00140625 1.0555476032458 1.0555476032458
0.00171875 1.56046955800164 1.56046955800164
0.00203125 2.1631500776131 2.1631500776131
0.00234375 2.861843418642 2.861843418642
0.00265625 3.65452432951017 3.65452432951017
0.00296875 4.53889328179073 4.53889328179073
0.00328125 5.51238241122363 5.51238241122363
0.00359375 6.57216215360492 6.57216215360492
0.00390625 7.71514855899369 7.71514855899369
0.00421875 8.93801126591569 8.93801126591569
0.00453125 10.2371821156453 10.2371821156453
0.00484375 11.6088643850247 11.6088643850247
0.00515625 13.0490426147318 13.0490426147318
0.00546875 14.5534930084047 14.5534930084047
0.00578125 16.117794376612 16.117794376612
0.00609375 17.7373395982883 17.7373395982883
0.00640625 19.4073475709381 19.4073475709381
0.00671875 21.1228756197066 21.1228756197066
0.00703125 22.8788323342293 22.8788323342293
0.00734375 24.6699908011188 24.6699908011188
0.00765625 26.4910021989351 26.4910021989351
0.00796875 28.336409721561 28.336409721561
0.00828125 30.200662795081 30.200662795081
0.00859375 32.0781315525124 32.0781315525124
0.00890625 33.9631215300642 33.9631215300642
0.00921875 35.8498885480465 35.8498885480465
0.00953125 37.7326537390609 37.7326537390609
0.00984375 39.6056186857187 39.6056186857187
0.01015625 41.4629806298393 41.4629806298393
0.01046875 43.2989477148794 43.2989477148794
0.01078125 45.1077542232522 45.1077542232522
0.01109375 46.8836757701531 46.8836757701531
0.01140625 48.6210444156285 48.6210444156285
0.01171875 50.3142636567841 50.3142636567841
0.01203125 51.9578232622965 51.9578232622965
0.01234375 53.5463139117795 53.5463139117795
0.01265625 55.0744416029996 55.0744416029996
0.01296875 56.537041790488 56.537041790488
0.01328125 57.9290932197459 57.9290932197459
0.01359375 59.2457314219672 59.2457314219672
0.01390625 60.4822618350138 60.4822618350138
0.01421875 61.6341725172884 61.6341725172884
0.01453125 62.6971464221437 62.6971464221437
0.01484375 63.6670732015048 63.6670732015048
0.01515625 64.5400605085594 64.5400605085594
0.01546875 65.3124447705697 65.3124447705697
0.01578125 65.9808014041516 65.9808014041516
0.01609375 66.541954446739 66.541954446739
0.01640625 66.9929855793633 66.9929855793633
0.01671875 67.3312425173769 67.3312425173769
0.01703125 67.5543467472895 67.5543467472895
0.01734375 67.6602005894964 67.6602005894964
0.01765625 67.6469935683194 67.6469935683194
0.01796875 67.513208072489 67.513208072489
0.01828125 67.25762429094 67.25762429094
0.01859375 66.8793244105675 66.8793244105675
0.01890625 66.3776960644045 66.3776960644045
0.01921875 65.752435020541 65.752435020541
0.01953125 65.0035471039557 65.0035471039557
0.01984375 64.1313493453348 64.1313493453348
0.02015625 20.9763332058888 63.1748160224228
0.02046875 20.4965774050173 62.210315014447
0.02078125 20.0336581331156 61.274821555584
0.02109375 19.5867729833784 60.3670464214281
0.02140625 19.1551680147322 59.4857756707504
0.02171875 18.7381342056652 58.6298652294445
0.02203125 18.3350042124719 57.7982359354094
0.02234375 17.945149401978 56.9898689992504
0.02265625 17.5679771321169 56.2038018406397
0.02296875 17.2029282566445 55.439124264577
0.02328125 16.849474832817 54.6949749455896
0.02359375 16.507118013123 53.9705381913436
0.02390625 16.1753861041303 53.2650409600854
0.02421875 15.8538327772684 52.5777501089877
0.02453125 15.5420354179212 51.9079698528226
0.02484375 15.2395936005716 51.2550394144224
0.02515625 14.9461276789719 50.618330850268
0.02546875 14.6612774813923 49.9972470361541
0.02578125 14.3847011019728 49.391219799352
0.02609375 14.1160737800645 48.7997081849885
0.02640625 13.8550868602174 48.2221968455222
0.02671875 13.6014468261632 47.6581945432357
0.02703125 13.3548744027594 47.1072327566085
0.02734375 13.1151037204129 46.5688643822473
0.02765625 12.8818815369991 46.042662524821
0.02796875 12.6549665127452 45.5282193681186
0.02828125 12.434128533943 45.0251451209575
0.02859375 12.2191480817193 44.5330670322036
0.02890625 12.0098156424296 44.051628469693
0.02921875 11.8059311565213 43.5804880582526
0.02953125 11.6073035029942 43.119318872451
0.02984375 11.413750016821 42.6678076800693
0.03015625 11.2250960369135 42.2256542326082
0.03046875 11.0411744824148 41.792570599453
0.03078125 10.8618254552894 41.3682805426062
0.03109375 10.6868958673321 40.9525189291123
0.03140625 10.5162390898833 40.5450311785736
0.03171875 10.3497146246616 40.1455727433162
0.03203125 10.187187794256 39.7539086189914
0.03234375 10.028529450932 39.3698128835415
0.03265625 9.87361570251002 38.993068262647
0.03296875 9.72232765416674 38.6234657198733
0.03328125 9.57455116510246 38.2608040699212
0.03359375 9.43017661909131 37.9048896134569
0.03390625 9.28909870800627 37.5555357921347
0.03421875 9.15121622748005 37.2125628625263
0.03453125 9.01643188392027 36.8757975877521
0.03484375 8.88465211215737 36.5450729457098
0.03515625 8.75578690305172 36.2202278528585
0.03546875 8.6297496404403 35.901106902613
0.03578125 8.50645694683845 35.5875601174374
0.03609375 8.38582853736174 35.2794427138226
0.03640625 8.26778708136535 34.9766148793698
0.03671875 8.15225807133091 34.6789415612475
0.03703125 8.03916969857106 34.3862922653723
0.03734375 7.92845273534022 34.0985408656624
0.03765625 7.82004042297668 33.8155654227937
0.03796875 7.71386836572141 33.537248011906
0.03828125 7.60987442988315 33.263474558747
0.03859375 7.50799864804161 32.9941346837766
0.03890625 7.40818312800116 32.7291215537864
0.03921875 7.31037196622317 32.4683317406084
0.03953125 7.21451116548772 32.2116650865331
0.03984375 7.12054855654403 31.9590245760511
0.04015625 7.02843372353215 31.7103162135923
0.04046875 6.93811793296515 31.465448906924
0.04078125 6.84955406607859 31.2243343559129
0.04109375 6.76269655436386 30.9868869463625
0.04140625 6.67750131811333 30.7530236486548
0.04171875 6.59392570781705 30.52266392095
0.04203125 6.51192844825914 30.2957296167056
0.04234375 6.431469585171 30.0721448962878
0.04265625 6.35251043430758 29.8518361424688
0.04296875 6.27501353282165 29.6347318796147
0.04328125 6.19894259281519 29.420762696369
0.04359375 6.12426245695818 29.2098611716638
0.04390625 6.0509390560691 29.0019618038937
0.04421875 5.97893936855707 28.7970009430893
0.04453125 5.90823138163179 28.5949167259445
0.04484375 5.83878405419549 28.3956490135679
0.04515625 5.77056728133023 28.199139331813
0.04546875 5.70355186030342 28.005330814068
0.04578125 5.63770945801823 27.8141681463946
0.04609375 5.57301257983669 27.6255975148936
0.04640625 5.50943453971025 27.4395665551975
0.04671875 5.44694943155486 27.2560243039913
0.04703125 5.38553210181218 27.0749211524699
0.04734375 5.32515812313763 26.8962088016287
0.04765625 5.26580376916614 26.7198402193235
0.04796875 5.20744599030234 26.5457695990022
0.04828125 5.15006239048912 26.3739523200439
0.04859375 5.09363120490827 26.2043449096257
0.04890625 5.03813127857047 26.0369050060497
0.04921875 4.98354204575522 25.8715913234714
0.04953125 4.92984351026067 25.7083636179609
0.04984375 4.87701622642716 25.5471826548391
0.05015625 4.82504128090078 25.3880101772396
0.05046875 4.77390027510216 25.2308088758329
0.05078125 4.72357530837124 25.0755423596739
0.05109375 4.67404896175649 24.9221751281157
0.05140625 4.62530428242172 24.7706725437507
0.05171875 4.57732476864163 24.6210008063263
0.05203125 4.5300943553638 24.4731269276099
0.05234375 4.48359740030928 24.3270187071468
0.05265625 4.43781867059099 24.1826447088845
0.05296875 4.39274332982742 24.0399742386258
0.05328125 4.34835692572939 23.8989773222705
0.05359375 4.30464537814204 23.759624684823
0.05390625 4.26159496752128 23.6218877301277
0.05421875 4.21919232382804 23.4857385213084
0.05453125 4.17742441582085 23.3511497618736
0.05484375 4.13627854073328 23.2180947774755
0.05515625 4.09574231431771 23.086547498283
0.05546875 4.05580366124254 22.9564824419548
0.05578125 4.01645080582718 22.8278746971818
0.05609375 3.97767226310219 22.7006999077824
0.05640625 3.93945683018062 22.5749342573241
0.05671875 3.90179357792868 22.4505544542537
0.05703125 3.86467184292401 22.327537717518
0.05734375 3.82808121968985 22.205861762654
0.05765625 3.79201155319437 22.0855047883313
0.05796875 3.75645293160436 21.9664454633271
0.05828125 3.7213956792848 21.848662913926
0.05859375 3.68683035003303 21.7321367117181
0.05890625 3.65274772053987 21.6168468617887
0.05921875 3.61913878406788 21.5027737912783
0.05953125 3.58599474433947 21.3898983383061
0.05984375 3.55330700962644 21.2782017412396
0.06015625 3.52106718703329 21.1676656282978
0.06046875 3.48926707696746 21.0582720074794
0.06078125 3.45789866778867 20.9500032567978
0.06109375 3.42695413063177 20.842842114819
0.06140625 3.39642581439579 20.7367716714868
0.06171875 3.36630624089347 20.631775359226
0.06203125 3.33658810015578 20.5278369443178
0.06234375 3.3072642458849 20.4249405185314
0.06265625 3.27832769105094 20.3230704910072
0.06296875 3.24977160362687 20.2222115803813
0.06328125 3.22158930245724 20.122348807145
0.06359375 3.19377425325471 20.0234674862258
0.06390625 3.16632006472126 19.9255532197889
0.06421875 3.13922048478945 19.8285918902521
0.06453125 3.11246939697774 19.7325696534956
0.06484375 3.08606081685823 19.6374729322736
0.06515625 3.05998888863179 19.5432884098163
0.06546875 3.03424788180666 19.4500030236122
0.06578125 3.00883218797696 19.3576039593674
0.06609375 2.98373631769837 19.2660786451383
0.06640625 2.95895489745734 19.1754147456318
0.06671875 2.9344826667296 19.0856001566593
0.06703125 2.91031447512657 18.996622999752
0.06734375 2.88644527962565 18.9084716169227
0.06765625 2.8628701418818 18.8211345655745
0.06796875 2.83958422561774 18.7346006135483
0.06828125 2.81658279409047 18.64885873431
0.06859375 2.79386120763045 18.5638981022633
0.06890625 2.77141492125232 18.4797080881942
0.06921875 2.74923948233436 18.3962782548389
0.06953125 2.72733052836411 18.31359835257
0.06984375 2.70568378474831 18.2316583151986
0.07015625 2.68429506268477 18.150448255888
0.07046875 2.66316025709483 18.0699584631786
0.07078125 2.64227534461372 17.9901793971161
0.07109375 2.62163638163688 17.9111016854801
0.07140625 2.60123950242162 17.8327161201169
0.07171875 2.58108091724065 17.7550136533625
0.07203125 2.56115691058747 17.6779853945627
0.07234375 2.54146383943052 17.6016226066809
0.07265625 2.52199813151608 17.5259167029965
0.07296875 2.50275628371652 17.4508592438828
0.07328125 2.48373486042468 17.3764419336742
0.07359375 2.46493049199086 17.3026566176077
0.07390625 2.44633987320246 17.2294952788439
0.07421875 2.42795976180461 17.1569500355646
0.07453125 2.40978697706007 17.0850131381407
0.07484375 2.39181839834801 17.0136769663739
0.07515625 2.37405096379968 16.9429340268047
0.07546875 2.35648166897047 16.8727769500893
0.07578125 2.33910756554676 16.8031984884394
0.07609375 2.3219257600871 16.7341915131277
0.07640625 2.30493341279592 16.6657490120517
0.07671875 2.28812773632951 16.597864087359
0.07703125 2.27150599463304 16.5305299531303
0.07734375 2.25506550180741 16.4637399331174
0.07765625 2.23880362100564 16.3974874585374
0.07796875 2.2227177633573 16.3317660659183
0.07828125 2.20680538692053 16.2665693949962
0.07859375 2.19106399566114 16.2018911866661
0.07890625 2.17549113845705 16.1377252809763
0.07921875 2.16008440812834 16.0740656151738
0.07953125 2.14484144049147 16.0109062217938
0.07984375 2.1297599134376 15.9482412267964
0.08015625 2.11483754603359 15.8860648477445
0.08046875 2.10007209764564 15.8243713920252
0.08078125 2.08546136708458 15.763155255112
0.08109375 2.07100319177251 15.7024109188689
0.08140625 2.05669544692961 15.6421329498905
0.08171875 2.04253604478141 15.5823159978832
0.08203125 2.02852293378505 15.5229547940817
0.08234375 2.01465409787464 15.4640441497018
0.08265625 2.0009275557249 15.4055789544288
0.08296875 1.98734136003264 15.3475541749395
0.08328125 1.97389359681551 15.2899648534577
0.08359375 1.96058238472775 15.2328061063418
0.08390625 1.94740587439226 15.1760731227053
0.08421875 1.93436224774861 15.1197611630663
0.08453125 1.92144971741652 15.0638655580272
0.08484375 1.90866652607455 15.0083817069847
0.08515625 1.89601094585339 14.9533050768671
0.08546875 1.88348127774349 14.8986312009007
0.08578125 1.87107585101648 14.8443556774003
0.08609375 1.85879302266021 14.7904741685892
0.08640625 1.84663117682706 14.7369823994441
0.08671875 1.83458872429487 14.6838761565633
0.08703125 1.82266410194036 14.6311512870603
0.08734375 1.81085577222487 14.5788036974823
0.08765625 1.7991622226918 14.5268293527498
0.08796875 1.78758196547552 14.4752242751201
0.08828125 1.77611353682166 14.4239845431727
0.08859375 1.76475549661815 14.3731062908158
0.08890625 1.75350642793703 14.3225857063138
0.08921875 1.74236493658649 14.2724190313355
0.08953125 1.73132965067313 14.2226025600218
0.08984375 1.72039922017397 14.1731326380739
0.09015625 1.70957231651813 14.1240056618587
0.09046875 1.69884763217767 14.0752180775346
0.09078125 1.68822388026779 14.0267663801937
0.09109375 1.67769979415562 13.9786471130232
0.09140625 1.6672741270779 13.9308568664829
0.09171875 1.6569456517669 13.8833922775
0.09203125 1.64671316008465 13.83625002868
0.09234375 1.63657546266512 13.7894268475339
0.09265625 1.62653138856429 13.7429195057209
0.09296875 1.61657978491772 13.6967248183067
0.09328125 1.60671951660563 13.6508396430361
0.09359375 1.59694946592517 13.6052608796203
0.09390625 1.58726853226979 13.5599854690392
0.09421875 1.57767563181545 13.5150103928566
0.09453125 1.5681696972136 13.4703326725496
0.09484375 1.55874967729063 13.4259493688509
0.09515625 1.54941453675382 13.3818575811043
0.09546875 1.54016325590345 13.3380544466326
0.09578125 1.53099483035101 13.2945371401183
0.09609375 1.52190827074337 13.251302872996
0.09640625 1.51290260249275 13.2083488928567
0.09671875 1.5039768655123 13.1656724828636
0.09703125 1.49513011395727 13.1232709611796
0.09734375 1.48636141597149 13.0811416804053
0.09765625 1.47766985343921 13.039282027028
0.09796875 1.46905452174198 12.9976894208812
0.09828125 1.46051452952062 12.9563613146145
0.09859375 1.452048998442 12.9152951931736
0.09890625 1.44365706297075 12.8744885732899
0.09921875 1.43533787014547 12.8339390029804
0.09953125 1.4270905793596 12.7936440610558
0.09984375 1.41891436214675 12.7536013566393
