0.0003125 0.153336482273048 0.153336482273048
0.0009375 0.560757054188343 0.560757054188343
0.0015625 1.37088693431444 1.37088693431444
0.0021875 2.57435221793116 2.57435221793116
0.0028125 4.15721311902217 4.15721311902217
0.0034375 6.10110790050626 6.10110790050626
0.0040625 8.3834425370938 8.3834425370938
0.0046875 10.9776242157121 10.9776242157121
0.0053125 13.8533363399183 13.8533363399183
0.0059375 16.9768522891978 16.9768522891978
0.0065625 20.311384795604 20.311384795604
0.0071875 23.8174674427039 23.8174674427039
0.0078125 27.4533644687143 27.4533644687143
0.0084375 31.1755047703173 31.1755047703173
0.0090625 34.9389357587043 34.9389357587043
0.0096875 38.6977925173504 38.6977925173504
0.0103125 42.4057775539062 42.4057775539062
0.0109375 46.0166463279274 46.0166463279274
0.0115625 49.4846936731207 49.4846936731207
0.0121875 52.7652362179559 52.7652362179559
0.0128125 55.815085942095 55.815085942095
0.0134375 58.5930100878169 58.5930100878169
0.0140625 61.0601727746527 61.0601727746527
0.0146875 63.1805538406457 63.1805538406457
0.0153125 64.9213406532201 64.9213406532201
0.0159375 66.2532888945535 66.2532888945535
0.0165625 67.1510486279756 67.1510486279756
0.0171875 67.5934522904189 67.5934522904189
0.0178125 67.5637616279273 67.5637616279273
0.0184375 67.0498709931698 67.0498709931698
0.0190625 66.0444648517989 66.0444648517989
0.0196875 64.5451277942222 64.5451277942222
0.02015625 20.9826527886127 63.1938488282048
0.02046875 20.5027524507319 62.2290572430417
0.02078125 20.039693714196 61.2932819461542
0.02109375 19.5926739304577 60.3852333247309
0.02140625 19.1609389313014 59.5036970718147
0.02171875 18.7437794816077 58.6475287686241
0.02203125 18.3405280366184 57.8156489279338
0.02234375 17.9505557737698 57.0070384534175
0.02265625 17.5732698724492 56.2207344747495
0.02296875 17.2081110179569 55.4558265227126
0.02328125 16.8545511084947 54.7114530123401
0.02359375 16.512091146263 53.9867980055551
0.02390625 16.1802592957208 53.2810882277058
0.02421875 15.8586090938318 52.5935903150906
0.02453125 15.5467177986575 51.9236082728599
0.02484375 15.2441848640443 51.2704811247739
0.02515625 14.9506305293672 50.6335807381303
0.02546875 14.6656945143873 50.0123098088284
0.02578125 14.3890348102374 49.4060999929637
0.02609375 14.1203265584275 48.814410172689
0.02640625 13.8592610105182 48.2367248452019
0.02671875 13.605544561813 47.67255262479
0.02703125 13.3588978530321 47.1214248487813
0.02734375 13.1190549344826 46.5828942790807
0.02765625 12.8857624877455 46.0565338917465
0.02796875 12.6587791003391 45.5419357477045
0.02828125 12.4378745892281 45.0387099383378
0.02859375 12.2228293694048 44.5464836002137
0.02890625 12.0134338641039 44.0648999937248
0.02921875 11.8094879535004 43.5936176408511
0.02953125 11.6108004590146 43.1323095176674
0.02984375 11.4171886605876 42.6806622975871
0.03015625 11.2284778445103 42.2383756416539
0.03046875 11.0445008795896 41.805161532509
0.03078125 10.8650978196165 41.38074364893
0.03109375 10.6901155302653 40.964856778087
0.03140625 10.5194073387008 40.5572462628814
0.03171875 10.3528327043136 40.1576674819666
0.03203125 10.1902569091179 39.7658853601904
0.03234375 10.031550766471 39.3816739074352
0.03265625 9.87659034686779 39.0048157839193
0.03296875 9.72525671966533 38.635101890233
0.03328125 9.5774357096766 38.2723309804655
0.03359375 9.43301766765119 37.9163092969261
0.03390625 9.29189725373591 37.5668502250651
0.03421875 9.1539732330733 37.223773967302
0.03453125 9.0191482827592 36.886907234566
0.03484375 8.88732880943541 36.5560829544355
0.03515625 8.75842477684525 36.2311399948403
0.03546875 8.63234954273038 35.9119229023744
0.03578125 8.50901970448712 35.5982816543192
0.03609375 8.38835495304329 35.2900714235454
0.03640625 8.27027793445643 34.9871523555325
0.03671875 8.15471411876132 34.689389356762
0.03703125 8.04159167563654 34.396651893836
0.03734375 7.93084135648012 34.1088138026743
0.03765625 7.822396382518 33.8257531072165
0.03796875 7.71619233859031 33.5473518470743
0.03828125 7.61216707228671 33.2734959136283
0.03859375 7.51026059812041 33.0040748940838
0.03890625 7.41041500645441 32.7389819230466
0.03921875 7.31257437690811 32.4781135411895
0.03953125 7.21668469599361 32.2213695606277
0.03984375 7.12269377874284 31.9686529366231
0.04015625 7.03055119410712 31.719869645288
0.04046875 6.94020819391756 31.4749285669464
0.04078125 6.85161764521416 31.233741374863
0.04109375 6.76473396575945 30.9962224290462
0.04140625 6.67951306256622 30.7622886748655
0.04171875 6.59591227327523 30.5318595462154
0.04203125 6.51389031023557 30.30485687301
0.04234375 6.43340720714143 30.0812047927668
0.04265625 6.35442426809343 29.8608296660797
0.04296875 6.27690401895791 29.6436599957817
0.04328125 6.20081016090399 29.4296263496029
0.04359375 6.12610752601013 29.2186612861655
0.04390625 6.05276203483038 29.0106992841284
0.04421875 5.98074065582548 28.8056766743469
0.04453125 5.91001136656066 28.6035315748776
0.04484375 5.84054311658626 28.4042038287105
0.04515625 5.77230579191443 28.2076349440819
0.04546875 5.70527018101501 28.0137680372495
0.04578125 5.63940794225495 27.8225477776094
0.04609375 5.57469157271289 27.6339203350494
0.04640625 5.51109437830037 27.4478333294257
0.04671875 5.44859044512895 27.2642357820711
0.04703125 5.38715461206198 27.0830780692335
0.04734375 5.32676244439569 26.9043118773579
0.04765625 5.2673902086168 26.7278901601298
0.04796875 5.20901484818577 26.553767097197
0.04828125 5.15161396029828 26.3818980544963
0.04859375 5.09516577357889 26.212239546107
0.04890625 5.03964912666506 26.0447491975698
0.04921875 4.98504344764026 25.8793857106012
0.04953125 4.93132873427831 25.7161088291466
0.04984375 4.87848553506112 25.5548793067069
0.05015625 4.82649493093685 25.3956588748904
0.05046875 4.77533851778302 25.2384102131267
0.05078125 4.72499838954663 25.0830969195073
0.05109375 4.67545712202844 24.9296834826907
0.05140625 4.62669775728455 24.7781352548325
0.05171875 4.57870378861842 24.6284184254983
0.05203125 4.53145914613757 24.4804999965167
0.05234375 4.48494818285043 24.3343477577315
0.05265625 4.43915566128084 24.1899302636202
0.05296875 4.3940667405773 24.0472168107375
0.05328125 4.34966696409673 23.9061774159535
0.05359375 4.30594224744216 23.7667827954522
0.05390625 4.26287886693637 23.6290043444637
0.05421875 4.22046344851208 23.4928141176942
0.05453125 4.17868295700203 23.3581848104293
0.05484375 4.13752468581263 23.2250897402842
0.05515625 4.09697624696537 23.0935028295743
0.05546875 4.05702556149068 22.9633985882812
0.05578125 4.01766085016027 22.8347520975906
0.05609375 3.97887062454454 22.7075389939827
0.05640625 3.94064367838145 22.58173545385
0.05671875 3.90296907924466 22.4573181786226
0.05703125 3.86583616049911 22.3342643803836
0.05734375 3.82923451353321 22.2125517679563
0.05765625 3.79315398025564 22.092158533442
0.05796875 3.75758464584712 21.973063339192
0.05828125 3.72251683175757 21.8552453052017
0.05859375 3.68794108893855 21.7386839969073
0.05890625 3.65384819130199 21.6233594133692
0.05921875 3.62022912939715 21.5092519758323
0.05953125 3.58707510429621 21.3963425166419
0.05984375 3.55437752168259 21.2846122685133
0.06015625 3.5221279861323 21.1740428541313
0.06046875 3.49031829558237 21.0646162760733
0.06078125 3.45894043597896 20.9563149070444
0.06109375 3.42798657609817 20.8491214804096
0.06140625 3.39744906253401 20.7430190810182
0.06171875 3.36732041484633 20.6379911363043
0.06203125 3.3375933208637 20.5340214076575
0.06234375 3.30826063213538 20.4310939820549
0.06265625 3.27931535952648 20.3291932639395
0.06296875 3.25075066895164 20.2283039673436
0.06328125 3.22255987724263 20.1284111082459
0.06359375 3.19473644814341 20.0294999971491
0.06390625 3.16727398843057 19.9315562318815
0.06421875 3.14016624415303 19.8345656906072
0.06453125 3.11340709698644 19.7385145250351
0.06484375 3.0869905607001 19.6433891538299
0.06515625 3.06091077773063 19.5491762562093
0.06546875 3.03516201585983 19.4558627657265
0.06578125 3.00973866499215 19.3634358642268
0.06609375 2.98463523402952 19.2718829759797
0.06640625 2.95984634783939 19.1811917619748
0.06671875 2.93536674431278 19.0913501143781
0.06703125 2.91119127150932 19.0023461511409
0.06734375 2.88731488488714 18.9141682107646
0.06765625 2.86373264461344 18.8268048472047
0.06796875 2.84043971295387 18.7402448249183
0.06828125 2.81743135173835 18.6544771140489
0.06859375 2.79470291989958 18.569490885739
0.06890625 2.77224987108293 18.4852755075725
0.06921875 2.75006775132525 18.4018205391412
0.06953125 2.72815219679972 18.3191157277293
0.06984375 2.70649893162525 18.2371510041154
0.07015625 2.68510376573774 18.1559164784845
0.07046875 2.66396259282182 18.0754024364512
0.07078125 2.64307138830047 17.9955993351864
0.07109375 2.62242620738116 17.916497799647
0.07140625 2.60202318315643 17.8380886189044
0.07171875 2.58185852475736 17.7603627425692
0.07203125 2.56192851555801 17.6833112773086
0.07234375 2.54222951142933 17.6069254834539
0.07265625 2.52275793904129 17.5311967716971
0.07296875 2.50351029421099 17.4561166998696
0.07328125 2.48448314029617 17.3816769698064
0.07359375 2.46567310663186 17.3078694242869
0.07390625 2.44707688700978 17.2346860440572
0.07421875 2.42869123819824 17.1621189449243
0.07453125 2.41051297850177 17.0901603749246
0.07484375 2.39253898635934 17.0188027115639
0.07515625 2.37476619897969 16.9480384591246
0.07546875 2.35719161101315 16.8778602460434
0.07578125 2.33981227325788 16.8082608223486
0.07609375 2.32262529140057 16.7392330571643
0.07640625 2.30562782479025 16.6707699362764
0.07671875 2.2888170852434 16.6028645597539
0.07703125 2.27219033588086 16.535510139633
0.07734375 2.25574488999443 16.4686999976546
0.07765625 2.23947810994263 16.4024275630564
0.07796875 2.22338740607511 16.336686370419
0.07828125 2.20747023568422 16.271470057563
0.07859375 2.19172410198374 16.2067723634969
0.07890625 2.17614655311318 16.1425871264138
0.07921875 2.16073518116735 16.0789082817336
0.07953125 2.14548762125053 16.0157298601944
0.07984375 2.13040155055422 15.9530459859861
0.08015625 2.11547468745812 15.8908508749295
0.08046875 2.10070479065338 15.8291388326968
0.08078125 2.08608965828769 15.767904253073
0.08109375 2.07162712713163 15.7071416162597
0.08140625 2.05731507176525 15.6468454872146
0.08171875 2.04315140378504 15.5870105140319
0.08203125 2.02913407103014 15.5276314263595
0.08234375 2.01526105682723 15.4687030338497
0.08265625 2.00153037925411 15.4102202246479
0.08296875 1.98794009042095 15.3521779639149
0.08328125 1.97448827576874 15.2945712923805
0.08359375 1.96117305338493 15.2373953249322
0.08390625 1.94799257333528 15.1806452492339
0.08421875 1.93494501701161 15.1243163243759
0.08453125 1.92202859649516 15.0684038795539
0.08484375 1.90924155393504 15.0129033127782
0.08515625 1.89658216094137 14.9578100896118
0.08546875 1.88404871799279 14.9031197419352
0.08578125 1.87163955385754 14.848827866737
0.08609375 1.85935302502851 14.7949301249339
0.08640625 1.84718751517124 14.7414222402143
0.08671875 1.8351414345848 14.6882999979072
0.08703125 1.82321321967496 14.6355592438751
0.08734375 1.81140133243988 14.583195883432
0.08765625 1.79970425996726 14.5312058802825
0.08796875 1.78812051394325 14.4795852554858
0.08828125 1.77664863017248 14.4283300864398
0.08859375 1.76528716810903 14.377436505888
0.08890625 1.75403471039801 14.3269007009463
0.08921875 1.74288986242763 14.2767189121513
0.08953125 1.73185125189116 14.2268874325278
0.08984375 1.7209175283589 14.1774026066754
0.09015625 1.71008736285968 14.1282608298759
0.09046875 1.69935944747168 14.0794585472166
0.09078125 1.68873249492237 14.0309922527339
0.09109375 1.67820523819729 13.9828584885736
0.09140625 1.66777643015758 13.9350538441682
0.09171875 1.65744484316574 13.8875749554317
0.09203125 1.64720926871982 13.8404185039701
0.09234375 1.63706851709551 13.7935812163086
0.09265625 1.62702141699597 13.7470598631339
0.09296875 1.61706681520944 13.7008512585519
0.09328125 1.6072035762742 13.6549522593608
0.09359375 1.59743058215063 13.609359764338
0.09390625 1.5877467319006 13.5640707135415
0.09421875 1.57815094137356 13.5190820876259
0.09453125 1.56864214289939 13.4743909071709
0.09484375 1.55921928498779 13.4299942320238
0.09515625 1.54988133203414 13.3858891606542
0.09546875 1.5406272640315 13.3420728295228
0.09578125 1.53145607628877 13.2985424124607
0.09609375 1.52236677915478 13.2552951200625
0.09640625 1.5133583977481 13.2123281990898
0.09671875 1.50442997169265 13.1696389318876
0.09703125 1.49558055485871 13.1272246358106
0.09734375 1.4868092151094 13.085082662662
0.09765625 1.47811503405233 13.0432103981415
0.09796875 1.46949710679654 13.0016052613053
0.09828125 1.46095454171428 12.9602647040356
0.09859375 1.45248646020783 12.9191862105205
0.09890625 1.44409199648105 12.8783672967431
0.09921875 1.43577029731557 12.8378055099818
0.09953125 1.42752052185157 12.7974984283178
0.09984375 1.41934184137307 12.757443660154
