0 1.42430694291445
0.01 1.07075355232118
0.02 0.48149790133239
0.02125 0.453367468390081
0.0225 0.427636219494025
0.02375 0.404001366904424
0.025 0.382210186456157
0.02625 0.362049886201812
0.0275 0.343339877314602
0.02875 0.325925799778888
0.03 0.309674849425736
0.03125 0.294472083323128
0.0325 0.280217469890278
0.03375 0.266823512362808
0.035 0.254213318285222
0.03625 0.242319019317894
0.0375 0.231080468626657
0.03875 0.220444160031337
0.04 0.210362325668555
0.04125 0.200792178378904
0.0425 0.19169527220353
0.04375 0.183036959868726
0.045 0.174785930378605
0.04625 0.166913813136433
0.0475 0.159394837602321
0.04875 0.152205539537117
0.05 0.145324506504702
0.05125 0.138732156601801
0.0525 0.132410545427233
0.05375 0.126343197145559
0.055 0.12051495618533
0.05625 0.114911856671795
0.0575 0.109521007153234
0.05875 0.104330488558718
0.06 0.0993292636385979
0.06125 0.0945070963996263
0.0625 0.08985448026413
0.06375 0.0853625738648706
0.065 0.0810231435404369
0.06625 0.0768285117252648
0.0675 0.0727715105377942
0.06875 0.0688454399631796
0.07 0.0650440301061109
0.07125 0.0613614070569043
0.0725 0.0577920619719441
0.07375 0.0543308230193111
0.075 0.0509728298832851
0.07625 0.0477135105584187
0.0775 0.0445485601959088
0.07875 0.0414739217927876
0.08 0.0384857685386277
0.08125 0.0355804876555205
0.0825 0.0327546655854952
0.08375 0.0300050743956454
0.085 0.0273286592853659
0.08625 0.0247225270925074
0.0875 0.0221839357061953
0.08875 0.0197102843036924
0.09 0.0172991043372088
0.09125 0.0149480512040995
0.0925 0.0126548965405776
0.09375 0.0104175210850081
0.095 0.00823390806212779
0.09625 0.00610213704424218
0.0975 0.00402037824965008
0.09875 0.00198688724229484
0.1 0
