3.90625e-05 0.00239682994163104 0.00239682994163104
0.0001171875 0.0087880154950426 0.0087880154950426
0.0001953125 0.0215692316089644 0.0215692316089644
0.0002734375 0.0407381684738084 0.0407381684738084
0.0003515625 0.0662913618384664 0.0662913618384664
0.0004296875 0.0982241935787442 0.0982241935787442
0.0005078125 0.1365308924278 0.1365308924278
0.0005859375 0.181204534925428 0.181204534925428
0.0006640625 0.232237046515138 0.232237046515138
0.0007421875 0.289619202865765 0.289619202865765
0.0008203125 0.353340631352239 0.353340631352239
0.0008984375 0.423389812715413 0.423389812715413
0.0009765625 0.499754082946424 0.499754082946424
0.0010546875 0.582419635318843 0.582419635318843
0.0011328125 0.671371522611253 0.671371522611253
0.0012109375 0.766593659517412 0.766593659517412
0.0012890625 0.868068825258206 0.868068825258206
0.0013671875 0.975778666347082 0.975778666347082
0.0014453125 1.08970369955728 1.08970369955728
0.0015234375 1.20982331506525 1.20982331506525
0.0016015625 1.33611577977888 1.33611577977888
0.0016796875 1.46855824083616 1.46855824083616
0.0017578125 1.60712672931425 1.60712672931425
0.0018359375 1.75179616407206 1.75179616407206
0.0019140625 1.90254035581461 1.90254035581461
0.0019921875 2.05933201133064 2.05933201133064
0.0020703125 2.22214273787529 2.22214273787529
0.0021484375 2.39094304776302 2.39094304776302
0.0022265625 2.56570236313394 2.56570236313394
0.0023046875 2.74638902089066 2.74638902089066
0.0023828125 2.9329702778 2.9329702778
0.0024609375 3.12541231579075 3.12541231579075
0.0025390625 3.32368024741356 3.32368024741356
0.0026171875 3.5277381214712 3.5277381214712
0.0026953125 3.73754892882516 3.73754892882516
0.0027734375 3.95307460836989 3.95307460836989
0.0028515625 4.17427605318892 4.17427605318892
0.0029296875 4.40111311687303 4.40111311687303
0.0030078125 4.63354461998335 4.63354461998335
0.0030859375 4.87152835673328 4.87152835673328
0.0031640625 5.11502110178412 5.11502110178412
0.0032421875 5.36397861725106 5.36397861725106
0.0033203125 5.61835565982847 5.61835565982847
0.0033984375 5.87810598811416 5.87810598811416
0.0034765625 6.14318237007865 6.14318237007865
0.0035546875 6.41353659070205 6.41353659070205
0.0036328125 6.68911945976163 6.68911945976163
0.0037109375 6.96988081978986 6.96988081978986
0.0037890625 7.2557695541775 7.2557695541775
0.0038671875 7.5467335954329 7.5467335954329
0.0039453125 7.84271993362324 7.84271993362324
0.0040234375 8.14367462491248 8.14367462491248
0.0041015625 8.44954280030947 8.44954280030947
0.0041796875 8.76026867454129 8.76026867454129
0.0042578125 9.07579555506004 9.07579555506004
0.0043359375 9.39606585123158 9.39606585123158
0.0044140625 9.72102108364084 9.72102108364084
0.0044921875 10.0506018935562 10.0506018935562
0.0045703125 10.384748052536 10.384748052536
0.0046484375 10.723398472183 10.723398472183
0.0047265625 11.0664912140123 11.0664912140123
0.0048046875 11.4139634994928 11.4139634994928
0.0048828125 11.7657517202105 11.7657517202105
0.0049609375 12.1217914481576 12.1217914481576
0.0050390625 12.4820174461689 12.4820174461689
0.0051171875 12.8463636784858 12.8463636784858
0.0051953125 13.2147633214572 13.2147633214572
0.0052734375 13.5871487743572 13.5871487743572
0.0053515625 13.9634516703381 13.9634516703381
0.0054296875 14.3436028875186 14.3436028875186
0.0055078125 14.7275325601555 14.7275325601555
0.0055859375 15.1151700900101 15.1151700900101
0.0056640625 15.5064441577508 15.5064441577508
0.0057421875 15.9012827345379 15.9012827345379
0.0058203125 16.2996130936989 16.2996130936989
0.0058984375 16.7013618225212 16.7013618225212
0.0059765625 17.1064548341548 17.1064548341548
0.0060546875 17.5148173796316 17.5148173796316
0.0061328125 17.9263740600021 17.9263740600021
0.0062109375 18.3410488385562 18.3410488385562
0.0062890625 18.7587650531697 18.7587650531697
0.0063671875 19.1794454287503 19.1794454287503
0.0064453125 19.6030120897831 19.6030120897831
0.0065234375 20.0293865729662 20.0293865729662
0.0066015625 20.4584898399617 20.4584898399617
0.0066796875 20.8902422902355 20.8902422902355
0.0067578125 21.3245637739874 21.3245637739874
0.0068359375 21.7613736051646 21.7613736051646
0.0069140625 22.2005905745988 22.2005905745988
0.0069921875 22.6421329631734 22.6421329631734
0.0070703125 23.0859185551452 23.0859185551452
0.0071484375 23.5318646514827 23.5318646514827
0.0072265625 23.9798880833433 23.9798880833433
0.0073046875 24.4299052255826 24.4299052255826
0.0073828125 24.8818320103794 24.8818320103794
0.0074609375 25.3355839408982 25.3355839408982
0.0075390625 25.7910761050624 25.7910761050624
0.0076171875 26.2482231893671 26.2482231893671
0.0076953125 26.7069394927802 26.7069394927802
0.0077734375 27.1671389407089 27.1671389407089
0.0078515625 27.6287350989975 27.6287350989975
0.0079296875 28.0916411880526 28.0916411880526
0.0080078125 28.5557700969576 28.5557700969576
0.0080859375 29.0210343976838 29.0210343976838
0.0081640625 29.4873463593632 29.4873463593632
0.0082421875 29.9546179625821 29.9546179625821
0.0083203125 30.4227609137513 30.4227609137513
0.0083984375 30.8916866595212 30.8916866595212
0.0084765625 31.3613064012372 31.3613064012372
0.0085546875 31.8315311094295 31.8315311094295
0.0086328125 32.3022715383729 32.3022715383729
0.0087109375 32.7734382406561 32.7734382406561
0.0087890625 33.2449415818104 33.2449415818104
0.0088671875 33.7166917549666 33.7166917549666
0.0089453125 34.1885987955237 34.1885987955237
0.0090234375 34.6605725958824 34.6605725958824
0.0091015625 35.1325229201962 35.1325229201962
0.0091796875 35.6043594191163 35.6043594191163
0.0092578125 36.0759916446142 36.0759916446142
0.0093359375 36.5473290647799 36.5473290647799
0.0094140625 37.0182810786531 37.0182810786531
0.0094921875 37.4887570310904 37.4887570310904
0.0095703125 37.9586662276097 37.9586662276097
0.0096484375 38.4279179492779 38.4279179492779
0.0097265625 38.8964214675894 38.8964214675894
0.0098046875 39.3640860593621 39.3640860593621
0.0098828125 39.83082102163 39.83082102163
0.0099609375 40.2965356865508 40.2965356865508
0.0100390625 40.7611394362903 40.7611394362903
0.0101171875 41.2245417179321 41.2245417179321
0.0101953125 41.686652058354 41.686652058354
0.0102734375 42.147380079129 42.147380079129
0.0103515625 42.6066355113932 42.6066355113932
0.0104296875 43.0643282106985 43.0643282106985
0.0105078125 43.5203681718775 43.5203681718775
0.0105859375 43.9746655438682 43.9746655438682
0.0106640625 44.4271306445273 44.4271306445273
0.0107421875 44.8776739754251 44.8776739754251
0.0108203125 45.3262062366164 45.3262062366164
0.0108984375 45.7726383413686 45.7726383413686
0.0109765625 46.2168814309052 46.2168814309052
0.0110546875 46.658846889062 46.658846889062
0.0111328125 47.0984463569579 47.0984463569579
0.0112109375 47.5355917476051 47.5355917476051
0.0112890625 47.9701952604813 47.9701952604813
0.0113671875 48.4021693960884 48.4021693960884
0.0114453125 48.8314269704262 48.8314269704262
0.0115234375 49.2578811294663 49.2578811294663
0.0116015625 49.6814453635437 49.6814453635437
0.0116796875 50.1020335217333 50.1020335217333
0.0117578125 50.5195598261366 50.5195598261366
0.0118359375 50.9339388861463 50.9339388861463
0.0119140625 51.3450857126443 51.3450857126443
0.0119921875 51.7529157321405 51.7529157321405
0.0120703125 52.157344800851 52.157344800851
0.0121484375 52.5582892187217 52.5582892187217
0.0122265625 52.9556657433773 52.9556657433773
0.0123046875 53.3493916040101 53.3493916040101
0.0123828125 53.7393845151911 53.7393845151911
0.0124609375 54.1255626906263 54.1255626906263
0.0125390625 54.5078448568248 54.5078448568248
0.0126171875 54.8861502667009 54.8861502667009
0.0126953125 55.2603987130837 55.2603987130837
0.0127734375 55.6305105421771 55.6305105421771
0.0128515625 55.9964066668911 55.9964066668911
0.0129296875 56.3580085801419 56.3580085801419
0.0130078125 56.7152383680323 56.7152383680323
0.0130859375 57.0680187229399 57.0680187229399
0.0131640625 57.4162729565487 57.4162729565487
0.0132421875 57.7599250127491 57.7599250127491
0.0133203125 58.0988994804684 58.0988994804684
0.0133984375 58.433121606393 58.433121606393
0.0134765625 58.7625173076077 58.7625173076077
0.0135546875 59.08701318411 59.08701318411
0.0136328125 59.4065365312488 59.4065365312488
0.0137109375 59.7210153520322 59.7210153520322
0.0137890625 60.0303783693533 60.0303783693533
0.0138671875 60.3345550380894 60.3345550380894
0.0139453125 60.6334755570956 60.6334755570956
0.0140234375 60.9270708811039 60.9270708811039
0.0141015625 61.2152727324698 61.2152727324698
0.0141796875 61.498013612848 61.498013612848
0.0142578125 61.7752268147143 61.7752268147143
0.0143359375 62.0468464327885 62.0468464327885
0.0144140625 62.312807375325 62.312807375325
0.0144921875 62.5730453752894 62.5730453752894
0.0145703125 62.8274970013976 62.8274970013976
0.0146484375 63.0760996690412 63.0760996690412
0.0147265625 63.3187916510764 63.3187916510764
0.0148046875 63.555512088486 63.555512088486
0.0148828125 63.7862010009073 63.7862010009073
0.0149609375 64.0107992970272 64.0107992970272
0.0150390625 64.2292487848337 64.2292487848337
0.0151171875 64.4414921817571 64.4414921817571
0.0151953125 64.6474731246357 64.6474731246357
0.0152734375 64.8471361795657 64.8471361795657
0.0153515625 65.0404268516027 65.0404268516027
0.0154296875 65.2272915943215 65.2272915943215
0.0155078125 65.4076778192234 65.4076778192234
0.0155859375 65.581533905015 65.581533905015
0.0156640625 65.7488092067112 65.7488092067112
0.0157421875 65.9094540646194 65.9094540646194
0.0158203125 66.0634198131461 66.0634198131461
0.0158984375 66.2106587894684 66.2106587894684
0.0159765625 66.3511243420416 66.3511243420416
0.0160546875 66.4847708389686 66.4847708389686
0.0161328125 66.6115536761851 66.6115536761851
0.0162109375 66.7314292855124 66.7314292855124
0.0162890625 66.8443551425412 66.8443551425412
0.0163671875 66.9502897743442 66.9502897743442
0.0164453125 67.0491927670525 67.0491927670525
0.0165234375 67.1410247732453 67.1410247732453
0.0166015625 67.225747519187 67.225747519187
0.0166796875 67.3033238118876 67.3033238118876
0.0167578125 67.3737175460289 67.3737175460289
0.0168359375 67.4368937106777 67.4368937106777
0.0169140625 67.4928183958571 67.4928183958571
0.0169921875 67.5414587989465 67.5414587989465
0.0170703125 67.5827832309082 67.5827832309082
0.0171484375 67.6167611223462 67.6167611223462
0.0172265625 67.6433630293687 67.6433630293687
0.0173046875 67.6625606393173 67.6625606393173
0.0173828125 67.6743267762873 67.6743267762873
0.0174609375 67.6786354064888 67.6786354064888
0.0175390625 67.6754616434224 67.6754616434224
0.0176171875 67.664781752886 67.664781752886
0.0176953125 67.6465731577991 67.6465731577991
0.0177734375 67.6208144428486 67.6208144428486
0.0178515625 67.5874853589491 67.5874853589491
0.0179296875 67.5465668275265 67.5465668275265
0.0180078125 67.4980409446349 67.4980409446349
0.0180859375 67.4418909848612 67.4418909848612
0.0181640625 67.3781014050718 67.3781014050718
0.0182421875 67.3066578479606 67.3066578479606
0.0183203125 67.2275471454327 67.2275471454327
0.0183984375 67.1407573217721 67.1407573217721
0.0184765625 67.0462775966584 67.0462775966584
0.0185546875 66.944098387971 66.944098387971
0.0186328125 66.8342113144234 66.8342113144234
0.0187109375 66.7166091980008 66.7166091980008
0.0187890625 66.5912860662218 66.5912860662218
0.0188671875 66.4582371541954 66.4582371541954
0.0189453125 66.3174589065036 66.3174589065036
0.0190234375 66.1689489788991 66.1689489788991
0.0191015625 66.0127062397983 66.0127062397983
0.0191796875 65.8487307715937 65.8487307715937
0.0192578125 65.677023871784 65.677023871784
0.0193359375 65.4975880539034 65.4975880539034
0.0194140625 65.3104270482686 65.3104270482686
0.0194921875 65.1155458025279 65.1155458025279
0.0195703125 64.912950482028 64.912950482028
0.0196484375 64.7026484699907 64.7026484699907
0.0197265625 64.4846483674954 64.4846483674954
0.0198046875 64.2589599932677 64.2589599932677
0.0198828125 64.0255943832841 64.0255943832841
0.0199609375 63.7845637901883 63.7845637901883
0.0225 17.753342525537 56.5887793001492
0.0275 12.9964660593644 46.2999103364857
0.0325 9.94967548134492 39.1768472077956
0.0375 7.87322146784685 33.9532675800895
0.0425 6.39120330919333 29.9587655118437
0.0475 5.29485654270402 26.8052112474391
0.0525 4.46019935370635 24.2523339857783
0.0575 3.80962329089364 22.1434353783193
0.0625 3.29243806837232 20.3719605480538
0.0675 2.87435069461076 18.8629264333831
0.0725 2.53146449804955 17.5620349552188
0.0775 2.24670091514241 16.4290004419788
0.0825 2.00758418803191 15.4333034454953
0.0875 1.80482485475559 14.551400391467
0.0925 1.63138823207638 13.7648382081444
0.0975 1.48186656105138 13.0589490692652
