3.90625e-05 0.00239682994163104 0.00239682994163104
0.0001171875 0.0087880154950426 0.0087880154950426
0.0001953125 0.0215692316089644 0.0215692316089644
0.0002734375 0.0407381684738084 0.0407381684738084
0.0003515625 0.0662913618384664 0.0662913618384664
0.0004296875 0.0982241935787442 0.0982241935787442
0.0005078125 0.1365308924278 0.1365308924278
0.0005859375 0.181204534925428 0.181204534925428
0.0006640625 0.232237046515138 0.232237046515138
0.0007421875 0.289619202865765 0.289619202865765
0.0008203125 0.353340631352239 0.353340631352239
0.0008984375 0.423389812712571 0.423389812712571
0.0009765625 0.499754082946424 0.499754082946424
0.0010546875 0.582419635318843 0.582419635318843
0.0011328125 0.67137152260841 0.67137152260841
0.0012109375 0.766593659517412 0.766593659517412
0.0012890625 0.868068825258206 0.868068825258206
0.0013671875 0.975778666347082 0.975778666347082
0.0014453125 1.08970369955443 1.08970369955443
0.0015234375 1.20982331506525 1.20982331506525
0.0016015625 1.33611577977888 1.33611577977888
0.0016796875 1.46855824083616 1.46855824083616
0.0017578125 1.60712672931425 1.60712672931425
0.0018359375 1.75179616406922 1.75179616406922
0.0019140625 1.90254035581461 1.90254035581461
0.0019921875 2.05933201133064 2.05933201133064
0.0020703125 2.22214273787529 2.22214273787529
0.0021484375 2.39094304776302 2.39094304776302
0.0022265625 2.56570236313394 2.56570236313394
0.0023046875 2.74638902089066 2.74638902089066
0.0023828125 2.9329702778 2.9329702778
0.0024609375 3.12541231579075 3.12541231579075
0.0025390625 3.32368024741641 3.32368024741641
0.0026171875 3.5277381214712 3.5277381214712
0.0026953125 3.73754892882516 3.73754892882516
0.0027734375 3.95307460836989 3.95307460836989
0.0028515625 4.17427605319176 4.17427605319176
0.0029296875 4.40111311687303 4.40111311687303
0.0030078125 4.63354461998335 4.63354461998335
0.0030859375 4.87152835673328 4.87152835673328
0.0031640625 5.11502110178412 5.11502110178412
0.0032421875 5.36397861725106 5.36397861725106
0.0033203125 5.61835565982847 5.61835565982847
0.0033984375 5.87810598811132 5.87810598811132
0.0034765625 6.14318237007865 6.14318237007865
0.0035546875 6.41353659070205 6.41353659070205
0.0036328125 6.68911945976163 6.68911945976163
0.0037109375 6.96988081978986 6.96988081978986
0.0037890625 7.2557695541775 7.2557695541775
0.0038671875 7.54673359543574 7.54673359543574
0.0039453125 7.84271993362324 7.84271993362324
0.0040234375 8.14367462491248 8.14367462491248
0.0041015625 8.44954280030947 8.44954280030947
0.0041796875 8.76026867454129 8.76026867454129
0.0042578125 9.07579555506004 9.07579555506004
0.0043359375 9.39606585123158 9.39606585123158
0.0044140625 9.72102108364084 9.72102108364084
0.0044921875 10.0506018935562 10.0506018935562
0.0045703125 10.3847480525388 10.3847480525388
0.0046484375 10.723398472183 10.723398472183
0.0047265625 11.0664912140123 11.0664912140123
0.0048046875 11.4139634994928 11.4139634994928
0.0048828125 11.7657517202133 11.7657517202133
0.0049609375 12.1217914481576 12.1217914481576
0.0050390625 12.4820174461689 12.4820174461689
0.0051171875 12.8463636784858 12.8463636784858
0.0051953125 13.2147633214572 13.2147633214572
0.0052734375 13.5871487743543 13.5871487743543
0.0053515625 13.9634516703381 13.9634516703381
0.0054296875 14.3436028875158 14.3436028875158
0.0055078125 14.7275325601555 14.7275325601555
0.0055859375 15.1151700900101 15.1151700900101
0.0056640625 15.5064441577508 15.5064441577508
0.0057421875 15.9012827345379 15.9012827345379
0.0058203125 16.2996130936989 16.2996130936989
0.0058984375 16.7013618225212 16.7013618225212
0.0059765625 17.1064548341548 17.1064548341548
0.0060546875 17.5148173796316 17.5148173796316
0.0061328125 17.9263740600021 17.9263740600021
0.0062109375 18.3410488385562 18.3410488385562
0.0062890625 18.7587650531697 18.7587650531697
0.0063671875 19.1794454287532 19.1794454287532
0.0064453125 19.6030120897831 19.6030120897831
0.0065234375 20.0293865729634 20.0293865729634
0.0066015625 20.4584898399617 20.4584898399617
0.0066796875 20.8902422902355 20.8902422902355
0.0067578125 21.3245637739874 21.3245637739874
0.0068359375 21.7613736051675 21.7613736051675
0.0069140625 22.2005905745988 22.2005905745988
0.0069921875 22.6421329631762 22.6421329631762
0.0070703125 23.0859185551452 23.0859185551452
0.0071484375 23.5318646514855 23.5318646514855
0.0072265625 23.9798880833433 23.9798880833433
0.0073046875 24.4299052255855 24.4299052255855
0.0073828125 24.8818320103794 24.8818320103794
0.0074609375 25.3355839408982 25.3355839408982
0.0075390625 25.7910761050624 25.7910761050624
0.0076171875 26.2482231893671 26.2482231893671
0.0076953125 26.706939492783 26.706939492783
0.0077734375 27.1671389407089 27.1671389407089
0.0078515625 27.6287350989975 27.6287350989975
0.0079296875 28.0916411880554 28.0916411880554
0.0080078125 28.5557700969576 28.5557700969576
0.0080859375 29.0210343976867 29.0210343976867
0.0081640625 29.4873463593632 29.4873463593632
0.0082421875 29.9546179625821 29.9546179625821
0.0083203125 30.4227609137513 30.4227609137513
0.0083984375 30.8916866595212 30.8916866595212
0.0084765625 31.3613064012372 31.3613064012372
0.0085546875 31.8315311094267 31.8315311094267
0.0086328125 32.3022715383729 32.3022715383729
0.0087109375 32.7734382406561 32.7734382406561
0.0087890625 33.2449415818104 33.2449415818104
0.0088671875 33.7166917549666 33.7166917549666
0.0089453125 34.1885987955237 34.1885987955237
0.0090234375 34.6605725958824 34.6605725958824
0.0091015625 35.1325229201962 35.1325229201962
0.0091796875 35.6043594191163 35.6043594191163
0.0092578125 36.0759916446142 36.0759916446142
0.0093359375 36.5473290647799 36.5473290647799
0.0094140625 37.0182810786559 37.0182810786559
0.0094921875 37.4887570310904 37.4887570310904
0.0095703125 37.9586662276097 37.9586662276097
0.0096484375 38.4279179492751 38.4279179492751
0.0097265625 38.8964214675894 38.8964214675894
0.0098046875 39.3640860593592 39.3640860593592
0.0098828125 39.8308210216328 39.8308210216328
0.0099609375 40.2965356865536 40.2965356865536
0.0100390625 40.7611394362903 40.7611394362903
0.0101171875 41.2245417179292 41.2245417179292
0.0101953125 41.686652058354 41.686652058354
0.0102734375 42.147380079129 42.147380079129
0.0103515625 42.6066355113932 42.6066355113932
0.0104296875 43.0643282106985 43.0643282106985
0.0105078125 43.5203681718775 43.5203681718775
0.0105859375 43.9746655438682 43.9746655438682
0.0106640625 44.4271306445273 44.4271306445273
0.0107421875 44.8776739754237 44.8776739754237
0.0108203125 45.326206236615 45.326206236615
0.0108984375 45.77263834137 45.77263834137
0.0109765625 46.2168814309052 46.2168814309052
0.0110546875 46.6588468890635 46.6588468890635
0.0111328125 47.0984463569579 47.0984463569579
0.0112109375 47.5355917476037 47.5355917476037
0.0112890625 47.9701952604827 47.9701952604827
0.0113671875 48.4021693960884 48.4021693960884
0.0114453125 48.8314269704276 48.8314269704276
0.0115234375 49.2578811294678 49.2578811294678
0.0116015625 49.6814453635437 49.6814453635437
0.0116796875 50.1020335217319 50.1020335217319
0.0117578125 50.519559826138 50.519559826138
0.0118359375 50.9339388861463 50.9339388861463
0.0119140625 51.3450857126458 51.3450857126458
0.0119921875 51.7529157321391 51.7529157321391
0.0120703125 52.1573448008525 52.1573448008525
0.0121484375 52.5582892187231 52.5582892187231
0.0122265625 52.9556657433787 52.9556657433787
0.0123046875 53.3493916040101 53.3493916040101
0.0123828125 53.7393845151925 53.7393845151925
0.0124609375 54.1255626906278 54.1255626906278
0.0125390625 54.5078448568233 54.5078448568233
0.0126171875 54.8861502666995 54.8861502666995
0.0126953125 55.2603987130851 55.2603987130851
0.0127734375 55.6305105421771 55.6305105421771
0.0128515625 55.9964066668911 55.9964066668911
0.0129296875 56.3580085801433 56.3580085801433
0.0130078125 56.7152383680323 56.7152383680323
0.0130859375 57.0680187229399 57.0680187229399
0.0131640625 57.4162729565501 57.4162729565501
0.0132421875 57.7599250127491 57.7599250127491
0.0133203125 58.0988994804684 58.0988994804684
0.0133984375 58.4331216063958 58.4331216063958
0.0134765625 58.7625173076063 58.7625173076063
0.0135546875 59.0870131841115 59.0870131841115
0.0136328125 59.4065365312503 59.4065365312503
0.0137109375 59.7210153520322 59.7210153520322
0.0137890625 60.0303783693519 60.0303783693519
0.0138671875 60.334555038088 60.334555038088
0.0139453125 60.633475557097 60.633475557097
0.0140234375 60.9270708811039 60.9270708811039
0.0141015625 61.2152727324698 61.2152727324698
0.0141796875 61.498013612848 61.498013612848
0.0142578125 61.7752268147129 61.7752268147129
0.0143359375 62.0468464327871 62.0468464327871
0.0144140625 62.3128073753264 62.3128073753264
0.0144921875 62.5730453752894 62.5730453752894
0.0145703125 62.8274970013962 62.8274970013962
0.0146484375 63.0760996690398 63.0760996690398
0.0147265625 63.3187916510749 63.3187916510749
0.0148046875 63.555512088486 63.555512088486
0.0148828125 63.7862010009073 63.7862010009073
0.0149609375 64.0107992970272 64.0107992970272
0.0150390625 64.2292487848337 64.2292487848337
0.0151171875 64.4414921817571 64.4414921817571
0.0151953125 64.6474731246357 64.6474731246357
0.0152734375 64.8471361795671 64.8471361795671
0.0153515625 65.0404268516027 65.0404268516027
0.0154296875 65.2272915943215 65.2272915943215
0.0155078125 65.4076778192234 65.4076778192234
0.0155859375 65.581533905015 65.581533905015
0.0156640625 65.7488092067126 65.7488092067126
0.0157421875 65.9094540646194 65.9094540646194
0.0158203125 66.0634198131461 66.0634198131461
0.0158984375 66.2106587894684 66.2106587894684
0.0159765625 66.3511243420416 66.3511243420416
0.0160546875 66.4847708389672 66.4847708389672
0.0161328125 66.6115536761851 66.6115536761851
0.0162109375 66.7314292855124 66.7314292855124
0.0162890625 66.8443551425426 66.8443551425426
0.0163671875 66.9502897743442 66.9502897743442
0.0164453125 67.0491927670525 67.0491927670525
0.0165234375 67.1410247732453 67.1410247732453
0.0166015625 67.2257475191856 67.2257475191856
0.0166796875 67.303323811889 67.303323811889
0.0167578125 67.3737175460303 67.3737175460303
0.0168359375 67.4368937106777 67.4368937106777
0.0169140625 67.4928183958571 67.4928183958571
0.0169921875 67.5414587989465 67.5414587989465
0.0170703125 67.5827832309082 67.5827832309082
0.0171484375 67.6167611223448 67.6167611223448
0.0172265625 67.6433630293687 67.6433630293687
0.0173046875 67.6625606393173 67.6625606393173
0.0173828125 67.6743267762873 67.6743267762873
0.0174609375 67.6786354064888 67.6786354064888
0.0175390625 67.6754616434224 67.6754616434224
0.0176171875 67.664781752886 67.664781752886
0.0176953125 67.6465731577991 67.6465731577991
0.0177734375 67.6208144428486 67.6208144428486
0.0178515625 67.5874853589477 67.5874853589477
0.0179296875 67.5465668275265 67.5465668275265
0.0180078125 67.4980409446363 67.4980409446363
0.0180859375 67.4418909848612 67.4418909848612
0.0181640625 67.3781014050718 67.3781014050718
0.0182421875 67.3066578479606 67.3066578479606
0.0183203125 67.2275471454327 67.2275471454327
0.0183984375 67.1407573217706 67.1407573217706
0.0184765625 67.0462775966584 67.0462775966584
0.0185546875 66.9440983879724 66.9440983879724
0.0186328125 66.8342113144234 66.8342113144234
0.0187109375 66.7166091980008 66.7166091980008
0.0187890625 66.5912860662232 66.5912860662232
0.0188671875 66.4582371541954 66.4582371541954
0.0189453125 66.3174589065044 66.3174589065044
0.0190234375 66.1689489788991 66.1689489788991
0.0191015625 66.0127062397976 66.0127062397976
0.0191796875 65.8487307715937 65.8487307715937
0.0192578125 65.677023871784 65.677023871784
0.0193359375 65.4975880539034 65.4975880539034
0.0194140625 65.3104270482686 65.3104270482686
0.0194921875 65.1155458025279 65.1155458025279
0.0195703125 64.9129504820273 64.9129504820273
0.0196484375 64.7026484699907 64.7026484699907
0.0197265625 64.4846483674954 64.4846483674954
0.0198046875 64.2589599932677 64.2589599932677
0.0198828125 64.0255943832841 64.0255943832841
0.0199609375 63.7845637901876 63.7845637901876
0.0203125 20.7323470495001 62.6829555324729
0.0209375 19.8063951247645 60.8118225315036
0.0215625 18.9430892459473 59.0491610088514
0.0221875 18.1367480448679 57.3858043607148
0.0228125 17.382334767529 55.8135905426126
0.0234375 16.6753697851374 54.3252281281429
0.0240625 16.011856867464 52.9141832416976
0.0246875 15.3882207674653 51.5745836659579
0.0253125 14.8012541515586 50.3011371556873
0.0259375 14.2480722899808 49.0890615615743
0.0265625 13.7260742210861 47.9340248189492
0.0271875 13.2329093407974 46.8320932139159
0.0278125 12.7664485576894 45.7796866248392
0.0284375 12.3247593059238 44.7735396660514
0.0290625 11.9060838305634 43.8106678452762
0.0296875 11.5088202588583 42.8883379959018
0.0303125 11.1315060517421 42.0040423671205
0.0309375 10.7728034956966 41.1554758546534
0.0315625 10.4314869492982 40.3405159367392
0.0321875 10.1064316033983 39.5572049476762
0.0328125 9.7966035508624 38.8037343772441
0.0334375 9.50105099251544 38.0784309309408
0.0340625 9.21889643156679 37.3797441248685
0.0346875 8.94932973024742 36.7062352217179
0.0353125 8.69160192040677 36.0565673416874
0.0359375 8.44501967500881 35.4294966053104
0.0365625 8.20894036029922 34.8238641847069
0.0371875 7.98276759930459 34.2385891563923
0.0378125 7.76594728657831 33.6726620628981
0.0384375 7.55796400200235 33.1251391025259
0.0390625 7.35833777820343 32.5951368768855
0.0396875 7.16662118192919 32.0818276347299
0.0403125 6.98239667470202 31.5844349582224
0.0409375 6.80527422235491 31.1022298443564
0.0415625 6.63488912675305 30.6345271399301
0.0421875 6.47090005620905 30.1806822934125
0.0428125 6.31298725387865 29.740088391319
0.0434375 6.16085090583893 29.3121734504368
0.0440625 6.01420965265724 28.8963979405016
0.0446875 5.87279923009558 28.4922525147606
0.0453125 5.73637122620227 28.0992559283502
0.0459375 5.60469194345226 27.7169531266037
0.0465625 5.47754135583256 27.3449134873204
0.0471875 5.35471215185765 26.9827292027202
0.0478125 5.23600885545794 26.6300137883056
0.0484375 5.1212470175301 26.2864007071662
0.0490625 5.01025247168516 25.9515420994317
0.0496875 4.90286064839265 25.6251076076147
0.0503125 4.79891594230666 25.3067832895078
0.0509375 4.69827112807921 24.9962706111089
0.0515625 4.60078682043297 24.6932855127926
0.0521875 4.50633097467554 24.3975575425793
0.0528125 4.41477842420854 24.1088290509513
0.0534375 4.32601045191139 23.8268544421682
0.0540625 4.23991439257725 23.5513994775189
0.0546875 4.15638326383883 23.2822406263472
0.0553125 4.07531542326134 23.0191644610777
0.0559375 3.99661424948983 22.7619670927975
0.0565625 3.92018784553072 22.5104536442584
0.0571875 3.84594876241808 22.2644377574359
0.0578125 3.77381374167067 22.0237411330312
0.0584375 3.70370347508489 21.7881930995228
0.0590625 3.63554238053538 21.5576302095809
0.0596875 3.56925839256872 21.3318958618365
0.0603125 3.50478276667929 21.1108399461698
0.0609375 3.44204989624906 20.8943185108243
0.0615625 3.380997141219 20.6821934498006
0.0621875 3.32156466763585 20.4743322090991
0.0628125 3.26369529728823 20.2706075105011
0.0634375 3.20733436671012 20.0708970916782
0.0640625 3.15242959488722 19.8750834615155
0.0646875 3.09893095905407 19.6830536696169
0.0653125 3.04679057801944 19.4946990890463
0.0659375 2.99596260249986 19.3099152114249
0.0665625 2.94640311198207 19.1286014535711
0.0671875 2.89807001767199 18.9506609749333
0.0678125 2.85092297112117 18.7760005051183
0.0684375 2.80492327815249 18.6045301808708
0.0690625 2.7600338177353 18.4361633919037
0.0696875 2.71621896548583 18.2708166350258
0.0703125 2.67344452149265 18.1084093760479
0.0709375 2.63167764218872 17.9488639189903
0.0715625 2.59088677601176 17.7921052821432
0.0721875 2.55104160261297 17.6380610805662
0.0728125 2.51211297539143 17.4866614146388
0.0734375 2.47407286714667 17.3378387643013
0.0740625 2.43689431865738 17.1915278886532
0.0746875 2.40055139000597 17.0476657305892
0.0753125 2.36501911448286 16.9061913261861
0.0759375 2.33027345491431 16.7670457185631
0.0765625 2.29629126226885 16.6301718759627
0.0771875 2.26305023640682 16.4955146138091
0.0778125 2.23052888884693 16.3630205205255
0.0784375 2.1987065074314 16.2326378868959
0.0790625 2.1675631227798 16.1043166387781
0.0796875 2.13707947642833 15.9780082729837
0.0803125 2.10723699055798 15.8536657961511
0.0809375 2.0780177392216 15.7312436664511
0.0815625 2.04940442098511 15.6106977379725
0.0821875 2.02138033290384 15.4919852076458
0.0828125 1.99392934575974 15.3750645645693
0.0834375 1.96703588048999 15.2598955416138
0.0840625 1.94068488574147 15.1464390691854
0.0846875 1.91486181649021 15.0346572310364
0.0853125 1.88955261366793 14.9245132220178
0.0859375 1.8647436847419 14.8159713076759
0.0865625 1.84042188519712 14.7089967855989
0.0871875 1.81657450087322 14.6035559484261
0.0878125 1.79318923111109 14.4996160484373
0.0884375 1.77025417266692 14.3971452636427
0.0890625 1.74775780435394 14.2961126653014
0.0896875 1.72568897237425 14.1964881867975
0.0903125 1.70403687630557 14.0982425938093
0.0909375 1.68279105570945 14.0013474557075
0.0915625 1.66194137732971 13.9057751181259
0.0921875 1.64147802285128 13.8114986766471
0.0928125 1.62139147719172 13.7184919515518
0.0934375 1.60167251729884 13.6267294635815
0.0940625 1.58231220142961 13.5361864106674
0.0946875 1.56330185888674 13.4468386455805
0.0953125 1.54463308019072 13.3586626544619
0.0959375 1.52629770766626 13.2716355361918
0.0965625 1.50828782642325 13.1857349825595
0.0971875 1.49059575571331 13.100939259199
0.0978125 1.47321404064427 13.0172271872552
0.0984375 1.45613544423558 12.9345781257488
0.0990625 1.43935293979867 12.8529719546085
0.0996875 1.42285970362723 12.7723890583413
