0.0001953125 0.968948006629944 1.93789601325989
0.0005859375 1.59977376461086 3.19954752922172
0.0009765625 2.47093737125454 4.94187474250907
0.0013671875 3.3594050577716 6.71881011554319
0.0017578125 4.24055424001551 8.48110848003103
0.0021484375 5.10779971426246 10.2155994285249
0.0025390625 5.95871874919396 11.9174374983879
0.0029296875 6.79227610429223 13.5845522085845
0.0033203125 7.60800785878246 15.2160157175649
0.0037109375 8.40572071702923 16.8114414340585
0.0041015625 9.18536313942468 18.3707262788494
0.0044921875 9.94696370933355 19.8939274186671
0.0048828125 10.6905990839005 21.3811981678009
0.0052734375 11.4163761889495 22.8327523778989
0.0056640625 12.1244217815075 24.248843563015
0.0060546875 12.814876052642 25.6297521052841
0.0064453125 13.4878885565394 26.9757771130787
0.0068359375 14.1436155353284 28.2872310706568
0.0072265625 14.7822181115293 29.5644362230587
0.0076171875 15.4038610366683 30.8077220733367
0.0080078125 16.0087118061585 32.0174236123171
0.0083984375 16.5969400211827 33.1938800423654
0.0087890625 17.1687169207479 34.3374338414958
0.0091796875 17.7242150332074 35.4484300664149
0.0095703125 18.263607913135 36.5272158262701
0.0099609375 18.7870699400997 37.5741398801995
0.0103515625 19.294776163012 38.589552326024
0.0107421875 19.7869021784186 39.5738043568372
0.0111328125 20.263624034431 40.527248068862
0.0115234375 20.7251181541881 41.4502363083761
0.0119140625 21.171561274374 42.3431225487479
0.0123046875 21.603130395452 43.206260790904
0.0126953125 22.0200027410823 44.0400054821646
0.0130859375 22.4223557248064 44.8447114496128
0.0134765625 22.8103669225322 45.6207338450645
0.0138671875 23.1842140496627 46.3684280993255
0.0142578125 23.5440749419882 47.0881498839765
0.0146484375 23.8901275396353 47.7802550792705
0.0150390625 24.2225498735138 48.4450997470276
0.0154296875 24.5415200538275 49.0830401076551
0.0158203125 24.8472162602872 49.6944325205743
0.0162109375 25.13981673373 50.2796334674599
0.0166015625 25.4194997689325 50.838999537865
0.0169921875 25.6864437084101 51.3728874168203
0.0173828125 25.940826937055 51.88165387411
0.0177734375 26.1828278774755 52.3656557549509
0.0181640625 26.4126249859419 52.8252499718837
0.0185546875 26.6303967488443 53.2607934976886
0.0189453125 26.8363216795876 53.6726433591753
0.0193359375 27.0305783158608 54.0611566317216
0.0197265625 27.2133452172338 54.4266904344676
0.0201171875 27.3848009630331 54.7696019260661
0.0205078125 27.5451241504589 55.0902483009179
0.0208984375 27.694493392919 55.3889867858379
0.0212890625 27.8330873185354 55.6661746370708
0.0216796875 27.9610845688242 55.9221691376484
0.0220703125 28.0786637975066 56.1573275950133
0.0224609375 28.1860036694502 56.3720073389004
0.0228515625 28.2832828597139 56.5665657194279
0.0232421875 28.3706800526946 56.7413601053892
0.0236328125 28.4483739413523 56.8967478827045
0.0240234375 28.5165432265154 57.0330864530308
0.0244140625 28.5753666162515 57.1507332325029
0.0248046875 28.6250228252959 57.2500456505918
0.0251953125 28.6656905745375 57.3313811490749
0.0255859375 28.6975485905458 57.3950971810916
0.0259765625 28.7207756051464 57.4415512102928
0.0263671875 28.7355503550302 57.4711007100603
0.0267578125 28.7420515813986 57.4841031627972
0.0271484375 28.7404580296393 57.4809160592787
0.0275390625 28.7309484490285 57.461896898057
0.0279296875 28.7137015924608 57.4274031849217
0.0283203125 28.6888962161973 57.3777924323946
0.0287109375 28.6567110796389 57.3134221592778
0.0291015625 28.617324945113 57.234649890226
0.0294921875 28.5709165776825 57.141833155365
0.0298828125 28.5176647449651 57.0353294899303
0.0302734375 28.4577482169695 56.915496433939
0.0306640625 28.3913457659423 56.7826915318847
0.0310546875 28.3186361662268 56.6372723324537
0.0314453125 28.2397981941349 56.4795963882699
0.0318359375 28.1550106278249 56.3100212556498
0.0322265625 28.0644522471883 56.1289044943766
0.0326171875 27.9683018337491 55.9366036674982
0.0330078125 27.8667381705642 55.7334763411285
0.0333984375 27.7599400421354 55.5198800842709
0.0337890625 27.6480862343263 55.2961724686526
0.0341796875 27.5313555342831 55.0627110685662
0.0345703125 27.4099267303629 54.8198534607258
0.0349609375 27.2839786120656 54.5679572241312
0.0353515625 27.1536899699711 54.3073799399423
0.0357421875 27.0192395956812 54.0384791913624
0.0361328125 26.8808062817621 53.7616125635242
0.0365234375 26.738568821695 53.4771376433901
0.0369140625 26.5927060098267 53.1854120196533
0.0373046875 26.4433966413239 52.8867932826478
0.0376953125 26.2908195121322 52.5816390242645
0.0380859375 26.1351534189349 52.2703068378698
0.0384765625 25.9765771591147 51.9531543182293
0.0388671875 25.8152695307206 51.6305390614411
0.0392578125 25.6514093324343 51.3028186648685
0.0396484375 25.4851753635386 50.9703507270771
0.0400390625 25.3167464238869 50.6334928477739
0.0404296875 25.1463013138776 50.2926026277552
0.0408203125 24.9740188344271 49.9480376688541
0.0412109375 24.8000777869454 49.6001555738908
0.0416015625 24.6246569733131 49.2493139466262
0.0419921875 24.4479351958593 48.8958703917186
0.0423828125 24.2700912573402 48.5401825146803
0.0427734375 24.0913039609207 48.1826079218413
0.0431640625 23.9117521101561 47.8235042203121
0.0435546875 23.731614508974 47.463229017948
0.0439453125 23.551069961657 47.102139923314
0.0443359375 23.3702972728284 46.7405945456568
0.0447265625 23.1894752474366 46.3789504948733
0.0451171875 23.008782690741 46.0175653814821
0.0455078125 22.8283984082998 45.6567968165996
0.0458984375 22.6485012059553 45.2970024119105
0.0462890625 22.4692698898234 44.9385397796468
0.0466796875 22.2908832662813 44.5817665325626
0.0470703125 22.1135201419575 44.2270402839151
0.0474609375 21.9373593237212 43.8747186474424
0.0478515625 21.7625796186719 43.5251592373437
0.0482421875 21.5893598341305 43.178719668261
0.0486328125 21.4178787776305 42.835757555261
0.0490234375 21.2483152569092 42.4966305138183
0.0494140625 21.0808480799001 42.1616961598002
0.0498046875 20.915656054725 41.8313121094501
0.0501953125 6.91756399374192 41.5058061770508
0.0505859375 6.8635879566289 41.1852980212437
0.0509765625 6.80988513462381 40.8697018678238
0.0513671875 6.75644983138582 40.5589056559015
0.0517578125 6.70327678805293 40.2528007075554
0.0521484375 6.65036116589228 39.951281601132
0.0525390625 6.59769852940784 39.654246050194
0.0529296875 6.54528482988582 39.3615947878308
0.0533203125 6.49311638935792 39.0732314560526
0.0537109375 6.44118988496565 38.7890625000083
0.0541015625 6.3895023337119 38.5089970667958
0.0544921875 6.33805107758221 38.232946908611
0.0548828125 6.28683376902721 37.9608262900447
0.0552734375 6.23584835679182 37.692551899302
0.0556640625 6.18509307208363 37.4280427631672
0.0560546875 6.13456641506865 37.1672201655145
0.0564453125 6.08426714168999 36.9100075692135
0.0568359375 6.03419425079906 36.6563305412463
0.0572265625 5.98434697159526 36.4061166808969
0.0576171875 5.93472475136728 36.1592955508569
0.0580078125 5.88532724353257 35.9157986111209
0.0583984375 5.83615429596897 35.6755591555286
0.0587890625 5.78720593963631 35.4385122508405
0.0591796875 5.73848237748436 35.2045946782279
0.0595703125 5.68998397364325 34.9737448770595
0.0599609375 5.64171124289516 34.7459028908896
0.0603515625 5.59366484042478 34.5210103155439
0.0607421875 5.5458455518459 34.2990102492061
0.0611328125 5.49825428350282 34.079847244419
0.0615234375 5.45089205304528 33.8634672619149
0.0619140625 5.40375998027493 33.6498176261932
0.0623046875 5.35685927826194 33.4388469827687
0.0626953125 5.31019124473076 33.230505257019
0.0630859375 5.26375725371352 33.0247436145614
0.0634765625 5.21755874746859 32.8215144230865
0.0638671875 5.17159722866602 32.620771215606
0.0642578125 5.12587425283389 32.4224686550253
0.0646484375 5.08039142106796 32.2265625000105
0.0650390625 5.03515037300087 32.0330095720825
0.0654296875 4.99015278002993 31.8417677238909
0.0658203125 4.94540033880085 31.6527958086152
0.0662109375 4.90089476494653 31.4660536504529
0.0666015625 4.85663778707682 31.2815020161395
0.0669921875 4.81263114101967 31.0991025874741
0.0673828125 4.76887656430829 30.918817934793
0.0677734375 4.72537579091359 30.740611491365
0.0681640625 4.68213054621778 30.5644475286639
0.0685546875 4.63914254222725 30.3902911324896
0.0689453125 4.59641347302036 30.2181081798976
0.0693359375 4.55394501042775 30.0478653169124
0.0697265625 4.51173879994077 29.8795299369856
0.0701171875 4.469796456845 29.7130701601782
0.0705078125 4.42811956257437 29.5484548130306
0.0708984375 4.38670966128235 29.3856534091017
0.0712890625 4.34556825662604 29.2246361301477
0.0716796875 4.30469680875788 29.0653738079126
0.0720703125 4.264096731522 28.9078379065151
0.0724609375 4.22376938984936 28.7520005054022
0.0728515625 4.18371609734773 28.5978342828531
0.0732421875 4.14393811408154 28.445312500011
0.0736328125 4.10443664453634 28.2944089854222
0.0740234375 4.06521283576321 28.145098120064
0.0744140625 4.02626777569811 27.9973548228461
0.0748046875 3.98760249165079 27.8511545365646
0.0751953125 3.94921794895854 27.7064732142968
0.0755859375 3.91111504979857 27.5632873062129
0.0759765625 3.87329463215487 27.4215737467981
0.0763671875 3.83575746893374 27.281309942467
0.0767578125 3.79850426722239 27.1424737595536
0.0771484375 3.76153566768615 27.0050435126699
0.0775390625 3.7248522440979 26.8689979534125
0.0779296875 3.68845450299514 26.7343162594105
0.0783203125 3.65234288345956 26.6009780237028
0.0787109375 3.6165177570132 26.468963244429
0.0791015625 3.5809794276264 26.3382523148266
0.0794921875 3.54572813183271 26.2088260135254
0.0798828125 3.51076403894472 26.080665495122
0.0802734375 3.47608725136688 25.9537522810339
0.0806640625 3.44169780499959 25.8280682506173
0.0810546875 3.40759566972991 25.7035956325422
0.0814453125 3.37378075000412 25.5803169964149
0.0818359375 3.34025288547737 25.4582152446421
0.0822265625 3.30701185173579 25.3372736045253
0.0826171875 3.27405736108641 25.2174756205797
0.0830078125 3.24138906341078 25.0988051470709
0.0833984375 3.20900654707778 24.9812463407614
0.0837890625 3.17690933991106 24.8647836538583
0.0841796875 3.14509691020767 24.7494018271585
0.0845703125 3.11356866780347 24.6350858833842
0.0849609375 3.08232396518148 24.5218211207019
0.0853515625 3.0513620986196 24.4095931064195
0.0857421875 3.02068230937373 24.2983876708552
0.0861328125 2.99028378489306 24.1881909013728
0.0865234375 2.96016566006427 24.0789891365812
0.0869140625 2.93032701848077 23.9707689606863
0.0873046875 2.90076689373455 23.8635171979988
0.0876953125 2.87148427072707 23.7572209075846
0.0880859375 2.84247808699656 23.6518673780612
0.0884765625 2.81374723405886 23.5474441225288
0.0888671875 2.78529055875925 23.4439388736386
0.0892578125 2.75710686463245 23.3413395787868
0.0896484375 2.72919491326859 23.2396343954371
0.0900390625 2.70155342568288 23.1388116865633
0.0904296875 2.67418108368649 23.0388600162109
0.0908203125 2.64707653125698 22.9397681451735
0.0912109375 2.62023837590577 22.8415250267787
0.0916015625 2.59366519004137 22.744119802784
0.0919921875 2.56735551232599 22.6475417993752
0.0923828125 2.54130784902451 22.5517805232678
0.0927734375 2.51552067534369 22.4568256579067
0.0931640625 2.48999243676043 22.3626670597604
0.0935546875 2.4647215503378 22.2692947547092
0.0939453125 2.43970640602723 22.1766989345233
0.0943359375 2.41494536795608 22.084869953428
0.0947265625 2.39043677569916 21.993798324754
0.0951171875 2.36617894553337 21.9034747176709
0.0955078125 2.34217017167449 21.8138899539994
0.0958984375 2.31840872749521 21.7250350051033
0.0962890625 2.29489286672367 21.6369009888554
0.0966796875 2.27162082462188 21.5494791666782
0.0970703125 2.24859081914312 21.4627609406553
0.0974609375 2.22580105206814 21.3767378507128
0.0978515625 2.20324971011931 21.2914015718677
0.0982421875 2.1809349660524 21.2067439115421
0.0986328125 2.15885497972575 21.122756806942
0.0990234375 2.13700789914622 21.0394323224964
0.0994140625 2.11539186149186 20.9567626473589
0.0998046875 2.09400499411101 20.8747400929661
