0 1.35641905237179
0.003125 1.33350702692013
0.00625 1.29818134078324
0.009375 1.24757461318315
0.0125 1.18411099340601
0.015625 1.11054826537189
0.01875 1.02952712986829
0.021875 0.943467192757975
0.025 0.85453229438151
0.028125 0.76461623342893
0.03125 0.675336004563156
0.034375 0.588028256222731
0.0375 0.503747288510328
0.040625 0.423263851925856
0.04375 0.347064391013222
0.046875 0.275350548818566
0.05 0.208038831200669
0.053125 0.186967677240771
0.05625 0.167203460874613
0.059375 0.148699210307582
0.0625 0.131409717466038
0.065625 0.1152890785231
0.06875 0.100289289046461
0.071875 0.086359670278132
0.075 0.073446915194584
0.078125 0.0614955593097642
0.08125 0.0504487051437435
0.084375 0.0402488597519261
0.0875 0.0308387783079463
0.090625 0.0221622396684275
0.09375 0.0141647090813806
0.096875 0.00679386692602558
0.1 0
