9.765625e-05 0.486375764012337 0.972751528024673
0.00029296875 0.806826477249842 1.61365295449968
0.00048828125 1.25243254006023 2.50486508012045
0.00068359375 1.71160937420041 3.42321874840081
0.00087890625 2.17197856141638 4.34395712283276
0.00107421875 2.63018042526596 5.26036085053192
0.00126953125 3.08493653742403 6.16987307484806
0.00146484375 3.53566221893061 7.07132443786122
0.00166015625 3.9820584523352 7.96411690467039
0.00185546875 4.42396153352888 8.84792306705776
0.00205078125 4.86127863682441 9.72255727364882
0.00224609375 5.29395699825045 10.5879139965009
0.00244140625 5.72196789085865 11.4439357817173
0.00263671875 6.14529772213132 12.2905954442626
0.00283203125 6.56394281521102 13.127885630422
0.00302734375 6.97790621029071 13.9558124205814
0.00322265625 7.38719562915549 14.774391258311
0.00341796875 7.79182213757963 15.5836442751593
0.00361328125 8.19179924154923 16.3835984830985
0.00380859375 8.58714226155939 17.1742845231188
0.00400390625 8.97786789005977 17.9557357801195
0.00419921875 9.36399387239135 18.7279877447827
0.00439453125 9.74553877280982 19.4910775456196
0.00458984375 10.1225218002492 20.2450436004983
0.00478515625 10.4949626767529 20.9899253535059
0.00498046875 10.8628815368695 21.725763073739
0.00517578125 11.2262988498208 22.4525976996415
0.00537109375 11.5852353586411 23.1704707172821
0.00556640625 11.939712032156 23.8794240643119
0.00576171875 12.2897500267015 24.5795000534031
0.00595703125 12.6353706553857 25.2707413107714
0.00615234375 12.9765953632148 25.9531907264295
0.00634765625 13.3134457067843 26.6268914135685
0.00654296875 13.6459433376388 27.2918866752775
0.00673828125 13.9741099885021 27.9482199770041
0.00693359375 14.2979674618459 28.5959349236919
0.00712890625 14.6175376203382 29.2350752406765
0.00732421875 14.9328423788165 29.8656847576331
0.00751953125 15.2439036975068 30.4878073950135
0.00771484375 15.550743576282 31.101487152564
0.00791015625 15.8533840497728 31.7067680995456
0.00810546875 16.1518471831698 32.3036943663396
0.00830078125 16.4461550686337 32.8923101372675
0.00849609375 16.7363298221937 33.4726596443875
0.00869140625 17.0223935810725 34.044787162145
0.00888671875 17.3043685013477 34.6087370026953
0.00908203125 17.5822767559259 35.1645535118519
0.00927734375 17.8561405327775 35.7122810655551
0.00947265625 18.1259820333776 36.2519640667551
0.00966796875 18.3918234713474 36.7836469426948
0.00986328125 18.6536870712428 37.3073741424855
0.01005859375 18.9115950675011 37.8231901350023
0.01025390625 19.1655697034957 38.3311394069915
0.01044921875 19.415633230708 38.8312664614159
0.01064453125 19.6618079079701 39.3236158159402
0.01083984375 19.9041160008153 39.8082320016306
0.01103515625 20.1425797808781 40.2851595617562
0.01123046875 20.3772215253662 40.7544430507323
0.01142578125 20.6080635165847 41.2161270331694
0.01162109375 20.8351280415036 41.6702560830072
0.01181640625 21.0584373913809 42.1168747827619
0.01201171875 21.2780138614028 42.5560277228055
0.01220703125 21.493879750376 42.987759500752
0.01240234375 21.7060573604454 43.4121147208907
0.01259765625 21.9145689968275 43.829137993655
0.01279296875 22.1194369675823 44.2388739351645
0.01298828125 22.320683583398 44.641367166796
0.01318359375 22.5183311573937 45.0366623147875
0.01337890625 22.7124020049439 45.4248040098878
0.01357421875 22.9029184435171 45.8058368870343
0.01376953125 23.0899027925273 46.1798055850545
0.01396484375 23.2733773731945 46.5467547463891
0.01416015625 23.4533645084241 46.9067290168482
0.01435546875 23.6298865226922 47.2597730453845
0.01455078125 23.8029657419361 47.6059314838722
0.01474609375 23.9726244934604 47.9452489869209
0.01494140625 24.1388851058502 48.2777702117005
0.01513671875 24.3017699088841 48.6035398177683
0.01533203125 24.4613012334594 48.9226024669188
0.01552734375 24.6175014115215 49.235002823043
0.01572265625 24.770392776004 49.5407855520079
0.01591796875 24.9199976607576 49.8399953215153
0.01611328125 25.0663384005031 50.1326768010063
0.01630859375 25.2094373307784 50.4188746615569
0.01650390625 25.3493167878855 50.6986335757711
0.01669921875 25.4859991088483 50.9719982176966
0.01689453125 25.6195066313751 51.2390132627502
0.01708984375 25.749861693813 51.4997233876261
0.01728515625 25.8770866351165 51.754173270233
0.01748046875 26.0012037948081 52.0024075896163
0.01767578125 26.122235512953 52.244471025906
0.01787109375 26.2402041301266 52.4804082602532
0.01806640625 26.3551319873864 52.7102639747727
0.01826171875 26.4670414262503 52.9340828525005
0.01845703125 26.5759547886614 53.1519095773228
0.01865234375 26.6818944169802 53.3637888339604
0.01884765625 26.7848826539546 53.5697653079092
0.01904296875 26.884941842701 53.769883685402
0.01923828125 26.9820943266848 53.9641886533695
0.01943359375 27.0763624497022 54.1527248994043
0.01962890625 27.1677685558711 54.3355371117423
0.01982421875 27.2563349896092 54.5126699792183
0.02001953125 27.3420840956175 54.6841681912349
0.02021484375 27.4250382188671 54.8500764377343
0.02041015625 27.5052197045915 55.0104394091829
0.02060546875 27.5826508982709 55.1653017965418
0.02080078125 27.6573541456207 55.3147082912415
0.02099609375 27.7293517925807 55.4587035851614
0.02119140625 27.7986661853015 55.597332370603
0.02138671875 27.8653196701413 55.7306393402826
0.02158203125 27.9293345936514 55.8586691873029
0.02177734375 27.9907333025722 55.9814666051443
0.02197265625 28.0495381438186 56.0990762876372
0.02216796875 28.1057714644766 56.2115429289531
0.02236328125 28.1594556117949 56.3189112235898
0.02255859375 28.210612933176 56.421225866352
0.02275390625 28.2592657761779 56.5185315523559
0.02294921875 28.305436488493 56.610872976986
0.02314453125 28.3491474179556 56.6982948359112
0.02333984375 28.3904209125279 56.7808418250559
0.02353515625 28.4292793202974 56.8585586405948
0.02373046875 28.4657449894752 56.9314899789504
0.02392578125 28.4998402683868 56.9996805367737
0.02412109375 28.5315875054658 57.0631750109317
0.02431640625 28.5610090492531 57.1220180985063
0.02451171875 28.5881272483908 57.1762544967817
0.02470703125 28.612964451624 57.2259289032479
0.02490234375 28.6355430077856 57.2710860155712
0.02509765625 28.6558852658015 57.3117705316031
0.02529296875 28.6740135746845 57.348027149369
0.02548828125 28.6899502835314 57.3799005670628
0.02568359375 28.7037177415209 57.4074354830418
0.02587890625 28.7153382979056 57.4306765958113
0.02607421875 28.724834302015 57.44966860403
0.02626953125 28.7322281032493 57.4644562064987
0.02646484375 28.7375420510779 57.4750841021557
0.02666015625 28.7407984950403 57.4815969900806
0.02685546875 28.7420197847337 57.4840395694673
0.02705078125 28.7412282698216 57.4824565396432
0.02724609375 28.7384463000257 57.4768926000513
0.02744140625 28.733696225126 57.467392450252
0.02763671875 28.7270003949584 57.4540007899168
0.02783203125 28.7183811594099 57.4367623188198
0.02802734375 28.7078608684214 57.4157217368429
0.02822265625 28.6954618719818 57.3909237439636
0.02841796875 28.6812065201303 57.3624130402607
0.02861328125 28.6651171629529 57.3302343259058
0.02880859375 28.647216150577 57.2944323011541
0.02900390625 28.6275258331773 57.2550516663546
0.02919921875 28.6060685609669 57.2121371219339
0.02939453125 28.5828666842031 57.1657333684061
0.02958984375 28.5579425531807 57.1158851063615
0.02978515625 28.5313185182332 57.0626370364664
0.02998046875 28.5030169297283 57.0060338594567
0.03017578125 28.4730601380716 56.9461202761431
0.03037109375 28.4414704937024 56.8829409874047
0.03056640625 28.4082703470943 56.8165406941887
0.03076171875 28.3734820487524 56.7469640975048
0.03095703125 28.3371279492127 56.6742558984254
0.03115234375 28.2992303990403 56.5984607980806
0.03134765625 28.2598117488317 56.5196234976634
0.03154296875 28.2188943492116 56.4377886984232
0.03173828125 28.1765005508311 56.3530011016621
0.03193359375 28.1326527043694 56.2653054087389
0.03212890625 28.08737316053 56.17474632106
0.03232421875 28.0406842700421 56.0813685400842
0.03251953125 27.992608383658 55.9852167673159
0.03271484375 27.9431678521564 55.8863357043128
0.03291015625 27.8923850263368 55.7847700526736
0.03310546875 27.8402822570223 55.6805645140446
0.03330078125 27.786881895056 55.573763790112
0.03349609375 27.7322062913015 55.464412582603
0.03369140625 27.6762777966451 55.3525555932902
0.03388671875 27.6191187619924 55.2382375239847
0.03408203125 27.5607515382671 55.1215030765343
0.03427734375 27.5011984764114 55.0023969528229
0.03447265625 27.4404819273855 54.8809638547709
0.03466796875 27.3786242421681 54.7572484843363
0.03486328125 27.3156477717561 54.6312955435121
0.03505859375 27.2515748671606 54.5031497343211
0.03525390625 27.1864278794106 54.3728557588213
0.03544921875 27.1202291595483 54.2404583190967
0.03564453125 27.0530010586339 54.1060021172677
0.03583984375 26.9847659277434 53.9695318554868
0.03603515625 26.9155461179633 53.8310922359267
0.03623046875 26.8453639803977 53.6907279607954
0.03642578125 26.7742418661618 53.5484837323236
0.03662109375 26.7022021263853 53.4044042527705
0.03681640625 26.629267112213 53.2585342244261
0.03701171875 26.5554591747991 53.1109183495983
0.03720703125 26.4808006653112 52.9616013306224
0.03740234375 26.4053139349289 52.8106278698579
0.03759765625 26.3290213348444 52.6580426696887
0.03779296875 26.2519452162593 52.5038904325186
0.03798828125 26.1741079303889 52.3482158607777
0.03818359375 26.0955318284573 52.1910636569146
0.03837890625 26.0162392616991 52.0324785233981
0.03857421875 25.93625258136 51.87250516272
0.03876953125 25.8555941386956 51.7111882773912
0.03896484375 25.7742862849719 51.5485725699438
0.03916015625 25.6923513714634 51.3847027429267
0.03935546875 25.6098117494523 51.2196234989045
0.03955078125 25.5266897702336 51.0533795404672
0.03974609375 25.443007785108 50.886015570216
0.03994140625 25.3587881453876 50.7175762907752
0.04013671875 25.2740532023893 50.5481064047785
0.04033203125 25.1888253074409 50.3776506148819
0.04052734375 25.1031268118777 50.2062536237554
0.04072265625 25.0169800670429 50.0339601340858
0.04091796875 24.9304074242866 49.8608148485732
0.04111328125 24.8434312349667 49.6868624699334
0.04130859375 24.7560738504475 49.5121477008951
0.04150390625 24.6683576221022 49.3367152442045
0.04169921875 24.5803049013099 49.1606098026199
0.04189453125 24.4919380394572 48.9838760789144
0.04208984375 24.403279387935 48.80655877587
0.04228515625 24.3143512981433 48.6287025962866
0.04248046875 24.2251761214877 48.4503522429753
0.04267578125 24.135776209379 48.271552418758
0.04287109375 24.0461739132357 48.0923478264714
0.04306640625 23.9563915844798 47.9127831689595
0.04326171875 23.8664515745407 47.7329031490814
0.04345703125 23.7763762348541 47.5527524697083
0.04365234375 23.6861879168589 47.3723758337178
0.04384765625 23.5959089720021 47.1918179440041
0.04404296875 23.5055617517338 47.0111235034676
0.04423828125 23.41516860751 46.83033721502
0.04443359375 23.3247518907916 46.6495037815832
0.04462890625 23.2343339530451 46.4686679060901
0.04482421875 23.1439371457407 46.2878742914813
0.04501953125 23.0535838203542 46.1071676407084
0.04521484375 22.9632963283652 45.9265926567303
0.04541015625 22.8730970212587 45.7461940425173
0.04560546875 22.7830082505233 45.5660165010465
0.04580078125 22.6930523676526 45.3861047353053
0.04599609375 22.6032517241444 45.2065034482888
0.04619140625 22.5136286714994 45.0272573429987
0.04638671875 22.4242055612237 44.8484111224474
0.04658203125 22.335004744827 44.6700094896539
0.04677734375 22.246048573823 44.4920971476461
0.04697265625 22.1573593997292 44.3147187994583
0.04716796875 22.0689595740657 44.1379191481315
0.04736328125 21.9808714483577 43.9617428967154
0.04755859375 21.8931173741333 43.7862347482667
0.04775390625 21.8057197029245 43.611439405849
0.04794921875 21.7187007862668 43.4374015725336
0.04814453125 21.6320829756978 43.2641659513956
0.04833984375 21.5458886227594 43.0917772455189
0.04853515625 21.4601400789971 42.9202801579942
0.04873046875 21.3748596959589 42.7497193919177
0.04892578125 21.2900698251961 42.5801396503923
0.04912109375 21.2057928182625 42.411585636525
0.04931640625 21.1220510267161 42.2441020534322
0.04951171875 21.0388668021166 42.0777336042332
0.04970703125 20.9562624960272 41.9125249920543
0.04990234375 20.874260460014 41.7485209200279
0.05009765625 6.93094276803421 41.585762365999
0.05029296875 6.9038860258766 41.4242642597248
0.05048828125 6.87689872109388 41.264015655238
0.05068359375 6.84998008496265 41.1050021074347
0.05087890625 6.8231293774943 40.9472093930111
0.05107421875 6.79634588687122 40.7906235062296
0.05126953125 6.76962892889023 40.6352306547773
0.05146484375 6.74297784641183 40.4810172557086
0.05166015625 6.71639200881856 40.3279699314903
0.05185546875 6.6898708114806 40.1760755061356
0.05205078125 6.6634136752279 40.025321001422
0.05224609375 6.63702004582902 39.8756936331932
0.05244140625 6.61068939347686 39.7271808077441
0.05263671875 6.58442121228163 39.5797701182905
0.05283203125 6.55821501976973 39.4334493415131
0.05302734375 6.53207035638872 39.2882064341772
0.05322265625 6.50598678501936 39.1440295298318
0.05341796875 6.47996389049254 39.0009069355739
0.05361328125 6.45400127911302 38.8588271288881
0.05380859375 6.42809857818875 38.7177787545547
0.05400390625 6.40225543556625 38.5777506216248
0.05419921875 6.37647151917221 38.4387317004665
0.05439453125 6.35074651655785 38.3007111198554
0.05458984375 6.32508013445189 38.1636781641486
0.05478515625 6.29947209831883 38.027622270517
0.05498046875 6.2739221519189 37.8925330262158
0.05517578125 6.24843005687879 37.7584001659458
0.05537109375 6.22299559226278 37.6252135692413
0.05556640625 6.19761855415092 37.4929632579261
0.05576171875 6.17229875522284 37.3616393936254
0.05595703125 6.14703602434531 37.2312322753228
0.05615234375 6.12183020616584 37.1017323369748
0.05634765625 6.09668116070964 36.973130145166
0.05654296875 6.07158876298314 36.8454163968233
0.05673828125 6.04655290258151 36.7185819169721
0.05693359375 6.02157348330039 36.5926176565363
0.05712890625 5.99665042275348 36.4675146901899
0.05732421875 5.97178365199355 36.343264214245
0.05751953125 5.94697311513869 36.2198575445867
0.05771484375 5.92221876900425 36.0972861146565
0.05791015625 5.89752058273646 35.9755414734594
0.05810546875 5.87287853745451 35.854615283634
0.05830078125 5.84829262589253 35.7344993195347
0.05849609375 5.82376285205072 35.6151854653801
0.05869140625 5.79928923084722 35.4966657134149
0.05888671875 5.77487178777716 35.3789321621272
0.05908203125 5.75051055857358 35.2619770144832
0.05927734375 5.7262055888755 35.1457925762157
0.05947265625 5.70195693389749 35.0303712541272
0.05966796875 5.67776465810567 34.9157055544399
0.05986328125 5.65362883489826 34.801788081179
0.06005859375 5.62954954628808 34.6886115345731
0.06025390625 5.60552688259222 34.5761687095026
0.06044921875 5.58156094212322 34.464452493962
0.06064453125 5.55765183088809 34.3534558675731
0.06083984375 5.53379966228732 34.2431719001009
0.06103515625 5.51000455682185 34.1335937500202
0.06123046875 5.48626664180247 34.0247146630987
0.06142578125 5.46258605106331 33.916527971007
0.06162109375 5.43896292468034 33.8090270899582
0.06181640625 5.41539740869382 33.7022055193731
0.06201171875 5.39188965483518 33.5960568405712
0.06220703125 5.36843982025772 33.4905747154844
0.06240234375 5.34504806727043 33.3857528853884
0.06259765625 5.32171456307921 33.2815851696771
0.06279296875 5.29843947952884 33.1780654646394
0.06298828125 5.27522299285081 33.0751877422693
0.06318359375 5.25206528341485 32.972946049095
0.06337890625 5.22896653548472 32.8713345050304
0.06357421875 5.20592693697822 32.7703473022489
0.06376953125 5.182946679232 32.6699787040818
0.06396484375 5.16002595676731 32.5702230439171
0.06416015625 5.13716496706465 32.471074724149
0.06435546875 5.11436391033868 32.3725282151221
0.06455078125 5.09162298931933 32.2745780541087
0.06474609375 5.0689424090352 32.1772188442932
0.06494140625 5.04632237660253 32.0804452537846
0.06513671875 5.02376310101752 31.9842520146431
0.06533203125 5.00126479295268 31.8886339219234
0.06552734375 4.97882766455746 31.7935858327378
0.06572265625 4.95645192926204 31.6991026653306
0.06591796875 4.93413780158598 31.6051793981746
0.06611328125 4.91188549695032 31.5118110690809
0.06630859375 4.889695231494 31.4189927743268
0.06650390625 4.86756722189348 31.3267196677943
0.06669921875 4.84550168518695 31.2349869601291
0.06689453125 4.82349883860188 31.1437899179106
0.06708984375 4.80155889938651 31.0531238628369
0.06728515625 4.77968208464567 30.9629841709274
0.06748046875 4.75786861117967 30.8733662717351
0.06767578125 4.73611869532739 30.784265647575
0.06787109375 4.71443255281265 30.6956778327625
0.06806640625 4.69281039859489 30.6075984128692
0.06826171875 4.67125244672346 30.5200230239911
0.06845703125 4.64975891019506 30.4329473520254
0.06865234375 4.62833000081545 30.3463671319641
0.06884765625 4.6069659290638 30.2602781471932
0.06904296875 4.58566690396218 30.174676228814
0.06923828125 4.56443313294713 30.0895572549665
0.06943359375 4.54326482174586 30.0049171501706
0.06962890625 4.52216217425473 29.9207518846712
0.06982421875 4.50112539242298 29.837057473806
0.07001953125 4.48015467613715 29.7538299773652
0.07021484375 4.45925022311258 29.6710654989866
0.07041015625 4.43841222878447 29.5887601855354
0.07060546875 4.41764088620552 29.5069102265159
0.07080078125 4.39693638594456 29.4255118534774
0.07099609375 4.37629891598959 29.3445613394376
0.07119140625 4.35572866165394 29.2640549983145
0.07138671875 4.33522580548527 29.1839891843654
0.07158203125 4.31479052717819 29.1043602916383
0.07177734375 4.29442300348988 29.0251647534306
0.07197265625 4.27412340815792 28.9463990417514
0.07216796875 4.25389191182354 28.8680596668085
0.07236328125 4.23372868195443 28.7901431764796
0.07255859375 4.21363388277385 28.7126461558151
0.07275390625 4.19360767519116 28.6355652265384
0.07294921875 4.17365021673433 28.5588970465478
0.07314453125 4.15376166148739 28.4826383094408
0.07333984375 4.13394216002935 28.4067857440359
0.07353515625 4.11419185937625 28.3313361139057
0.07373046875 4.09451090292592 28.2562862169158
0.07392578125 4.07489943040524 28.1816328847702
0.07412109375 4.05535757782104 28.1073729825708
0.07431640625 4.03588547741201 28.0335034083719
0.07451171875 4.01648325760483 27.9600210927537
0.07470703125 3.99715104297172 27.8869229983939
0.07490234375 3.9778889541909 27.8142061196502
0.07509765625 3.95869710800966 27.7418674821481
0.07529296875 3.9395756172096 27.6699041423756
0.07548828125 3.9205245905746 27.5983131872851
0.07568359375 3.90154413286076 27.5270917338993
0.07587890625 3.88263434476841 27.4562369289217
0.07607421875 3.86379532291741 27.3857459483605
0.07626953125 3.84502715982336 27.3156159971478
0.07646484375 3.82632994387748 27.2458443087774
0.07666015625 3.80770375932691 27.1764281449336
0.07685546875 3.78914868625849 27.1073647951373
0.07705078125 3.77066480058396 27.038651576392
0.07724609375 3.75225217402722 26.970285832836
0.07744140625 3.73391087411385 26.9022649354012
0.07763671875 3.71564096416229 26.8345862814763
0.07783203125 3.69744250327663 26.767247294572
0.07802734375 3.67931554634215 26.7002454239979
0.07822265625 3.66126014402145 26.6335781445366
0.07841796875 3.64327634275391 26.567242956132
0.07861328125 3.625364184755 26.5012373835702
0.07880859375 3.60752370801887 26.4355589761763
0.07900390625 3.58975494632162 26.3702053075086
0.07919921875 3.57205792922663 26.3051739750606
0.07939453125 3.55443268209157 26.2404625999679
0.07958984375 3.53687922607644 26.176068826717
0.07978515625 3.51939757815316 26.1119903228572
0.07998046875 3.50198775111739 26.0482247787237
0.08017578125 3.48464975360052 25.9847699071551
0.08037109375 3.46738359008445 25.9216234432251
0.08056640625 3.4501892609163 25.8587831439693
0.08076171875 3.4330667623253 25.79624678812
0.08095703125 3.41601608644062 25.7340121758448
0.08115234375 3.39903722131073 25.67207712849
0.08134765625 3.38213015092357 25.6104394883252
0.08154296875 3.36529485522806 25.549097118293
0.08173828125 3.34853131015663 25.4880479017615
0.08193359375 3.33183948764898 25.4272897422821
0.08212890625 3.31521935567654 25.3668205633467
0.08232421875 3.29867087826862 25.3066383081553
0.08251953125 3.28219401553863 25.2467409393784
0.08271484375 3.26578872371208 25.1871264389306
0.08291015625 3.24945495515514 25.1277928077438
0.08310546875 3.2331926584035 25.0687380655393
0.08330078125 3.21700177819352 25.0099602506144
0.08349609375 3.20088225549238 24.9514574196185
0.08369140625 3.18483402753063 24.8932276473437
0.08388671875 3.16885702783452 24.8352690265122
0.08408203125 3.15295118625905 24.7775796675655
0.08427734375 3.13711642902252 24.7201576984638
0.08447265625 3.12135267874066 24.6630012644788
0.08466796875 3.10565985446228 24.6061085279976
0.08486328125 3.09003787170504 24.5494776683243
0.08505859375 3.07448664249183 24.4931068814858
0.08525390625 3.05900607538764 24.4369943800387
0.08544921875 3.04359607553753 24.3811383928844
0.08564453125 3.02825654470407 24.3255371650781
0.08583984375 3.0129873813063 24.2701889576492
0.08603515625 2.99778848045811 24.2150920474163
0.08623046875 2.98265973400792 24.1602447268103
0.08642578125 2.96760103057835 24.1056453036992
0.08662109375 2.95261225560591 24.0512921012102
0.08681640625 2.93769329138193 23.9971834575632
0.08701171875 2.92284401709267 23.943317725896
0.08720703125 2.90806430886082 23.8896932741022
0.08740234375 2.8933540397864 23.836308484663
0.08759765625 2.87871307998831 23.7831617544853
0.08779296875 2.86414129664619 23.7302514947423
0.08798828125 2.84963855404218 23.6775761307139
0.08818359375 2.8352047136031 23.6251341016314
0.08837890625 2.82083963394269 23.5729238605228
0.08857421875 2.80654317090395 23.5209438740609
0.08876953125 2.79231517760167 23.4691926224127
0.08896484375 2.77815550446515 23.4176685990925
0.08916015625 2.76406399928073 23.3663703108141
0.08935546875 2.75004050723467 23.3152962773478
0.08955078125 2.73608487095592 23.2644450313774
0.08974609375 2.72219693055899 23.2138151183601
0.08994140625 2.70837652368677 23.1634050963877
0.09013671875 2.69462348555331 23.1132135360486
0.09033203125 2.68093764898685 23.063239020295
0.09052734375 2.66731884447239 23.0134801443071
0.09072265625 2.65376690019458 22.9639355153633
0.09091796875 2.64028164208041 22.9146037527095
0.09111328125 2.62686289384165 22.8654834874302
0.09130859375 2.6135104770176 22.8165733623235
0.09150390625 2.60022421101729 22.7678720317745
0.09169921875 2.58700391316186 22.7193781616324
0.09189453125 2.57384939872669 22.6710904290889
0.09208984375 2.5607604809835 22.6230075225584
0.09228515625 2.54773697124211 22.5751281415581
0.09248046875 2.53477867889222 22.5274509965922
0.09267578125 2.5218854114447 22.4799748090335
0.09287109375 2.50905697457322 22.4326983110124
0.09306640625 2.49629317215519 22.3856202453017
0.09326171875 2.48359380631284 22.3387393652069
0.09345703125 2.47095867745367 22.2920544344541
0.09365234375 2.45838758431114 22.2455642270831
0.09384765625 2.44588032398481 22.1992675273387
0.09404296875 2.43343669198039 22.1531631295664
0.09423828125 2.42105648224944 22.1072498381061
0.09443359375 2.40873948722888 22.0615264671898
0.09462890625 2.39648549788013 22.0159918408386
0.09482421875 2.38429430372811 21.9706447927627
0.09501953125 2.3721656928999 21.9254841662614
0.09521484375 2.36009945216312 21.8805088141256
0.09541015625 2.34809536696389 21.8357175985388
0.09560546875 2.33615322146467 21.791109390983
0.09580078125 2.32427279858176 21.7466830721431
0.09599609375 2.31245388002234 21.7024375318131
0.09619140625 2.3006962463214 21.6583716688043
0.09638671875 2.28899967687817 21.6144843908533
0.09658203125 2.27736394999231 21.5707746145321
0.09677734375 2.26578884289975 21.5272412651586
0.09697265625 2.25427413180825 21.483883276709
0.09716796875 2.24281959193249 21.4406995917307
0.09736328125 2.2314249975289 21.3976891612558
0.09755859375 2.22009012193018 21.3548509447168
0.09775390625 2.20881473757937 21.3121839098621
0.09794921875 2.19759861606364 21.269687032674
0.09814453125 2.18644152814771 21.2273592972855
0.09833984375 2.17534324380688 21.1851996959007
0.09853515625 2.16430353225971 21.1432072287135
0.09873046875 2.15332216200037 21.1013809038298
0.09892578125 2.14239890083059 21.0597197371885
0.09912109375 2.13153351589126 21.0182227524846
0.09931640625 2.12072577369363 20.9768889810933
0.09951171875 2.10997544015015 20.935717461994
0.09970703125 2.09928228060501 20.8947072416963
0.09990234375 2.08864605986418 20.8538573741661
