0.0001953125 9902.61077881441 9922.02758789062
0.000390625 9834.70916749211 9844.3603515625
0.0005859375 9760.60231526692 9766.99829101562
0.00078125 9685.17303468106 9689.94140625
0.0009765625 9609.39788818243 9613.18969726562
0.001171875 9533.60239666071 9536.7431640625
0.0013671875 9457.92606898967 9460.60180664062
0.0015625 9382.43865967306 9384.765625
0.0017578125 9307.17892115936 9309.23461914062
0.001953125 9232.17010496708 9234.0087890625
0.0021484375 9157.42700751024 9159.08813476562
0.00234375 9082.95949299451 9084.47265625
0.0025390625 9008.77439057893 9010.16235351562
0.002734375 8934.87657822136 8936.1572265625
0.0029296875 8861.26963298729 8862.45727539062
0.003125 8787.95623779806 8789.0625
0.0033203125 8714.93844424463 8715.97290039062
0.003515625 8642.2178480454 8643.1884765625
0.0037109375 8569.79570889962 8570.70922851562
0.00390625 8497.67303465839 8498.53515625
0.0041015625 8425.85064115865 8426.66625976562
0.004296875 8354.32919589566 8355.1025390625
0.0044921875 8283.10925028583 8283.84399414062
0.0046875 8212.19126382591 8212.890625
0.0048828125 8141.57562254347 8142.24243164062
0.005078125 8071.26265307663 8071.8994140625
0.0052734375 8001.25263355419 8001.86157226562
0.00546875 7931.5458025384 7932.12890625
0.0056640625 7862.14236557256 7862.70141601562
0.005859375 7793.04250080218 7793.5791015625
0.0060546875 7724.24636349951 7724.76196289062
0.00625 7655.75408935147 7656.25
0.0064453125 7587.5657977515 7588.04321289062
0.006640625 7519.68159395312 7520.1416015625
0.0068359375 7452.10157120652 7452.54516601562
0.00703125 7384.82581242729 7385.25390625
0.0072265625 7317.85439156575 7318.26782226562
0.007421875 7251.18737472419 7251.5869140625
0.0076171875 7184.82482126865 7185.21118164062
0.0078125 7118.76678468062 7119.140625
0.0080078125 7053.01331312385 7053.37524414062
0.008203125 6987.5644502276 6987.9150390625
0.0083984375 6922.42023554824 6922.76000976562
0.00859375 6857.58070511666 6857.91015625
0.0087890625 6793.04589166189 6793.36547851562
0.008984375 6728.81582508246 6729.1259765625
0.0091796875 6664.89053279377 6665.19165039062
0.009375 6601.27003986743 6601.5625
0.0095703125 6537.95436938621 6538.23852539062
0.009765625 6474.94354248989 6475.2197265625
0.0099609375 6412.23757875189 6412.50610351562
0.01015625 6349.83649619067 6350.09765625
0.0103515625 6287.74031154208 6287.99438476562
0.010546875 6225.94904016512 6226.1962890625
0.0107421875 6164.46269642519 6164.70336914062
0.0109375 6103.28129359821 6103.515625
0.0111328125 6042.40484404829 6042.63305664062
0.011328125 5981.83335929833 5982.0556640625
0.0115234375 5921.5668500408 5921.78344726562
0.01171875 5861.60532635025 5861.81640625
0.0119140625 5801.9487975194 5802.15454101562
0.012109375 5742.59727231648 5742.7978515625
0.0123046875 5683.55075897396 5683.74633789062
0.0125 5624.80926513483 5625
0.0126953125 5566.37279803318 5566.55883789062
0.012890625 5508.24136445368 5508.4228515625
0.0130859375 5450.41497074375 5450.59204101562
0.01328125 5392.89362290145 5393.06640625
0.0134765625 5335.67732658596 5335.84594726562
0.013671875 5278.76608712856 5278.9306640625
0.0138671875 5222.15990953287 5222.32055664062
0.0140625 5165.85879855477 5166.015625
0.0142578125 5109.86275869901 5110.01586914062
0.014453125 5054.17179417723 5054.3212890625
0.0146484375 4998.78590901258 4998.93188476562
0.01484375 4943.70510703569 4943.84765625
0.0150390625 4888.92939183885 4889.06860351562
0.015234375 4834.45876684033 4834.5947265625
0.0154296875 4780.29323528417 4780.42602539062
0.015625 4726.43280030199 4726.5625
0.0158203125 4672.87746476918 4673.00415039062
0.016015625 4619.62723150175 4619.7509765625
0.0162109375 4566.68210317763 4566.80297851562
0.01640625 4514.0420822953 4514.16015625
0.0166015625 4461.70717126223 4461.82250976562
0.016796875 4409.67737241765 4409.7900390625
0.0169921875 4357.95268792749 4358.06274414062
0.0171875 4306.53311990309 4306.640625
0.0173828125 4255.41867031236 4255.52368164062
0.017578125 4204.6093410895 4204.7119140625
0.0177734375 4154.10513406143 4154.20532226562
0.01796875 4103.90605096689 4104.00390625
0.0181640625 4054.01209351281 4054.10766601562
0.018359375 4004.42326322165 4004.5166015625
0.0185546875 3955.13956169873 3955.23071289062
0.01875 3906.16099040099 3906.25
0.0189453125 3857.48755073095 3857.57446289062
0.019140625 3809.11924402722 3809.2041015625
0.0193359375 3761.05607156789 3761.13891601562
0.01953125 3713.29803465548 3713.37890625
0.0197265625 3665.84513447612 3665.92407226562
0.019921875 3618.69737215576 3618.7744140625
0.0201171875 3571.85474877746 3571.92993164062
0.0203125 3525.31726543353 3525.390625
0.0205078125 3479.08492315042 3479.15649414062
0.020703125 3433.15772290671 3433.2275390625
0.0208984375 3387.53566565135 3387.60375976562
0.02109375 3342.21875226427 3342.28515625
0.0212890625 3297.20698365717 3297.27172851562
0.021484375 3252.50036065887 3252.5634765625
0.0216796875 3208.09888411078 3208.16040039062
0.021875 3164.00255477016 3164.0625
0.0220703125 3120.2113734 3120.26977539062
0.022265625 3076.72534073724 3076.7822265625
0.0224609375 3033.54445746622 3033.59985351562
0.02265625 2990.66872433901 2990.72265625
0.0228515625 2948.09814192787 2948.15063476562
0.023046875 2905.83271092571 2905.8837890625
0.0232421875 2863.87243191733 2863.92211914062
0.0234375 2822.21730549308 2822.265625
0.0236328125 2780.86733226528 2780.91430664062
0.023828125 2739.82251277867 2739.8681640625
0.0240234375 2699.08284754366 2699.12719726562
0.02421875 2658.64833709288 2658.69140625
0.0244140625 2618.51898192158 2618.56079101562
0.024609375 2578.69478256805 2578.7353515625
0.0248046875 2539.17573944311 2539.21508789062
0.025 2499.96185302675 2500
0.0251953125 2461.05312376238 2461.09008789062
0.025390625 2422.44955208484 2422.4853515625
0.0255859375 2384.15113842522 2384.18579101562
0.02578125 2346.15788315146 2346.19140625
0.0259765625 2308.46978667806 2308.50219726562
0.026171875 2271.08684937814 2271.1181640625
0.0263671875 2234.00907161724 2234.03930664062
0.0265625 2197.23645379368 2197.265625
0.0267578125 2160.76899618603 2160.79711914062
0.026953125 2124.60669917959 2124.6337890625
0.0271484375 2088.74956308547 2088.77563476562
0.02734375 2053.19758823288 2053.22265625
0.0275390625 2017.95077493378 2017.97485351562
0.027734375 1983.00912346473 1983.0322265625
0.0279296875 1948.37263414198 1948.39477539062
0.028125 1914.04130722808 1914.0625
0.0283203125 1880.01514302431 1880.03540039062
0.028515625 1846.29414180052 1846.3134765625
0.0287109375 1812.87830378296 1812.89672851562
0.02890625 1779.76762926457 1779.78515625
0.0291015625 1746.96211845883 1746.97875976562
0.029296875 1714.46177163956 1714.4775390625
0.0294921875 1682.26658902954 1682.28149414062
0.0296875 1650.37657085859 1650.390625
0.0298828125 1618.79171732832 1618.80493164062
0.030078125 1587.51202867563 1587.5244140625
0.0302734375 1556.53750510889 1556.54907226562
0.03046875 1525.86814684219 1525.87890625
0.0306640625 1495.50395406603 1495.51391601562
0.030859375 1465.44492697645 1465.4541015625
0.0310546875 1435.69106575096 1435.69946289062
0.03125 1406.24237059553 1406.25
0.0314453125 1377.09884169161 1377.10571289062
0.031640625 1348.26047920186 1348.2666015625
0.0318359375 1319.72728331652 1319.73266601562
0.03203125 1291.49925418328 1291.50390625
0.0322265625 1263.5763919771 1263.58032226562
0.032421875 1235.95869684172 1235.9619140625
0.0326171875 1208.64616896531 1208.64868164063
0.0328125 1181.63880847542 1181.640625
0.0330078125 1154.93661553784 1154.93774414062
0.033203125 1128.53959028079 1128.5400390625
0.0333984375 1102.44773284131 1102.44750976562
0.03359375 1076.66104338266 1076.66015625
0.0337890625 1051.17952203599 1051.17797851562
0.033984375 1026.00316892354 1026.0009765625
0.0341796875 1001.13198416999 1001.12915039062
0.034375 976.565967902568 976.5625
0.0345703125 952.305120256674 952.301025390626
0.034765625 928.349441358338 928.3447265625
0.0349609375 904.698931306727 904.693603515625
0.03515625 881.353590232107 881.34765625
0.0353515625 858.313418220219 858.306884765625
0.035546875 835.578415411142 835.571289062501
0.0357421875 813.148581923525 813.140869140625
0.0359375 791.02391781962 791.015625
0.0361328125 769.204423238953 769.195556640625
0.036328125 747.690098258797 747.6806640625
0.0365234375 726.480942986971 726.470947265626
0.03671875 705.576957544561 705.56640625
0.0369140625 684.978141990107 684.967041015625
0.037109375 664.684496429991 664.6728515625
0.0373046875 644.696020954572 644.683837890625
0.0375 625.012715661264 624.999999999999
0.0376953125 605.634580619739 605.621337890625
0.037890625 586.561615938556 586.5478515625
0.0380859375 567.793821683832 567.779541015625
0.03828125 549.331197934558 549.31640625
0.0384765625 531.173744782132 531.158447265625
0.038671875 513.321462301809 513.3056640625
0.0388671875 495.77435057846 495.758056640625
0.0390625 478.532409677491 478.515625
0.0392578125 461.595639656587 461.578369140625
0.039453125 444.964040626463 444.946289062499
0.0396484375 428.637612626286 428.619384765625
0.03984375 412.616355753949 412.59765625
0.0400390625 396.900270041351 396.881103515625
0.040234375 381.489355585047 381.4697265625
0.0404296875 366.383612441674 366.363525390625
0.040625 351.583040680262 351.5625
0.0408203125 337.08764035578 337.066650390625
0.041015625 322.897411532691 322.8759765625
0.0412109375 309.012354264462 308.990478515625
0.04140625 295.432468628331 295.41015625
0.0416015625 282.157754673213 282.135009765625
0.041796875 269.1882124629 269.1650390625
0.0419921875 256.523842032732 256.500244140625
0.0421875 244.164643462326 244.140625
0.0423828125 232.110616799551 232.086181640625
0.042578125 220.361762090046 220.3369140625
0.0427734375 208.918079400227 208.892822265625
0.04296875 197.779568758956 197.75390625
0.0431640625 186.946230233694 186.920166015625
0.043359375 176.418063880284 176.3916015625
0.0435546875 166.195069723374 166.168212890625
0.04375 156.277247839985 156.25
0.0439453125 146.664598255364 146.636962890625
0.044140625 137.357121021323 137.3291015625
0.0443359375 128.354816183967 128.326416015625
0.04453125 119.657683792908 119.62890625
0.0447265625 111.265723883354 111.236572265625
0.044921875 103.178936505419 103.1494140625
0.0451171875 95.3973216921392 95.367431640625
0.0453125 87.9208794969618 87.8906249999998
0.0455078125 80.7496099506736 80.718994140625
0.045703125 73.8835131014724 73.8525390625
0.0458984375 67.322588986385 67.291259765625
0.04609375 61.0668376338869 61.03515625
0.0462890625 55.1162590958273 55.0842285156248
0.046484375 49.4708534041544 49.4384765625
0.0466796875 44.130620599649 44.097900390625
0.046875 39.0955607145239 39.0625
0.0470703125 34.3656737783866 34.332275390625
0.047265625 29.9409598354805 29.9072265624999
0.0474609375 25.8214189187361 25.787353515625
0.04765625 22.0070510611448 21.97265625
0.0478515625 18.4978563017732 18.463134765625
0.048046875 15.2938346565149 15.2587890625
0.0482421875 12.3949861705286 12.3596191406249
0.0484375 9.80131087754713 9.765625
0.0486328125 7.51280880415082 7.476806640625
0.048828125 5.52947998285867 5.4931640625
0.0490234375 3.85132443620941 3.814697265625
0.04921875 2.47834220854929 2.44140624999997
0.0494140625 1.41053331699066 1.373291015625
0.049609375 0.64789779588593 0.6103515625
0.0498046875 0.19043567558769 0.152587890625
0.05 0.0190362320374157 0
0.0501953125 8.06937672755905e-09 0
0.050390625 -2.31208668692126e-09 0
0.0505859375 5.25265426536521e-09 0
0.05078125 1.83276435975317e-09 0
0.0509765625 -6.58643213424674e-09 0
0.051171875 -4.48151778621708e-10 0
0.0513671875 3.58229726384081e-09 0
0.0515625 -6.40668479232548e-10 0
0.0517578125 -3.54776021708352e-09 0
0.051953125 -8.16209818380579e-10 0
0.0521484375 4.18265372399626e-09 0
0.05234375 2.56375077271123e-09 0
0.0525390625 -3.40087579622171e-10 0
0.052734375 9.39047821725113e-11 0
0.0529296875 -3.5917503500092e-09 0
0.053125 1.37561073643158e-09 0
0.0533203125 5.22609672036418e-09 0
0.053515625 6.11425210619435e-09 0
0.0537109375 5.05906299375008e-10 0
0.05390625 -1.0097930755672e-08 0
0.0541015625 3.36447372168498e-09 0
0.054296875 4.98070724313924e-09 0
0.0544921875 -3.50489206107005e-09 0
0.0546875 8.92416049441921e-09 0
0.0548828125 -4.60448004134997e-09 0
0.055078125 -1.4603517764638e-09 0
0.0552734375 3.87775765952447e-09 0
0.05546875 1.46127256492338e-09 0
0.0556640625 1.3935835183674e-09 0
0.055859375 -1.3009343910693e-09 0
0.0560546875 4.75725939477892e-09 0
0.05625 2.49813515189317e-09 0
0.0564453125 -9.15866619691383e-10 0
0.056640625 8.86126155181877e-10 0
0.0568359375 -1.03797688013976e-09 0
0.05703125 3.72612504017458e-09 0
0.0572265625 6.28733209660661e-09 0
0.057421875 -2.11820951871602e-09 0
0.0576171875 3.85417307060553e-09 0
0.0578125 -5.03996161760849e-09 0
0.0580078125 6.94155754201656e-09 0
0.058203125 1.54549274747785e-10 0
0.0583984375 3.59119132643606e-09 0
0.05859375 -2.35146863927936e-09 0
0.0587890625 2.53965207132e-09 0
0.058984375 -2.86611293932885e-09 0
0.0591796875 4.81639477352091e-09 0
0.059375 4.44708461875818e-09 0
0.0595703125 -5.51315820013102e-09 0
0.059765625 -2.4931979873685e-10 0
0.0599609375 -2.53858635162618e-09 0
0.06015625 5.23604986133999e-09 0
0.0603515625 -5.10690307476071e-09 0
0.060546875 3.72228056994493e-09 0
0.0607421875 -3.38679506838595e-10 0
0.0609375 -2.27898383925029e-09 0
0.0611328125 2.58000684962487e-09 0
0.061328125 4.21277553236222e-09 0
0.0615234375 1.77242431736629e-09 0
0.06171875 -3.82326168751049e-09 0
0.0619140625 -3.87180788656969e-09 0
0.062109375 7.05081261826109e-09 0
0.0623046875 -3.20107431539747e-09 0
0.0625 -1.38142312842767e-09 0
0.0626953125 9.5838919629442e-10 0
0.062890625 4.82173417825048e-09 0
0.0630859375 5.84368038991765e-09 0
0.06328125 2.01318171857339e-09 0
0.0634765625 -5.52677054535909e-09 0
0.063671875 1.08753648993516e-08 0
0.0638671875 2.31462229607179e-09 0
0.0640625 1.41215047904908e-09 0
0.0642578125 -3.10046576721116e-09 0
0.064453125 2.98164351964399e-09 0
0.0646484375 3.98588583708643e-09 0
0.06484375 3.12104612569264e-09 0
0.0650390625 1.39067677607205e-09 0
0.065234375 -1.57325651167533e-09 0
0.0654296875 2.11399969210786e-09 0
0.065625 3.45013489196346e-09 0
0.0658203125 2.60744304486043e-09 0
0.066015625 -2.42278235441577e-10 0
0.0662109375 7.73599127139909e-10 0
0.06640625 1.24593414007615e-11 0
0.0666015625 2.10164007546422e-09 0
0.066796875 4.48856910054832e-09 0
0.0669921875 9.92102938594983e-10 0
0.0671875 3.01201583898025e-10 0
0.0673828125 1.62892508293636e-10 0
0.067578125 3.72498791777822e-09 0
0.0677734375 3.29200387731084e-09 0
0.06796875 -6.76819278879988e-10 0
0.0681640625 -2.50793284713891e-10 0
0.068359375 1.32840090434596e-10 0
0.0685546875 6.70546562898714e-09 0
0.06875 3.1178615245155e-09 0
0.0689453125 2.29242641734789e-09 0
0.069140625 -1.79616383772507e-09 0
0.0693359375 3.24316109177231e-10 0
0.06953125 -4.97242049787821e-09 0
0.0697265625 5.13686174207268e-09 0
0.069921875 -3.14146505518655e-09 0
0.0701171875 3.50608274662104e-09 0
0.0703125 -2.34716380274762e-09 0
0.0705078125 -2.94383503494593e-10 0
0.070703125 7.4417770901977e-10 0
0.0708984375 3.22551331135549e-10 0
0.07109375 8.99231026078282e-10 0
0.0712890625 -9.88008858381067e-10 0
0.071484375 -1.63745476975937e-09 0
0.0716796875 3.9974398602041e-09 0
0.071875 -4.8171690573441e-09 0
0.0720703125 4.9080891182548e-09 0
0.072265625 -8.19495095346182e-10 0
0.0724609375 -5.25332953564032e-09 0
0.07265625 3.39752503311511e-09 0
0.0728515625 9.51299057034391e-10 0
0.073046875 -5.24376655084989e-10 0
0.0732421875 -1.39394029421741e-09 0
0.0734375 1.6923864725182e-10 0
0.0736328125 2.78119619877713e-09 0
0.073828125 -2.27894702670254e-09 0
0.0740234375 1.4504093077307e-09 0
0.07421875 -1.60613260515621e-09 0
0.0744140625 1.10732070259519e-10 0
0.074609375 2.14969310531629e-09 0
0.0748046875 2.08196117402503e-09 0
0.075 1.23352279217001e-09 0
0.0751953125 -1.95295014121677e-09 0
0.075390625 -1.37074173482146e-09 0
0.0755859375 3.86370740167924e-09 0
0.07578125 1.58701901465802e-09 0
0.0759765625 4.08667467330927e-09 0
0.076171875 -2.36816212343771e-09 0
0.0763671875 1.54004358742824e-09 0
0.0765625 1.06935231644685e-09 0
0.0767578125 1.07702578988524e-09 0
0.076953125 1.93169792102106e-09 0
0.0771484375 -2.90451728223405e-10 0
0.07734375 -7.11131324031243e-10 0
0.0775390625 3.36684858554322e-09 0
0.077734375 1.2382799585043e-09 0
0.0779296875 3.11385009275011e-09 0
0.078125 -3.33105020332189e-09 0
0.0783203125 7.92896840834619e-10 0
0.078515625 8.78951969250753e-11 0
0.0787109375 1.82756318145715e-09 0
0.07890625 1.38276790334265e-09 0
0.0791015625 -2.35269173625319e-09 0
0.079296875 -1.11868532000015e-09 0
0.0794921875 2.79596995296892e-09 0
0.0796875 -1.40941015974626e-10 0
0.0798828125 2.40739848843117e-09 0
0.080078125 -2.75445475577641e-09 0
0.0802734375 -5.0841153250337e-11 0
0.08046875 2.29393548385289e-09 0
0.0806640625 3.55020529782629e-09 0
0.080859375 8.05380497783513e-10 0
0.0810546875 -1.15378176221502e-09 0
0.08125 -1.81547967084565e-09 0
0.0814453125 -1.61386236109572e-09 0
0.081640625 -1.30228704948014e-09 0
0.0818359375 1.5597690143484e-09 0
0.08203125 -4.45194822554331e-10 0
0.0822265625 1.87623383019683e-09 0
0.082421875 -1.116286210387e-09 0
0.0826171875 -2.94057091492551e-09 0
0.0828125 1.73591316912933e-09 0
0.0830078125 -3.66757697058258e-09 0
0.083203125 9.80702558858711e-10 0
0.0833984375 -1.75178903389505e-09 0
0.08359375 -1.10078874519631e-09 0
0.0837890625 2.42473331851102e-09 0
0.083984375 -4.89550144407443e-10 0
0.0841796875 1.9663875813021e-09 0
0.084375 -7.26437839923071e-10 0
0.0845703125 -1.27778558693407e-09 0
0.084765625 -4.52949492718613e-10 0
0.0849609375 1.88023101939813e-09 0
0.08515625 -2.09281857018905e-09 0
0.0853515625 1.22480007321144e-10 0
0.085546875 -2.04803202701815e-09 0
0.0857421875 1.2059676623737e-09 0
0.0859375 4.32083539289259e-10 0
0.0861328125 -1.34908117130656e-09 0
0.086328125 1.70458237771207e-09 0
0.0865234375 -1.95944860318469e-09 0
0.08671875 1.17367740859008e-09 0
0.0869140625 -1.96369293495285e-09 0
0.087109375 -2.68801155341063e-10 0
0.0873046875 7.95655264269181e-10 0
0.0875 -5.09183212130539e-10 0
0.0876953125 4.89321118242566e-11 0
0.087890625 -7.13849076784824e-10 0
0.0880859375 -5.76571155554688e-10 0
0.08828125 3.15003087527788e-10 0
0.0884765625 5.0736965638498e-10 0
0.088671875 -7.87944799922509e-10 0
0.0888671875 8.41318925006326e-10 0
0.0890625 -2.18244346136173e-10 0
0.0892578125 -2.40807131104006e-11 0
0.089453125 -1.03818039071551e-09 0
0.0896484375 -5.57874518367029e-10 0
0.08984375 4.71244507588087e-10 0
0.0900390625 -8.7268832254813e-10 0
0.090234375 -3.77971824113446e-11 0
0.0904296875 -7.39820960412942e-10 0
0.090625 -1.2651106001973e-09 0
0.0908203125 -1.23541390810947e-11 0
0.091015625 -6.36730302952915e-10 0
0.0912109375 6.75207308575358e-10 0
0.09140625 9.34852849379385e-10 0
0.0916015625 8.17837610792699e-10 0
0.091796875 -9.69613026192636e-10 0
0.0919921875 -5.62459016177606e-10 0
0.0921875 -1.0202911961627e-09 0
0.0923828125 2.21115501330641e-09 0
0.092578125 2.79001499021087e-10 0
0.0927734375 -3.91215281533777e-10 0
0.09296875 -1.388501489244e-09 0
0.0931640625 6.35120933250691e-10 0
0.093359375 -8.21966565557908e-11 0
0.0935546875 3.37726883328696e-10 0
0.09375 -8.53943301240936e-10 0
0.0939453125 -4.38563616479693e-10 0
0.094140625 -3.53797212826626e-11 0
0.0943359375 7.905816263692e-10 0
0.09453125 4.34664352450889e-10 0
0.0947265625 -4.5417596912277e-10 0
0.094921875 -1.02069978870129e-09 0
0.0951171875 2.30735257503186e-10 0
0.0953125 7.27430718830921e-11 0
0.0955078125 -4.23786258777637e-10 0
0.095703125 2.7100214943705e-11 0
0.0958984375 -4.79874633389733e-10 0
0.09609375 -2.73772693765403e-10 0
0.0962890625 6.01686135988723e-11 0
0.096484375 1.2379681753463e-10 0
0.0966796875 -5.2279291236622e-10 0
0.096875 -3.21541505120345e-10 0
0.0970703125 -1.5106395901682e-10 0
0.097265625 6.00319297646422e-11 0
0.0974609375 5.6368214533856e-11 0
0.09765625 -4.32937575943636e-10 0
0.0978515625 -2.88164594481866e-11 0
0.098046875 -1.02454034631996e-10 0
0.0982421875 1.32064590064774e-10 0
0.0984375 -1.67782079107865e-10 0
0.0986328125 -1.17254976240765e-10 0
0.098828125 -1.66083240329617e-10 0
0.0990234375 -7.04095996934703e-11 0
0.09921875 -1.09588620383293e-11 0
0.0994140625 -8.95251050943453e-12 0
0.099609375 -2.87677304109802e-12 0
0.0998046875 -5.77870087616604e-12 0
