0 1.3366553567184
0.000390625 1.33627686140331
0.00078125 1.33565194977651
0.001171875 1.33468673986586
0.0015625 1.33337447226517
0.001953125 1.33171800576516
0.00234375 1.32972277150178
0.002734375 1.32739514699037
0.003125 1.32474191413713
0.003515625 1.3217700360673
0.00390625 1.31848655141221
0.004296875 1.31489851893587
0.0046875 1.31101298623691
0.005078125 1.30683697096976
0.00546875 1.30237744902095
0.005859375 1.29764134676255
0.00625 1.29263553580449
0.006640625 1.28736682933709
0.00703125 1.2818419795186
0.007421875 1.27606767556879
0.0078125 1.27005054235134
0.008203125 1.26379713930206
0.00859375 1.25731395960628
0.008984375 1.25060742955912
0.009375 1.24368390806177
0.009765625 1.2365496862207
0.01015625 1.22921098702535
0.010546875 1.22167396508667
0.0109375 1.21394470642323
0.011328125 1.20602922828478
0.01171875 1.1979334790058
0.012109375 1.189663337883
0.0125 1.18122461507227
0.012890625 1.17262305150154
0.01328125 1.16386431879654
0.013671875 1.15495401921742
0.0140625 1.14589768560427
0.014453125 1.13670078133006
0.01484375 1.12736870025989
0.015234375 1.11790676671555
0.015625 1.10832023544452
0.016015625 1.09861429159285
0.01640625 1.08879405068123
0.016796875 1.07886455858399
0.0171875 1.0688307915104
0.017578125 1.05869765598811
0.01796875 1.04846998884847
0.018359375 1.03815255721334
0.01875 1.02775005848332
0.019140625 1.01726712032723
0.01953125 1.0067083006726
0.019921875 0.996078087697115
0.0203125 0.98538089982093
0.020703125 0.974621085699657
0.02109375 0.963802924218048
0.021484375 0.952930624484245
0.021875 0.942008325824548
0.022265625 0.931040097778647
0.02265625 0.920029940095268
0.023046875 0.908981782728193
0.0234375 0.897899485832609
0.023828125 0.886786839761768
0.02421875 0.875647565063911
0.024609375 0.864485312479437
0.025 0.853303662938306
0.025390625 0.842106127557627
0.02578125 0.830896147639445
0.026171875 0.819677094668685
0.0265625 0.808452270311251
0.026953125 0.797224906412268
0.02734375 0.78599816499444
0.027734375 0.774775138256538
0.028125 0.763558848571983
0.028515625 0.752352248487531
0.02890625 0.741158220722047
0.029296875 0.729979578165362
0.0296875 0.718819063877205
0.030078125 0.707679351086203
0.03046875 0.696563043188949
0.030859375 0.685472673749128
0.03125 0.674410706496696
0.031640625 0.663379535327112
0.03203125 0.652381484300618
0.032421875 0.64141880764156
0.0328125 0.630493689737751
0.033203125 0.619608245139875
0.03359375 0.608764518560916
0.033984375 0.597964484875632
0.034375 0.587210049120053
0.034765625 0.576503046491005
0.03515625 0.565845242345666
0.035546875 0.555238332201146
0.0359375 0.544683941734084
0.036328125 0.53418362678027
0.03671875 0.523738873334296
0.037109375 0.513351097549207
0.0375 0.50302164573619
0.037890625 0.492751794364263
0.03828125 0.482542750059992
0.038671875 0.472395649607213
0.0390625 0.462311559946775
0.039453125 0.452291478176293
0.03984375 0.442336331549911
0.040234375 0.43244697747808
0.040625 0.422624203527346
0.041015625 0.412868727420148
0.04140625 0.403181197034623
0.041796875 0.393562190404422
0.0421875 0.38401221571854
0.042578125 0.374531711321141
0.04296875 0.365121045711407
0.043359375 0.355780517543377
0.04375 0.346510355625809
0.044140625 0.337310718922037
0.04453125 0.328181696549838
0.044921875 0.319123307781308
0.0453125 0.310135502042737
0.045703125 0.301218158914495
0.04609375 0.292371088130919
0.046484375 0.283594029580207
0.046875 0.274886653304316
0.047265625 0.266248559498863
0.04765625 0.257679278513035
0.048046875 0.249178270849491
0.0484375 0.240744927164284
0.048828125 0.232378568266772
0.04921875 0.224078445119542
0.049609375 0.215843738838331
0.05 0.207673560691954
0.050390625 0.204971387256898
0.05078125 0.20229029821134
0.051171875 0.199630186830628
0.0515625 0.196990948615243
0.051953125 0.19437248111991
0.05234375 0.191774683789483
0.052734375 0.189197457801433
0.053125 0.186640705914759
0.053515625 0.184104332325166
0.05390625 0.181588242526351
0.054296875 0.179092343177245
0.0546875 0.176616541975064
0.055078125 0.174160747534038
0.05546875 0.171724869269666
0.055859375 0.169308817288384
0.05625 0.166912502282497
0.056640625 0.164535835430275
0.05703125 0.162178728301056
0.057421875 0.159841092765277
0.0578125 0.157522840909274
0.058203125 0.155223884954769
0.05859375 0.152944137182906
0.058984375 0.150683509862736
0.059375 0.148441915184031
0.059765625 0.146219265194327
0.06015625 0.144015471740071
0.060546875 0.14183044641178
0.0609375 0.13966410049309
0.061328125 0.137516344913597
0.06171875 0.135387090205376
0.062109375 0.133276246463081
0.0625 0.13118372330751
0.062890625 0.129109429852537
0.06328125 0.127053274675305
0.063671875 0.125015165789575
0.0640625 0.122995010622128
0.064453125 0.120992715992114
0.06484375 0.11900818809326
0.065234375 0.117041332478806
0.065625 0.115092054049107
0.066015625 0.113160257041763
0.06640625 0.111245845024206
0.066796875 0.109348720888629
0.0671875 0.107468786849168
0.067578125 0.105605944441235
0.06796875 0.10376009452291
0.068359375 0.101931137278293
0.06875 0.100118972222736
0.069140625 0.0983234982098371
0.06953125 0.0965446134401388
0.069921875 0.0947822154714119
0.0703125 0.0930362012304568
0.070703125 0.0913064670263262
0.07109375 0.0895929085648878
0.071484375 0.0878954209646433
0.071875 0.0862138987737222
0.072265625 0.0845482359879714
0.07265625 0.0828983260700615
0.073046875 0.0812640619695351
0.0734375 0.079645336143722
0.073828125 0.07804204057945
0.07421875 0.07645406681548
0.074609375 0.0748813059655979
0.075 0.0733236487422968
0.075390625 0.0717809854809849
0.07578125 0.0702532061646573
0.076171875 0.0687402004489718
0.0765625 0.0672418576876696
0.076953125 0.0657580669582858
0.07734375 0.0642887170880959
0.077734375 0.0628336966802452
0.078125 0.0613928941400127
0.078515625 0.0599661977011613
0.07890625 0.058553495452328
0.079296875 0.0571546753634115
0.0796875 0.0557696253119143
0.080078125 0.0543982331092015
0.08046875 0.0530403865266363
0.080859375 0.0516959733215584
0.08125 0.0503648812630701
0.081640625 0.0490469981575998
0.08203125 0.0477422118742102
0.082421875 0.0464504103696259
0.0828125 0.0451714817129515
0.083203125 0.0439053141100567
0.08359375 0.0426517959276044
0.083984375 0.0414108157167016
0.084375 0.0401822622361518
0.084765625 0.038966024475291
0.08515625 0.037761991676392
0.085546875 0.0365700533566187
0.0859375 0.0353900993295196
0.086328125 0.0342220197260458
0.08671875 0.0330657050150832
0.087109375 0.0319210460234891
0.0875 0.0307879339556241
0.087890625 0.0296662604123713
0.08828125 0.0285559174096383
0.088671875 0.027456797396334
0.0890625 0.0263687932718187
0.089453125 0.0252917984028217
0.08984375 0.0242257066398261
0.090234375 0.0231704123329187
0.090625 0.0221258103471037
0.091015625 0.0210917960770814
0.09140625 0.0200682654614932
0.091796875 0.0190551149966333
0.0921875 0.018052241749631
0.092578125 0.0170595433711058
0.09296875 0.0160769181072997
0.093359375 0.0151042648116901
0.09375 0.0141414829560894
0.094140625 0.013188472641235
0.09453125 0.0122451346068772
0.094921875 0.0113113702413697
0.0953125 0.0103870815907707
0.095703125 0.00947217136746038
0.09609375 0.00856654295828256
0.096484375 0.00767010043221863
0.096875 0.00678274854760071
0.097265625 0.00590439275887293
0.09765625 0.00503493922290881
0.098046875 0.00417429480489346
0.0984375 0.00332236708377924
0.098828125 0.00247906435732386
0.09921875 0.00164429564671987
0.099609375 0.000817970700824612
0.1 0
