0.00078125 9613.64746093896 9689.94140625
0.0015625 9347.53417968768 9384.765625
0.00234375 9060.26204427107 9084.47265625
0.003125 8771.36230468814 8789.0625
0.00390625 8484.74121093743 8498.53515625
0.0046875 8201.70084635447 8212.890625
0.00546875 7922.79924665241 7932.12890625
0.00625 7648.31542968772 7656.25
0.00703125 7378.40440538162 7385.25390625
0.0078125 7113.15917968677 7119.140625
0.00859375 6852.63893820976 6857.91015625
0.009375 6596.88313802105 6601.5625
0.01015625 6345.91909555336 6350.09765625
0.0109375 6099.7663225449 6103.515625
0.01171875 5858.43912760502 5861.81640625
0.0125 5621.94824218814 5625
0.01328125 5390.30187270178 5393.06640625
0.0140625 5163.50640190968 5166.015625
0.01484375 4941.56686883228 4943.84765625
0.015625 4724.48730468659 4726.5625
0.01640625 4512.27097284203 4514.16015625
0.0171875 4304.92054332483 4306.640625
0.01796875 4102.43822180742 4104.00390625
0.01875 3904.82584635379 3906.25
0.01953125 3712.08496093722 3713.37890625
0.0203125 3524.21687199556 3525.390625
0.02109375 3341.22269241962 3342.28515625
0.021875 3163.10337611624 3164.0625
0.02265625 2989.85974542041 2990.72265625
0.0234375 2821.49251302132 2822.265625
0.02421875 2658.00229964704 2658.69140625
0.025 2499.38964843783 2500
0.02578125 2345.65503669492 2346.19140625
0.0265625 2196.79888557013 2197.265625
0.02734375 2052.82156807978 2053.22265625
0.028125 1913.72341579799 1914.0625
0.02890625 1779.50472445107 1779.78515625
0.0296875 1650.16575863462 1650.390625
0.03046875 1525.70675580976 1525.87890625
0.03125 1406.12792968747 1406.25
0.03203125 1291.42947313369 1291.50390625
0.0328125 1181.61156063956 1181.640625
0.03359375 1076.67435047198 1076.66015625
0.034375 976.617986505696 976.5625
0.03515625 881.442599826411 881.34765625
0.0359375 791.148310122358 791.015625
0.03671875 705.735226894496 705.56640625
0.0375 625.203450520743 624.999999999999
0.03828125 549.553073182777 549.31640625
0.0390625 478.784179687845 478.515625
0.03984375 412.896848192378 412.59765625
0.040625 351.891150841092 351.5625
0.04140625 295.767154333747 295.41015625
0.0421875 244.524920428343 244.140625
0.04296875 198.164506392365 197.75390625
0.04375 156.685965401488 156.25
0.04453125 120.08934690254 119.62890625
0.0453125 88.3746969289453 87.8906249999998
0.04609375 61.5420583949672 61.03515625
0.046875 39.5914713544536 39.0625
0.04765625 22.5229732328186 21.97265625
0.0484375 10.3365990423197 9.765625
0.04921875 3.03238157242228 2.44140624999997
0.05 0.302791595012599 0
0.05078125 4.64642294757712e-10 0
0.0515625 1.05491150611458e-11 0
0.05234375 4.11648161660659e-10 0
0.053125 -3.68452267408228e-10 0
0.05390625 -2.11807674007628e-10 0
0.0546875 -6.5834844049354e-12 0
0.05546875 4.24196392688654e-11 0
0.05625 1.53161434152733e-10 0
0.05703125 2.04662995462942e-10 0
0.0578125 -2.85390878553394e-10 0
0.05859375 7.921626072789e-12 0
0.059375 -7.88111478764789e-11 0
0.06015625 1.56799248909554e-10 0
0.0609375 2.03876158882571e-10 0
0.06171875 -2.82188842965609e-11 0
0.0625 2.7072285062436e-11 0
0.06328125 1.40619324275536e-10 0
0.0640625 -2.78394109932934e-10 0
0.06484375 4.94647875393655e-10 0
0.065625 1.67058797840034e-10 0
0.06640625 -5.27568033214715e-11 0
0.0671875 1.07411973596431e-10 0
0.06796875 5.4360602864589e-11 0
0.06875 6.72065952509952e-11 0
0.06953125 -1.10396183229199e-10 0
0.0703125 -2.16159653576068e-10 0
0.07109375 1.377058659793e-10 0
0.071875 5.35069573189782e-11 0
0.07265625 1.65547395366735e-10 0
0.0734375 -6.74837463356605e-11 0
0.07421875 -1.29179206873958e-10 0
0.075 2.01004172047947e-10 0
0.07578125 2.32061792462685e-11 0
0.0765625 9.35389431806384e-11 0
0.07734375 -4.2057601951559e-11 0
0.078125 -1.31873345190203e-10 0
0.07890625 3.85479293653746e-11 0
0.0796875 8.69369935518259e-12 0
0.08046875 -5.16525810809234e-11 0
0.08125 1.15521441020651e-10 0
0.08203125 -1.12644855904453e-10 0
0.0828125 1.65092725860283e-10 0
0.08359375 -8.30870159797249e-11 0
0.084375 -1.32031586172381e-10 0
0.08515625 -1.43358567770692e-10 0
0.0859375 3.47580495397094e-11 0
0.08671875 -7.08948959095648e-11 0
0.0875 8.93253724955574e-12 0
0.08828125 1.1952172569402e-10 0
0.0890625 -5.24389520799853e-11 0
0.08984375 7.80853273167813e-11 0
0.090625 -5.12039314965463e-11 0
0.09140625 -4.11021644070467e-11 0
0.0921875 -2.6378234662156e-11 0
0.09296875 -1.01319181978285e-11 0
0.09375 -3.74308065716703e-11 0
0.09453125 -1.42360981577678e-11 0
0.0953125 1.13686837721618e-11 0
0.09609375 -6.06772297102425e-12 0
0.096875 -2.53170776795736e-11 0
0.09765625 -1.66800648901739e-11 0
0.0984375 -8.3912560555109e-12 0
0.09921875 5.19199731327076e-12 0
