0.0015625 7.33184814453125 14.6636962890625
0.0046875 11.3042195638022 22.6084391276044
0.0078125 16.1941528320313 32.3883056640626
0.0109375 20.3083583286831 40.6167166573663
0.0140625 23.5400729709202 47.0801459418405
0.0171875 25.9267633611506 51.8535267223012
0.0203125 27.5391798753006 55.0783597506013
0.0234375 28.4591674804689 56.9183349609377
0.0265625 28.7731395048255 57.546279009651
0.0296875 28.5696732370478 57.1393464740956
0.0328125 27.9384794689361 55.8769589378721
0.0359375 26.9699096679688 53.9398193359376
0.0390625 25.7546997070313 51.5093994140626
0.0421875 24.3838274920429 48.7676549840857
0.0453125 22.9484295022899 45.8968590045798
0.0484375 21.5397496377269 43.0794992754538
0.0515625 6.74276926716747 40.4829545454547
0.0546875 6.32454923717062 38.169642857143
0.0578125 5.9213601814499 36.1064189189191
0.0609375 5.5326377092939 34.2548076923079
0.0640625 5.15860446174039 32.5838414634149
0.0671875 4.7999326325245 31.0683139534886
0.0703125 4.45747800586515 29.6875000000003
0.0734375 4.13208162673534 28.4242021276599
0.0765625 3.82443388314234 27.2640306122452
0.0796875 3.53499333312664 26.1948529411767
0.0828125 3.26395052538154 25.2063679245286
0.0859375 3.01122606207355 24.289772727273
0.0890625 2.77649236464602 23.4375000000002
0.0921875 2.559209787855 22.6430084745765
0.0953125 2.3586694897136 21.9006147540986
0.0984375 2.17403741632818 21.2053571428573
