0.00078125 3.78513336181641 7.57026672363281
0.00234375 6.07204437255874 12.1440887451175
0.00390625 9.09214019775405 18.1842803955081
0.00546875 11.9641167776926 23.9282335553852
0.00703125 14.6002239651152 29.2004479302304
0.00859375 16.9848528775303 33.9697057550606
0.01015625 19.1190426166243 38.2380852332486
0.01171875 21.0093816121422 42.0187632242843
0.01328125 22.6647433112652 45.3294866225303
0.01484375 24.0950835378548 48.1901670757097
0.01640625 25.3109250749861 50.6218501499723
0.01796875 26.3231111609417 52.6462223218834
0.01953125 27.1426773071289 54.2853546142578
0.02109375 27.780780085811 55.5615601716219
0.02265625 28.2486553849846 56.4973107699693
0.02421875 28.5575928226596 57.1151856453193
0.02578125 28.7189194650364 57.4378389300728
0.02734375 28.7439891270232 57.4879782540464
0.02890625 28.6441751428555 57.288350285711
0.03046875 28.4308653611406 56.8617307222812
0.03203125 28.1154586047663 56.2309172095325
0.03359375 27.7093621187434 55.4187242374867
0.03515625 27.2239896986221 54.4479793972442
0.03671875 26.6707602967609 53.3415205935218
0.03828125 26.0610969699161 52.1221939398321
0.03984375 25.4064260744583 50.8128521489165
0.04140625 24.7181766438036 49.4363532876071
0.04296875 24.0077799016781 48.0155598033562
0.04453125 23.2866688778528 46.5733377557056
0.04609375 22.5662781020345 45.1325562040689
0.04765625 21.8580433579744 43.7160867159488
0.04921875 21.173401484414 42.346802968828
0.05078125 6.83983225887221 41.0456730769236
0.05234375 6.62703061969538 39.8204291044782
0.05390625 6.41825302294558 38.6662137681165
0.05546875 6.21328487638257 37.5770246478879
0.05703125 6.01199317819232 36.5475171232883
0.05859375 5.81431231710573 35.5729166666674
0.06015625 5.62023118652307 34.6489448051955
0.06171875 5.42978151688072 33.7717563291145
0.06328125 5.24302736852621 32.9378858024698
0.06484375 5.06005574951622 32.1442018072295
0.06640625 4.88096833266346 31.3878676470595
0.06796875 4.7058742470516 30.666307471265
0.06953125 4.53488391394353 29.9771769662928
0.07109375 4.36810388796431 29.3183379120886
0.07265625 4.20563265368966 28.6878360215062
0.07421875 4.04755731693776 28.0838815789481
0.07578125 3.89395112036624 27.5048324742275
0.07734375 3.74487170524635 26.94917929293
0.07890625 3.60036003600371 26.4155321782186
0.08046875 3.4604399014561 25.9026092233018
0.08203125 3.32511790658766 25.409226190477
0.08359375 3.19438387093389 24.9342873831783
0.08515625 3.06821155386057 24.4767775229365
0.08671875 2.94655963278025 24.0357545045053
0.08828125 2.82937286722566 23.6103429203547
0.08984375 2.716583389266 23.1997282608703
0.09140625 2.60811206862818 22.8031517094024
0.09296875 2.50386990874447 22.4199054621856
0.09453125 2.40375943752741 22.0493285123974
0.09609375 2.3076760637737 21.6908028455291
0.09765625 2.21550937658395 21.3437500000007
0.09921875 2.12714437097031 21.0076279527566
