0 1.33628535399746
0.0001953125 1.33619035873105
0.000390625 1.33603277543472
0.0005859375 1.33578815970424
0.00078125 1.33545386099834
0.0009765625 1.33502964643556
0.001171875 1.33451593932125
0.0013671875 1.33391341265379
0.0015625 1.33322285362665
0.0017578125 1.33244510783518
0.001953125 1.33158105284816
0.0021484375 1.33063158436441
0.00234375 1.32959760838819
0.0025390625 1.3284800365345
0.002734375 1.32727978307315
0.0029296875 1.32599776299205
0.003125 1.32463489068536
0.0033203125 1.32319207903904
0.003515625 1.32167023877779
0.0037109375 1.32007027798842
0.00390625 1.31839310176546
0.0041015625 1.31663961194319
0.004296875 1.31481070688999
0.0044921875 1.31290728134842
0.0046875 1.31093022630931
0.0048828125 1.30888042891151
0.005078125 1.30675877236134
0.0052734375 1.30456613586723
0.00546875 1.30230339458625
0.0056640625 1.29997141957997
0.005859375 1.29757107777788
0.0060546875 1.29510323194675
0.00625 1.29256874066487
0.0064453125 1.28996845830026
0.006640625 1.28730323499213
0.0068359375 1.284573916635
0.00703125 1.28178134486511
0.0072265625 1.27892635704864
0.007421875 1.27600978627152
0.0076171875 1.2730324613306
0.0078125 1.26999520672586
0.0080078125 1.26689884265364
0.008203125 1.26374418500068
0.0083984375 1.26053204533883
0.00859375 1.25726323092044
0.0087890625 1.25393854467413
0.008984375 1.25055878520121
0.0091796875 1.24712474677232
0.009375 1.24363721932451
0.0095703125 1.24009698845862
0.009765625 1.23650483543687
0.0099609375 1.23286153718077
0.01015625 1.22916786626915
0.0103515625 1.22542459093644
0.010546875 1.22163247507106
0.0107421875 1.21779227821404
0.0109375 1.21390475555763
0.0111328125 1.20997065794418
0.011328125 1.205990731865
0.0115234375 1.20196571945942
0.01171875 1.19789635851381
0.0119140625 1.19378338246081
0.012109375 1.1896275203785
0.0123046875 1.18542949698976
0.0125 1.18119003266155
0.0126953125 1.17690984340435
0.012890625 1.17258964087162
0.0130859375 1.16823013235924
0.01328125 1.16383202080506
0.0134765625 1.15939600478847
0.013671875 1.15492277852997
0.0138671875 1.15041303189081
0.0140625 1.1458674503726
0.0142578125 1.14128671511705
0.014453125 1.13667150290559
0.0146484375 1.13202248615912
0.01484375 1.12734033293774
0.0150390625 1.1226257069405
0.015234375 1.11787926750517
0.0154296875 1.11310166960801
0.015625 1.10829356386358
0.0158203125 1.10345559652451
0.016015625 1.0985884094814
0.0162109375 1.09369264026255
0.01640625 1.08876892203388
0.0166015625 1.08381788359875
0.016796875 1.0788401493978
0.0169921875 1.07383633950886
0.0171875 1.06880706964679
0.0173828125 1.06375295116336
0.017578125 1.05867459104719
0.0177734375 1.05357259192357
0.01796875 1.0484475520544
0.0181640625 1.04330006533812
0.018359375 1.03813072130955
0.0185546875 1.03294010513989
0.01875 1.02772879763657
0.0189453125 1.02249737524322
0.019140625 1.01724641003957
0.0193359375 1.01197646974139
0.01953125 1.00668811770043
0.0197265625 1.00138191290436
0.019921875 0.996058409976706
0.0201171875 0.990718159176781
0.0203125 0.985361706399659
0.0205078125 0.979989593176106
0.020703125 0.974602356672537
0.0208984375 0.96920052969097
0.02109375 0.963784640668982
0.0212890625 0.958355213679665
0.021484375 0.952912768431591
0.0216796875 0.947457820268768
0.021875 0.94199088017061
0.0220703125 0.936512454751895
0.022265625 0.93102304626274
0.0224609375 0.925523152588561
0.02265625 0.92001326725005
0.0228515625 0.91449387940314
0.023046875 0.908965473838981
0.0232421875 0.903428530983912
0.0234375 0.897883526899434
0.0236328125 0.892330933282188
0.023828125 0.886771217463931
0.0240234375 0.881204842411512
0.02421875 0.875632266726851
0.0244140625 0.870053944646919
0.024609375 0.864470326043717
0.0248046875 0.858881856424259
0.025 0.853288976930551
0.0251953125 0.847692124339574
0.025390625 0.842091731063269
0.0255859375 0.836488225148517
0.02578125 0.830882030277126
0.0259765625 0.825273565765816
0.026171875 0.819663246566204
0.0263671875 0.814051483264788
0.0265625 0.808438682082937
0.0267578125 0.802825244876874
0.026953125 0.797211569137668
0.0271484375 0.791598047991219
0.02734375 0.785985070198245
0.0275390625 0.780373020154275
0.027734375 0.774762277889635
0.0279296875 0.769153219069438
0.028125 0.763546214993574
0.0283203125 0.757941632596703
0.028515625 0.75233983444824
0.0287109375 0.74674117875235
0.02890625 0.741146019347941
0.0291015625 0.735554705708648
0.029296875 0.729967582942835
0.0294921875 0.724384991793576
0.0296875 0.718807268638658
0.0298828125 0.713234745490566
0.030078125 0.707667749996478
0.0302734375 0.702106605438261
0.03046875 0.69655163073246
0.0306640625 0.691003140430293
0.030859375 0.685461444717646
0.0310546875 0.679926849415065
0.03125 0.674399655977753
0.0314453125 0.668880161495559
0.031640625 0.663368658692979
0.0318359375 0.657865435929144
0.03203125 0.652370777197822
0.0322265625 0.646884962127406
0.032421875 0.641408265980914
0.0326171875 0.635940959655981
0.0328125 0.630483309684856
0.0330078125 0.6250355782344
0.033203125 0.619598023106075
0.0333984375 0.614170897735947
0.03359375 0.608754451194677
0.0337890625 0.60334892818752
0.033984375 0.597954569054318
0.0341796875 0.592571609769501
0.034375 0.587200281942076
0.0345703125 0.581840812815634
0.034765625 0.576493425268335
0.0349609375 0.571158337812914
0.03515625 0.565835764596672
0.0353515625 0.560525915401475
0.035546875 0.55522899564375
0.0357421875 0.549945206374486
0.0359375 0.544674744279224
0.0361328125 0.539417801678059
0.036328125 0.534174566525637
0.0365234375 0.528945222411153
0.03671875 0.523729948558343
0.0369140625 0.518528919825489
0.037109375 0.513342306705411
0.0373046875 0.508170275325467
0.0375 0.503012987447552
0.0376953125 0.49787060046809
0.037890625 0.492743267418039
0.0380859375 0.487631136962885
0.03828125 0.48253435340264
0.0384765625 0.477453056671839
0.038671875 0.472387382339542
0.0388671875 0.467337461609328
0.0390625 0.462303421319295
0.0392578125 0.457285383942056
0.039453125 0.452283467584741
0.0396484375 0.447297785988992
0.03984375 0.442328448530963
0.0400390625 0.437375560221317
0.040234375 0.432439221705225
0.0404296875 0.427519529262366
0.040625 0.422616574806921
0.0408203125 0.417730445887577
0.041015625 0.412861225687521
0.0412109375 0.408008993024441
0.04140625 0.403173822350526
0.0416015625 0.398355783752459
0.041796875 0.393554942951422
0.0419921875 0.38877136130309
0.0421875 0.384005095797634
0.0423828125 0.379256199059716
0.042578125 0.374524719348488
0.0427734375 0.369810700557593
0.04296875 0.365114182215164
0.0431640625 0.360435199483821
0.043359375 0.355773783160668
0.0435546875 0.351129959677298
0.04375 0.346503751099787
0.0439453125 0.341895175128693
0.044140625 0.337304245099057
0.0443359375 0.332730969980403
0.04453125 0.328175354376733
0.0447265625 0.323637398526528
0.044921875 0.319117098302751
0.0451171875 0.314614445212838
0.0453125 0.310129426398704
0.0455078125 0.30566202463674
0.045703125 0.301212218337809
0.0458984375 0.296779981547252
0.04609375 0.29236528394488
0.0462890625 0.287968090844978
0.046484375 0.283588363196301
0.0466796875 0.279226057582077
0.046875 0.274881126220003
0.0470703125 0.270553516962243
0.047265625 0.266243173295433
0.0474609375 0.261950034340676
0.04765625 0.257674034853541
0.0478515625 0.253415105224063
0.048046875 0.249173171476745
0.0482421875 0.244948155270554
0.0484375 0.240739973898922
0.0486328125 0.236548540289743
0.048828125 0.232373763005376
0.0490234375 0.228215546242642
0.04921875 0.224073789832825
0.0494140625 0.21994838924167
0.049609375 0.215839235569381
0.0498046875 0.211746215550626
0.05 0.207669211554529
0.0501953125 0.206315511795148
0.050390625 0.204967096555719
0.0505859375 0.203623952274255
0.05078125 0.202286065538911
0.0509765625 0.200953423082369
0.051171875 0.199626011776339
0.0513671875 0.198303818626166
0.0515625 0.196986830765538
0.0517578125 0.195675035451316
0.051953125 0.194368420058449
0.0521484375 0.193066972075006
0.05234375 0.191770679097305
0.0525390625 0.190479528825141
0.052734375 0.189193509057117
0.0529296875 0.187912607686069
0.053125 0.186636812694586
0.0533203125 0.185366112150637
0.053515625 0.184100494203276
0.0537109375 0.182839947078449
0.05390625 0.181584459074896
0.0541015625 0.180334018560137
0.054296875 0.179088613966549
0.0544921875 0.177848233787534
0.0546875 0.176612866573774
0.0548828125 0.175382500929571
0.055078125 0.174157125509274
0.0552734375 0.17293672901379
0.05546875 0.171721300187176
0.0556640625 0.170510827813318
0.055859375 0.169305300712689
0.0560546875 0.168104707739184
0.05625 0.166909037777042
0.0564453125 0.165718279737841
0.056640625 0.164532422557571
0.0568359375 0.163351455193786
0.05703125 0.162175366622828
0.0572265625 0.161004145837134
0.057421875 0.159837781842604
0.0576171875 0.158676263656054
0.0578125 0.157519580302733
0.0580078125 0.156367720813917
0.058203125 0.15522067422457
0.0583984375 0.154078429571076
0.05859375 0.152940975889035
0.0587890625 0.151808302211135
0.058984375 0.150680397565085
0.0591796875 0.149557250971613
0.059375 0.148438851442536
0.0595703125 0.147325187978884
0.059765625 0.146216249569098
0.0599609375 0.145112025187282
0.06015625 0.144012503791522
0.0603515625 0.142917674322266
0.060546875 0.141827525700758
0.0607421875 0.140742046827537
0.0609375 0.139661226580997
0.0611328125 0.138585053815993
0.061328125 0.137513517362516
0.0615234375 0.136446606024417
0.06171875 0.135384308578191
0.0619140625 0.134326613771805
0.062109375 0.133273510323595
0.0623046875 0.132224986921201
0.0625 0.131181032220562
0.0626953125 0.130141634844961
0.062890625 0.129106783384115
0.0630859375 0.128076466393324
0.06328125 0.127050672392657
0.0634765625 0.126029389866195
0.063671875 0.125012607261317
0.0638671875 0.124000312988029
0.0640625 0.122992495418348
0.0642578125 0.121989142885718
0.064453125 0.12099024368448
0.0646484375 0.119995786069379
0.06484375 0.119005758255114
0.0650390625 0.118020148415934
0.065234375 0.117038944685267
0.0654296875 0.116062135155393
0.065625 0.115089707877159
0.0658203125 0.114121650859725
0.066015625 0.113157952070353
0.0662109375 0.11219859943423
0.06640625 0.111243580834329
0.0666015625 0.110292884111303
0.066796875 0.109346497063414
0.0669921875 0.1084044074465
0.0671875 0.107466602973964
0.0673828125 0.106533071316806
0.067578125 0.105603800103685
0.0677734375 0.104678776921004
0.06796875 0.103757989313033
0.0681640625 0.102841424782057
0.068359375 0.101929070788557
0.0685546875 0.101020914751409
0.06875 0.100116944048125
0.0689453125 0.0992171460151046
0.069140625 0.0983215079479245
0.0693359375 0.0974300171016457
0.06953125 0.0965426606911485
0.0697265625 0.0956594258914894
0.069921875 0.0947802998382817
0.0701171875 0.0939052696280987
0.0703125 0.093034322318897
0.0705078125 0.0921674449304626
0.070703125 0.0913046244448756
0.0708984375 0.0904458478069958
0.07109375 0.0895911019249665
0.0712890625 0.0887403736707373
0.071484375 0.0878936498806034
0.0716796875 0.0870509173557639
0.071875 0.0862121628628948
0.0720703125 0.085377373134739
0.072265625 0.0845465348707109
0.0724609375 0.0837196347375167
0.07265625 0.0828966593697874
0.0728515625 0.0820775953707267
0.073046875 0.0812624293127707
0.0732421875 0.0804511477382615
0.0734375 0.0796437371601307
0.0736328125 0.0788401840625963
0.073828125 0.0780404749018686
0.0740234375 0.0772445961068676
0.07421875 0.0764525340799494
0.0744140625 0.0756642751976424
0.074609375 0.0748798058113914
0.0748046875 0.074099112248311
0.075 0.0733221808119456
0.0751953125 0.0725489977830375
0.075390625 0.0717795494203012
0.0755859375 0.0710138219612046
0.07578125 0.0702518016227553
0.0759765625 0.0694934746022927
0.076171875 0.0687388270782854
0.0763671875 0.0679878452111324
0.0765625 0.0672405151439688
0.0767578125 0.0664968230034753
0.076953125 0.0657567549006904
0.0771484375 0.0650202969318263
0.07734375 0.0642874351790867
0.0775390625 0.0635581557114863
0.077734375 0.0628324445856733
0.0779296875 0.0621102878467521
0.078125 0.0613916715291072
0.0783203125 0.060676581657228
0.078515625 0.0599650042465339
0.0787109375 0.0592569253041989
0.07890625 0.0585523308299765
0.0791015625 0.057851206817023
0.079296875 0.057153539252721
0.0794921875 0.0564593141194999
0.0796875 0.0557685173956569
0.0798828125 0.0550811350561738
0.080078125 0.0543971530735337
0.0802734375 0.0537165574185336
0.08046875 0.0530393340610953
0.0806640625 0.0523654689710725
0.080859375 0.0516949481190559
0.0810546875 0.051027757477173
0.08125 0.0503638830198857
0.0814453125 0.0497033107247834
0.081640625 0.0490460265733717
0.0818359375 0.0483920165518567
0.08203125 0.0477412666519253
0.0822265625 0.0470937628715197
0.082421875 0.0464494912156079
0.0826171875 0.045808437696948
0.0828125 0.045170588336848
0.0830078125 0.0445359291659192
0.083203125 0.0439044462248248
0.0833984375 0.0432761255650214
0.08359375 0.0426509532494955
0.0837890625 0.0420289153534935
0.083984375 0.0414099979652445
0.0841796875 0.0407941871866783
0.084375 0.0401814691341348
0.0845703125 0.0395718299390683
0.084765625 0.0389652557487436
0.0849609375 0.0383617327269263
0.08515625 0.0377612470545646
0.0853515625 0.0371637849304654
0.085546875 0.036569332571962
0.0857421875 0.0359778762155745
0.0859375 0.0353894021176631
0.0861328125 0.0348038965550736
0.086328125 0.0342213458257752
0.0865234375 0.0336417362494904
0.08671875 0.0330650541683173
0.0869140625 0.0324912859473443
0.087109375 0.0319204179752559
0.0873046875 0.0313524366649315
0.0875 0.0307873284540357
0.0876953125 0.0302250798056005
0.087890625 0.0296656772085993
0.0880859375 0.0291091071785129
0.08828125 0.0285553562578873
0.0884765625 0.0280044110168829
0.088671875 0.0274562580538157
0.0888671875 0.0269108839956904
0.0890625 0.0263682754987246
0.0892578125 0.025828419248865
0.089453125 0.0252913019622958
0.0896484375 0.0247569103859372
0.08984375 0.0242252312979374
0.0900390625 0.0236962515081548
0.090234375 0.0231699578586327
0.0904296875 0.0226463372240649
0.090625 0.0221253765122539
0.0908203125 0.0216070626645597
0.091015625 0.0210913826563408
0.0912109375 0.0205783234973874
0.09140625 0.0200678722323449
0.0916015625 0.0195600159411306
0.091796875 0.0190547417393412
0.0919921875 0.0185520367786523
0.0921875 0.0180518882472103
0.0923828125 0.0175542833700145
0.092578125 0.0170592094092934
0.0927734375 0.0165666536648706
0.09296875 0.0160766034745243
0.0931640625 0.0155890462143377
0.093359375 0.0151039692990422
0.0935546875 0.0146213601823521
0.09375 0.0141412063572913
0.0939453125 0.013663495356513
0.094140625 0.0131882147526106
0.0943359375 0.0127153521584212
0.09453125 0.0122448952273219
0.0947265625 0.0117768316535171
0.094921875 0.0113111491723202
0.0951171875 0.0108478355604257
0.0953125 0.0103868786361751
0.0955078125 0.00992826625981499
0.095703125 0.00947198633374767
0.0958984375 0.00901802680277467
0.09609375 0.00856637565433281
0.0962890625 0.00811702091872316
0.096484375 0.00766995066933289
0.0966796875 0.00722515302285002
0.096875 0.00678261613947116
0.0970703125 0.00634232822310236
0.097265625 0.00590427752155305
0.0974609375 0.00546845232672318
0.09765625 0.00503484097478369
0.0978515625 0.00460343184635022
0.098046875 0.00417421336665029
0.0982421875 0.00374717400568394
0.0984375 0.00332230227837791
0.0986328125 0.00289958674473344
0.098828125 0.00247901600996774
0.0990234375 0.00206057872464926
0.09921875 0.00164426358482675
0.0994140625 0.00123005933215222
0.099609375 0.000817954753997889
0.0998046875 0.000407938683567223
0.1 0
