0.0015625 9235.83984375027 9384.765625
0.003125 8718.26171875009 8789.0625
0.0046875 8168.13151041667 8212.890625
0.00625 7624.51171875014 7656.25
0.0078125 7095.21484374996 7119.140625
0.009375 6582.84505208345 6601.5625
0.0109375 6088.51841517868 6103.515625
0.0125 5612.79296875003 5625
0.0140625 5155.97873263886 5166.015625
0.015625 4718.26171874988 4726.5625
0.0171875 4299.76029829532 4306.640625
0.01875 3900.5533854167 3906.25
0.0203125 3520.69561298086 3525.390625
0.021875 3160.22600446438 3164.0625
0.0234375 2819.17317708349 2822.265625
0.025 2497.55859375006 2500
0.0265625 2195.39866727947 2197.265625
0.028125 1912.70616319437 1914.0625
0.0296875 1649.49115953952 1650.390625
0.03125 1405.76171874991 1406.25
0.0328125 1181.52436755953 1181.640625
0.034375 976.784446022718 976.5625
0.0359375 791.546365489156 791.015625
0.0375 625.813802083329 624.999999999999
0.0390625 479.58984374999 478.515625
0.040625 352.877103365377 351.5625
0.0421875 245.677806713048 244.140625
0.04375 157.993861607198 156.25
0.0453125 89.8269127155428 87.8906249999998
0.046875 41.1783854166561 39.0625
0.0484375 12.04952116937 9.765625
0.05 1.20162963870634 0
0.0515625 4.40781538611793e-11 0
0.053125 1.00534679567731e-11 0
0.0546875 4.89965251469753e-11 0
0.05625 -1.01340752126861e-11 0
0.0578125 8.60332826001422e-11 0
0.059375 -1.85648109629151e-12 0
0.0609375 -3.46374132088342e-11 0
0.0625 7.55378420993186e-11 0
0.0640625 -5.3840744185479e-11 0
0.065625 3.05871730060539e-11 0
0.0671875 -2.32749374734925e-11 0
0.06875 2.89895539193462e-11 0
0.0703125 3.92414967702569e-11 0
0.071875 7.75140504481695e-11 0
0.0734375 -4.63213391993395e-11 0
0.075 4.35921402068277e-11 0
0.0765625 -1.20659047470853e-11 0
0.078125 5.39253535114963e-11 0
0.0796875 2.7436539830678e-11 0
0.08125 -1.31177120448019e-11 0
0.0828125 -4.38009941019324e-12 0
0.084375 3.2943240765651e-12 0
0.0859375 1.80068172584969e-11 0
0.0875 -3.4264261606416e-12 0
0.0890625 -3.68983596114018e-12 0
0.090625 1.57085701161601e-11 0
0.0921875 -8.7592836337623e-12 0
0.09375 4.34278630809764e-12 0
0.0953125 -5.99406200034221e-12 0
0.096875 3.57563441221213e-12 0
0.0984375 -3.91546701462047e-12 0
