0.000390625 1.92272663116455 3.8454532623291
0.001171875 3.14446290334104 6.28892580668207
0.001953125 4.80778217315702 9.61556434631404
0.002734375 6.46770000457792 12.9354000091558
0.003515625 8.07604524824399 16.152090496488
0.004296875 9.62072068994729 19.2414413798946
0.005078125 11.0979538697467 22.1959077394934
0.005859375 12.5067472457891 25.0134944915783
0.006640625 13.8472458895521 27.6944917791042
0.007421875 15.1201361104066 30.2402722208132
0.008203125 16.326387723287 32.6527754465741
0.008984375 17.467130785403 34.9342615708059
0.009765625 18.5435914993286 37.0871829986572
0.010546875 19.5570566036085 39.114113207217
0.011328125 20.508852498285 41.0177049965699
0.012109375 21.4003324508673 42.8006649017345
0.012890625 22.2328684546738 44.4657369093477
0.013671875 23.0078458786016 46.0156917572033
0.014453125 23.7266598521057 47.4533197042115
0.015234375 24.3907127624908 48.7814255249816
0.016015625 25.0014124847041 50.0028249694083
0.016796875 25.5601711051409 51.1203422102818
0.017578125 26.0684039857657 52.1368079715313
0.018359375 26.5275290671821 53.0550581343641
0.019140625 26.9389663423814 53.8779326847629
0.019921875 27.3041374543136 54.6082749086273
0.020703125 27.6244653845737 55.2489307691474
0.021484375 27.9013742100115 55.802748420023
0.022265625 28.136288910582 56.272577821164
0.023046875 28.3306352162772 56.6612704325544
0.023828125 28.4858394841687 56.9716789683375
0.024609375 28.6033285988709 57.2066571977419
0.025390625 28.6845298913818 57.3690597827635
0.026171875 28.7308710724568 57.4617421449136
0.026953125 28.7437801775734 57.4875603551467
0.027734375 28.7246855211936 57.4493710423872
0.028515625 28.6750156585488 57.3500313170976
0.029296875 28.5961993535363 57.1923987070727
0.030078125 28.4896655516194 56.9793311032387
0.030859375 28.3568433568452 56.7136867136904
0.031640625 28.1991620122655 56.398324024531
0.032421875 28.0180508831906 56.0361017663811
0.033203125 27.8149394428036 55.6298788856071
0.033984375 27.591257259764 55.1825145195281
0.034765625 27.3484339874787 54.6968679749574
0.035546875 27.0878993547885 54.175798709577
0.036328125 26.8110831578578 53.6221663157156
0.037109375 26.5194152530874 53.0388305061749
0.037890625 26.2143255509055 52.428651101811
0.038671875 25.8972440103092 51.7944880206184
0.039453125 25.5696006340561 51.1392012681122
0.040234375 25.2328254644159 50.4656509288317
0.041015625 24.8883485794072 49.7766971588143
0.041796875 24.5376000894569 49.0752001789137
0.042578125 24.1820101344262 48.3640202688524
0.043359375 23.8230088809595 47.646017761919
0.044140625 23.4620265201134 46.9240530402269
0.044921875 23.1004932652354 46.2009865304708
0.045703125 22.739839350057 45.4796787001139
0.046484375 22.3814950269816 44.7629900539631
0.047265625 22.0268905655417 44.0537811310834
0.048046875 21.6774562510055 43.3549125020109
0.048828125 21.3346223831183 42.6692447662366
0.049609375 20.999819274963 41.999638549926
0.050390625 6.89117227836086 41.3487160852722
0.051171875 6.78375537743353 40.7174379771004
0.051953125 6.67739834525971 40.1051456766929
0.052734375 6.57206241774794 39.5109953703719
0.053515625 6.46771515410428 38.9341925182493
0.054296875 6.36432992327457 38.3739883093535
0.055078125 6.26188541563682 37.8296764184407
0.055859375 6.16036517814688 37.300590034966
0.056640625 6.05975717148482 36.7860991379321
0.057421875 5.96005334804271 36.2856079931985
0.058203125 5.86124924983913 35.79855285235
0.058984375 5.76334362564662 35.3243998344381
0.059765625 5.66633806677984 34.8626429738571
0.060546875 5.57023666112158 34.4128024193559
0.061328125 5.47504566505861 33.9744227707018
0.062109375 5.38077319307089 33.5470715408817
0.062890625 5.28742892476298 33.1303377329204
0.063671875 5.19502382915221 32.7238305214736
0.064453125 5.10356990603682 32.3271780303041
0.065234375 5.0130799442616 31.9400261976062
0.066015625 4.92356729667829 31.562037721895
0.066796875 4.8350456715743 31.1928910818728
0.067578125 4.74752894030475 30.832279624279
0.068359375 4.66103096082586 30.4799107142873
0.069140625 4.57556541678445 30.1355049435044
0.069921875 4.4911456717737 29.7987953910629
0.070703125 4.40778463832197 29.4695269337029
0.071484375 4.32549466113844 29.1474556010943
0.072265625 4.24428741409894 28.8323479729744
0.073046875 4.16417381041938 28.5239806149748
0.073828125 4.08516392542989 28.222139550266
0.074609375 4.00726693133576 27.9266197643992
0.075390625 3.93049104332718 27.6372247409341
0.076171875 3.85484347638162 27.3537660256425
0.076953125 3.78033041209049 27.0760628172604
0.077734375 3.70695697483284 26.8039415829161
0.078515625 3.63472721661732 26.5372356965188
0.079296875 3.56364410991532 26.2757850985236
0.080078125 3.49370954781522 26.0194359756111
0.080859375 3.42492435083922 25.7680404589385
0.081640625 3.35728827977872 25.5214563397143
0.082421875 3.29080005392302 25.2795468009492
0.083203125 3.22545737407809 25.0421801643207
0.083984375 3.16125694979525 24.8092296511641
0.084765625 3.0981945302574 24.5805731566833
0.085546875 3.03626493829717 24.3560930365308
0.086328125 2.97546210705168 24.1356759049785
0.087109375 2.91577911878837 23.9192124439472
0.087890625 2.8572082454679 23.7065972222233
0.088671875 2.79974099064046 23.4977285242302
0.089453125 2.7433681323036 23.292508187774
0.090234375 2.68807976638031 23.0908414502176
0.091015625 2.63386535050566 22.8926368025762
0.091796875 2.58071374784071 22.6978058510649
0.092578125 2.52861327065976 22.506263185655
0.093359375 2.47755172348502 22.3179262552311
0.094140625 2.42751644556848 22.1327152489636
0.094921875 2.3784943525457 21.95055298354
0.095703125 2.33047197710925 21.7713647959193
0.096484375 2.28343550857192 21.5950784412965
0.097265625 2.23737083120978 21.4216239959848
0.098046875 2.19226356129452 21.2509337649411
0.098828125 2.14809908274172 21.0829421936768
0.099609375 2.10486258131808 20.9175857843146
