0.000390625 9805.75561523874 9844.3603515625
0.00078125 9670.86791992333 9689.94140625
0.001171875 9524.18009440298 9536.7431640625
0.0015625 9375.4577636726 9384.765625
0.001953125 9226.65405273467 9234.0087890625
0.00234375 9078.42000325739 9084.47265625
0.002734375 8931.03463309235 8936.1572265625
0.003125 8784.63745117387 8789.0625
0.003515625 8639.30596245434 8643.1884765625
0.00390625 8495.08666991692 8498.53515625
0.004296875 8352.00916637166 8355.1025390625
0.0046875 8210.09318033915 8212.890625
0.005078125 8069.35237004296 8071.8994140625
0.00546875 7929.79649135221 7932.12890625
0.005859375 7791.43269857023 7793.5791015625
0.00625 7654.26635742333 7656.25
0.006640625 7518.30157111656 7520.1416015625
0.00703125 7383.54153103517 7385.25390625
0.007421875 7249.98875667929 7251.5869140625
0.0078125 7117.64526367174 7119.140625
0.008203125 6986.51268368535 6987.9150390625
0.00859375 6856.59235174384 6857.91015625
0.008984375 6727.88537066781 6729.1259765625
0.009375 6600.39265950595 6601.5625
0.009765625 6474.11499023049 6475.2197265625
0.01015625 6349.05301607861 6350.09765625
0.010546875 6225.20729347669 6226.1962890625
0.0109375 6102.57829938703 6103.515625
0.011328125 5981.16644497902 5982.0556640625
0.01171875 5860.97208658913 5861.81640625
0.012109375 5741.99553458905 5742.7978515625
0.0125 5624.23706054978 5625
0.012890625 5507.69690311201 5508.4228515625
0.01328125 5392.3752728619 5393.06640625
0.013671875 5278.27235630295 5278.9306640625
0.0140625 5165.38831922402 5166.015625
0.014453125 5053.72330949215 5054.3212890625
0.01484375 4943.27745939651 4943.84765625
0.015234375 4834.05088766766 4834.5947265625
0.015625 4726.04370117664 4726.5625
0.016015625 4619.25599633652 4619.7509765625
0.01640625 4513.68786039928 4514.16015625
0.016796875 4409.33937249756 4409.7900390625
0.0171875 4306.21060457977 4306.640625
0.017578125 4204.30162217927 4204.7119140625
0.01796875 4103.61248513823 4104.00390625
0.018359375 4004.1432482105 4004.5166015625
0.01875 3905.89396158884 3906.25
0.019140625 3808.86467135836 3809.2041015625
0.01953125 3713.05541992413 3713.37890625
0.019921875 3618.46624636453 3618.7744140625
0.0203125 3525.09718674632 3525.390625
0.020703125 3432.94827443388 3433.2275390625
0.02109375 3342.01954029167 3342.28515625
0.021484375 3252.31101296325 3252.5634765625
0.021875 3163.8227190291 3164.0625
0.022265625 3076.55468321789 3076.7822265625
0.02265625 2990.50692854108 2990.72265625
0.023046875 2905.67947646363 2905.8837890625
0.0234375 2822.07234700663 2822.265625
0.023828125 2739.68555888356 2739.8681640625
0.02421875 2658.5191296016 2658.69140625
0.024609375 2578.5730755513 2578.7353515625
0.025 2499.84741211006 2500
0.025390625 2422.34215369529 2422.4853515625
0.02578125 2346.05731386067 2346.19140625
0.026171875 2270.99290534599 2271.1181640625
0.0265625 2197.14894014243 2197.265625
0.026953125 2124.52542954713 2124.6337890625
0.02734375 2053.12238420671 2053.22265625
0.027734375 1982.93981417929 1983.0322265625
0.028125 1913.97772894961 1914.0625
0.028515625 1846.23613749699 1846.3134765625
0.02890625 1779.7150482999 1779.78515625
0.029296875 1714.41446940058 1714.4775390625
0.0296875 1650.33440840785 1650.390625
0.030078125 1587.47487253957 1587.5244140625
0.03046875 1525.83586864165 1525.87890625
0.030859375 1465.41740320796 1465.4541015625
0.03125 1406.21948242111 1406.25
0.031640625 1348.24211214945 1348.2666015625
0.03203125 1291.48529797031 1291.50390625
0.032421875 1235.94904520574 1235.9619140625
0.0328125 1181.63335891081 1181.640625
0.033203125 1128.53824390935 1128.5400390625
0.03359375 1076.66370480482 1076.66015625
0.033984375 1026.00974598154 1026.0009765625
0.034375 976.576371627396 976.5625
0.034765625 928.363585740533 928.3447265625
0.03515625 881.371392143215 881.34765625
0.035546875 835.599794493417 835.571289062499
0.0359375 791.048796280407 791.015625000001
0.036328125 747.718400852884 747.6806640625
0.03671875 705.608611411551 705.56640625
0.037109375 664.719431023152 664.6728515625
0.0375 625.0508626309 624.999999999999
0.037890625 586.602909051585 586.5478515625
0.03828125 549.375572983813 549.31640625
0.038671875 513.368857026012 513.3056640625
0.0390625 478.582763670906 478.515625
0.039453125 445.017295310314 444.946289062499
0.03984375 412.672454236711 412.59765625
0.040234375 381.548242661745 381.4697265625
0.040625 351.644662709846 351.5625
0.041015625 322.961716424658 322.8759765625
0.04140625 295.499405771076 295.41015625
0.041796875 269.257732642796 269.1650390625
0.0421875 244.236698857966 244.140625
0.042578125 220.436306173854 220.3369140625
0.04296875 197.856556284872 197.75390625
0.043359375 176.497450821381 176.3916015625
0.04375 156.358991351525 156.25
0.044140625 137.441179394652 137.3291015625
0.04453125 119.744016414151 119.62890625
0.044921875 103.267503820635 103.1494140625
0.0453125 88.011642983068 87.8906249999998
0.045703125 73.9764352138486 73.8525390625
0.04609375 61.1618817877962 61.03515625
0.046484375 49.567983931995 49.4384765625
0.046875 39.1947428381082 39.0625
0.047265625 30.0421596559571 29.9072265624999
0.04765625 22.1102354959039 21.97265625
0.048046875 15.3989714342888 15.2587890625
0.0484375 9.90836851110083 9.765625
0.048828125 5.63842773405077 5.4931640625
0.04921875 2.58915008062627 2.44140624999997
0.049609375 0.760536494471049 0.6103515625
0.05 0.0759959227892188 0
0.050390625 8.25780960211581e-10 0
0.05078125 -1.21888105424688e-09 0
0.051171875 8.04406645880357e-10 0
0.0515625 8.90546895486011e-10 0
0.051953125 7.38318575830043e-10 0
0.05234375 -7.90263237662184e-10 0
0.052734375 -3.17129134730329e-10 0
0.053125 2.03937062884506e-09 0
0.053515625 -6.88095809042088e-10 0
0.05390625 1.32384440620659e-09 0
0.054296875 3.27911058800551e-10 0
0.0546875 9.74193663658809e-10 0
0.055078125 -8.98648151078627e-10 0
0.05546875 1.65886709689573e-09 0
0.055859375 2.52921496518956e-11 0
0.05625 2.85365330408901e-10 0
0.056640625 -9.14943728474969e-11 0
0.05703125 8.9830895725886e-10 0
0.057421875 -4.94963103005686e-12 0
0.0578125 1.00779775582483e-09 0
0.058203125 1.22279114230697e-09 0
0.05859375 -3.54831656022618e-10 0
0.058984375 4.00070912657555e-10 0
0.059375 9.63346361746346e-10 0
0.059765625 -3.75033789456303e-10 0
0.06015625 -5.17410474011307e-10 0
0.060546875 4.50205628933978e-10 0
0.0609375 4.39034027450292e-10 0
0.061328125 2.65317562682809e-10 0
0.06171875 4.22719280282755e-10 0
0.062109375 -1.62272027184875e-10 0
0.0625 -8.95257641643965e-10 0
0.062890625 1.72362809464291e-09 0
0.06328125 -1.62249363464427e-09 0
0.063671875 4.1041551500998e-10 0
0.0640625 1.12357975840495e-09 0
0.064453125 1.16307577710279e-09 0
0.06484375 -4.33452046521728e-11 0
0.065234375 -3.09064816321036e-11 0
0.065625 -1.08434986642553e-09 0
0.066015625 1.60973719096041e-09 0
0.06640625 3.33680926870084e-10 0
0.066796875 3.16360742712481e-10 0
0.0671875 -2.57646100836542e-10 0
0.067578125 6.40298067343802e-10 0
0.06796875 3.37925138913673e-10 0
0.068359375 8.96958257064676e-10 0
0.06875 -2.2498234139572e-11 0
0.069140625 4.06189582910446e-10 0
0.06953125 -1.29448783546457e-10 0
0.069921875 7.62766508961824e-10 0
0.0703125 4.00435202796781e-10 0
0.070703125 -8.99371805334787e-10 0
0.07109375 9.11993313590973e-12 0
0.071484375 1.83875053428231e-10 0
0.071875 9.31132900644741e-10 0
0.072265625 9.0285804524099e-10 0
0.07265625 -6.41727402028889e-11 0
0.073046875 -5.27093520345667e-10 0
0.0734375 3.33449669729661e-10 0
0.073828125 5.95967373924676e-10 0
0.07421875 6.32816586625745e-10 0
0.074609375 -6.4178389218617e-10 0
0.075 2.10202225995701e-10 0
0.075390625 7.54162108689203e-10 0
0.07578125 3.21317567381872e-10 0
0.076171875 1.10466585726128e-09 0
0.0765625 -1.98587479396032e-10 0
0.076953125 5.80553090091107e-11 0
0.07734375 9.93644825930981e-10 0
0.077734375 2.14593882308692e-10 0
0.078125 1.26201573768752e-10 0
0.078515625 4.37861236938706e-10 0
0.07890625 -5.28362392341858e-10 0
0.079296875 3.51178543337773e-10 0
0.0796875 4.22542559187517e-10 0
0.080078125 2.75912966044896e-11 0
0.08046875 2.68012565811819e-10 0
0.080859375 3.51825063982941e-10 0
0.08125 5.41683355613732e-11 0
0.081640625 7.63133819521909e-11 0
0.08203125 6.31694939165294e-10 0
0.082421875 4.39674086300003e-10 0
0.0828125 -6.13372665028241e-10 0
0.083203125 9.32306786810467e-11 0
0.08359375 5.25739713765437e-10 0
0.083984375 5.47833025453046e-10 0
0.084375 4.02948701881313e-10 0
0.084765625 -2.0212157600461e-10 0
0.08515625 -1.02573324609225e-11 0
0.085546875 5.27709885603641e-10 0
0.0859375 -1.81428633128456e-10 0
0.086328125 3.59290488130537e-10 0
0.08671875 -2.39561723811591e-10 0
0.087109375 1.5302162990411e-10 0
0.0875 3.34647672813834e-10 0
0.087890625 4.99203602875398e-10 0
0.08828125 -1.92008631346949e-10 0
0.088671875 -4.09673274256757e-11 0
0.0890625 1.64720873468081e-10 0
0.089453125 1.88706928199762e-10 0
0.08984375 3.94158301604731e-10 0
0.090234375 -1.86496291966458e-10 0
0.090625 8.95773876530683e-11 0
0.091015625 -7.94396351652802e-11 0
0.09140625 2.38585061656724e-10 0
0.091796875 9.2702476073015e-11 0
0.0921875 -1.8680055093961e-10 0
0.092578125 1.37767340901472e-10 0
0.09296875 -3.43181138305588e-11 0
0.093359375 1.18791970686259e-10 0
0.09375 -5.71142437263834e-11 0
0.094140625 -6.15100626979158e-12 0
0.09453125 2.72472586274953e-11 0
0.094921875 -2.8122702796828e-11 0
0.0953125 -2.33333430353877e-11 0
0.095703125 6.96394550801989e-11 0
0.09609375 -1.20607079168327e-10 0
0.096484375 -1.47286591380234e-12 0
0.096875 -7.0467120019795e-12 0
0.097265625 4.31056302559559e-12 0
0.09765625 1.52279536684998e-11 0
0.098046875 1.27090276184328e-11 0
0.0984375 -5.44974999871885e-11 0
0.098828125 -2.94540495711205e-11 0
0.09921875 2.85077927880693e-11 0
0.099609375 3.32587875185046e-12 0
