0 1.34226975211061
0.0015625 1.33635548123277
0.003125 1.32686791190065
0.0046875 1.31266144284166
0.00625 1.29396751037651
0.0078125 1.27115466043102
0.009375 1.24461582780988
0.0109375 1.2147423237214
0.0125 1.18191516495243
0.0140625 1.14650150352858
0.015625 1.10885293550068
0.0171875 1.06930461507102
0.01875 1.02817475388205
0.0203125 0.985764320589656
0.021875 0.942356851705577
0.0234375 0.898218327666538
0.025 0.853597088881132
0.0265625 0.808723777217013
0.028125 0.763811294206039
0.0296875 0.719054770545328
0.03125 0.674631543418545
0.0328125 0.630701139348598
0.034375 0.587405261038062
0.0359375 0.544867777133965
0.0375 0.503194714170276
0.0390625 0.462474250154782
0.040625 0.422776709413441
0.0421875 0.384154558407498
0.04375 0.346642402311126
0.0453125 0.310256982189481
0.046875 0.274997172655052
0.0484375 0.240843979908217
0.05 0.20776054008882
0.0515625 0.197073302184332
0.053125 0.186718566841058
0.0546875 0.176690046492706
0.05625 0.166981788873358
0.0578125 0.157588049532432
0.059375 0.148503186536955
0.0609375 0.139721575308012
0.0625 0.131237541687886
0.0640625 0.123045311424564
0.065625 0.115138974315945
0.0671875 0.107512461296158
0.06875 0.10015953278514
0.0703125 0.0930737766696034
0.071875 0.0862486143446592
0.0734375 0.0796773133232691
0.075 0.0733530050155538
0.0765625 0.0672687063899816
0.078125 0.0614173443505341
0.0796875 0.0557917817942784
0.08125 0.0503848444482532
0.0828125 0.04518934771921
0.084375 0.0401981229208758
0.0859375 0.0354040423679686
0.0875 0.0308000429417495
0.0890625 0.0263791478367094
0.090625 0.0221344862909813
0.0921875 0.0180593111837497
0.09375 0.0141470144513365
0.0953125 0.0103911403301999
0.096875 0.00678539648055353
0.0984375 0.00332366307964111
0.1 0
