0.003125 8505.85937500009 8789.0625
0.00625 7529.29687500001 7656.25
0.009375 6526.69270833336 6601.5625
0.0125 5576.17187500003 5625
0.015625 4693.35937499997 4726.5625
0.01875 3883.46354166673 3906.25
0.021875 3148.71651785713 3164.0625
0.025 2490.23437500002 2500
0.028125 1908.63715277777 1914.0625
0.03125 1404.29687499998 1406.25
0.034375 977.450284090901 976.5625
0.0375 628.255208333333 624.999999999999
0.040625 356.820913461548 351.5625
0.04375 163.225446428574 156.25
0.046875 47.5260416666812 39.0625
0.05 4.73022460937842 0
0.053125 5.34996883395841e-12 0
0.05625 2.76654775164773e-11 0
0.059375 1.13164718261938e-11 0
0.0625 3.96244554782998e-12 0
0.065625 7.09559149470286e-12 0
0.06875 1.70530256582425e-11 0
0.071875 1.08811305119858e-11 0
0.075 2.46946831841999e-12 0
0.078125 -1.51929919625486e-11 0
0.08125 3.85688578317269e-12 0
0.084375 3.47376448593828e-12 0
0.0875 -2.24709140184129e-12 0
0.090625 -7.43584426450197e-12 0
0.09375 -2.66975755407087e-12 0
0.096875 2.2757013887248e-13 0
