0 1.33793701132753
0.00078125 1.33643488114693
0.0015625 1.33397826950369
0.00234375 1.33022218968091
0.003125 1.32516929905234
0.00390625 1.31885988870215
0.0046875 1.31134370066313
0.00546875 1.30267342420239
0.00625 1.29290252791661
0.00703125 1.2820843670654
0.0078125 1.27027176072915
0.00859375 1.25751677032033
0.009375 1.24387057439423
0.01015625 1.22938339353538
0.0109375 1.21410444306381
0.01171875 1.19808190204953
0.0125 1.18136289232229
0.01328125 1.16399346384207
0.0140625 1.14601858424942
0.01484375 1.12748213123996
0.015625 1.10842688689426
0.01640625 1.08889453339059
0.0171875 1.0689256497147
0.01796875 1.04855970910082
0.01875 1.02783507701708
0.01953125 1.00678900956209
0.0203125 0.985457652175912
0.02109375 0.963876038594214
0.021875 0.942078089992642
0.02265625 0.92009661428125
0.0234375 0.897963305518534
0.02421875 0.875708743421527
0.025 0.853362392953659
0.02578125 0.830952603976017
0.0265625 0.80850661095066
0.02734375 0.786050532686931
0.028125 0.763609372123498
0.02890625 0.741207016140257
0.0296875 0.718866235395307
0.03046875 0.696608684183104
0.03125 0.674454900310569
0.03203125 0.652424304988486
0.0328125 0.630535202735994
0.03359375 0.608804781296304
0.034375 0.587249111562113
0.03515625 0.565883147509395
0.0359375 0.544720726138467
0.03671875 0.52377456742139
0.0375 0.503056274254916
0.03828125 0.482576332418271
0.0390625 0.462344110535217
0.03984375 0.44236786003986
0.040625 0.422654715145786
0.04140625 0.403210692818124
0.0421875 0.384040692748235
0.04296875 0.365148497330715
0.04375 0.346536771642465
0.04453125 0.328207063423627
0.0453125 0.310159803060162
0.04609375 0.29239430356793
0.046875 0.2749087605781
0.04765625 0.257700252323771
0.0484375 0.240764739627673
0.04921875 0.224097065890862
0.05 0.207690957082297
0.05078125 0.202307228739827
0.0515625 0.197007419851207
0.05234375 0.191790702393973
0.053125 0.186656278630108
0.05390625 0.181603376165964
0.0546875 0.176631243413405
0.05546875 0.171739145432439
0.05625 0.166926360137012
0.05703125 0.162192174846789
0.0578125 0.157535883168631
0.05859375 0.152956782192194
0.059375 0.148454169984658
0.06015625 0.144027343369986
0.0609375 0.139675595978485
0.06171875 0.135398216552658
0.0625 0.131194487495571
0.06328125 0.1270636836481
0.0640625 0.123005071281575
0.06484375 0.119017907292484
0.065625 0.115101438586029
0.06640625 0.111254901635499
0.0671875 0.107477522204582
0.06796875 0.103768515219969
0.06875 0.100127084781824
0.06953125 0.0965524242999608
0.0703125 0.0930437167438876
0.07109375 0.0896001349951986
0.071875 0.0862208422911842
0.07265625 0.0829049927489194
0.0734375 0.0796517319595292
0.07421875 0.0764601976427871
0.075 0.0733295203526811
0.07578125 0.0702588242250817
0.0765625 0.0672472277591586
0.07734375 0.0642938446247129
0.078125 0.0613977844881247
0.07890625 0.0585581538501424
0.0796875 0.0557740568892711
0.08046875 0.0530445963050405
0.08125 0.0503688741559473
0.08203125 0.0477459926873702
0.0828125 0.0451750551452428
0.08359375 0.0426551665717443
0.084375 0.0401854345797168
0.08515625 0.0377649701029532
0.0859375 0.0353928881199085
0.08671875 0.0330683083487744
0.0875 0.030790355912221
0.08828125 0.0285581619704492
0.0890625 0.0263708643215114
0.08984375 0.0242276079681492
0.090625 0.0221275456506645
0.09140625 0.020069838345582
0.0921875 0.0180536557300814
0.09296875 0.0160781766123785
0.09375 0.0141425893284058
0.09453125 0.0122460921053055
0.0953125 0.0103878933923791
0.09609375 0.00856721216026252
0.096875 0.00678327816919071
0.09765625 0.00503533220730807
0.0984375 0.00332262630004672
0.09921875 0.00164442389165475
0.1 0
